Archive member included because of file (symbol)

E:\Special Projects\CAN_HS-LS_GW\40_Software\Board_AOAA_M0\Lib_CMSISv2p00_LPC11xx\Debug\libLib_CMSISv2p00_LPC11xx.a(system_LPC11xx.o)
                              ./Source/cr_startup_lpc11.o (SystemInit)
E:\Special Projects\CAN_HS-LS_GW\40_Software\Board_AOAA_M0\Lib_Board\Debug\libLib_Board.a(board.o)
                              ./Source/main.o (led_init)
E:\Special Projects\CAN_HS-LS_GW\40_Software\Board_AOAA_M0\Lib_Board\Debug\libLib_Board.a(btn.o)
                              ./Source/canpt.o (btn_get)
E:\Special Projects\CAN_HS-LS_GW\40_Software\Board_AOAA_M0\Lib_Board\Debug\libLib_Board.a(can_handler.o)
                              ./Source/main.o (can_handler_send)
E:\Special Projects\CAN_HS-LS_GW\40_Software\Board_AOAA_M0\Lib_Board\Debug\libLib_Board.a(light.o)
                              ./Source/main.o (light_init)
E:\Special Projects\CAN_HS-LS_GW\40_Software\Board_AOAA_M0\Lib_Board\Debug\libLib_Board.a(lm75a.o)
                              ./Source/main.o (lm75a_init)
E:\Special Projects\CAN_HS-LS_GW\40_Software\Board_AOAA_M0\Lib_Board\Debug\libLib_Board.a(rgb.o)
                              ./Source/canpt.o (rgb_setLeds)
E:\Special Projects\CAN_HS-LS_GW\40_Software\Board_AOAA_M0\Lib_MCU\Debug\libLib_MCU.a(can.o)
                              E:\Special Projects\CAN_HS-LS_GW\40_Software\Board_AOAA_M0\Lib_Board\Debug\libLib_Board.a(can_handler.o) (CAN_ConfigureMessages)
E:\Special Projects\CAN_HS-LS_GW\40_Software\Board_AOAA_M0\Lib_MCU\Debug\libLib_MCU.a(gpio.o)
                              ./Source/main.o (GPIOInit)
E:\Special Projects\CAN_HS-LS_GW\40_Software\Board_AOAA_M0\Lib_MCU\Debug\libLib_MCU.a(i2c.o)
                              ./Source/main.o (I2CInit)
c:/nxp/lpcxpresso_7.7.2_379/lpcxpresso/tools/bin/../lib/gcc/arm-none-eabi/4.9.3/../../../../arm-none-eabi/lib/armv6-m\libcr_c.a(memcpy.o)
                              ./Source/FreeRTOS_Source/queue.o (memcpy)
c:/nxp/lpcxpresso_7.7.2_379/lpcxpresso/tools/bin/../lib/gcc/arm-none-eabi/4.9.3/../../../../arm-none-eabi/lib/armv6-m\libcr_c.a(memset.o)
                              ./Source/FreeRTOS_Source/tasks.o (memset)
c:/nxp/lpcxpresso_7.7.2_379/lpcxpresso/tools/bin/../lib/gcc/arm-none-eabi/4.9.3/../../../../arm-none-eabi/lib/armv6-m\libcr_c.a(__weak__main.o)
                              ./Source/cr_startup_lpc11.o (__main)
c:/nxp/lpcxpresso_7.7.2_379/lpcxpresso/tools/bin/../lib/gcc/arm-none-eabi/4.9.3/../../../../arm-none-eabi/lib/armv6-m\libcr_c.a(memcmp.o)
                              ./Source/FreeRTOS_Source/tasks.o (memcmp)
c:/nxp/lpcxpresso_7.7.2_379/lpcxpresso/tools/bin/../lib/gcc/arm-none-eabi/4.9.3/armv6-m\libcr_eabihelpers.a(division_32.o)
                              ./Source/canpt.o (__aeabi_idivmod)
c:/nxp/lpcxpresso_7.7.2_379/lpcxpresso/tools/bin/../lib/gcc/arm-none-eabi/4.9.3/armv6-m\libcr_eabihelpers.a(division_idiv0.o)
                              c:/nxp/lpcxpresso_7.7.2_379/lpcxpresso/tools/bin/../lib/gcc/arm-none-eabi/4.9.3/armv6-m\libcr_eabihelpers.a(division_32.o) (__aeabi_idiv0)
c:/nxp/lpcxpresso_7.7.2_379/lpcxpresso/tools/bin/../lib/gcc/arm-none-eabi/4.9.3/armv6-m\libcr_eabihelpers.a(memcpy.o)
                              c:/nxp/lpcxpresso_7.7.2_379/lpcxpresso/tools/bin/../lib/gcc/arm-none-eabi/4.9.3/../../../../arm-none-eabi/lib/armv6-m\libcr_c.a(memcpy.o) (__aeabi_memcpy)

Allocating common symbols
Common symbol       size              file

CANRxDone           0x80              E:\Special Projects\CAN_HS-LS_GW\40_Software\Board_AOAA_M0\Lib_MCU\Debug\libLib_MCU.a(can.o)
xQueueRegistry      0x40              ./Source/FreeRTOS_Source/queue.o
p_add               0x4               E:\Special Projects\CAN_HS-LS_GW\40_Software\Board_AOAA_M0\Lib_MCU\Debug\libLib_MCU.a(can.o)
MsgID               0x4               E:\Special Projects\CAN_HS-LS_GW\40_Software\Board_AOAA_M0\Lib_MCU\Debug\libLib_MCU.a(can.o)
xHighPriorityNormallyEmptyTask2
                    0x4               ./Source/Common_Demo_Tasks/IntQueue.o
xHighPriorityNormallyFullTask1
                    0x4               ./Source/Common_Demo_Tasks/IntQueue.o
xHighPriorityNormallyEmptyTask1
                    0x4               ./Source/Common_Demo_Tasks/IntQueue.o
can_buff            0x300             E:\Special Projects\CAN_HS-LS_GW\40_Software\Board_AOAA_M0\Lib_MCU\Debug\libLib_MCU.a(can.o)
CANStatusLog        0x190             E:\Special Projects\CAN_HS-LS_GW\40_Software\Board_AOAA_M0\Lib_MCU\Debug\libLib_MCU.a(can.o)
xHighPriorityNormallyFullTask2
                    0x4               ./Source/Common_Demo_Tasks/IntQueue.o

Discarded input sections

 .group         0x00000000        0x8 ./Source/FreeRTOS_Source/portable/MemMang/heap_1.o
 .group         0x00000000        0x8 ./Source/FreeRTOS_Source/portable/MemMang/heap_1.o
 .group         0x00000000        0x8 ./Source/FreeRTOS_Source/portable/MemMang/heap_1.o
[...]
Memory Configuration

Name             Origin             Length             Attributes
MFlash32         0x00000000         0x00008000         xr
RamLoc8          0x10000000         0x00002000         xrw
*default*        0x00000000         0xffffffff

Linker script and memory map

LOAD ./Source/FreeRTOS_Source/portable/MemMang/heap_1.o
LOAD ./Source/FreeRTOS_Source/portable/GCC/ARM_CM0/port.o
LOAD ./Source/FreeRTOS_Source/list.o
LOAD ./Source/FreeRTOS_Source/queue.o
LOAD ./Source/FreeRTOS_Source/tasks.o
LOAD ./Source/FreeRTOS_Source/timers.o
LOAD ./Source/Common_Demo_Tasks/IntQueue.o
LOAD ./Source/Common_Demo_Tasks/blocktim.o
LOAD ./Source/Common_Demo_Tasks/countsem.o
LOAD ./Source/Common_Demo_Tasks/recmutex.o
LOAD ./Source/IntQueueTimer.o
LOAD ./Source/RegTest.o
LOAD ./Source/canpt.o
LOAD ./Source/cr_startup_lpc11.o
LOAD ./Source/main-blinky.o
LOAD ./Source/main-full.o
LOAD ./Source/main.o
LOAD E:\Special Projects\CAN_HS-LS_GW\40_Software\Board_AOAA_M0\Lib_CMSISv2p00_LPC11xx\Debug\libLib_CMSISv2p00_LPC11xx.a
LOAD E:\Special Projects\CAN_HS-LS_GW\40_Software\Board_AOAA_M0\Lib_Board\Debug\libLib_Board.a
LOAD E:\Special Projects\CAN_HS-LS_GW\40_Software\Board_AOAA_M0\Lib_MCU\Debug\libLib_MCU.a
START GROUP
LOAD c:/nxp/lpcxpresso_7.7.2_379/lpcxpresso/tools/bin/../lib/gcc/arm-none-eabi/4.9.3/../../../../arm-none-eabi/lib/armv6-m\libcr_c.a
LOAD c:/nxp/lpcxpresso_7.7.2_379/lpcxpresso/tools/bin/../lib/gcc/arm-none-eabi/4.9.3/armv6-m\libcr_eabihelpers.a
END GROUP
                0x00008000                __top_MFlash32 = 0x8000
                0x10002000                __top_RamLoc8 = 0x10002000

.text           0x00000000     0x3758
 FILL mask 0xff
                0x00000000                __vectors_start__ = ABSOLUTE (.)
 *(.isr_vector)
 .isr_vector    0x00000000       0xc0 ./Source/cr_startup_lpc11.o
                0x00000000                g_pfnVectors
                0x000000c0                . = ALIGN (0x4)
                0x000000c0                __section_table_start = .
                0x000000c0                __data_section_table = .
                0x000000c0        0x4 LONG 0x3758 LOADADDR (.data)
                0x000000c4        0x4 LONG 0x100000b8 ADDR (.data)
                0x000000c8        0x4 LONG 0x3c SIZEOF (.data)
                0x000000cc                __data_section_table_end = .
                0x000000cc                __bss_section_table = .
                0x000000cc        0x4 LONG 0x100000f4 ADDR (.bss)
                0x000000d0        0x4 LONG 0x1ef4 SIZEOF (.bss)
                0x000000d4                __bss_section_table_end = .
                0x000000d4                __section_table_end = .
 *(.after_vectors*)
 *(.text*)
 .text.pvPortMalloc
                0x000000d4       0x94 ./Source/FreeRTOS_Source/portable/MemMang/heap_1.o
                0x000000d4                pvPortMalloc
 .text.vPortFree
                0x00000168       0x18 ./Source/FreeRTOS_Source/portable/MemMang/heap_1.o
                0x00000168                vPortFree
 .text.pxPortInitialiseStack
                0x00000180       0x54 ./Source/FreeRTOS_Source/portable/GCC/ARM_CM0/port.o
                0x00000180                pxPortInitialiseStack
 .text.prvTaskExitError
                0x000001d4       0x18 ./Source/FreeRTOS_Source/portable/GCC/ARM_CM0/port.o
 .text.SVCall_Handler
                0x000001ec        0x8 ./Source/FreeRTOS_Source/portable/GCC/ARM_CM0/port.o
                0x000001ec                SVCall_Handler
 .text.vPortStartFirstTask
                0x000001f4       0x20 ./Source/FreeRTOS_Source/portable/GCC/ARM_CM0/port.o
 .text.xPortStartScheduler
                0x00000214       0x44 ./Source/FreeRTOS_Source/portable/GCC/ARM_CM0/port.o
                0x00000214                xPortStartScheduler
 .text.vPortYield
                0x00000258       0x1c ./Source/FreeRTOS_Source/portable/GCC/ARM_CM0/port.o
                0x00000258                vPortYield
 .text.vPortEnterCritical
                0x00000274       0x20 ./Source/FreeRTOS_Source/portable/GCC/ARM_CM0/port.o
                0x00000274                vPortEnterCritical
 .text.vPortExitCritical
                0x00000294       0x2c ./Source/FreeRTOS_Source/portable/GCC/ARM_CM0/port.o
                0x00000294                vPortExitCritical
 .text.ulSetInterruptMaskFromISR
                0x000002c0        0xc ./Source/FreeRTOS_Source/portable/GCC/ARM_CM0/port.o
                0x000002c0                ulSetInterruptMaskFromISR
 .text.vClearInterruptMaskFromISR
                0x000002cc        0x8 ./Source/FreeRTOS_Source/portable/GCC/ARM_CM0/port.o
                0x000002cc                vClearInterruptMaskFromISR
 .text.PendSV_Handler
                0x000002d4       0x44 ./Source/FreeRTOS_Source/portable/GCC/ARM_CM0/port.o
                0x000002d4                PendSV_Handler
 .text.SysTick_Handler
                0x00000318       0x30 ./Source/FreeRTOS_Source/portable/GCC/ARM_CM0/port.o
                0x00000318                SysTick_Handler
 .text.prvSetupTimerInterrupt
                0x00000348       0x30 ./Source/FreeRTOS_Source/portable/GCC/ARM_CM0/port.o
 .text.vListInitialise
                0x00000378       0x3c ./Source/FreeRTOS_Source/list.o
                0x00000378                vListInitialise
 .text.vListInitialiseItem
                0x000003b4       0x14 ./Source/FreeRTOS_Source/list.o
                0x000003b4                vListInitialiseItem
 .text.vListInsertEnd
                0x000003c8       0x44 ./Source/FreeRTOS_Source/list.o
                0x000003c8                vListInsertEnd
 .text.vListInsert
                0x0000040c       0x6c ./Source/FreeRTOS_Source/list.o
                0x0000040c                vListInsert
 .text.uxListRemove
                0x00000478       0x50 ./Source/FreeRTOS_Source/list.o
                0x00000478                uxListRemove
 .text.xQueueGenericReset
                0x000004c8       0xac ./Source/FreeRTOS_Source/queue.o
                0x000004c8                xQueueGenericReset
 .text.xQueueGenericCreate
                0x00000574       0x9c ./Source/FreeRTOS_Source/queue.o
                0x00000574                xQueueGenericCreate
 .text.xQueueGenericSend
                0x00000610      0x188 ./Source/FreeRTOS_Source/queue.o
                0x00000610                xQueueGenericSend
 .text.xQueueGenericSendFromISR
                0x00000798       0xd0 ./Source/FreeRTOS_Source/queue.o
                0x00000798                xQueueGenericSendFromISR
 .text.xQueueGenericReceive
                0x00000868      0x1b4 ./Source/FreeRTOS_Source/queue.o
                0x00000868                xQueueGenericReceive
 .text.xQueueReceiveFromISR
                0x00000a1c       0xb0 ./Source/FreeRTOS_Source/queue.o
                0x00000a1c                xQueueReceiveFromISR
 .text.prvCopyDataToQueue
                0x00000acc       0xe0 ./Source/FreeRTOS_Source/queue.o
 .text.prvCopyDataFromQueue
                0x00000bac       0x50 ./Source/FreeRTOS_Source/queue.o
 .text.prvUnlockQueue
                0x00000bfc       0x94 ./Source/FreeRTOS_Source/queue.o
 .text.prvIsQueueEmpty
                0x00000c90       0x2c ./Source/FreeRTOS_Source/queue.o
 .text.prvIsQueueFull
                0x00000cbc       0x30 ./Source/FreeRTOS_Source/queue.o
 .text.xQueueIsQueueFullFromISR
                0x00000cec       0x34 ./Source/FreeRTOS_Source/queue.o
                0x00000cec                xQueueIsQueueFullFromISR
 .text.vQueueAddToRegistry
                0x00000d20       0x4c ./Source/FreeRTOS_Source/queue.o
                0x00000d20                vQueueAddToRegistry
 .text.vQueueWaitForMessageRestricted
                0x00000d6c       0x58 ./Source/FreeRTOS_Source/queue.o
                0x00000d6c                vQueueWaitForMessageRestricted
 .text.xTaskGenericCreate
                0x00000dc4      0x178 ./Source/FreeRTOS_Source/tasks.o
                0x00000dc4                xTaskGenericCreate
 .text.vTaskDelay
                0x00000f3c       0x64 ./Source/FreeRTOS_Source/tasks.o
                0x00000f3c                vTaskDelay
 .text.vTaskStartScheduler
                0x00000fa0       0x74 ./Source/FreeRTOS_Source/tasks.o
                0x00000fa0                vTaskStartScheduler
 .text.vTaskSuspendAll
                0x00001014       0x18 ./Source/FreeRTOS_Source/tasks.o
                0x00001014                vTaskSuspendAll
 .text.xTaskResumeAll
                0x0000102c      0x108 ./Source/FreeRTOS_Source/tasks.o
                0x0000102c                xTaskResumeAll
 .text.xTaskGetTickCount
                0x00001134       0x1c ./Source/FreeRTOS_Source/tasks.o
                0x00001134                xTaskGetTickCount
 .text.xTaskIncrementTick
                0x00001150      0x17c ./Source/FreeRTOS_Source/tasks.o
                0x00001150                xTaskIncrementTick
 .text.vTaskSwitchContext
                0x000012cc       0xec ./Source/FreeRTOS_Source/tasks.o
                0x000012cc                vTaskSwitchContext
 .text.vTaskPlaceOnEventList
                0x000013b8       0x6c ./Source/FreeRTOS_Source/tasks.o
                0x000013b8                vTaskPlaceOnEventList
 .text.vTaskPlaceOnEventListRestricted
                0x00001424       0x50 ./Source/FreeRTOS_Source/tasks.o
                0x00001424                vTaskPlaceOnEventListRestricted
 .text.xTaskRemoveFromEventList
                0x00001474       0xb8 ./Source/FreeRTOS_Source/tasks.o
                0x00001474                xTaskRemoveFromEventList
 .text.vTaskSetTimeOutState
                0x0000152c       0x30 ./Source/FreeRTOS_Source/tasks.o
                0x0000152c                vTaskSetTimeOutState
 .text.xTaskCheckForTimeOut
                0x0000155c       0x9c ./Source/FreeRTOS_Source/tasks.o
                0x0000155c                xTaskCheckForTimeOut
 .text.vTaskMissedYield
                0x000015f8       0x14 ./Source/FreeRTOS_Source/tasks.o
                0x000015f8                vTaskMissedYield
 .text.prvIdleTask
                0x0000160c       0x20 ./Source/FreeRTOS_Source/tasks.o
 .text.prvInitialiseTCBVariables
                0x0000162c       0xa8 ./Source/FreeRTOS_Source/tasks.o
 .text.prvInitialiseTaskLists
                0x000016d4       0x88 ./Source/FreeRTOS_Source/tasks.o
 .text.prvCheckTasksWaitingTermination
                0x0000175c       0x74 ./Source/FreeRTOS_Source/tasks.o
 .text.prvAddCurrentTaskToDelayedList
                0x000017d0       0x6c ./Source/FreeRTOS_Source/tasks.o
 .text.prvAllocateTCBAndStack
                0x0000183c       0x78 ./Source/FreeRTOS_Source/tasks.o
 .text.prvDeleteTCB
                0x000018b4       0x20 ./Source/FreeRTOS_Source/tasks.o
 .text.prvResetNextTaskUnblockTime
                0x000018d4       0x44 ./Source/FreeRTOS_Source/tasks.o
 .text.xTaskGetSchedulerState
                0x00001918       0x38 ./Source/FreeRTOS_Source/tasks.o
                0x00001918                xTaskGetSchedulerState
 .text.vTaskPriorityInherit
                0x00001950       0xbc ./Source/FreeRTOS_Source/tasks.o
                0x00001950                vTaskPriorityInherit
 .text.xTaskPriorityDisinherit
                0x00001a0c       0xb8 ./Source/FreeRTOS_Source/tasks.o
                0x00001a0c                xTaskPriorityDisinherit
 .text.pvTaskIncrementMutexHeldCount
                0x00001ac4       0x24 ./Source/FreeRTOS_Source/tasks.o
                0x00001ac4                pvTaskIncrementMutexHeldCount
 .text.xTimerCreateTimerTask
                0x00001ae8       0x5c ./Source/FreeRTOS_Source/timers.o
                0x00001ae8                xTimerCreateTimerTask
 .text.xTimerGenericCommand
                0x00001b44       0xa0 ./Source/FreeRTOS_Source/timers.o
                0x00001b44                xTimerGenericCommand
 .text.prvProcessExpiredTimer
                0x00001be4       0x74 ./Source/FreeRTOS_Source/timers.o
 .text.prvTimerTask
                0x00001c58       0x28 ./Source/FreeRTOS_Source/timers.o
 .text.prvProcessTimerOrBlockTask
                0x00001c80       0x70 ./Source/FreeRTOS_Source/timers.o
 .text.prvGetNextExpireTime
                0x00001cf0       0x40 ./Source/FreeRTOS_Source/timers.o
 .text.prvSampleTimeNow
                0x00001d30       0x40 ./Source/FreeRTOS_Source/timers.o
 .text.prvInsertTimerInActiveList
                0x00001d70       0x84 ./Source/FreeRTOS_Source/timers.o
 .text.prvProcessReceivedCommands
                0x00001df4      0x108 ./Source/FreeRTOS_Source/timers.o
 .text.prvSwitchTimerLists
                0x00001efc       0xb4 ./Source/FreeRTOS_Source/timers.o
 .text.prvCheckForValidListAndQueue
                0x00001fb0       0x80 ./Source/FreeRTOS_Source/timers.o
 .text.prvRecordValue_NormallyFull
                0x00002030       0x40 ./Source/Common_Demo_Tasks/IntQueue.o
 .text.prvRecordValue_NormallyEmpty
                0x00002070       0x40 ./Source/Common_Demo_Tasks/IntQueue.o
 .text.prvQueueAccessLogError
                0x000020b0       0x24 ./Source/Common_Demo_Tasks/IntQueue.o
 .text.xFirstTimerHandler
                0x000020d4      0x198 ./Source/Common_Demo_Tasks/IntQueue.o
                0x000020d4                xFirstTimerHandler
 .text.xSecondTimerHandler
                0x0000226c      0x294 ./Source/Common_Demo_Tasks/IntQueue.o
                0x0000226c                xSecondTimerHandler
 .text.TIMER16_0_IRQHandler
                0x00002500       0x28 ./Source/IntQueueTimer.o
                0x00002500                TIMER16_0_IRQHandler
 .text.TIMER16_1_IRQHandler
                0x00002528       0x28 ./Source/IntQueueTimer.o
                0x00002528                TIMER16_1_IRQHandler
 .text.NVIC_EnableIRQ
                0x00002550       0x2c ./Source/canpt.o
 .text.q_put    0x0000257c       0x94 ./Source/canpt.o
 .text.subInit  0x00002610       0x40 ./Source/canpt.o
 .text.CAN_rx   0x00002650       0x3c ./Source/canpt.o
 .text.CAN_tx   0x0000268c       0x14 ./Source/canpt.o
 .text.CAN_error
                0x000026a0       0x30 ./Source/canpt.o
 .text.canpt_init
                0x000026d0       0x9c ./Source/canpt.o
                0x000026d0                canpt_init
 .text.CAN_IRQHandler
                0x0000276c       0x18 ./Source/canpt.o
                0x0000276c                CAN_IRQHandler
 .text.NMI_Handler
                0x00002784        0x2 ./Source/cr_startup_lpc11.o
                0x00002784                NMI_Handler
 .text.HardFault_Handler
                0x00002786        0x2 ./Source/cr_startup_lpc11.o
                0x00002786                HardFault_Handler
 .text.IntDefaultHandler
                0x00002788        0x2 ./Source/cr_startup_lpc11.o
                0x00002788                UART_IRQHandler
                0x00002788                TIMER32_0_IRQHandler
                0x00002788                TIMER32_1_IRQHandler
                0x00002788                IntDefaultHandler
                0x00002788                PIOINT1_IRQHandler
                0x00002788                SSP0_IRQHandler
                0x00002788                ADC_IRQHandler
                0x00002788                SSP1_IRQHandler
                0x00002788                PIOINT2_IRQHandler
                0x00002788                BOD_IRQHandler
                0x00002788                WAKEUP_IRQHandler
                0x00002788                PIOINT0_IRQHandler
                0x00002788                WDT_IRQHandler
                0x00002788                PIOINT3_IRQHandler
 *fill*         0x0000278a        0x2 
 .text.ResetISR
                0x0000278c       0x48 ./Source/cr_startup_lpc11.o
                0x0000278c                ResetISR
 .text.main     0x000027d4       0xb0 ./Source/main.o
                0x000027d4                main
 .text.led_toggle
                0x00002884       0x2c ./Source/main.o
                0x00002884                led_toggle
 .text.can_send_Interior_Temperature
                0x000028b0       0x34 ./Source/main.o
                0x000028b0                can_send_Interior_Temperature
 .text.can_send_Ambient_Brightness
                0x000028e4       0x34 ./Source/main.o
                0x000028e4                can_send_Ambient_Brightness
 .text.vApplicationMallocFailedHook
                0x00002918        0x8 ./Source/main.o
                0x00002918                vApplicationMallocFailedHook
 .text.vApplicationStackOverflowHook
                0x00002920       0x10 ./Source/main.o
                0x00002920                vApplicationStackOverflowHook
 .text.vApplicationTickHook
                0x00002930        0x8 ./Source/main.o
                0x00002930                vApplicationTickHook
 .text.SystemInit
                0x00002938       0x90 E:\Special Projects\CAN_HS-LS_GW\40_Software\Board_AOAA_M0\Lib_CMSISv2p00_LPC11xx\Debug\libLib_CMSISv2p00_LPC11xx.a(system_LPC11xx.o)
                0x00002938                SystemInit
 .text.led_init
                0x000029c8       0x14 E:\Special Projects\CAN_HS-LS_GW\40_Software\Board_AOAA_M0\Lib_Board\Debug\libLib_Board.a(board.o)
                0x000029c8                led_init
 .text.led_set  0x000029dc       0x30 E:\Special Projects\CAN_HS-LS_GW\40_Software\Board_AOAA_M0\Lib_Board\Debug\libLib_Board.a(board.o)
                0x000029dc                led_set
 .text.can_handler_send
                0x00002a0c       0xf8 E:\Special Projects\CAN_HS-LS_GW\40_Software\Board_AOAA_M0\Lib_Board\Debug\libLib_Board.a(can_handler.o)
                0x00002a0c                can_handler_send
 .text.readCommandReg
                0x00002b04       0x30 E:\Special Projects\CAN_HS-LS_GW\40_Software\Board_AOAA_M0\Lib_Board\Debug\libLib_Board.a(light.o)
 .text.readControlReg
                0x00002b34       0x30 E:\Special Projects\CAN_HS-LS_GW\40_Software\Board_AOAA_M0\Lib_Board\Debug\libLib_Board.a(light.o)
 .text.light_init
                0x00002b64        0x8 E:\Special Projects\CAN_HS-LS_GW\40_Software\Board_AOAA_M0\Lib_Board\Debug\libLib_Board.a(light.o)
                0x00002b64                light_init
 .text.light_enable
                0x00002b6c       0x40 E:\Special Projects\CAN_HS-LS_GW\40_Software\Board_AOAA_M0\Lib_Board\Debug\libLib_Board.a(light.o)
                0x00002b6c                light_enable
 .text.light_read
                0x00002bac       0x80 E:\Special Projects\CAN_HS-LS_GW\40_Software\Board_AOAA_M0\Lib_Board\Debug\libLib_Board.a(light.o)
                0x00002bac                light_read
 .text.light_setWidth
                0x00002c2c       0xa8 E:\Special Projects\CAN_HS-LS_GW\40_Software\Board_AOAA_M0\Lib_Board\Debug\libLib_Board.a(light.o)
                0x00002c2c                light_setWidth
 .text.light_setRange
                0x00002cd4       0xb8 E:\Special Projects\CAN_HS-LS_GW\40_Software\Board_AOAA_M0\Lib_Board\Debug\libLib_Board.a(light.o)
                0x00002cd4                light_setRange
 .text.lm75a_init
                0x00002d8c        0x8 E:\Special Projects\CAN_HS-LS_GW\40_Software\Board_AOAA_M0\Lib_Board\Debug\libLib_Board.a(lm75a.o)
                0x00002d8c                lm75a_init
 .text.lm75a_readTemp
                0x00002d94       0x4c E:\Special Projects\CAN_HS-LS_GW\40_Software\Board_AOAA_M0\Lib_Board\Debug\libLib_Board.a(lm75a.o)
                0x00002d94                lm75a_readTemp
 .text.rgb_setLeds
                0x00002de0       0x90 E:\Special Projects\CAN_HS-LS_GW\40_Software\Board_AOAA_M0\Lib_Board\Debug\libLib_Board.a(rgb.o)
                0x00002de0                rgb_setLeds
 .text.CAN_Send
                0x00002e70      0x104 E:\Special Projects\CAN_HS-LS_GW\40_Software\Board_AOAA_M0\Lib_MCU\Debug\libLib_MCU.a(can.o)
                0x00002e70                CAN_Send
 .text.GPIOInit
                0x00002f74       0x20 E:\Special Projects\CAN_HS-LS_GW\40_Software\Board_AOAA_M0\Lib_MCU\Debug\libLib_MCU.a(gpio.o)
                0x00002f74                GPIOInit
 .text.GPIOSetValue
                0x00002f94       0x34 E:\Special Projects\CAN_HS-LS_GW\40_Software\Board_AOAA_M0\Lib_MCU\Debug\libLib_MCU.a(gpio.o)
                0x00002f94                GPIOSetValue
 .text.GPIOSetDir
                0x00002fc8       0x6c E:\Special Projects\CAN_HS-LS_GW\40_Software\Board_AOAA_M0\Lib_MCU\Debug\libLib_MCU.a(gpio.o)
                0x00002fc8                GPIOSetDir
 .text.NVIC_EnableIRQ
                0x00003034       0x2c E:\Special Projects\CAN_HS-LS_GW\40_Software\Board_AOAA_M0\Lib_MCU\Debug\libLib_MCU.a(i2c.o)
 .text.I2C_IRQHandler
                0x00003060      0x1e4 E:\Special Projects\CAN_HS-LS_GW\40_Software\Board_AOAA_M0\Lib_MCU\Debug\libLib_MCU.a(i2c.o)
                0x00003060                I2C_IRQHandler
 .text.I2CStart
                0x00003244       0x4c E:\Special Projects\CAN_HS-LS_GW\40_Software\Board_AOAA_M0\Lib_MCU\Debug\libLib_MCU.a(i2c.o)
                0x00003244                I2CStart
 .text.I2CStop  0x00003290       0x2c E:\Special Projects\CAN_HS-LS_GW\40_Software\Board_AOAA_M0\Lib_MCU\Debug\libLib_MCU.a(i2c.o)
                0x00003290                I2CStop
 .text.I2CInit  0x000032bc       0xa0 E:\Special Projects\CAN_HS-LS_GW\40_Software\Board_AOAA_M0\Lib_MCU\Debug\libLib_MCU.a(i2c.o)
                0x000032bc                I2CInit
 .text.I2CEngine
                0x0000335c       0x50 E:\Special Projects\CAN_HS-LS_GW\40_Software\Board_AOAA_M0\Lib_MCU\Debug\libLib_MCU.a(i2c.o)
                0x0000335c                I2CEngine
 .text.I2CRead  0x000033ac       0x58 E:\Special Projects\CAN_HS-LS_GW\40_Software\Board_AOAA_M0\Lib_MCU\Debug\libLib_MCU.a(i2c.o)
                0x000033ac                I2CRead
 .text.I2CWrite
                0x00003404       0x50 E:\Special Projects\CAN_HS-LS_GW\40_Software\Board_AOAA_M0\Lib_MCU\Debug\libLib_MCU.a(i2c.o)
                0x00003404                I2CWrite
 .text.memcpy   0x00003454        0x8 c:/nxp/lpcxpresso_7.7.2_379/lpcxpresso/tools/bin/../lib/gcc/arm-none-eabi/4.9.3/../../../../arm-none-eabi/lib/armv6-m\libcr_c.a(memcpy.o)
                0x00003454                memcpy
 .text.memset   0x0000345c        0x8 c:/nxp/lpcxpresso_7.7.2_379/lpcxpresso/tools/bin/../lib/gcc/arm-none-eabi/4.9.3/../../../../arm-none-eabi/lib/armv6-m\libcr_c.a(memset.o)
                0x0000345c                memset
 .text.__weak_main
                0x00003464        0x8 c:/nxp/lpcxpresso_7.7.2_379/lpcxpresso/tools/bin/../lib/gcc/arm-none-eabi/4.9.3/../../../../arm-none-eabi/lib/armv6-m\libcr_c.a(__weak__main.o)
                0x00003464                __weak_main
                0x00003464                __main
 .text.memcmp   0x0000346c       0x3a c:/nxp/lpcxpresso_7.7.2_379/lpcxpresso/tools/bin/../lib/gcc/arm-none-eabi/4.9.3/../../../../arm-none-eabi/lib/armv6-m\libcr_c.a(memcmp.o)
                0x0000346c                memcmp
 .text.__aeabi_division_idivmod
                0x000034a6       0x78 c:/nxp/lpcxpresso_7.7.2_379/lpcxpresso/tools/bin/../lib/gcc/arm-none-eabi/4.9.3/armv6-m\libcr_eabihelpers.a(division_32.o)
                0x000034a6                __aeabi_idivmod
                0x000034a6                __aeabi_idiv
                0x000034ac                __aeabi_uidivmod
                0x000034ac                __aeabi_uidiv
 .text.__aeabi_division_idiv0
                0x0000351e        0x2 c:/nxp/lpcxpresso_7.7.2_379/lpcxpresso/tools/bin/../lib/gcc/arm-none-eabi/4.9.3/armv6-m\libcr_eabihelpers.a(division_idiv0.o)
                0x0000351e                __aeabi_idiv0
 .text.__aeabi_memcpy
                0x00003520       0x2c c:/nxp/lpcxpresso_7.7.2_379/lpcxpresso/tools/bin/../lib/gcc/arm-none-eabi/4.9.3/armv6-m\libcr_eabihelpers.a(memcpy.o)
                0x00003520                __aeabi_memcpy4
                0x00003520                __aeabi_memcpy8
                0x00003520                __aeabi_memcpy
 .text.__aeabi_memset_lowlevel
                0x0000354c       0x2a c:/nxp/lpcxpresso_7.7.2_379/lpcxpresso/tools/bin/../lib/gcc/arm-none-eabi/4.9.3/armv6-m\libcr_eabihelpers.a(memcpy.o)
                0x0000354c                __aeabi_lowlevel_memset
 *(.rodata .rodata.* .constdata .constdata.*)
 *fill*         0x00003576        0x2 
 .rodata        0x00003578        0x8 ./Source/FreeRTOS_Source/tasks.o
 .rodata.ucExpectedStackBytes.4510
                0x00003580       0x14 ./Source/FreeRTOS_Source/tasks.o
 .rodata        0x00003594       0x10 ./Source/FreeRTOS_Source/timers.o
 .rodata.prvProcessReceivedCommands
                0x000035a4       0x28 ./Source/FreeRTOS_Source/timers.o
 .rodata        0x000035cc       0x38 ./Source/main.o
 .rodata        0x00003604       0x10 E:\Special Projects\CAN_HS-LS_GW\40_Software\Board_AOAA_M0\Lib_MCU\Debug\libLib_MCU.a(gpio.o)
 .rodata        0x00003614      0x144 E:\Special Projects\CAN_HS-LS_GW\40_Software\Board_AOAA_M0\Lib_MCU\Debug\libLib_MCU.a(i2c.o)
                0x00003758                . = ALIGN (0x4)

.glue_7         0x00003758        0x0
 .glue_7        0x00000000        0x0 linker stubs

.glue_7t        0x00003758        0x0
 .glue_7t       0x00000000        0x0 linker stubs

.vfp11_veneer   0x00003758        0x0
 .vfp11_veneer  0x00000000        0x0 linker stubs

.v4_bx          0x00003758        0x0
 .v4_bx         0x00000000        0x0 linker stubs

.iplt           0x00003758        0x0
 .iplt          0x00000000        0x0 ./Source/FreeRTOS_Source/portable/MemMang/heap_1.o

.rel.dyn        0x00003758        0x0
 .rel.iplt      0x00000000        0x0 ./Source/FreeRTOS_Source/portable/MemMang/heap_1.o

.ARM.extab
 *(.ARM.extab* .gnu.linkonce.armextab.*)
                0x00003758                __exidx_start = .

.ARM.exidx
 *(.ARM.exidx* .gnu.linkonce.armexidx.*)
                0x00003758                __exidx_end = .
                0x00003758                _etext = .

.uninit_RESERVED
                0x10000000       0xb8
 *(.bss.$RESERVED*)
 .bss.$RESERVED
                0x10000000       0xb8 ./Source/canpt.o
                0x10000000                CAN_driver_memory
                0x100000b8                . = ALIGN (0x4)
                0x100000b8                _end_uninit_RESERVED = .

.data           0x100000b8       0x3c load address 0x00003758
 FILL mask 0xff
                0x100000b8                _data = .
 *(vtable)
 *(.ramfunc*)
 *(.data*)
 .data.uxCriticalNesting
                0x100000b8        0x4 ./Source/FreeRTOS_Source/portable/GCC/ARM_CM0/port.o
 .data.xNextTaskUnblockTime
                0x100000bc        0x4 ./Source/FreeRTOS_Source/tasks.o
 .data.xErrorStatus
                0x100000c0        0x4 ./Source/Common_Demo_Tasks/IntQueue.o
 .data.rom      0x100000c4        0x4 ./Source/canpt.o
 .data.callbacks
                0x100000c8       0x20 ./Source/canpt.o
 .data.SystemCoreClock
                0x100000e8        0x4 E:\Special Projects\CAN_HS-LS_GW\40_Software\Board_AOAA_M0\Lib_CMSISv2p00_LPC11xx\Debug\libLib_CMSISv2p00_LPC11xx.a(system_LPC11xx.o)
                0x100000e8                SystemCoreClock
 .data          0x100000ec        0x8 E:\Special Projects\CAN_HS-LS_GW\40_Software\Board_AOAA_M0\Lib_Board\Debug\libLib_Board.a(light.o)
                0x100000f4                . = ALIGN (0x4)
                0x100000f4                _edata = .

.igot.plt       0x100000f4        0x0 load address 0x00003794
 .igot.plt      0x00000000        0x0 ./Source/FreeRTOS_Source/portable/MemMang/heap_1.o

.bss            0x100000f4     0x1ef4 load address 0x00003794
                0x100000f4                _bss = .
 *(.bss*)
 .bss.ucHeap    0x100000f4     0x1964 ./Source/FreeRTOS_Source/portable/MemMang/heap_1.o
 .bss.xNextFreeByte
                0x10001a58        0x4 ./Source/FreeRTOS_Source/portable/MemMang/heap_1.o
 .bss.pucAlignedHeap.4175
                0x10001a5c        0x4 ./Source/FreeRTOS_Source/portable/MemMang/heap_1.o
 .bss.pxCurrentTCB
                0x10001a60        0x4 ./Source/FreeRTOS_Source/tasks.o
                0x10001a60                pxCurrentTCB
 .bss.pxReadyTasksLists
                0x10001a64       0x64 ./Source/FreeRTOS_Source/tasks.o
 .bss.xDelayedTaskList1
                0x10001ac8       0x14 ./Source/FreeRTOS_Source/tasks.o
 .bss.xDelayedTaskList2
                0x10001adc       0x14 ./Source/FreeRTOS_Source/tasks.o
 .bss.pxDelayedTaskList
                0x10001af0        0x4 ./Source/FreeRTOS_Source/tasks.o
 .bss.pxOverflowDelayedTaskList
                0x10001af4        0x4 ./Source/FreeRTOS_Source/tasks.o
 .bss.xPendingReadyList
                0x10001af8       0x14 ./Source/FreeRTOS_Source/tasks.o
 .bss.xTasksWaitingTermination
                0x10001b0c       0x14 ./Source/FreeRTOS_Source/tasks.o
 .bss.uxTasksDeleted
                0x10001b20        0x4 ./Source/FreeRTOS_Source/tasks.o
 .bss.xSuspendedTaskList
                0x10001b24       0x14 ./Source/FreeRTOS_Source/tasks.o
 .bss.uxCurrentNumberOfTasks
                0x10001b38        0x4 ./Source/FreeRTOS_Source/tasks.o
 .bss.xTickCount
                0x10001b3c        0x4 ./Source/FreeRTOS_Source/tasks.o
 .bss.uxTopReadyPriority
                0x10001b40        0x4 ./Source/FreeRTOS_Source/tasks.o
 .bss.xSchedulerRunning
                0x10001b44        0x4 ./Source/FreeRTOS_Source/tasks.o
 .bss.uxPendedTicks
                0x10001b48        0x4 ./Source/FreeRTOS_Source/tasks.o
 .bss.xYieldPending
                0x10001b4c        0x4 ./Source/FreeRTOS_Source/tasks.o
 .bss.xNumOfOverflows
                0x10001b50        0x4 ./Source/FreeRTOS_Source/tasks.o
 .bss.uxTaskNumber
                0x10001b54        0x4 ./Source/FreeRTOS_Source/tasks.o
 .bss.uxSchedulerSuspended
                0x10001b58        0x4 ./Source/FreeRTOS_Source/tasks.o
 .bss.xActiveTimerList1
                0x10001b5c       0x14 ./Source/FreeRTOS_Source/timers.o
 .bss.xActiveTimerList2
                0x10001b70       0x14 ./Source/FreeRTOS_Source/timers.o
 .bss.pxCurrentTimerList
                0x10001b84        0x4 ./Source/FreeRTOS_Source/timers.o
 .bss.pxOverflowTimerList
                0x10001b88        0x4 ./Source/FreeRTOS_Source/timers.o
 .bss.xTimerQueue
                0x10001b8c        0x4 ./Source/FreeRTOS_Source/timers.o
 .bss.xLastTime.4430
                0x10001b90        0x4 ./Source/FreeRTOS_Source/timers.o
 .bss.xNormallyEmptyQueue
                0x10001b94        0x4 ./Source/Common_Demo_Tasks/IntQueue.o
 .bss.xNormallyFullQueue
                0x10001b98        0x4 ./Source/Common_Demo_Tasks/IntQueue.o
 .bss.xErrorLine
                0x10001b9c        0x4 ./Source/Common_Demo_Tasks/IntQueue.o
 .bss.uxValueForNormallyEmptyQueue
                0x10001ba0        0x4 ./Source/Common_Demo_Tasks/IntQueue.o
                0x10001ba0                uxValueForNormallyEmptyQueue
 .bss.uxValueForNormallyFullQueue
                0x10001ba4        0x4 ./Source/Common_Demo_Tasks/IntQueue.o
                0x10001ba4                uxValueForNormallyFullQueue
 .bss.ucNormallyEmptyReceivedValues
                0x10001ba8       0xc8 ./Source/Common_Demo_Tasks/IntQueue.o
 .bss.ucNormallyFullReceivedValues
                0x10001c70       0xc8 ./Source/Common_Demo_Tasks/IntQueue.o
 .bss.uxNextOperation.4370
                0x10001d38        0x4 ./Source/Common_Demo_Tasks/IntQueue.o
 .bss.uxNextOperation.4379
                0x10001d3c        0x4 ./Source/Common_Demo_Tasks/IntQueue.o
 .bss.tmpLedMask
                0x10001d40        0x1 ./Source/canpt.o
 *fill*         0x10001d41        0x3 
 .bss.msg_obj   0x10001d44       0x14 ./Source/canpt.o
 .bss.subNumRegistered
                0x10001d58        0x1 ./Source/canpt.o
 *fill*         0x10001d59        0x3 
 .bss.subscribers
                0x10001d5c       0xf0 ./Source/canpt.o
 .bss.rxMsgs    0x10001e4c      0x12c ./Source/canpt.o
 .bss.rxMsgIn   0x10001f78        0x1 ./Source/canpt.o
 .bss.rxMsgOut  0x10001f79        0x1 ./Source/canpt.o
 *fill*         0x10001f7a        0x2 
 .bss           0x10001f7c       0x2c E:\Special Projects\CAN_HS-LS_GW\40_Software\Board_AOAA_M0\Lib_MCU\Debug\libLib_MCU.a(i2c.o)
 *(COMMON)
 COMMON         0x10001fa8       0x40 ./Source/FreeRTOS_Source/queue.o
                0x10001fa8                xQueueRegistry
                0x10001fe8                . = ALIGN (0x4)
                0x10001fe8                _ebss = .
                0x10001fe8                PROVIDE (end, .)

.noinit         0x10001fe8        0x0 load address 0x00003794
                0x10001fe8                _noinit = .
 *(.noinit*)
                0x10001fe8                . = ALIGN (0x4)
                0x10001fe8                _end_noinit = .
                0x10001fe8                PROVIDE (_pvHeapStart, DEFINED (__user_heap_base)?__user_heap_base:.)
                0x10002000                PROVIDE (_vStackTop, DEFINED (__user_stack_top)?__user_stack_top:(__top_RamLoc8 - 0x0))
OUTPUT(CAN.axf elf32-littlearm)

.debug_info     0x00000000     0x7c39
 .debug_info    0x00000000      0x182 ./Source/FreeRTOS_Source/portable/MemMang/heap_1.o
 .debug_info    0x00000182      0x252 ./Source/FreeRTOS_Source/portable/GCC/ARM_CM0/port.o
 .debug_info    0x000003d4      0x28f ./Source/FreeRTOS_Source/list.o
 .debug_info    0x00000663      0xc2f ./Source/FreeRTOS_Source/queue.o
 .debug_info    0x00001292     0x1584 ./Source/FreeRTOS_Source/tasks.o
 .debug_info    0x00002816      0x82e ./Source/FreeRTOS_Source/timers.o
 .debug_info    0x00003044      0x673 ./Source/Common_Demo_Tasks/IntQueue.o
 .debug_info    0x000036b7      0x7d9 ./Source/IntQueueTimer.o
 .debug_info    0x00003e90      0xf55 ./Source/canpt.o
 .debug_info    0x00004de5      0x1a4 ./Source/cr_startup_lpc11.o
 .debug_info    0x00004f89      0x31f ./Source/main.o
 .debug_info    0x000052a8      0x46e E:\Special Projects\CAN_HS-LS_GW\40_Software\Board_AOAA_M0\Lib_CMSISv2p00_LPC11xx\Debug\libLib_CMSISv2p00_LPC11xx.a(system_LPC11xx.o)
 .debug_info    0x00005716      0x1f3 E:\Special Projects\CAN_HS-LS_GW\40_Software\Board_AOAA_M0\Lib_Board\Debug\libLib_Board.a(board.o)
 .debug_info    0x00005909      0x13d E:\Special Projects\CAN_HS-LS_GW\40_Software\Board_AOAA_M0\Lib_Board\Debug\libLib_Board.a(can_handler.o)
 .debug_info    0x00005a46      0x454 E:\Special Projects\CAN_HS-LS_GW\40_Software\Board_AOAA_M0\Lib_Board\Debug\libLib_Board.a(light.o)
 .debug_info    0x00005e9a       0xf0 E:\Special Projects\CAN_HS-LS_GW\40_Software\Board_AOAA_M0\Lib_Board\Debug\libLib_Board.a(lm75a.o)
 .debug_info    0x00005f8a      0x202 E:\Special Projects\CAN_HS-LS_GW\40_Software\Board_AOAA_M0\Lib_Board\Debug\libLib_Board.a(rgb.o)
 .debug_info    0x0000618c      0x88c E:\Special Projects\CAN_HS-LS_GW\40_Software\Board_AOAA_M0\Lib_MCU\Debug\libLib_MCU.a(can.o)
 .debug_info    0x00006a18      0x700 E:\Special Projects\CAN_HS-LS_GW\40_Software\Board_AOAA_M0\Lib_MCU\Debug\libLib_MCU.a(gpio.o)
 .debug_info    0x00007118      0xb21 E:\Special Projects\CAN_HS-LS_GW\40_Software\Board_AOAA_M0\Lib_MCU\Debug\libLib_MCU.a(i2c.o)

.debug_abbrev   0x00000000     0x1be5
 .debug_abbrev  0x00000000      0x10b ./Source/FreeRTOS_Source/portable/MemMang/heap_1.o
 .debug_abbrev  0x0000010b      0x187 ./Source/FreeRTOS_Source/portable/GCC/ARM_CM0/port.o
 .debug_abbrev  0x00000292       0xc1 ./Source/FreeRTOS_Source/list.o
 .debug_abbrev  0x00000353      0x192 ./Source/FreeRTOS_Source/queue.o
 .debug_abbrev  0x000004e5      0x229 ./Source/FreeRTOS_Source/tasks.o
 .debug_abbrev  0x0000070e      0x1a5 ./Source/FreeRTOS_Source/timers.o
 .debug_abbrev  0x000008b3      0x135 ./Source/Common_Demo_Tasks/IntQueue.o
 .debug_abbrev  0x000009e8      0x150 ./Source/IntQueueTimer.o
 .debug_abbrev  0x00000b38      0x2f6 ./Source/canpt.o
 .debug_abbrev  0x00000e2e       0xe2 ./Source/cr_startup_lpc11.o
 .debug_abbrev  0x00000f10      0x17e ./Source/main.o
 .debug_abbrev  0x0000108e      0x106 E:\Special Projects\CAN_HS-LS_GW\40_Software\Board_AOAA_M0\Lib_CMSISv2p00_LPC11xx\Debug\libLib_CMSISv2p00_LPC11xx.a(system_LPC11xx.o)
 .debug_abbrev  0x00001194      0x12d E:\Special Projects\CAN_HS-LS_GW\40_Software\Board_AOAA_M0\Lib_Board\Debug\libLib_Board.a(board.o)
 .debug_abbrev  0x000012c1       0xc8 E:\Special Projects\CAN_HS-LS_GW\40_Software\Board_AOAA_M0\Lib_Board\Debug\libLib_Board.a(can_handler.o)
 .debug_abbrev  0x00001389      0x15a E:\Special Projects\CAN_HS-LS_GW\40_Software\Board_AOAA_M0\Lib_Board\Debug\libLib_Board.a(light.o)
 .debug_abbrev  0x000014e3       0x9c E:\Special Projects\CAN_HS-LS_GW\40_Software\Board_AOAA_M0\Lib_Board\Debug\libLib_Board.a(lm75a.o)
 .debug_abbrev  0x0000157f      0x12d E:\Special Projects\CAN_HS-LS_GW\40_Software\Board_AOAA_M0\Lib_Board\Debug\libLib_Board.a(rgb.o)
 .debug_abbrev  0x000016ac      0x190 E:\Special Projects\CAN_HS-LS_GW\40_Software\Board_AOAA_M0\Lib_MCU\Debug\libLib_MCU.a(can.o)
 .debug_abbrev  0x0000183c      0x1bb E:\Special Projects\CAN_HS-LS_GW\40_Software\Board_AOAA_M0\Lib_MCU\Debug\libLib_MCU.a(gpio.o)
 .debug_abbrev  0x000019f7      0x1ee E:\Special Projects\CAN_HS-LS_GW\40_Software\Board_AOAA_M0\Lib_MCU\Debug\libLib_MCU.a(i2c.o)

.debug_aranges  0x00000000      0x8e8
 .debug_aranges
                0x00000000       0x38 ./Source/FreeRTOS_Source/portable/MemMang/heap_1.o
 .debug_aranges
                0x00000038       0x88 ./Source/FreeRTOS_Source/portable/GCC/ARM_CM0/port.o
 .debug_aranges
                0x000000c0       0x40 ./Source/FreeRTOS_Source/list.o
 .debug_aranges
                0x00000100      0x100 ./Source/FreeRTOS_Source/queue.o
 .debug_aranges
                0x00000200      0x1c0 ./Source/FreeRTOS_Source/tasks.o
 .debug_aranges
                0x000003c0       0x98 ./Source/FreeRTOS_Source/timers.o
 .debug_aranges
                0x00000458       0x78 ./Source/Common_Demo_Tasks/IntQueue.o
 .debug_aranges
                0x000004d0       0x40 ./Source/IntQueueTimer.o
 .debug_aranges
                0x00000510       0xf0 ./Source/canpt.o
 .debug_aranges
                0x00000600       0x50 ./Source/cr_startup_lpc11.o
 .debug_aranges
                0x00000650       0x58 ./Source/main.o
 .debug_aranges
                0x000006a8       0x28 E:\Special Projects\CAN_HS-LS_GW\40_Software\Board_AOAA_M0\Lib_CMSISv2p00_LPC11xx\Debug\libLib_CMSISv2p00_LPC11xx.a(system_LPC11xx.o)
 .debug_aranges
                0x000006d0       0x28 E:\Special Projects\CAN_HS-LS_GW\40_Software\Board_AOAA_M0\Lib_Board\Debug\libLib_Board.a(board.o)
 .debug_aranges
                0x000006f8       0x30 E:\Special Projects\CAN_HS-LS_GW\40_Software\Board_AOAA_M0\Lib_Board\Debug\libLib_Board.a(can_handler.o)
 .debug_aranges
                0x00000728       0x88 E:\Special Projects\CAN_HS-LS_GW\40_Software\Board_AOAA_M0\Lib_Board\Debug\libLib_Board.a(light.o)
 .debug_aranges
                0x000007b0       0x28 E:\Special Projects\CAN_HS-LS_GW\40_Software\Board_AOAA_M0\Lib_Board\Debug\libLib_Board.a(lm75a.o)
 .debug_aranges
                0x000007d8       0x28 E:\Special Projects\CAN_HS-LS_GW\40_Software\Board_AOAA_M0\Lib_Board\Debug\libLib_Board.a(rgb.o)
 .debug_aranges
                0x00000800       0x38 E:\Special Projects\CAN_HS-LS_GW\40_Software\Board_AOAA_M0\Lib_MCU\Debug\libLib_MCU.a(can.o)
 .debug_aranges
                0x00000838       0x58 E:\Special Projects\CAN_HS-LS_GW\40_Software\Board_AOAA_M0\Lib_MCU\Debug\libLib_MCU.a(gpio.o)
 .debug_aranges
                0x00000890       0x58 E:\Special Projects\CAN_HS-LS_GW\40_Software\Board_AOAA_M0\Lib_MCU\Debug\libLib_MCU.a(i2c.o)

.debug_ranges   0x00000000      0x7a8
 .debug_ranges  0x00000000       0x28 ./Source/FreeRTOS_Source/portable/MemMang/heap_1.o
 .debug_ranges  0x00000028       0x78 ./Source/FreeRTOS_Source/portable/GCC/ARM_CM0/port.o
 .debug_ranges  0x000000a0       0x30 ./Source/FreeRTOS_Source/list.o
 .debug_ranges  0x000000d0       0xf0 ./Source/FreeRTOS_Source/queue.o
 .debug_ranges  0x000001c0      0x1b0 ./Source/FreeRTOS_Source/tasks.o
 .debug_ranges  0x00000370       0x88 ./Source/FreeRTOS_Source/timers.o
 .debug_ranges  0x000003f8       0x68 ./Source/Common_Demo_Tasks/IntQueue.o
 .debug_ranges  0x00000460       0x30 ./Source/IntQueueTimer.o
 .debug_ranges  0x00000490       0xe0 ./Source/canpt.o
 .debug_ranges  0x00000570       0x40 ./Source/cr_startup_lpc11.o
 .debug_ranges  0x000005b0       0x48 ./Source/main.o
 .debug_ranges  0x000005f8       0x18 E:\Special Projects\CAN_HS-LS_GW\40_Software\Board_AOAA_M0\Lib_CMSISv2p00_LPC11xx\Debug\libLib_CMSISv2p00_LPC11xx.a(system_LPC11xx.o)
 .debug_ranges  0x00000610       0x18 E:\Special Projects\CAN_HS-LS_GW\40_Software\Board_AOAA_M0\Lib_Board\Debug\libLib_Board.a(board.o)
 .debug_ranges  0x00000628       0x20 E:\Special Projects\CAN_HS-LS_GW\40_Software\Board_AOAA_M0\Lib_Board\Debug\libLib_Board.a(can_handler.o)
 .debug_ranges  0x00000648       0x78 E:\Special Projects\CAN_HS-LS_GW\40_Software\Board_AOAA_M0\Lib_Board\Debug\libLib_Board.a(light.o)
 .debug_ranges  0x000006c0       0x18 E:\Special Projects\CAN_HS-LS_GW\40_Software\Board_AOAA_M0\Lib_Board\Debug\libLib_Board.a(lm75a.o)
 .debug_ranges  0x000006d8       0x18 E:\Special Projects\CAN_HS-LS_GW\40_Software\Board_AOAA_M0\Lib_Board\Debug\libLib_Board.a(rgb.o)
 .debug_ranges  0x000006f0       0x28 E:\Special Projects\CAN_HS-LS_GW\40_Software\Board_AOAA_M0\Lib_MCU\Debug\libLib_MCU.a(can.o)
 .debug_ranges  0x00000718       0x48 E:\Special Projects\CAN_HS-LS_GW\40_Software\Board_AOAA_M0\Lib_MCU\Debug\libLib_MCU.a(gpio.o)
 .debug_ranges  0x00000760       0x48 E:\Special Projects\CAN_HS-LS_GW\40_Software\Board_AOAA_M0\Lib_MCU\Debug\libLib_MCU.a(i2c.o)

.debug_macro    0x00000000     0x4d78
 .debug_macro   0x00000000       0xd9 ./Source/FreeRTOS_Source/portable/MemMang/heap_1.o
 .debug_macro   0x000000d9      0x832 ./Source/FreeRTOS_Source/portable/MemMang/heap_1.o
 .debug_macro   0x0000090b       0x10 ./Source/FreeRTOS_Source/portable/MemMang/heap_1.o
 .debug_macro   0x0000091b      0x12d ./Source/FreeRTOS_Source/portable/MemMang/heap_1.o
 .debug_macro   0x00000a48       0x28 ./Source/FreeRTOS_Source/portable/MemMang/heap_1.o
 .debug_macro   0x00000a70      0x5b2 ./Source/FreeRTOS_Source/portable/MemMang/heap_1.o
 .debug_macro   0x00001022       0xfa ./Source/FreeRTOS_Source/portable/MemMang/heap_1.o
 .debug_macro   0x0000111c       0x5e ./Source/FreeRTOS_Source/portable/MemMang/heap_1.o
 .debug_macro   0x0000117a       0xaf ./Source/FreeRTOS_Source/portable/MemMang/heap_1.o
 .debug_macro   0x00001229       0x10 ./Source/FreeRTOS_Source/portable/MemMang/heap_1.o
 .debug_macro   0x00001239       0x1f ./Source/FreeRTOS_Source/portable/MemMang/heap_1.o
 .debug_macro   0x00001258      0x399 ./Source/FreeRTOS_Source/portable/MemMang/heap_1.o
 .debug_macro   0x000015f1       0xc0 ./Source/FreeRTOS_Source/portable/MemMang/heap_1.o
 .debug_macro   0x000016b1       0x8c ./Source/FreeRTOS_Source/portable/MemMang/heap_1.o
 .debug_macro   0x0000173d      0x101 ./Source/FreeRTOS_Source/portable/GCC/ARM_CM0/port.o
 .debug_macro   0x0000183e       0x16 ./Source/FreeRTOS_Source/portable/GCC/ARM_CM0/port.o
 .debug_macro   0x00001854       0xb8 ./Source/FreeRTOS_Source/list.o
 .debug_macro   0x0000190c      0x121 ./Source/FreeRTOS_Source/queue.o
 .debug_macro   0x00001a2d       0xb0 ./Source/FreeRTOS_Source/queue.o
 .debug_macro   0x00001add      0x164 ./Source/FreeRTOS_Source/tasks.o
 .debug_macro   0x00001c41       0x91 ./Source/FreeRTOS_Source/tasks.o
 .debug_macro   0x00001cd2       0x17 ./Source/FreeRTOS_Source/tasks.o
 .debug_macro   0x00001ce9       0xf5 ./Source/FreeRTOS_Source/timers.o
 .debug_macro   0x00001dde      0x153 ./Source/Common_Demo_Tasks/IntQueue.o
 .debug_macro   0x00001f31       0x10 ./Source/Common_Demo_Tasks/IntQueue.o
 .debug_macro   0x00001f41      0x119 ./Source/IntQueueTimer.o
 .debug_macro   0x0000205a       0x1c ./Source/IntQueueTimer.o
 .debug_macro   0x00002076       0x2e ./Source/IntQueueTimer.o
 .debug_macro   0x000020a4      0x237 ./Source/IntQueueTimer.o
 .debug_macro   0x000022db      0x123 ./Source/IntQueueTimer.o
 .debug_macro   0x000023fe      0x142 ./Source/canpt.o
 .debug_macro   0x00002540       0x1c ./Source/canpt.o
 .debug_macro   0x0000255c       0x9a ./Source/canpt.o
 .debug_macro   0x000025f6       0x10 ./Source/canpt.o
 .debug_macro   0x00002606       0x22 ./Source/canpt.o
 .debug_macro   0x00002628       0xb8 ./Source/canpt.o
 .debug_macro   0x000026e0       0x1c ./Source/canpt.o
 .debug_macro   0x000026fc       0x10 ./Source/canpt.o
 .debug_macro   0x0000270c       0x10 ./Source/canpt.o
 .debug_macro   0x0000271c      0x100 ./Source/canpt.o
 .debug_macro   0x0000281c      0x1ba ./Source/canpt.o
 .debug_macro   0x000029d6       0x94 ./Source/canpt.o
 .debug_macro   0x00002a6a       0x82 ./Source/canpt.o
 .debug_macro   0x00002aec       0x52 ./Source/cr_startup_lpc11.o
 .debug_macro   0x00002b3e      0x838 ./Source/cr_startup_lpc11.o
 .debug_macro   0x00003376      0x17a ./Source/main.o
 .debug_macro   0x000034f0       0x16 ./Source/main.o
 .debug_macro   0x00003506       0x22 ./Source/main.o
 .debug_macro   0x00003528      0x13b E:\Special Projects\CAN_HS-LS_GW\40_Software\Board_AOAA_M0\Lib_CMSISv2p00_LPC11xx\Debug\libLib_CMSISv2p00_LPC11xx.a(system_LPC11xx.o)
 .debug_macro   0x00003663      0x832 E:\Special Projects\CAN_HS-LS_GW\40_Software\Board_AOAA_M0\Lib_CMSISv2p00_LPC11xx\Debug\libLib_CMSISv2p00_LPC11xx.a(system_LPC11xx.o)
 .debug_macro   0x00003e95       0x1c E:\Special Projects\CAN_HS-LS_GW\40_Software\Board_AOAA_M0\Lib_CMSISv2p00_LPC11xx\Debug\libLib_CMSISv2p00_LPC11xx.a(system_LPC11xx.o)
 .debug_macro   0x00003eb1      0x123 E:\Special Projects\CAN_HS-LS_GW\40_Software\Board_AOAA_M0\Lib_CMSISv2p00_LPC11xx\Debug\libLib_CMSISv2p00_LPC11xx.a(system_LPC11xx.o)
 .debug_macro   0x00003fd4       0x9c E:\Special Projects\CAN_HS-LS_GW\40_Software\Board_AOAA_M0\Lib_Board\Debug\libLib_Board.a(board.o)
 .debug_macro   0x00004070      0x82c E:\Special Projects\CAN_HS-LS_GW\40_Software\Board_AOAA_M0\Lib_Board\Debug\libLib_Board.a(board.o)
 .debug_macro   0x0000489c       0x98 E:\Special Projects\CAN_HS-LS_GW\40_Software\Board_AOAA_M0\Lib_Board\Debug\libLib_Board.a(can_handler.o)
 .debug_macro   0x00004934      0x138 E:\Special Projects\CAN_HS-LS_GW\40_Software\Board_AOAA_M0\Lib_Board\Debug\libLib_Board.a(light.o)
 .debug_macro   0x00004a6c       0xbf E:\Special Projects\CAN_HS-LS_GW\40_Software\Board_AOAA_M0\Lib_Board\Debug\libLib_Board.a(lm75a.o)
 .debug_macro   0x00004b2b       0x9b E:\Special Projects\CAN_HS-LS_GW\40_Software\Board_AOAA_M0\Lib_Board\Debug\libLib_Board.a(rgb.o)
 .debug_macro   0x00004bc6       0x8e E:\Special Projects\CAN_HS-LS_GW\40_Software\Board_AOAA_M0\Lib_MCU\Debug\libLib_MCU.a(can.o)
 .debug_macro   0x00004c54       0x92 E:\Special Projects\CAN_HS-LS_GW\40_Software\Board_AOAA_M0\Lib_MCU\Debug\libLib_MCU.a(gpio.o)
 .debug_macro   0x00004ce6       0x92 E:\Special Projects\CAN_HS-LS_GW\40_Software\Board_AOAA_M0\Lib_MCU\Debug\libLib_MCU.a(i2c.o)

.debug_line     0x00000000     0x55fd
 .debug_line    0x00000000      0x32d ./Source/FreeRTOS_Source/portable/MemMang/heap_1.o
 .debug_line    0x0000032d      0x3ef ./Source/FreeRTOS_Source/portable/GCC/ARM_CM0/port.o
 .debug_line    0x0000071c      0x331 ./Source/FreeRTOS_Source/list.o
 .debug_line    0x00000a4d      0x8d2 ./Source/FreeRTOS_Source/queue.o
 .debug_line    0x0000131f      0xd09 ./Source/FreeRTOS_Source/tasks.o
 .debug_line    0x00002028      0x4f9 ./Source/FreeRTOS_Source/timers.o
 .debug_line    0x00002521      0x5f8 ./Source/Common_Demo_Tasks/IntQueue.o
 .debug_line    0x00002b19      0x44e ./Source/IntQueueTimer.o
 .debug_line    0x00002f67      0x6df ./Source/canpt.o
 .debug_line    0x00003646      0x217 ./Source/cr_startup_lpc11.o
 .debug_line    0x0000385d      0x5a6 ./Source/main.o
 .debug_line    0x00003e03      0x1c9 E:\Special Projects\CAN_HS-LS_GW\40_Software\Board_AOAA_M0\Lib_CMSISv2p00_LPC11xx\Debug\libLib_CMSISv2p00_LPC11xx.a(system_LPC11xx.o)
 .debug_line    0x00003fcc      0x276 E:\Special Projects\CAN_HS-LS_GW\40_Software\Board_AOAA_M0\Lib_Board\Debug\libLib_Board.a(board.o)
 .debug_line    0x00004242      0x28b E:\Special Projects\CAN_HS-LS_GW\40_Software\Board_AOAA_M0\Lib_Board\Debug\libLib_Board.a(can_handler.o)
 .debug_line    0x000044cd      0x39a E:\Special Projects\CAN_HS-LS_GW\40_Software\Board_AOAA_M0\Lib_Board\Debug\libLib_Board.a(light.o)
 .debug_line    0x00004867      0x23b E:\Special Projects\CAN_HS-LS_GW\40_Software\Board_AOAA_M0\Lib_Board\Debug\libLib_Board.a(lm75a.o)
 .debug_line    0x00004aa2      0x281 E:\Special Projects\CAN_HS-LS_GW\40_Software\Board_AOAA_M0\Lib_Board\Debug\libLib_Board.a(rgb.o)
 .debug_line    0x00004d23      0x2b3 E:\Special Projects\CAN_HS-LS_GW\40_Software\Board_AOAA_M0\Lib_MCU\Debug\libLib_MCU.a(can.o)
 .debug_line    0x00004fd6      0x325 E:\Special Projects\CAN_HS-LS_GW\40_Software\Board_AOAA_M0\Lib_MCU\Debug\libLib_MCU.a(gpio.o)
 .debug_line    0x000052fb      0x302 E:\Special Projects\CAN_HS-LS_GW\40_Software\Board_AOAA_M0\Lib_MCU\Debug\libLib_MCU.a(i2c.o)

.debug_str      0x00000000     0xf1f8
 .debug_str     0x00000000     0x6973 ./Source/FreeRTOS_Source/portable/MemMang/heap_1.o
                               0x6a14 (size before relaxing)
 .debug_str     0x00006973      0x3c0 ./Source/FreeRTOS_Source/portable/GCC/ARM_CM0/port.o
                               0x6c5e (size before relaxing)
 .debug_str     0x00006d33      0x137 ./Source/FreeRTOS_Source/list.o
                               0x6461 (size before relaxing)
 .debug_str     0x00006e6a     0x1141 ./Source/FreeRTOS_Source/queue.o
                               0x7b62 (size before relaxing)
 .debug_str     0x00007fab     0x1b61 ./Source/FreeRTOS_Source/tasks.o
                               0x8671 (size before relaxing)
 .debug_str     0x00009b0c      0x3c4 ./Source/FreeRTOS_Source/timers.o
                               0x7fed (size before relaxing)
 .debug_str     0x00009ed0      0xb3e ./Source/Common_Demo_Tasks/IntQueue.o
                               0x7e53 (size before relaxing)
 .debug_str     0x0000aa0e     0x1a9c ./Source/IntQueueTimer.o
                               0x8311 (size before relaxing)
 .debug_str     0x0000c4aa     0x1a22 ./Source/canpt.o
                               0x6cd4 (size before relaxing)
 .debug_str     0x0000decc      0x1bf ./Source/cr_startup_lpc11.o
                               0x3c1c (size before relaxing)
 .debug_str     0x0000e08b      0x205 ./Source/main.o
                               0x87a7 (size before relaxing)
 .debug_str     0x0000e290      0x3d3 E:\Special Projects\CAN_HS-LS_GW\40_Software\Board_AOAA_M0\Lib_CMSISv2p00_LPC11xx\Debug\libLib_CMSISv2p00_LPC11xx.a(system_LPC11xx.o)
                               0x55e4 (size before relaxing)
 .debug_str     0x0000e663      0x108 E:\Special Projects\CAN_HS-LS_GW\40_Software\Board_AOAA_M0\Lib_Board\Debug\libLib_Board.a(board.o)
                               0x5079 (size before relaxing)
 .debug_str     0x0000e76b       0x7d E:\Special Projects\CAN_HS-LS_GW\40_Software\Board_AOAA_M0\Lib_Board\Debug\libLib_Board.a(can_handler.o)
                               0x5583 (size before relaxing)
 .debug_str     0x0000e7e8      0x3d2 E:\Special Projects\CAN_HS-LS_GW\40_Software\Board_AOAA_M0\Lib_Board\Debug\libLib_Board.a(light.o)
                               0x56a7 (size before relaxing)
 .debug_str     0x0000ebba       0x5d E:\Special Projects\CAN_HS-LS_GW\40_Software\Board_AOAA_M0\Lib_Board\Debug\libLib_Board.a(lm75a.o)
                               0x54e4 (size before relaxing)
 .debug_str     0x0000ec17       0x37 E:\Special Projects\CAN_HS-LS_GW\40_Software\Board_AOAA_M0\Lib_Board\Debug\libLib_Board.a(rgb.o)
                               0x50b8 (size before relaxing)
 .debug_str     0x0000ec4e      0x221 E:\Special Projects\CAN_HS-LS_GW\40_Software\Board_AOAA_M0\Lib_MCU\Debug\libLib_MCU.a(can.o)
                               0x5977 (size before relaxing)
 .debug_str     0x0000ee6f       0xa9 E:\Special Projects\CAN_HS-LS_GW\40_Software\Board_AOAA_M0\Lib_MCU\Debug\libLib_MCU.a(gpio.o)
                               0x5356 (size before relaxing)
 .debug_str     0x0000ef18      0x2e0 E:\Special Projects\CAN_HS-LS_GW\40_Software\Board_AOAA_M0\Lib_MCU\Debug\libLib_MCU.a(i2c.o)
                               0x5983 (size before relaxing)

.comment        0x00000000       0x70
 .comment       0x00000000       0x70 ./Source/FreeRTOS_Source/portable/MemMang/heap_1.o
                                 0x71 (size before relaxing)
 .comment       0x00000000       0x71 ./Source/FreeRTOS_Source/portable/GCC/ARM_CM0/port.o
 .comment       0x00000000       0x71 ./Source/FreeRTOS_Source/list.o
 .comment       0x00000000       0x71 ./Source/FreeRTOS_Source/queue.o
 .comment       0x00000000       0x71 ./Source/FreeRTOS_Source/tasks.o
 .comment       0x00000000       0x71 ./Source/FreeRTOS_Source/timers.o
 .comment       0x00000000       0x71 ./Source/Common_Demo_Tasks/IntQueue.o
 .comment       0x00000000       0x71 ./Source/IntQueueTimer.o
 .comment       0x00000000       0x71 ./Source/canpt.o
 .comment       0x00000000       0x71 ./Source/cr_startup_lpc11.o
 .comment       0x00000000       0x71 ./Source/main.o
 .comment       0x00000000       0x71 E:\Special Projects\CAN_HS-LS_GW\40_Software\Board_AOAA_M0\Lib_CMSISv2p00_LPC11xx\Debug\libLib_CMSISv2p00_LPC11xx.a(system_LPC11xx.o)
 .comment       0x00000000       0x71 E:\Special Projects\CAN_HS-LS_GW\40_Software\Board_AOAA_M0\Lib_Board\Debug\libLib_Board.a(board.o)
 .comment       0x00000000       0x71 E:\Special Projects\CAN_HS-LS_GW\40_Software\Board_AOAA_M0\Lib_Board\Debug\libLib_Board.a(can_handler.o)
 .comment       0x00000000       0x71 E:\Special Projects\CAN_HS-LS_GW\40_Software\Board_AOAA_M0\Lib_Board\Debug\libLib_Board.a(light.o)
 .comment       0x00000000       0x71 E:\Special Projects\CAN_HS-LS_GW\40_Software\Board_AOAA_M0\Lib_Board\Debug\libLib_Board.a(lm75a.o)
 .comment       0x00000000       0x71 E:\Special Projects\CAN_HS-LS_GW\40_Software\Board_AOAA_M0\Lib_Board\Debug\libLib_Board.a(rgb.o)
 .comment       0x00000000       0x71 E:\Special Projects\CAN_HS-LS_GW\40_Software\Board_AOAA_M0\Lib_MCU\Debug\libLib_MCU.a(can.o)
 .comment       0x00000000       0x71 E:\Special Projects\CAN_HS-LS_GW\40_Software\Board_AOAA_M0\Lib_MCU\Debug\libLib_MCU.a(gpio.o)
 .comment       0x00000000       0x71 E:\Special Projects\CAN_HS-LS_GW\40_Software\Board_AOAA_M0\Lib_MCU\Debug\libLib_MCU.a(i2c.o)
 .comment       0x00000000       0x71 c:/nxp/lpcxpresso_7.7.2_379/lpcxpresso/tools/bin/../lib/gcc/arm-none-eabi/4.9.3/../../../../arm-none-eabi/lib/armv6-m\libcr_c.a(memcpy.o)
 .comment       0x00000000       0x71 c:/nxp/lpcxpresso_7.7.2_379/lpcxpresso/tools/bin/../lib/gcc/arm-none-eabi/4.9.3/../../../../arm-none-eabi/lib/armv6-m\libcr_c.a(memset.o)
 .comment       0x00000000       0x71 c:/nxp/lpcxpresso_7.7.2_379/lpcxpresso/tools/bin/../lib/gcc/arm-none-eabi/4.9.3/../../../../arm-none-eabi/lib/armv6-m\libcr_c.a(__weak__main.o)
 .comment       0x00000000       0x71 c:/nxp/lpcxpresso_7.7.2_379/lpcxpresso/tools/bin/../lib/gcc/arm-none-eabi/4.9.3/../../../../arm-none-eabi/lib/armv6-m\libcr_c.a(memcmp.o)

.ARM.attributes
                0x00000000       0x2f
 .ARM.attributes
                0x00000000       0x31 ./Source/FreeRTOS_Source/portable/MemMang/heap_1.o
 .ARM.attributes
                0x00000031       0x31 ./Source/FreeRTOS_Source/portable/GCC/ARM_CM0/port.o
 .ARM.attributes
                0x00000062       0x31 ./Source/FreeRTOS_Source/list.o
 .ARM.attributes
                0x00000093       0x31 ./Source/FreeRTOS_Source/queue.o
 .ARM.attributes
                0x000000c4       0x31 ./Source/FreeRTOS_Source/tasks.o
 .ARM.attributes
                0x000000f5       0x31 ./Source/FreeRTOS_Source/timers.o
 .ARM.attributes
                0x00000126       0x31 ./Source/Common_Demo_Tasks/IntQueue.o
 .ARM.attributes
                0x00000157       0x31 ./Source/IntQueueTimer.o
 .ARM.attributes
                0x00000188       0x31 ./Source/canpt.o
 .ARM.attributes
                0x000001b9       0x31 ./Source/cr_startup_lpc11.o
 .ARM.attributes
                0x000001ea       0x31 ./Source/main.o
 .ARM.attributes
                0x0000021b       0x31 E:\Special Projects\CAN_HS-LS_GW\40_Software\Board_AOAA_M0\Lib_CMSISv2p00_LPC11xx\Debug\libLib_CMSISv2p00_LPC11xx.a(system_LPC11xx.o)
 .ARM.attributes
                0x0000024c       0x31 E:\Special Projects\CAN_HS-LS_GW\40_Software\Board_AOAA_M0\Lib_Board\Debug\libLib_Board.a(board.o)
 .ARM.attributes
                0x0000027d       0x31 E:\Special Projects\CAN_HS-LS_GW\40_Software\Board_AOAA_M0\Lib_Board\Debug\libLib_Board.a(can_handler.o)
 .ARM.attributes
                0x000002ae       0x31 E:\Special Projects\CAN_HS-LS_GW\40_Software\Board_AOAA_M0\Lib_Board\Debug\libLib_Board.a(light.o)
 .ARM.attributes
                0x000002df       0x31 E:\Special Projects\CAN_HS-LS_GW\40_Software\Board_AOAA_M0\Lib_Board\Debug\libLib_Board.a(lm75a.o)
 .ARM.attributes
                0x00000310       0x31 E:\Special Projects\CAN_HS-LS_GW\40_Software\Board_AOAA_M0\Lib_Board\Debug\libLib_Board.a(rgb.o)
 .ARM.attributes
                0x00000341       0x31 E:\Special Projects\CAN_HS-LS_GW\40_Software\Board_AOAA_M0\Lib_MCU\Debug\libLib_MCU.a(can.o)
 .ARM.attributes
                0x00000372       0x31 E:\Special Projects\CAN_HS-LS_GW\40_Software\Board_AOAA_M0\Lib_MCU\Debug\libLib_MCU.a(gpio.o)
 .ARM.attributes
                0x000003a3       0x31 E:\Special Projects\CAN_HS-LS_GW\40_Software\Board_AOAA_M0\Lib_MCU\Debug\libLib_MCU.a(i2c.o)
 .ARM.attributes
                0x000003d4       0x31 c:/nxp/lpcxpresso_7.7.2_379/lpcxpresso/tools/bin/../lib/gcc/arm-none-eabi/4.9.3/../../../../arm-none-eabi/lib/armv6-m\libcr_c.a(memcpy.o)
 .ARM.attributes
                0x00000405       0x31 c:/nxp/lpcxpresso_7.7.2_379/lpcxpresso/tools/bin/../lib/gcc/arm-none-eabi/4.9.3/../../../../arm-none-eabi/lib/armv6-m\libcr_c.a(memset.o)
 .ARM.attributes
                0x00000436       0x31 c:/nxp/lpcxpresso_7.7.2_379/lpcxpresso/tools/bin/../lib/gcc/arm-none-eabi/4.9.3/../../../../arm-none-eabi/lib/armv6-m\libcr_c.a(__weak__main.o)
 .ARM.attributes
                0x00000467       0x31 c:/nxp/lpcxpresso_7.7.2_379/lpcxpresso/tools/bin/../lib/gcc/arm-none-eabi/4.9.3/../../../../arm-none-eabi/lib/armv6-m\libcr_c.a(memcmp.o)
 .ARM.attributes
                0x00000498       0x21 c:/nxp/lpcxpresso_7.7.2_379/lpcxpresso/tools/bin/../lib/gcc/arm-none-eabi/4.9.3/armv6-m\libcr_eabihelpers.a(division_32.o)
 .ARM.attributes
                0x000004b9       0x21 c:/nxp/lpcxpresso_7.7.2_379/lpcxpresso/tools/bin/../lib/gcc/arm-none-eabi/4.9.3/armv6-m\libcr_eabihelpers.a(division_idiv0.o)
 .ARM.attributes
                0x000004da       0x21 c:/nxp/lpcxpresso_7.7.2_379/lpcxpresso/tools/bin/../lib/gcc/arm-none-eabi/4.9.3/armv6-m\libcr_eabihelpers.a(memcpy.o)

.debug_frame    0x00000000     0x1c34
 .debug_frame   0x00000000       0x88 ./Source/FreeRTOS_Source/portable/MemMang/heap_1.o
 .debug_frame   0x00000088      0x174 ./Source/FreeRTOS_Source/portable/GCC/ARM_CM0/port.o
 .debug_frame   0x000001fc       0xb0 ./Source/FreeRTOS_Source/list.o
 .debug_frame   0x000002ac      0x3b0 ./Source/FreeRTOS_Source/queue.o
 .debug_frame   0x0000065c      0x69c ./Source/FreeRTOS_Source/tasks.o
 .debug_frame   0x00000cf8      0x20c ./Source/FreeRTOS_Source/timers.o
 .debug_frame   0x00000f04      0x18c ./Source/Common_Demo_Tasks/IntQueue.o
 .debug_frame   0x00001090       0xac ./Source/IntQueueTimer.o
 .debug_frame   0x0000113c      0x36c ./Source/canpt.o
 .debug_frame   0x000014a8       0x88 ./Source/cr_startup_lpc11.o
 .debug_frame   0x00001530      0x104 ./Source/main.o
 .debug_frame   0x00001634       0x44 E:\Special Projects\CAN_HS-LS_GW\40_Software\Board_AOAA_M0\Lib_CMSISv2p00_LPC11xx\Debug\libLib_CMSISv2p00_LPC11xx.a(system_LPC11xx.o)
 .debug_frame   0x00001678       0x4c E:\Special Projects\CAN_HS-LS_GW\40_Software\Board_AOAA_M0\Lib_Board\Debug\libLib_Board.a(board.o)
 .debug_frame   0x000016c4       0x68 E:\Special Projects\CAN_HS-LS_GW\40_Software\Board_AOAA_M0\Lib_Board\Debug\libLib_Board.a(can_handler.o)
 .debug_frame   0x0000172c      0x1cc E:\Special Projects\CAN_HS-LS_GW\40_Software\Board_AOAA_M0\Lib_Board\Debug\libLib_Board.a(light.o)
 .debug_frame   0x000018f8       0x4c E:\Special Projects\CAN_HS-LS_GW\40_Software\Board_AOAA_M0\Lib_Board\Debug\libLib_Board.a(lm75a.o)
 .debug_frame   0x00001944       0x4c E:\Special Projects\CAN_HS-LS_GW\40_Software\Board_AOAA_M0\Lib_Board\Debug\libLib_Board.a(rgb.o)
 .debug_frame   0x00001990       0x90 E:\Special Projects\CAN_HS-LS_GW\40_Software\Board_AOAA_M0\Lib_MCU\Debug\libLib_MCU.a(can.o)
 .debug_frame   0x00001a20      0x10c E:\Special Projects\CAN_HS-LS_GW\40_Software\Board_AOAA_M0\Lib_MCU\Debug\libLib_MCU.a(gpio.o)
 .debug_frame   0x00001b2c      0x108 E:\Special Projects\CAN_HS-LS_GW\40_Software\Board_AOAA_M0\Lib_MCU\Debug\libLib_MCU.a(i2c.o)

.debug_loc      0x00000000       0xa2
 .debug_loc     0x00000000       0x1e ./Source/cr_startup_lpc11.o
 .debug_loc     0x0000001e       0x84 E:\Special Projects\CAN_HS-LS_GW\40_Software\Board_AOAA_M0\Lib_CMSISv2p00_LPC11xx\Debug\libLib_CMSISv2p00_LPC11xx.a(system_LPC11xx.o)
