Archive member included because of file (symbol)

E:\Special Projects\CAN_HS-LS_GW\40_Software\Board_AOAA_M0\Lib_CMSISv2p00_LPC11xx\Debug\libLib_CMSISv2p00_LPC11xx.a(system_LPC11xx.o)
                              ./Source/cr_startup_lpc11.o (SystemInit)
E:\Special Projects\CAN_HS-LS_GW\40_Software\Board_AOAA_M0\Lib_Board\Debug\libLib_Board.a(board.o)
                              ./Source/main.o (led_init)
E:\Special Projects\CAN_HS-LS_GW\40_Software\Board_AOAA_M0\Lib_Board\Debug\libLib_Board.a(can_handler.o)
                              ./Source/main.o (can_handler_send)
E:\Special Projects\CAN_HS-LS_GW\40_Software\Board_AOAA_M0\Lib_Board\Debug\libLib_Board.a(light.o)
                              ./Source/main.o (light_init)
E:\Special Projects\CAN_HS-LS_GW\40_Software\Board_AOAA_M0\Lib_Board\Debug\libLib_Board.a(lm75a.o)
                              ./Source/main.o (lm75a_init)
E:\Special Projects\CAN_HS-LS_GW\40_Software\Board_AOAA_M0\Lib_MCU\Debug\libLib_MCU.a(can.o)
                              E:\Special Projects\CAN_HS-LS_GW\40_Software\Board_AOAA_M0\Lib_Board\Debug\libLib_Board.a(can_handler.o) (CAN_ConfigureMessages)
E:\Special Projects\CAN_HS-LS_GW\40_Software\Board_AOAA_M0\Lib_MCU\Debug\libLib_MCU.a(gpio.o)
                              ./Source/main.o (GPIOInit)
E:\Special Projects\CAN_HS-LS_GW\40_Software\Board_AOAA_M0\Lib_MCU\Debug\libLib_MCU.a(i2c.o)
                              ./Source/main.o (I2CInit)
c:/nxp/lpcxpresso_7.7.2_379/lpcxpresso/tools/bin/../lib/gcc/arm-none-eabi/4.9.3/../../../../arm-none-eabi/lib/armv6-m\libcr_c.a(memcpy.o)
                              ./Source/FreeRTOS_Source/queue.o (memcpy)
c:/nxp/lpcxpresso_7.7.2_379/lpcxpresso/tools/bin/../lib/gcc/arm-none-eabi/4.9.3/../../../../arm-none-eabi/lib/armv6-m\libcr_c.a(memset.o)
                              ./Source/FreeRTOS_Source/tasks.o (memset)
c:/nxp/lpcxpresso_7.7.2_379/lpcxpresso/tools/bin/../lib/gcc/arm-none-eabi/4.9.3/../../../../arm-none-eabi/lib/armv6-m\libcr_c.a(__weak__main.o)
                              ./Source/cr_startup_lpc11.o (__main)
c:/nxp/lpcxpresso_7.7.2_379/lpcxpresso/tools/bin/../lib/gcc/arm-none-eabi/4.9.3/../../../../arm-none-eabi/lib/armv6-m\libcr_c.a(alloc.o)
                              E:\Special Projects\CAN_HS-LS_GW\40_Software\Board_AOAA_M0\Lib_Board\Debug\libLib_Board.a(can_handler.o) (malloc)
c:/nxp/lpcxpresso_7.7.2_379/lpcxpresso/tools/bin/../lib/gcc/arm-none-eabi/4.9.3/../../../../arm-none-eabi/lib/armv6-m\libcr_c.a(memcmp.o)
                              ./Source/FreeRTOS_Source/tasks.o (memcmp)
c:/nxp/lpcxpresso_7.7.2_379/lpcxpresso/tools/bin/../lib/gcc/arm-none-eabi/4.9.3/../../../../arm-none-eabi/lib/armv6-m\libcr_c.a(__init_alloc.o)
                              c:/nxp/lpcxpresso_7.7.2_379/lpcxpresso/tools/bin/../lib/gcc/arm-none-eabi/4.9.3/../../../../arm-none-eabi/lib/armv6-m\libcr_c.a(alloc.o) (__heaps)
c:/nxp/lpcxpresso_7.7.2_379/lpcxpresso/tools/bin/../lib/gcc/arm-none-eabi/4.9.3/../../../../arm-none-eabi/lib/armv6-m\libcr_c.a(_cr_sbrk.o)
                              c:/nxp/lpcxpresso_7.7.2_379/lpcxpresso/tools/bin/../lib/gcc/arm-none-eabi/4.9.3/../../../../arm-none-eabi/lib/armv6-m\libcr_c.a(alloc.o) (_sbrk)
c:/nxp/lpcxpresso_7.7.2_379/lpcxpresso/tools/bin/../lib/gcc/arm-none-eabi/4.9.3/../../../../arm-none-eabi/lib/armv6-m\libcr_c.a(errno.o)
                              c:/nxp/lpcxpresso_7.7.2_379/lpcxpresso/tools/bin/../lib/gcc/arm-none-eabi/4.9.3/../../../../arm-none-eabi/lib/armv6-m\libcr_c.a(_cr_sbrk.o) (errno)
c:/nxp/lpcxpresso_7.7.2_379/lpcxpresso/tools/bin/../lib/gcc/arm-none-eabi/4.9.3/../../../../arm-none-eabi/lib/armv6-m\libcr_c.a(_cr_check_heap.o)
                              c:/nxp/lpcxpresso_7.7.2_379/lpcxpresso/tools/bin/../lib/gcc/arm-none-eabi/4.9.3/../../../../arm-none-eabi/lib/armv6-m\libcr_c.a(_cr_sbrk.o) (__check_heap_overflow)
c:/nxp/lpcxpresso_7.7.2_379/lpcxpresso/tools/bin/../lib/gcc/arm-none-eabi/4.9.3/armv6-m\libcr_eabihelpers.a(division_32.o)
                              ./Source/FreeRTOS_Source/portable/GCC/ARM_CM0/port.o (__aeabi_uidiv)
c:/nxp/lpcxpresso_7.7.2_379/lpcxpresso/tools/bin/../lib/gcc/arm-none-eabi/4.9.3/armv6-m\libcr_eabihelpers.a(division_idiv0.o)
                              c:/nxp/lpcxpresso_7.7.2_379/lpcxpresso/tools/bin/../lib/gcc/arm-none-eabi/4.9.3/armv6-m\libcr_eabihelpers.a(division_32.o) (__aeabi_idiv0)
c:/nxp/lpcxpresso_7.7.2_379/lpcxpresso/tools/bin/../lib/gcc/arm-none-eabi/4.9.3/armv6-m\libcr_eabihelpers.a(memcpy.o)
                              c:/nxp/lpcxpresso_7.7.2_379/lpcxpresso/tools/bin/../lib/gcc/arm-none-eabi/4.9.3/../../../../arm-none-eabi/lib/armv6-m\libcr_c.a(memcpy.o) (__aeabi_memcpy)

Allocating common symbols
Common symbol       size              file

CANRxDone           0x80              E:\Special Projects\CAN_HS-LS_GW\40_Software\Board_AOAA_M0\Lib_MCU\Debug\libLib_MCU.a(can.o)
[...]
Memory Configuration

Name             Origin             Length             Attributes
MFlash32         0x00000000         0x00008000         xr
RamLoc8          0x10000000         0x00002000         xrw
*default*        0x00000000         0xffffffff

Linker script and memory map

LOAD ./Source/FreeRTOS_Source/portable/MemMang/heap_1.o
LOAD ./Source/FreeRTOS_Source/portable/GCC/ARM_CM0/port.o
LOAD ./Source/FreeRTOS_Source/list.o
LOAD ./Source/FreeRTOS_Source/queue.o
LOAD ./Source/FreeRTOS_Source/tasks.o
LOAD ./Source/FreeRTOS_Source/timers.o
LOAD ./Source/Common_Demo_Tasks/IntQueue.o
LOAD ./Source/Common_Demo_Tasks/blocktim.o
LOAD ./Source/Common_Demo_Tasks/countsem.o
LOAD ./Source/Common_Demo_Tasks/recmutex.o
LOAD ./Source/IntQueueTimer.o
LOAD ./Source/RegTest.o
LOAD ./Source/cr_startup_lpc11.o
LOAD ./Source/main-blinky.o
LOAD ./Source/main-full.o
LOAD ./Source/main.o
LOAD E:\Special Projects\CAN_HS-LS_GW\40_Software\Board_AOAA_M0\Lib_CMSISv2p00_LPC11xx\Debug\libLib_CMSISv2p00_LPC11xx.a
LOAD E:\Special Projects\CAN_HS-LS_GW\40_Software\Board_AOAA_M0\Lib_Board\Debug\libLib_Board.a
LOAD E:\Special Projects\CAN_HS-LS_GW\40_Software\Board_AOAA_M0\Lib_MCU\Debug\libLib_MCU.a
START GROUP
LOAD c:/nxp/lpcxpresso_7.7.2_379/lpcxpresso/tools/bin/../lib/gcc/arm-none-eabi/4.9.3/../../../../arm-none-eabi/lib/armv6-m\libcr_c.a
LOAD c:/nxp/lpcxpresso_7.7.2_379/lpcxpresso/tools/bin/../lib/gcc/arm-none-eabi/4.9.3/armv6-m\libcr_eabihelpers.a
END GROUP
                0x00008000                __top_MFlash32 = 0x8000
                0x10002000                __top_RamLoc8 = 0x10002000

.text           0x00000000     0x3630
 FILL mask 0xff
                0x00000000                __vectors_start__ = ABSOLUTE (.)
 *(.isr_vector)
 .isr_vector    0x00000000       0xc0 ./Source/cr_startup_lpc11.o
                0x00000000                g_pfnVectors
                0x000000c0                . = ALIGN (0x4)
                0x000000c0                __section_table_start = .
                0x000000c0                __data_section_table = .
                0x000000c0        0x4 LONG 0x3630 LOADADDR (.data)
                0x000000c4        0x4 LONG 0x10000000 ADDR (.data)
                0x000000c8        0x4 LONG 0x18 SIZEOF (.data)
                0x000000cc                __data_section_table_end = .
                0x000000cc                __bss_section_table = .
                0x000000cc        0x4 LONG 0x10000018 ADDR (.bss)
                0x000000d0        0x4 LONG 0x1cc4 SIZEOF (.bss)
                0x000000d4                __bss_section_table_end = .
                0x000000d4                __section_table_end = .
 *(.after_vectors*)
 .after_vectors
                0x000000d4       0x8c ./Source/cr_startup_lpc11.o
                0x000000d4                NMI_Handler
                0x000000d6                HardFault_Handler
                0x000000fc                UART_IRQHandler
                0x000000fc                TIMER32_0_IRQHandler
                0x000000fc                WDT_IRQHandler
                0x000000fc                TIMER32_1_IRQHandler
                0x000000fc                IntDefaultHandler
                0x000000fc                PIOINT1_IRQHandler
                0x000000fc                SSP0_IRQHandler
                0x000000fc                PIOINT3_IRQHandler
                0x000000fc                ADC_IRQHandler
                0x000000fc                SSP1_IRQHandler
                0x000000fc                PIOINT2_IRQHandler
                0x000000fc                BOD_IRQHandler
                0x000000fc                WAKEUP_IRQHandler
                0x000000fc                PIOINT0_IRQHandler
                0x000000fe                data_init
                0x00000110                bss_init
                0x00000120                ResetISR
 *(.text*)
 .text.pvPortMalloc
                0x00000160       0x94 ./Source/FreeRTOS_Source/portable/MemMang/heap_1.o
                0x00000160                pvPortMalloc
 .text.vPortFree
                0x000001f4       0x18 ./Source/FreeRTOS_Source/portable/MemMang/heap_1.o
                0x000001f4                vPortFree
 .text.pxPortInitialiseStack
                0x0000020c       0x54 ./Source/FreeRTOS_Source/portable/GCC/ARM_CM0/port.o
                0x0000020c                pxPortInitialiseStack
 .text.prvTaskExitError
                0x00000260       0x18 ./Source/FreeRTOS_Source/portable/GCC/ARM_CM0/port.o
 .text.SVCall_Handler
                0x00000278        0x8 ./Source/FreeRTOS_Source/portable/GCC/ARM_CM0/port.o
                0x00000278                SVCall_Handler
 .text.vPortStartFirstTask
                0x00000280       0x20 ./Source/FreeRTOS_Source/portable/GCC/ARM_CM0/port.o
 .text.xPortStartScheduler
                0x000002a0       0x44 ./Source/FreeRTOS_Source/portable/GCC/ARM_CM0/port.o
                0x000002a0                xPortStartScheduler
 .text.vPortYield
                0x000002e4       0x1c ./Source/FreeRTOS_Source/portable/GCC/ARM_CM0/port.o
                0x000002e4                vPortYield
 .text.vPortEnterCritical
                0x00000300       0x20 ./Source/FreeRTOS_Source/portable/GCC/ARM_CM0/port.o
                0x00000300                vPortEnterCritical
 .text.vPortExitCritical
                0x00000320       0x2c ./Source/FreeRTOS_Source/portable/GCC/ARM_CM0/port.o
                0x00000320                vPortExitCritical
 .text.ulSetInterruptMaskFromISR
                0x0000034c        0xc ./Source/FreeRTOS_Source/portable/GCC/ARM_CM0/port.o
                0x0000034c                ulSetInterruptMaskFromISR
 .text.vClearInterruptMaskFromISR
                0x00000358        0x8 ./Source/FreeRTOS_Source/portable/GCC/ARM_CM0/port.o
                0x00000358                vClearInterruptMaskFromISR
 .text.PendSV_Handler
                0x00000360       0x44 ./Source/FreeRTOS_Source/portable/GCC/ARM_CM0/port.o
                0x00000360                PendSV_Handler
 .text.SysTick_Handler
                0x000003a4       0x30 ./Source/FreeRTOS_Source/portable/GCC/ARM_CM0/port.o
                0x000003a4                SysTick_Handler
 .text.prvSetupTimerInterrupt
                0x000003d4       0x30 ./Source/FreeRTOS_Source/portable/GCC/ARM_CM0/port.o
 .text.vListInitialise
                0x00000404       0x3c ./Source/FreeRTOS_Source/list.o
                0x00000404                vListInitialise
 .text.vListInitialiseItem
                0x00000440       0x14 ./Source/FreeRTOS_Source/list.o
                0x00000440                vListInitialiseItem
 .text.vListInsertEnd
                0x00000454       0x44 ./Source/FreeRTOS_Source/list.o
                0x00000454                vListInsertEnd
 .text.vListInsert
                0x00000498       0x6c ./Source/FreeRTOS_Source/list.o
                0x00000498                vListInsert
 .text.uxListRemove
                0x00000504       0x50 ./Source/FreeRTOS_Source/list.o
                0x00000504                uxListRemove
 .text.xQueueGenericReset
                0x00000554       0xac ./Source/FreeRTOS_Source/queue.o
                0x00000554                xQueueGenericReset
 .text.xQueueGenericCreate
                0x00000600       0x9c ./Source/FreeRTOS_Source/queue.o
                0x00000600                xQueueGenericCreate
 .text.xQueueGenericSend
                0x0000069c      0x188 ./Source/FreeRTOS_Source/queue.o
                0x0000069c                xQueueGenericSend
 .text.xQueueGenericSendFromISR
                0x00000824       0xd0 ./Source/FreeRTOS_Source/queue.o
                0x00000824                xQueueGenericSendFromISR
 .text.xQueueGenericReceive
                0x000008f4      0x1b4 ./Source/FreeRTOS_Source/queue.o
                0x000008f4                xQueueGenericReceive
 .text.xQueueReceiveFromISR
                0x00000aa8       0xb0 ./Source/FreeRTOS_Source/queue.o
                0x00000aa8                xQueueReceiveFromISR
 .text.prvCopyDataToQueue
                0x00000b58       0xe0 ./Source/FreeRTOS_Source/queue.o
 .text.prvCopyDataFromQueue
                0x00000c38       0x50 ./Source/FreeRTOS_Source/queue.o
 .text.prvUnlockQueue
                0x00000c88       0x94 ./Source/FreeRTOS_Source/queue.o
 .text.prvIsQueueEmpty
                0x00000d1c       0x2c ./Source/FreeRTOS_Source/queue.o
 .text.prvIsQueueFull
                0x00000d48       0x30 ./Source/FreeRTOS_Source/queue.o
 .text.xQueueIsQueueFullFromISR
                0x00000d78       0x34 ./Source/FreeRTOS_Source/queue.o
                0x00000d78                xQueueIsQueueFullFromISR
 .text.vQueueAddToRegistry
                0x00000dac       0x4c ./Source/FreeRTOS_Source/queue.o
                0x00000dac                vQueueAddToRegistry
 .text.vQueueWaitForMessageRestricted
                0x00000df8       0x58 ./Source/FreeRTOS_Source/queue.o
                0x00000df8                vQueueWaitForMessageRestricted
 .text.xTaskGenericCreate
                0x00000e50      0x178 ./Source/FreeRTOS_Source/tasks.o
                0x00000e50                xTaskGenericCreate
 .text.vTaskDelay
                0x00000fc8       0x64 ./Source/FreeRTOS_Source/tasks.o
                0x00000fc8                vTaskDelay
 .text.vTaskStartScheduler
                0x0000102c       0x74 ./Source/FreeRTOS_Source/tasks.o
                0x0000102c                vTaskStartScheduler
 .text.vTaskSuspendAll
                0x000010a0       0x18 ./Source/FreeRTOS_Source/tasks.o
                0x000010a0                vTaskSuspendAll
 .text.xTaskResumeAll
                0x000010b8      0x108 ./Source/FreeRTOS_Source/tasks.o
                0x000010b8                xTaskResumeAll
 .text.xTaskGetTickCount
                0x000011c0       0x1c ./Source/FreeRTOS_Source/tasks.o
                0x000011c0                xTaskGetTickCount
 .text.xTaskIncrementTick
                0x000011dc      0x17c ./Source/FreeRTOS_Source/tasks.o
                0x000011dc                xTaskIncrementTick
 .text.vTaskSwitchContext
                0x00001358       0xec ./Source/FreeRTOS_Source/tasks.o
                0x00001358                vTaskSwitchContext
 .text.vTaskPlaceOnEventList
                0x00001444       0x6c ./Source/FreeRTOS_Source/tasks.o
                0x00001444                vTaskPlaceOnEventList
 .text.vTaskPlaceOnEventListRestricted
                0x000014b0       0x50 ./Source/FreeRTOS_Source/tasks.o
                0x000014b0                vTaskPlaceOnEventListRestricted
 .text.xTaskRemoveFromEventList
                0x00001500       0xb8 ./Source/FreeRTOS_Source/tasks.o
                0x00001500                xTaskRemoveFromEventList
 .text.vTaskSetTimeOutState
                0x000015b8       0x30 ./Source/FreeRTOS_Source/tasks.o
                0x000015b8                vTaskSetTimeOutState
 .text.xTaskCheckForTimeOut
                0x000015e8       0x9c ./Source/FreeRTOS_Source/tasks.o
                0x000015e8                xTaskCheckForTimeOut
 .text.vTaskMissedYield
                0x00001684       0x14 ./Source/FreeRTOS_Source/tasks.o
                0x00001684                vTaskMissedYield
 .text.prvIdleTask
                0x00001698       0x20 ./Source/FreeRTOS_Source/tasks.o
 .text.prvInitialiseTCBVariables
                0x000016b8       0xa8 ./Source/FreeRTOS_Source/tasks.o
 .text.prvInitialiseTaskLists
                0x00001760       0x88 ./Source/FreeRTOS_Source/tasks.o
 .text.prvCheckTasksWaitingTermination
                0x000017e8       0x74 ./Source/FreeRTOS_Source/tasks.o
 .text.prvAddCurrentTaskToDelayedList
                0x0000185c       0x6c ./Source/FreeRTOS_Source/tasks.o
 .text.prvAllocateTCBAndStack
                0x000018c8       0x78 ./Source/FreeRTOS_Source/tasks.o
 .text.prvDeleteTCB
                0x00001940       0x20 ./Source/FreeRTOS_Source/tasks.o
 .text.prvResetNextTaskUnblockTime
                0x00001960       0x44 ./Source/FreeRTOS_Source/tasks.o
 .text.xTaskGetSchedulerState
                0x000019a4       0x38 ./Source/FreeRTOS_Source/tasks.o
                0x000019a4                xTaskGetSchedulerState
 .text.vTaskPriorityInherit
                0x000019dc       0xbc ./Source/FreeRTOS_Source/tasks.o
                0x000019dc                vTaskPriorityInherit
 .text.xTaskPriorityDisinherit
                0x00001a98       0xb8 ./Source/FreeRTOS_Source/tasks.o
                0x00001a98                xTaskPriorityDisinherit
 .text.pvTaskIncrementMutexHeldCount
                0x00001b50       0x24 ./Source/FreeRTOS_Source/tasks.o
                0x00001b50                pvTaskIncrementMutexHeldCount
 .text.xTimerCreateTimerTask
                0x00001b74       0x5c ./Source/FreeRTOS_Source/timers.o
                0x00001b74                xTimerCreateTimerTask
 .text.xTimerGenericCommand
                0x00001bd0       0xa0 ./Source/FreeRTOS_Source/timers.o
                0x00001bd0                xTimerGenericCommand
 .text.prvProcessExpiredTimer
                0x00001c70       0x74 ./Source/FreeRTOS_Source/timers.o
 .text.prvTimerTask
                0x00001ce4       0x28 ./Source/FreeRTOS_Source/timers.o
 .text.prvProcessTimerOrBlockTask
                0x00001d0c       0x70 ./Source/FreeRTOS_Source/timers.o
 .text.prvGetNextExpireTime
                0x00001d7c       0x40 ./Source/FreeRTOS_Source/timers.o
 .text.prvSampleTimeNow
                0x00001dbc       0x40 ./Source/FreeRTOS_Source/timers.o
 .text.prvInsertTimerInActiveList
                0x00001dfc       0x84 ./Source/FreeRTOS_Source/timers.o
 .text.prvProcessReceivedCommands
                0x00001e80      0x108 ./Source/FreeRTOS_Source/timers.o
 .text.prvSwitchTimerLists
                0x00001f88       0xb4 ./Source/FreeRTOS_Source/timers.o
 .text.prvCheckForValidListAndQueue
                0x0000203c       0x80 ./Source/FreeRTOS_Source/timers.o
 .text.prvRecordValue_NormallyFull
                0x000020bc       0x40 ./Source/Common_Demo_Tasks/IntQueue.o
 .text.prvRecordValue_NormallyEmpty
                0x000020fc       0x40 ./Source/Common_Demo_Tasks/IntQueue.o
 .text.prvQueueAccessLogError
                0x0000213c       0x24 ./Source/Common_Demo_Tasks/IntQueue.o
 .text.xFirstTimerHandler
                0x00002160      0x198 ./Source/Common_Demo_Tasks/IntQueue.o
                0x00002160                xFirstTimerHandler
 .text.xSecondTimerHandler
                0x000022f8      0x294 ./Source/Common_Demo_Tasks/IntQueue.o
                0x000022f8                xSecondTimerHandler
 .text.TIMER16_0_IRQHandler
                0x0000258c       0x28 ./Source/IntQueueTimer.o
                0x0000258c                TIMER16_0_IRQHandler
 .text.TIMER16_1_IRQHandler
                0x000025b4       0x28 ./Source/IntQueueTimer.o
                0x000025b4                TIMER16_1_IRQHandler
 .text.pop_registers_from_fault_stack
                0x000025dc       0x26 ./Source/cr_startup_lpc11.o
                0x000025dc                pop_registers_from_fault_stack
 *fill*         0x00002602        0x2 
 .text.main     0x00002604       0xac ./Source/main.o
                0x00002604                main
 .text.led_toggle
                0x000026b0       0x2c ./Source/main.o
                0x000026b0                led_toggle
 .text.can_send_Interior_Temperature
                0x000026dc       0x34 ./Source/main.o
                0x000026dc                can_send_Interior_Temperature
 .text.can_send_Ambient_Brightness
                0x00002710       0x34 ./Source/main.o
                0x00002710                can_send_Ambient_Brightness
 .text.vApplicationMallocFailedHook
                0x00002744        0x8 ./Source/main.o
                0x00002744                vApplicationMallocFailedHook
 .text.vApplicationStackOverflowHook
                0x0000274c       0x10 ./Source/main.o
                0x0000274c                vApplicationStackOverflowHook
 .text.vApplicationTickHook
                0x0000275c        0x8 ./Source/main.o
                0x0000275c                vApplicationTickHook
 .text.SystemInit
                0x00002764       0x90 E:\Special Projects\CAN_HS-LS_GW\40_Software\Board_AOAA_M0\Lib_CMSISv2p00_LPC11xx\Debug\libLib_CMSISv2p00_LPC11xx.a(system_LPC11xx.o)
                0x00002764                SystemInit
 .text.led_init
                0x000027f4       0x14 E:\Special Projects\CAN_HS-LS_GW\40_Software\Board_AOAA_M0\Lib_Board\Debug\libLib_Board.a(board.o)
                0x000027f4                led_init
 .text.led_set  0x00002808       0x30 E:\Special Projects\CAN_HS-LS_GW\40_Software\Board_AOAA_M0\Lib_Board\Debug\libLib_Board.a(board.o)
                0x00002808                led_set
 .text.can_handler_send
                0x00002838       0xe0 E:\Special Projects\CAN_HS-LS_GW\40_Software\Board_AOAA_M0\Lib_Board\Debug\libLib_Board.a(can_handler.o)
                0x00002838                can_handler_send
 .text.CAN_IRQHandler
                0x00002918        0x8 E:\Special Projects\CAN_HS-LS_GW\40_Software\Board_AOAA_M0\Lib_Board\Debug\libLib_Board.a(can_handler.o)
                0x00002918                CAN_IRQHandler
 .text.readCommandReg
                0x00002920       0x30 E:\Special Projects\CAN_HS-LS_GW\40_Software\Board_AOAA_M0\Lib_Board\Debug\libLib_Board.a(light.o)
 .text.readControlReg
                0x00002950       0x30 E:\Special Projects\CAN_HS-LS_GW\40_Software\Board_AOAA_M0\Lib_Board\Debug\libLib_Board.a(light.o)
 .text.light_init
                0x00002980        0x8 E:\Special Projects\CAN_HS-LS_GW\40_Software\Board_AOAA_M0\Lib_Board\Debug\libLib_Board.a(light.o)
                0x00002980                light_init
 .text.light_enable
                0x00002988       0x40 E:\Special Projects\CAN_HS-LS_GW\40_Software\Board_AOAA_M0\Lib_Board\Debug\libLib_Board.a(light.o)
                0x00002988                light_enable
 .text.light_read
                0x000029c8       0x80 E:\Special Projects\CAN_HS-LS_GW\40_Software\Board_AOAA_M0\Lib_Board\Debug\libLib_Board.a(light.o)
                0x000029c8                light_read
 .text.light_setWidth
                0x00002a48       0xa8 E:\Special Projects\CAN_HS-LS_GW\40_Software\Board_AOAA_M0\Lib_Board\Debug\libLib_Board.a(light.o)
                0x00002a48                light_setWidth
 .text.light_setRange
                0x00002af0       0xb8 E:\Special Projects\CAN_HS-LS_GW\40_Software\Board_AOAA_M0\Lib_Board\Debug\libLib_Board.a(light.o)
                0x00002af0                light_setRange
 .text.lm75a_init
                0x00002ba8        0x8 E:\Special Projects\CAN_HS-LS_GW\40_Software\Board_AOAA_M0\Lib_Board\Debug\libLib_Board.a(lm75a.o)
                0x00002ba8                lm75a_init
 .text.lm75a_readTemp
                0x00002bb0       0x4c E:\Special Projects\CAN_HS-LS_GW\40_Software\Board_AOAA_M0\Lib_Board\Debug\libLib_Board.a(lm75a.o)
                0x00002bb0                lm75a_readTemp
 .text.CAN_Send
                0x00002bfc      0x104 E:\Special Projects\CAN_HS-LS_GW\40_Software\Board_AOAA_M0\Lib_MCU\Debug\libLib_MCU.a(can.o)
                0x00002bfc                CAN_Send
 .text.GPIOInit
                0x00002d00       0x20 E:\Special Projects\CAN_HS-LS_GW\40_Software\Board_AOAA_M0\Lib_MCU\Debug\libLib_MCU.a(gpio.o)
                0x00002d00                GPIOInit
 .text.GPIOSetValue
                0x00002d20       0x34 E:\Special Projects\CAN_HS-LS_GW\40_Software\Board_AOAA_M0\Lib_MCU\Debug\libLib_MCU.a(gpio.o)
                0x00002d20                GPIOSetValue
 .text.GPIOSetDir
                0x00002d54       0x6c E:\Special Projects\CAN_HS-LS_GW\40_Software\Board_AOAA_M0\Lib_MCU\Debug\libLib_MCU.a(gpio.o)
                0x00002d54                GPIOSetDir
 .text.NVIC_EnableIRQ
                0x00002dc0       0x2c E:\Special Projects\CAN_HS-LS_GW\40_Software\Board_AOAA_M0\Lib_MCU\Debug\libLib_MCU.a(i2c.o)
 .text.I2C_IRQHandler
                0x00002dec      0x1e4 E:\Special Projects\CAN_HS-LS_GW\40_Software\Board_AOAA_M0\Lib_MCU\Debug\libLib_MCU.a(i2c.o)
                0x00002dec                I2C_IRQHandler
 .text.I2CStart
                0x00002fd0       0x4c E:\Special Projects\CAN_HS-LS_GW\40_Software\Board_AOAA_M0\Lib_MCU\Debug\libLib_MCU.a(i2c.o)
                0x00002fd0                I2CStart
 .text.I2CStop  0x0000301c       0x2c E:\Special Projects\CAN_HS-LS_GW\40_Software\Board_AOAA_M0\Lib_MCU\Debug\libLib_MCU.a(i2c.o)
                0x0000301c                I2CStop
 .text.I2CInit  0x00003048       0xa0 E:\Special Projects\CAN_HS-LS_GW\40_Software\Board_AOAA_M0\Lib_MCU\Debug\libLib_MCU.a(i2c.o)
                0x00003048                I2CInit
 .text.I2CEngine
                0x000030e8       0x50 E:\Special Projects\CAN_HS-LS_GW\40_Software\Board_AOAA_M0\Lib_MCU\Debug\libLib_MCU.a(i2c.o)
                0x000030e8                I2CEngine
 .text.I2CRead  0x00003138       0x58 E:\Special Projects\CAN_HS-LS_GW\40_Software\Board_AOAA_M0\Lib_MCU\Debug\libLib_MCU.a(i2c.o)
                0x00003138                I2CRead
 .text.I2CWrite
                0x00003190       0x50 E:\Special Projects\CAN_HS-LS_GW\40_Software\Board_AOAA_M0\Lib_MCU\Debug\libLib_MCU.a(i2c.o)
                0x00003190                I2CWrite
 .text.memcpy   0x000031e0        0x8 c:/nxp/lpcxpresso_7.7.2_379/lpcxpresso/tools/bin/../lib/gcc/arm-none-eabi/4.9.3/../../../../arm-none-eabi/lib/armv6-m\libcr_c.a(memcpy.o)
                0x000031e0                memcpy
 .text.memset   0x000031e8        0x8 c:/nxp/lpcxpresso_7.7.2_379/lpcxpresso/tools/bin/../lib/gcc/arm-none-eabi/4.9.3/../../../../arm-none-eabi/lib/armv6-m\libcr_c.a(memset.o)
                0x000031e8                memset
 .text.__weak_main
                0x000031f0        0x8 c:/nxp/lpcxpresso_7.7.2_379/lpcxpresso/tools/bin/../lib/gcc/arm-none-eabi/4.9.3/../../../../arm-none-eabi/lib/armv6-m\libcr_c.a(__weak__main.o)
                0x000031f0                __weak_main
                0x000031f0                __main
 .text.malloc   0x000031f8       0xcc c:/nxp/lpcxpresso_7.7.2_379/lpcxpresso/tools/bin/../lib/gcc/arm-none-eabi/4.9.3/../../../../arm-none-eabi/lib/armv6-m\libcr_c.a(alloc.o)
                0x000031f8                malloc
 .text.free     0x000032c4       0x2e c:/nxp/lpcxpresso_7.7.2_379/lpcxpresso/tools/bin/../lib/gcc/arm-none-eabi/4.9.3/../../../../arm-none-eabi/lib/armv6-m\libcr_c.a(alloc.o)
                0x000032c4                free
 .text.memcmp   0x000032f2       0x3a c:/nxp/lpcxpresso_7.7.2_379/lpcxpresso/tools/bin/../lib/gcc/arm-none-eabi/4.9.3/../../../../arm-none-eabi/lib/armv6-m\libcr_c.a(memcmp.o)
                0x000032f2                memcmp
 .text._sbrk    0x0000332c       0x40 c:/nxp/lpcxpresso_7.7.2_379/lpcxpresso/tools/bin/../lib/gcc/arm-none-eabi/4.9.3/../../../../arm-none-eabi/lib/armv6-m\libcr_c.a(_cr_sbrk.o)
                0x0000332c                _sbrk
 .text.__check_heap_overflow
                0x0000336c       0x14 c:/nxp/lpcxpresso_7.7.2_379/lpcxpresso/tools/bin/../lib/gcc/arm-none-eabi/4.9.3/../../../../arm-none-eabi/lib/armv6-m\libcr_c.a(_cr_check_heap.o)
                0x0000336c                __check_heap_overflow
 .text.__aeabi_division_idivmod
                0x00003380       0x78 c:/nxp/lpcxpresso_7.7.2_379/lpcxpresso/tools/bin/../lib/gcc/arm-none-eabi/4.9.3/armv6-m\libcr_eabihelpers.a(division_32.o)
                0x00003380                __aeabi_idivmod
                0x00003380                __aeabi_idiv
                0x00003386                __aeabi_uidivmod
                0x00003386                __aeabi_uidiv
 .text.__aeabi_division_idiv0
                0x000033f8        0x2 c:/nxp/lpcxpresso_7.7.2_379/lpcxpresso/tools/bin/../lib/gcc/arm-none-eabi/4.9.3/armv6-m\libcr_eabihelpers.a(division_idiv0.o)
                0x000033f8                __aeabi_idiv0
 .text.__aeabi_memcpy
                0x000033fa       0x2c c:/nxp/lpcxpresso_7.7.2_379/lpcxpresso/tools/bin/../lib/gcc/arm-none-eabi/4.9.3/armv6-m\libcr_eabihelpers.a(memcpy.o)
                0x000033fa                __aeabi_memcpy4
                0x000033fa                __aeabi_memcpy8
                0x000033fa                __aeabi_memcpy
 .text.__aeabi_memset_lowlevel
                0x00003426       0x2a c:/nxp/lpcxpresso_7.7.2_379/lpcxpresso/tools/bin/../lib/gcc/arm-none-eabi/4.9.3/armv6-m\libcr_eabihelpers.a(memcpy.o)
                0x00003426                __aeabi_lowlevel_memset
 *(.rodata .rodata.* .constdata .constdata.*)
 .rodata        0x00003450        0x8 ./Source/FreeRTOS_Source/tasks.o
 .rodata.ucExpectedStackBytes.4510
                0x00003458       0x14 ./Source/FreeRTOS_Source/tasks.o
 .rodata        0x0000346c       0x10 ./Source/FreeRTOS_Source/timers.o
 .rodata.prvProcessReceivedCommands
                0x0000347c       0x28 ./Source/FreeRTOS_Source/timers.o
 .rodata        0x000034a4       0x38 ./Source/main.o
 .rodata        0x000034dc       0x10 E:\Special Projects\CAN_HS-LS_GW\40_Software\Board_AOAA_M0\Lib_MCU\Debug\libLib_MCU.a(gpio.o)
 .rodata        0x000034ec      0x144 E:\Special Projects\CAN_HS-LS_GW\40_Software\Board_AOAA_M0\Lib_MCU\Debug\libLib_MCU.a(i2c.o)
                0x00003630                . = ALIGN (0x4)

.glue_7         0x00003630        0x0
 .glue_7        0x00000000        0x0 linker stubs

.glue_7t        0x00003630        0x0
 .glue_7t       0x00000000        0x0 linker stubs

.vfp11_veneer   0x00003630        0x0
 .vfp11_veneer  0x00000000        0x0 linker stubs

.v4_bx          0x00003630        0x0
 .v4_bx         0x00000000        0x0 linker stubs

.iplt           0x00003630        0x0
 .iplt          0x00000000        0x0 ./Source/FreeRTOS_Source/portable/MemMang/heap_1.o

.rel.dyn        0x00003630        0x0
 .rel.iplt      0x00000000        0x0 ./Source/FreeRTOS_Source/portable/MemMang/heap_1.o

.ARM.extab
 *(.ARM.extab* .gnu.linkonce.armextab.*)
                0x00003630                __exidx_start = .

.ARM.exidx
 *(.ARM.exidx* .gnu.linkonce.armexidx.*)
                0x00003630                __exidx_end = .
                0x00003630                _etext = .

.uninit_RESERVED
                0x10000000        0x0
 *(.bss.$RESERVED*)
                0x10000000                . = ALIGN (0x4)
                0x10000000                _end_uninit_RESERVED = .

.data           0x10000000       0x18 load address 0x00003630
 FILL mask 0xff
                0x10000000                _data = .
 *(vtable)
 *(.ramfunc*)
 *(.data*)
 .data.uxCriticalNesting
                0x10000000        0x4 ./Source/FreeRTOS_Source/portable/GCC/ARM_CM0/port.o
 .data.xNextTaskUnblockTime
                0x10000004        0x4 ./Source/FreeRTOS_Source/tasks.o
 .data.xErrorStatus
                0x10000008        0x4 ./Source/Common_Demo_Tasks/IntQueue.o
 .data.SystemCoreClock
                0x1000000c        0x4 E:\Special Projects\CAN_HS-LS_GW\40_Software\Board_AOAA_M0\Lib_CMSISv2p00_LPC11xx\Debug\libLib_CMSISv2p00_LPC11xx.a(system_LPC11xx.o)
                0x1000000c                SystemCoreClock
 .data          0x10000010        0x8 E:\Special Projects\CAN_HS-LS_GW\40_Software\Board_AOAA_M0\Lib_Board\Debug\libLib_Board.a(light.o)
                0x10000018                . = ALIGN (0x4)
                0x10000018                _edata = .

.igot.plt       0x10000018        0x0 load address 0x00003648
 .igot.plt      0x00000000        0x0 ./Source/FreeRTOS_Source/portable/MemMang/heap_1.o

.bss            0x10000018     0x1cc4 load address 0x00003648
                0x10000018                _bss = .
 *(.bss*)
 .bss.ucHeap    0x10000018     0x1964 ./Source/FreeRTOS_Source/portable/MemMang/heap_1.o
 .bss.xNextFreeByte
                0x1000197c        0x4 ./Source/FreeRTOS_Source/portable/MemMang/heap_1.o
 .bss.pucAlignedHeap.4175
                0x10001980        0x4 ./Source/FreeRTOS_Source/portable/MemMang/heap_1.o
 .bss.pxCurrentTCB
                0x10001984        0x4 ./Source/FreeRTOS_Source/tasks.o
                0x10001984                pxCurrentTCB
 .bss.pxReadyTasksLists
                0x10001988       0x64 ./Source/FreeRTOS_Source/tasks.o
 .bss.xDelayedTaskList1
                0x100019ec       0x14 ./Source/FreeRTOS_Source/tasks.o
 .bss.xDelayedTaskList2
                0x10001a00       0x14 ./Source/FreeRTOS_Source/tasks.o
 .bss.pxDelayedTaskList
                0x10001a14        0x4 ./Source/FreeRTOS_Source/tasks.o
 .bss.pxOverflowDelayedTaskList
                0x10001a18        0x4 ./Source/FreeRTOS_Source/tasks.o
 .bss.xPendingReadyList
                0x10001a1c       0x14 ./Source/FreeRTOS_Source/tasks.o
 .bss.xTasksWaitingTermination
                0x10001a30       0x14 ./Source/FreeRTOS_Source/tasks.o
 .bss.uxTasksDeleted
                0x10001a44        0x4 ./Source/FreeRTOS_Source/tasks.o
 .bss.xSuspendedTaskList
                0x10001a48       0x14 ./Source/FreeRTOS_Source/tasks.o
 .bss.uxCurrentNumberOfTasks
                0x10001a5c        0x4 ./Source/FreeRTOS_Source/tasks.o
 .bss.xTickCount
                0x10001a60        0x4 ./Source/FreeRTOS_Source/tasks.o
 .bss.uxTopReadyPriority
                0x10001a64        0x4 ./Source/FreeRTOS_Source/tasks.o
 .bss.xSchedulerRunning
                0x10001a68        0x4 ./Source/FreeRTOS_Source/tasks.o
 .bss.uxPendedTicks
                0x10001a6c        0x4 ./Source/FreeRTOS_Source/tasks.o
 .bss.xYieldPending
                0x10001a70        0x4 ./Source/FreeRTOS_Source/tasks.o
 .bss.xNumOfOverflows
                0x10001a74        0x4 ./Source/FreeRTOS_Source/tasks.o
 .bss.uxTaskNumber
                0x10001a78        0x4 ./Source/FreeRTOS_Source/tasks.o
 .bss.uxSchedulerSuspended
                0x10001a7c        0x4 ./Source/FreeRTOS_Source/tasks.o
 .bss.xActiveTimerList1
                0x10001a80       0x14 ./Source/FreeRTOS_Source/timers.o
 .bss.xActiveTimerList2
                0x10001a94       0x14 ./Source/FreeRTOS_Source/timers.o
 .bss.pxCurrentTimerList
                0x10001aa8        0x4 ./Source/FreeRTOS_Source/timers.o
 .bss.pxOverflowTimerList
                0x10001aac        0x4 ./Source/FreeRTOS_Source/timers.o
 .bss.xTimerQueue
                0x10001ab0        0x4 ./Source/FreeRTOS_Source/timers.o
 .bss.xLastTime.4430
                0x10001ab4        0x4 ./Source/FreeRTOS_Source/timers.o
 .bss.xNormallyEmptyQueue
                0x10001ab8        0x4 ./Source/Common_Demo_Tasks/IntQueue.o
 .bss.xNormallyFullQueue
                0x10001abc        0x4 ./Source/Common_Demo_Tasks/IntQueue.o
 .bss.xErrorLine
                0x10001ac0        0x4 ./Source/Common_Demo_Tasks/IntQueue.o
 .bss.uxValueForNormallyEmptyQueue
                0x10001ac4        0x4 ./Source/Common_Demo_Tasks/IntQueue.o
                0x10001ac4                uxValueForNormallyEmptyQueue
 .bss.uxValueForNormallyFullQueue
                0x10001ac8        0x4 ./Source/Common_Demo_Tasks/IntQueue.o
                0x10001ac8                uxValueForNormallyFullQueue
 .bss.ucNormallyEmptyReceivedValues
                0x10001acc       0xc8 ./Source/Common_Demo_Tasks/IntQueue.o
 .bss.ucNormallyFullReceivedValues
                0x10001b94       0xc8 ./Source/Common_Demo_Tasks/IntQueue.o
 .bss.uxNextOperation.4370
                0x10001c5c        0x4 ./Source/Common_Demo_Tasks/IntQueue.o
 .bss.uxNextOperation.4379
                0x10001c60        0x4 ./Source/Common_Demo_Tasks/IntQueue.o
 .bss           0x10001c64       0x2c E:\Special Projects\CAN_HS-LS_GW\40_Software\Board_AOAA_M0\Lib_MCU\Debug\libLib_MCU.a(i2c.o)
 .bss.errno     0x10001c90        0x4 c:/nxp/lpcxpresso_7.7.2_379/lpcxpresso/tools/bin/../lib/gcc/arm-none-eabi/4.9.3/../../../../arm-none-eabi/lib/armv6-m\libcr_c.a(errno.o)
                0x10001c90                errno
 *(COMMON)
 COMMON         0x10001c94       0x40 ./Source/FreeRTOS_Source/queue.o
                0x10001c94                xQueueRegistry
 COMMON         0x10001cd4        0x8 c:/nxp/lpcxpresso_7.7.2_379/lpcxpresso/tools/bin/../lib/gcc/arm-none-eabi/4.9.3/../../../../arm-none-eabi/lib/armv6-m\libcr_c.a(__init_alloc.o)
                0x10001cd4                __heaps
                0x10001cd8                __end_of_heap
                0x10001cdc                . = ALIGN (0x4)
                0x10001cdc                _ebss = .
                0x10001cdc                PROVIDE (end, .)

.noinit         0x10001cdc        0x0 load address 0x00003648
                0x10001cdc                _noinit = .
 *(.noinit*)
                0x10001cdc                . = ALIGN (0x4)
                0x10001cdc                _end_noinit = .
                0x10001cdc                PROVIDE (_pvHeapStart, DEFINED (__user_heap_base)?__user_heap_base:.)
                0x10002000                PROVIDE (_vStackTop, DEFINED (__user_stack_top)?__user_stack_top:(__top_RamLoc8 - 0x0))
OUTPUT(RTOSDemo.axf elf32-littlearm)

.debug_info     0x00000000     0x6c69
 .debug_info    0x00000000      0x182 ./Source/FreeRTOS_Source/portable/MemMang/heap_1.o
 .debug_info    0x00000182      0x252 ./Source/FreeRTOS_Source/portable/GCC/ARM_CM0/port.o
 .debug_info    0x000003d4      0x28f ./Source/FreeRTOS_Source/list.o
 .debug_info    0x00000663      0xc2f ./Source/FreeRTOS_Source/queue.o
 .debug_info    0x00001292     0x1584 ./Source/FreeRTOS_Source/tasks.o
 .debug_info    0x00002816      0x82e ./Source/FreeRTOS_Source/timers.o
 .debug_info    0x00003044      0x673 ./Source/Common_Demo_Tasks/IntQueue.o
 .debug_info    0x000036b7      0x7d9 ./Source/IntQueueTimer.o
 .debug_info    0x00003e90      0x31a ./Source/cr_startup_lpc11.o
 .debug_info    0x000041aa      0x31f ./Source/main.o
 .debug_info    0x000044c9      0x46e E:\Special Projects\CAN_HS-LS_GW\40_Software\Board_AOAA_M0\Lib_CMSISv2p00_LPC11xx\Debug\libLib_CMSISv2p00_LPC11xx.a(system_LPC11xx.o)
 .debug_info    0x00004937      0x1f3 E:\Special Projects\CAN_HS-LS_GW\40_Software\Board_AOAA_M0\Lib_Board\Debug\libLib_Board.a(board.o)
 .debug_info    0x00004b2a      0x14e E:\Special Projects\CAN_HS-LS_GW\40_Software\Board_AOAA_M0\Lib_Board\Debug\libLib_Board.a(can_handler.o)
 .debug_info    0x00004c78      0x454 E:\Special Projects\CAN_HS-LS_GW\40_Software\Board_AOAA_M0\Lib_Board\Debug\libLib_Board.a(light.o)
 .debug_info    0x000050cc       0xf0 E:\Special Projects\CAN_HS-LS_GW\40_Software\Board_AOAA_M0\Lib_Board\Debug\libLib_Board.a(lm75a.o)
 .debug_info    0x000051bc      0x88c E:\Special Projects\CAN_HS-LS_GW\40_Software\Board_AOAA_M0\Lib_MCU\Debug\libLib_MCU.a(can.o)
 .debug_info    0x00005a48      0x700 E:\Special Projects\CAN_HS-LS_GW\40_Software\Board_AOAA_M0\Lib_MCU\Debug\libLib_MCU.a(gpio.o)
 .debug_info    0x00006148      0xb21 E:\Special Projects\CAN_HS-LS_GW\40_Software\Board_AOAA_M0\Lib_MCU\Debug\libLib_MCU.a(i2c.o)

.debug_abbrev   0x00000000     0x1850
 .debug_abbrev  0x00000000      0x10b ./Source/FreeRTOS_Source/portable/MemMang/heap_1.o
 .debug_abbrev  0x0000010b      0x187 ./Source/FreeRTOS_Source/portable/GCC/ARM_CM0/port.o
 .debug_abbrev  0x00000292       0xc1 ./Source/FreeRTOS_Source/list.o
 .debug_abbrev  0x00000353      0x192 ./Source/FreeRTOS_Source/queue.o
 .debug_abbrev  0x000004e5      0x229 ./Source/FreeRTOS_Source/tasks.o
 .debug_abbrev  0x0000070e      0x1a5 ./Source/FreeRTOS_Source/timers.o
 .debug_abbrev  0x000008b3      0x135 ./Source/Common_Demo_Tasks/IntQueue.o
 .debug_abbrev  0x000009e8      0x150 ./Source/IntQueueTimer.o
 .debug_abbrev  0x00000b38      0x141 ./Source/cr_startup_lpc11.o
 .debug_abbrev  0x00000c79      0x17e ./Source/main.o
 .debug_abbrev  0x00000df7      0x106 E:\Special Projects\CAN_HS-LS_GW\40_Software\Board_AOAA_M0\Lib_CMSISv2p00_LPC11xx\Debug\libLib_CMSISv2p00_LPC11xx.a(system_LPC11xx.o)
 .debug_abbrev  0x00000efd      0x12d E:\Special Projects\CAN_HS-LS_GW\40_Software\Board_AOAA_M0\Lib_Board\Debug\libLib_Board.a(board.o)
 .debug_abbrev  0x0000102a       0xf7 E:\Special Projects\CAN_HS-LS_GW\40_Software\Board_AOAA_M0\Lib_Board\Debug\libLib_Board.a(can_handler.o)
 .debug_abbrev  0x00001121      0x15a E:\Special Projects\CAN_HS-LS_GW\40_Software\Board_AOAA_M0\Lib_Board\Debug\libLib_Board.a(light.o)
 .debug_abbrev  0x0000127b       0x9c E:\Special Projects\CAN_HS-LS_GW\40_Software\Board_AOAA_M0\Lib_Board\Debug\libLib_Board.a(lm75a.o)
 .debug_abbrev  0x00001317      0x190 E:\Special Projects\CAN_HS-LS_GW\40_Software\Board_AOAA_M0\Lib_MCU\Debug\libLib_MCU.a(can.o)
 .debug_abbrev  0x000014a7      0x1bb E:\Special Projects\CAN_HS-LS_GW\40_Software\Board_AOAA_M0\Lib_MCU\Debug\libLib_MCU.a(gpio.o)
 .debug_abbrev  0x00001662      0x1ee E:\Special Projects\CAN_HS-LS_GW\40_Software\Board_AOAA_M0\Lib_MCU\Debug\libLib_MCU.a(i2c.o)

.debug_aranges  0x00000000      0x7f0
 .debug_aranges
                0x00000000       0x38 ./Source/FreeRTOS_Source/portable/MemMang/heap_1.o
 .debug_aranges
                0x00000038       0x88 ./Source/FreeRTOS_Source/portable/GCC/ARM_CM0/port.o
 .debug_aranges
                0x000000c0       0x40 ./Source/FreeRTOS_Source/list.o
 .debug_aranges
                0x00000100      0x100 ./Source/FreeRTOS_Source/queue.o
 .debug_aranges
                0x00000200      0x1c0 ./Source/FreeRTOS_Source/tasks.o
 .debug_aranges
                0x000003c0       0x98 ./Source/FreeRTOS_Source/timers.o
 .debug_aranges
                0x00000458       0x78 ./Source/Common_Demo_Tasks/IntQueue.o
 .debug_aranges
                0x000004d0       0x40 ./Source/IntQueueTimer.o
 .debug_aranges
                0x00000510       0x68 ./Source/cr_startup_lpc11.o
 .debug_aranges
                0x00000578       0x58 ./Source/main.o
 .debug_aranges
                0x000005d0       0x28 E:\Special Projects\CAN_HS-LS_GW\40_Software\Board_AOAA_M0\Lib_CMSISv2p00_LPC11xx\Debug\libLib_CMSISv2p00_LPC11xx.a(system_LPC11xx.o)
 .debug_aranges
                0x000005f8       0x28 E:\Special Projects\CAN_HS-LS_GW\40_Software\Board_AOAA_M0\Lib_Board\Debug\libLib_Board.a(board.o)
 .debug_aranges
                0x00000620       0x38 E:\Special Projects\CAN_HS-LS_GW\40_Software\Board_AOAA_M0\Lib_Board\Debug\libLib_Board.a(can_handler.o)
 .debug_aranges
                0x00000658       0x88 E:\Special Projects\CAN_HS-LS_GW\40_Software\Board_AOAA_M0\Lib_Board\Debug\libLib_Board.a(light.o)
 .debug_aranges
                0x000006e0       0x28 E:\Special Projects\CAN_HS-LS_GW\40_Software\Board_AOAA_M0\Lib_Board\Debug\libLib_Board.a(lm75a.o)
 .debug_aranges
                0x00000708       0x38 E:\Special Projects\CAN_HS-LS_GW\40_Software\Board_AOAA_M0\Lib_MCU\Debug\libLib_MCU.a(can.o)
 .debug_aranges
                0x00000740       0x58 E:\Special Projects\CAN_HS-LS_GW\40_Software\Board_AOAA_M0\Lib_MCU\Debug\libLib_MCU.a(gpio.o)
 .debug_aranges
                0x00000798       0x58 E:\Special Projects\CAN_HS-LS_GW\40_Software\Board_AOAA_M0\Lib_MCU\Debug\libLib_MCU.a(i2c.o)

.debug_ranges   0x00000000      0x6d0
 .debug_ranges  0x00000000       0x28 ./Source/FreeRTOS_Source/portable/MemMang/heap_1.o
 .debug_ranges  0x00000028       0x78 ./Source/FreeRTOS_Source/portable/GCC/ARM_CM0/port.o
 .debug_ranges  0x000000a0       0x30 ./Source/FreeRTOS_Source/list.o
 .debug_ranges  0x000000d0       0xf0 ./Source/FreeRTOS_Source/queue.o
 .debug_ranges  0x000001c0      0x1b0 ./Source/FreeRTOS_Source/tasks.o
 .debug_ranges  0x00000370       0x88 ./Source/FreeRTOS_Source/timers.o
 .debug_ranges  0x000003f8       0x68 ./Source/Common_Demo_Tasks/IntQueue.o
 .debug_ranges  0x00000460       0x30 ./Source/IntQueueTimer.o
 .debug_ranges  0x00000490       0x58 ./Source/cr_startup_lpc11.o
 .debug_ranges  0x000004e8       0x48 ./Source/main.o
 .debug_ranges  0x00000530       0x18 E:\Special Projects\CAN_HS-LS_GW\40_Software\Board_AOAA_M0\Lib_CMSISv2p00_LPC11xx\Debug\libLib_CMSISv2p00_LPC11xx.a(system_LPC11xx.o)
 .debug_ranges  0x00000548       0x18 E:\Special Projects\CAN_HS-LS_GW\40_Software\Board_AOAA_M0\Lib_Board\Debug\libLib_Board.a(board.o)
 .debug_ranges  0x00000560       0x28 E:\Special Projects\CAN_HS-LS_GW\40_Software\Board_AOAA_M0\Lib_Board\Debug\libLib_Board.a(can_handler.o)
 .debug_ranges  0x00000588       0x78 E:\Special Projects\CAN_HS-LS_GW\40_Software\Board_AOAA_M0\Lib_Board\Debug\libLib_Board.a(light.o)
 .debug_ranges  0x00000600       0x18 E:\Special Projects\CAN_HS-LS_GW\40_Software\Board_AOAA_M0\Lib_Board\Debug\libLib_Board.a(lm75a.o)
 .debug_ranges  0x00000618       0x28 E:\Special Projects\CAN_HS-LS_GW\40_Software\Board_AOAA_M0\Lib_MCU\Debug\libLib_MCU.a(can.o)
 .debug_ranges  0x00000640       0x48 E:\Special Projects\CAN_HS-LS_GW\40_Software\Board_AOAA_M0\Lib_MCU\Debug\libLib_MCU.a(gpio.o)
 .debug_ranges  0x00000688       0x48 E:\Special Projects\CAN_HS-LS_GW\40_Software\Board_AOAA_M0\Lib_MCU\Debug\libLib_MCU.a(i2c.o)

.debug_macro    0x00000000     0x496c
 .debug_macro   0x00000000       0xd9 ./Source/FreeRTOS_Source/portable/MemMang/heap_1.o
 .debug_macro   0x000000d9      0x832 ./Source/FreeRTOS_Source/portable/MemMang/heap_1.o
 .debug_macro   0x0000090b       0x10 ./Source/FreeRTOS_Source/portable/MemMang/heap_1.o
 .debug_macro   0x0000091b      0x12d ./Source/FreeRTOS_Source/portable/MemMang/heap_1.o
 .debug_macro   0x00000a48       0x28 ./Source/FreeRTOS_Source/portable/MemMang/heap_1.o
 .debug_macro   0x00000a70      0x5b2 ./Source/FreeRTOS_Source/portable/MemMang/heap_1.o
 .debug_macro   0x00001022       0xfa ./Source/FreeRTOS_Source/portable/MemMang/heap_1.o
 .debug_macro   0x0000111c       0x5e ./Source/FreeRTOS_Source/portable/MemMang/heap_1.o
 .debug_macro   0x0000117a       0xaf ./Source/FreeRTOS_Source/portable/MemMang/heap_1.o
 .debug_macro   0x00001229       0x10 ./Source/FreeRTOS_Source/portable/MemMang/heap_1.o
 .debug_macro   0x00001239       0x1f ./Source/FreeRTOS_Source/portable/MemMang/heap_1.o
 .debug_macro   0x00001258      0x399 ./Source/FreeRTOS_Source/portable/MemMang/heap_1.o
 .debug_macro   0x000015f1       0xc0 ./Source/FreeRTOS_Source/portable/MemMang/heap_1.o
 .debug_macro   0x000016b1       0x8c ./Source/FreeRTOS_Source/portable/MemMang/heap_1.o
 .debug_macro   0x0000173d      0x101 ./Source/FreeRTOS_Source/portable/GCC/ARM_CM0/port.o
 .debug_macro   0x0000183e       0x16 ./Source/FreeRTOS_Source/portable/GCC/ARM_CM0/port.o
 .debug_macro   0x00001854       0xb8 ./Source/FreeRTOS_Source/list.o
 .debug_macro   0x0000190c      0x121 ./Source/FreeRTOS_Source/queue.o
 .debug_macro   0x00001a2d       0xb0 ./Source/FreeRTOS_Source/queue.o
 .debug_macro   0x00001add      0x164 ./Source/FreeRTOS_Source/tasks.o
 .debug_macro   0x00001c41       0x91 ./Source/FreeRTOS_Source/tasks.o
 .debug_macro   0x00001cd2       0x17 ./Source/FreeRTOS_Source/tasks.o
 .debug_macro   0x00001ce9       0xf5 ./Source/FreeRTOS_Source/timers.o
 .debug_macro   0x00001dde      0x153 ./Source/Common_Demo_Tasks/IntQueue.o
 .debug_macro   0x00001f31       0x10 ./Source/Common_Demo_Tasks/IntQueue.o
 .debug_macro   0x00001f41      0x119 ./Source/IntQueueTimer.o
 .debug_macro   0x0000205a       0x1c ./Source/IntQueueTimer.o
 .debug_macro   0x00002076       0x2e ./Source/IntQueueTimer.o
 .debug_macro   0x000020a4      0x237 ./Source/IntQueueTimer.o
 .debug_macro   0x000022db      0x123 ./Source/IntQueueTimer.o
 .debug_macro   0x000023fe       0x52 ./Source/cr_startup_lpc11.o
 .debug_macro   0x00002450      0x838 ./Source/cr_startup_lpc11.o
 .debug_macro   0x00002c88      0x171 ./Source/main.o
 .debug_macro   0x00002df9       0x16 ./Source/main.o
 .debug_macro   0x00002e0f       0x9a ./Source/main.o
 .debug_macro   0x00002ea9       0x10 ./Source/main.o
 .debug_macro   0x00002eb9       0x22 ./Source/main.o
 .debug_macro   0x00002edb       0xb8 ./Source/main.o
 .debug_macro   0x00002f93       0x22 ./Source/main.o
 .debug_macro   0x00002fb5       0x1c ./Source/main.o
 .debug_macro   0x00002fd1       0x10 ./Source/main.o
 .debug_macro   0x00002fe1      0x13b E:\Special Projects\CAN_HS-LS_GW\40_Software\Board_AOAA_M0\Lib_CMSISv2p00_LPC11xx\Debug\libLib_CMSISv2p00_LPC11xx.a(system_LPC11xx.o)
 .debug_macro   0x0000311c      0x832 E:\Special Projects\CAN_HS-LS_GW\40_Software\Board_AOAA_M0\Lib_CMSISv2p00_LPC11xx\Debug\libLib_CMSISv2p00_LPC11xx.a(system_LPC11xx.o)
 .debug_macro   0x0000394e       0x1c E:\Special Projects\CAN_HS-LS_GW\40_Software\Board_AOAA_M0\Lib_CMSISv2p00_LPC11xx\Debug\libLib_CMSISv2p00_LPC11xx.a(system_LPC11xx.o)
 .debug_macro   0x0000396a      0x123 E:\Special Projects\CAN_HS-LS_GW\40_Software\Board_AOAA_M0\Lib_CMSISv2p00_LPC11xx\Debug\libLib_CMSISv2p00_LPC11xx.a(system_LPC11xx.o)
 .debug_macro   0x00003a8d       0x9c E:\Special Projects\CAN_HS-LS_GW\40_Software\Board_AOAA_M0\Lib_Board\Debug\libLib_Board.a(board.o)
 .debug_macro   0x00003b29      0x82c E:\Special Projects\CAN_HS-LS_GW\40_Software\Board_AOAA_M0\Lib_Board\Debug\libLib_Board.a(board.o)
 .debug_macro   0x00004355       0x1c E:\Special Projects\CAN_HS-LS_GW\40_Software\Board_AOAA_M0\Lib_Board\Debug\libLib_Board.a(board.o)
 .debug_macro   0x00004371       0x98 E:\Special Projects\CAN_HS-LS_GW\40_Software\Board_AOAA_M0\Lib_Board\Debug\libLib_Board.a(can_handler.o)
 .debug_macro   0x00004409      0x1ba E:\Special Projects\CAN_HS-LS_GW\40_Software\Board_AOAA_M0\Lib_Board\Debug\libLib_Board.a(can_handler.o)
 .debug_macro   0x000045c3      0x138 E:\Special Projects\CAN_HS-LS_GW\40_Software\Board_AOAA_M0\Lib_Board\Debug\libLib_Board.a(light.o)
 .debug_macro   0x000046fb       0xbf E:\Special Projects\CAN_HS-LS_GW\40_Software\Board_AOAA_M0\Lib_Board\Debug\libLib_Board.a(lm75a.o)
 .debug_macro   0x000047ba       0x8e E:\Special Projects\CAN_HS-LS_GW\40_Software\Board_AOAA_M0\Lib_MCU\Debug\libLib_MCU.a(can.o)
 .debug_macro   0x00004848       0x92 E:\Special Projects\CAN_HS-LS_GW\40_Software\Board_AOAA_M0\Lib_MCU\Debug\libLib_MCU.a(gpio.o)
 .debug_macro   0x000048da       0x92 E:\Special Projects\CAN_HS-LS_GW\40_Software\Board_AOAA_M0\Lib_MCU\Debug\libLib_MCU.a(i2c.o)

.debug_line     0x00000000     0x4d2e
 .debug_line    0x00000000      0x33c ./Source/FreeRTOS_Source/portable/MemMang/heap_1.o
 .debug_line    0x0000033c      0x3fe ./Source/FreeRTOS_Source/portable/GCC/ARM_CM0/port.o
 .debug_line    0x0000073a      0x340 ./Source/FreeRTOS_Source/list.o
 .debug_line    0x00000a7a      0x8e1 ./Source/FreeRTOS_Source/queue.o
 .debug_line    0x0000135b      0xd18 ./Source/FreeRTOS_Source/tasks.o
 .debug_line    0x00002073      0x508 ./Source/FreeRTOS_Source/timers.o
 .debug_line    0x0000257b      0x60c ./Source/Common_Demo_Tasks/IntQueue.o
 .debug_line    0x00002b87      0x462 ./Source/IntQueueTimer.o
 .debug_line    0x00002fe9      0x209 ./Source/cr_startup_lpc11.o
 .debug_line    0x000031f2      0x5ae ./Source/main.o
 .debug_line    0x000037a0      0x1c9 E:\Special Projects\CAN_HS-LS_GW\40_Software\Board_AOAA_M0\Lib_CMSISv2p00_LPC11xx\Debug\libLib_CMSISv2p00_LPC11xx.a(system_LPC11xx.o)
 .debug_line    0x00003969      0x276 E:\Special Projects\CAN_HS-LS_GW\40_Software\Board_AOAA_M0\Lib_Board\Debug\libLib_Board.a(board.o)
 .debug_line    0x00003bdf      0x2a0 E:\Special Projects\CAN_HS-LS_GW\40_Software\Board_AOAA_M0\Lib_Board\Debug\libLib_Board.a(can_handler.o)
 .debug_line    0x00003e7f      0x39a E:\Special Projects\CAN_HS-LS_GW\40_Software\Board_AOAA_M0\Lib_Board\Debug\libLib_Board.a(light.o)
 .debug_line    0x00004219      0x23b E:\Special Projects\CAN_HS-LS_GW\40_Software\Board_AOAA_M0\Lib_Board\Debug\libLib_Board.a(lm75a.o)
 .debug_line    0x00004454      0x2b3 E:\Special Projects\CAN_HS-LS_GW\40_Software\Board_AOAA_M0\Lib_MCU\Debug\libLib_MCU.a(can.o)
 .debug_line    0x00004707      0x325 E:\Special Projects\CAN_HS-LS_GW\40_Software\Board_AOAA_M0\Lib_MCU\Debug\libLib_MCU.a(gpio.o)
 .debug_line    0x00004a2c      0x302 E:\Special Projects\CAN_HS-LS_GW\40_Software\Board_AOAA_M0\Lib_MCU\Debug\libLib_MCU.a(i2c.o)

.debug_str      0x00000000     0xe37a
 .debug_str     0x00000000     0x6978 ./Source/FreeRTOS_Source/portable/MemMang/heap_1.o
                               0x6a19 (size before relaxing)
 .debug_str     0x00006978      0x3c0 ./Source/FreeRTOS_Source/portable/GCC/ARM_CM0/port.o
                               0x6c63 (size before relaxing)
 .debug_str     0x00006d38      0x137 ./Source/FreeRTOS_Source/list.o
                               0x6466 (size before relaxing)
 .debug_str     0x00006e6f     0x1141 ./Source/FreeRTOS_Source/queue.o
                               0x7b67 (size before relaxing)
 .debug_str     0x00007fb0     0x1b61 ./Source/FreeRTOS_Source/tasks.o
                               0x8676 (size before relaxing)
 .debug_str     0x00009b11      0x3c4 ./Source/FreeRTOS_Source/timers.o
                               0x7ff2 (size before relaxing)
 .debug_str     0x00009ed5      0xb3e ./Source/Common_Demo_Tasks/IntQueue.o
                               0x7e58 (size before relaxing)
 .debug_str     0x0000aa13     0x1a9c ./Source/IntQueueTimer.o
                               0x8316 (size before relaxing)
 .debug_str     0x0000c4af      0x2bc ./Source/cr_startup_lpc11.o
                               0x3d12 (size before relaxing)
 .debug_str     0x0000c76b      0x7b9 ./Source/main.o
                               0x853d (size before relaxing)
 .debug_str     0x0000cf24      0x3d3 E:\Special Projects\CAN_HS-LS_GW\40_Software\Board_AOAA_M0\Lib_CMSISv2p00_LPC11xx\Debug\libLib_CMSISv2p00_LPC11xx.a(system_LPC11xx.o)
                               0x55e4 (size before relaxing)
 .debug_str     0x0000d2f7      0x108 E:\Special Projects\CAN_HS-LS_GW\40_Software\Board_AOAA_M0\Lib_Board\Debug\libLib_Board.a(board.o)
                               0x5079 (size before relaxing)
 .debug_str     0x0000d3ff      0x5aa E:\Special Projects\CAN_HS-LS_GW\40_Software\Board_AOAA_M0\Lib_Board\Debug\libLib_Board.a(can_handler.o)
                               0x5590 (size before relaxing)
 .debug_str     0x0000d9a9      0x3d2 E:\Special Projects\CAN_HS-LS_GW\40_Software\Board_AOAA_M0\Lib_Board\Debug\libLib_Board.a(light.o)
                               0x56a7 (size before relaxing)
 .debug_str     0x0000dd7b       0x5d E:\Special Projects\CAN_HS-LS_GW\40_Software\Board_AOAA_M0\Lib_Board\Debug\libLib_Board.a(lm75a.o)
                               0x54e4 (size before relaxing)
 .debug_str     0x0000ddd8      0x219 E:\Special Projects\CAN_HS-LS_GW\40_Software\Board_AOAA_M0\Lib_MCU\Debug\libLib_MCU.a(can.o)
                               0x5977 (size before relaxing)
 .debug_str     0x0000dff1       0xa9 E:\Special Projects\CAN_HS-LS_GW\40_Software\Board_AOAA_M0\Lib_MCU\Debug\libLib_MCU.a(gpio.o)
                               0x5356 (size before relaxing)
 .debug_str     0x0000e09a      0x2e0 E:\Special Projects\CAN_HS-LS_GW\40_Software\Board_AOAA_M0\Lib_MCU\Debug\libLib_MCU.a(i2c.o)
                               0x5983 (size before relaxing)

.comment        0x00000000       0x70
 .comment       0x00000000       0x70 ./Source/FreeRTOS_Source/portable/MemMang/heap_1.o
                                 0x71 (size before relaxing)
 .comment       0x00000000       0x71 ./Source/FreeRTOS_Source/portable/GCC/ARM_CM0/port.o
 .comment       0x00000000       0x71 ./Source/FreeRTOS_Source/list.o
 .comment       0x00000000       0x71 ./Source/FreeRTOS_Source/queue.o
 .comment       0x00000000       0x71 ./Source/FreeRTOS_Source/tasks.o
 .comment       0x00000000       0x71 ./Source/FreeRTOS_Source/timers.o
 .comment       0x00000000       0x71 ./Source/Common_Demo_Tasks/IntQueue.o
 .comment       0x00000000       0x71 ./Source/IntQueueTimer.o
 .comment       0x00000000       0x71 ./Source/cr_startup_lpc11.o
 .comment       0x00000000       0x71 ./Source/main.o
 .comment       0x00000000       0x71 E:\Special Projects\CAN_HS-LS_GW\40_Software\Board_AOAA_M0\Lib_CMSISv2p00_LPC11xx\Debug\libLib_CMSISv2p00_LPC11xx.a(system_LPC11xx.o)
 .comment       0x00000000       0x71 E:\Special Projects\CAN_HS-LS_GW\40_Software\Board_AOAA_M0\Lib_Board\Debug\libLib_Board.a(board.o)
 .comment       0x00000000       0x71 E:\Special Projects\CAN_HS-LS_GW\40_Software\Board_AOAA_M0\Lib_Board\Debug\libLib_Board.a(can_handler.o)
 .comment       0x00000000       0x71 E:\Special Projects\CAN_HS-LS_GW\40_Software\Board_AOAA_M0\Lib_Board\Debug\libLib_Board.a(light.o)
 .comment       0x00000000       0x71 E:\Special Projects\CAN_HS-LS_GW\40_Software\Board_AOAA_M0\Lib_Board\Debug\libLib_Board.a(lm75a.o)
 .comment       0x00000000       0x71 E:\Special Projects\CAN_HS-LS_GW\40_Software\Board_AOAA_M0\Lib_MCU\Debug\libLib_MCU.a(can.o)
 .comment       0x00000000       0x71 E:\Special Projects\CAN_HS-LS_GW\40_Software\Board_AOAA_M0\Lib_MCU\Debug\libLib_MCU.a(gpio.o)
 .comment       0x00000000       0x71 E:\Special Projects\CAN_HS-LS_GW\40_Software\Board_AOAA_M0\Lib_MCU\Debug\libLib_MCU.a(i2c.o)
 .comment       0x00000000       0x71 c:/nxp/lpcxpresso_7.7.2_379/lpcxpresso/tools/bin/../lib/gcc/arm-none-eabi/4.9.3/../../../../arm-none-eabi/lib/armv6-m\libcr_c.a(memcpy.o)
 .comment       0x00000000       0x71 c:/nxp/lpcxpresso_7.7.2_379/lpcxpresso/tools/bin/../lib/gcc/arm-none-eabi/4.9.3/../../../../arm-none-eabi/lib/armv6-m\libcr_c.a(memset.o)
 .comment       0x00000000       0x71 c:/nxp/lpcxpresso_7.7.2_379/lpcxpresso/tools/bin/../lib/gcc/arm-none-eabi/4.9.3/../../../../arm-none-eabi/lib/armv6-m\libcr_c.a(__weak__main.o)
 .comment       0x00000000       0x71 c:/nxp/lpcxpresso_7.7.2_379/lpcxpresso/tools/bin/../lib/gcc/arm-none-eabi/4.9.3/../../../../arm-none-eabi/lib/armv6-m\libcr_c.a(alloc.o)
 .comment       0x00000000       0x71 c:/nxp/lpcxpresso_7.7.2_379/lpcxpresso/tools/bin/../lib/gcc/arm-none-eabi/4.9.3/../../../../arm-none-eabi/lib/armv6-m\libcr_c.a(memcmp.o)
 .comment       0x00000000       0x71 c:/nxp/lpcxpresso_7.7.2_379/lpcxpresso/tools/bin/../lib/gcc/arm-none-eabi/4.9.3/../../../../arm-none-eabi/lib/armv6-m\libcr_c.a(__init_alloc.o)
 .comment       0x00000000       0x71 c:/nxp/lpcxpresso_7.7.2_379/lpcxpresso/tools/bin/../lib/gcc/arm-none-eabi/4.9.3/../../../../arm-none-eabi/lib/armv6-m\libcr_c.a(_cr_sbrk.o)
 .comment       0x00000000       0x71 c:/nxp/lpcxpresso_7.7.2_379/lpcxpresso/tools/bin/../lib/gcc/arm-none-eabi/4.9.3/../../../../arm-none-eabi/lib/armv6-m\libcr_c.a(errno.o)
 .comment       0x00000000       0x71 c:/nxp/lpcxpresso_7.7.2_379/lpcxpresso/tools/bin/../lib/gcc/arm-none-eabi/4.9.3/../../../../arm-none-eabi/lib/armv6-m\libcr_c.a(_cr_check_heap.o)

.ARM.attributes
                0x00000000       0x2f
 .ARM.attributes
                0x00000000       0x31 ./Source/FreeRTOS_Source/portable/MemMang/heap_1.o
 .ARM.attributes
                0x00000031       0x31 ./Source/FreeRTOS_Source/portable/GCC/ARM_CM0/port.o
 .ARM.attributes
                0x00000062       0x31 ./Source/FreeRTOS_Source/list.o
 .ARM.attributes
                0x00000093       0x31 ./Source/FreeRTOS_Source/queue.o
 .ARM.attributes
                0x000000c4       0x31 ./Source/FreeRTOS_Source/tasks.o
 .ARM.attributes
                0x000000f5       0x31 ./Source/FreeRTOS_Source/timers.o
 .ARM.attributes
                0x00000126       0x31 ./Source/Common_Demo_Tasks/IntQueue.o
 .ARM.attributes
                0x00000157       0x31 ./Source/IntQueueTimer.o
 .ARM.attributes
                0x00000188       0x31 ./Source/cr_startup_lpc11.o
 .ARM.attributes
                0x000001b9       0x31 ./Source/main.o
 .ARM.attributes
                0x000001ea       0x31 E:\Special Projects\CAN_HS-LS_GW\40_Software\Board_AOAA_M0\Lib_CMSISv2p00_LPC11xx\Debug\libLib_CMSISv2p00_LPC11xx.a(system_LPC11xx.o)
 .ARM.attributes
                0x0000021b       0x31 E:\Special Projects\CAN_HS-LS_GW\40_Software\Board_AOAA_M0\Lib_Board\Debug\libLib_Board.a(board.o)
 .ARM.attributes
                0x0000024c       0x31 E:\Special Projects\CAN_HS-LS_GW\40_Software\Board_AOAA_M0\Lib_Board\Debug\libLib_Board.a(can_handler.o)
 .ARM.attributes
                0x0000027d       0x31 E:\Special Projects\CAN_HS-LS_GW\40_Software\Board_AOAA_M0\Lib_Board\Debug\libLib_Board.a(light.o)
 .ARM.attributes
                0x000002ae       0x31 E:\Special Projects\CAN_HS-LS_GW\40_Software\Board_AOAA_M0\Lib_Board\Debug\libLib_Board.a(lm75a.o)
 .ARM.attributes
                0x000002df       0x31 E:\Special Projects\CAN_HS-LS_GW\40_Software\Board_AOAA_M0\Lib_MCU\Debug\libLib_MCU.a(can.o)
 .ARM.attributes
                0x00000310       0x31 E:\Special Projects\CAN_HS-LS_GW\40_Software\Board_AOAA_M0\Lib_MCU\Debug\libLib_MCU.a(gpio.o)
 .ARM.attributes
                0x00000341       0x31 E:\Special Projects\CAN_HS-LS_GW\40_Software\Board_AOAA_M0\Lib_MCU\Debug\libLib_MCU.a(i2c.o)
 .ARM.attributes
                0x00000372       0x31 c:/nxp/lpcxpresso_7.7.2_379/lpcxpresso/tools/bin/../lib/gcc/arm-none-eabi/4.9.3/../../../../arm-none-eabi/lib/armv6-m\libcr_c.a(memcpy.o)
 .ARM.attributes
                0x000003a3       0x31 c:/nxp/lpcxpresso_7.7.2_379/lpcxpresso/tools/bin/../lib/gcc/arm-none-eabi/4.9.3/../../../../arm-none-eabi/lib/armv6-m\libcr_c.a(memset.o)
 .ARM.attributes
                0x000003d4       0x31 c:/nxp/lpcxpresso_7.7.2_379/lpcxpresso/tools/bin/../lib/gcc/arm-none-eabi/4.9.3/../../../../arm-none-eabi/lib/armv6-m\libcr_c.a(__weak__main.o)
 .ARM.attributes
                0x00000405       0x31 c:/nxp/lpcxpresso_7.7.2_379/lpcxpresso/tools/bin/../lib/gcc/arm-none-eabi/4.9.3/../../../../arm-none-eabi/lib/armv6-m\libcr_c.a(alloc.o)
 .ARM.attributes
                0x00000436       0x31 c:/nxp/lpcxpresso_7.7.2_379/lpcxpresso/tools/bin/../lib/gcc/arm-none-eabi/4.9.3/../../../../arm-none-eabi/lib/armv6-m\libcr_c.a(memcmp.o)
 .ARM.attributes
                0x00000467       0x31 c:/nxp/lpcxpresso_7.7.2_379/lpcxpresso/tools/bin/../lib/gcc/arm-none-eabi/4.9.3/../../../../arm-none-eabi/lib/armv6-m\libcr_c.a(__init_alloc.o)
 .ARM.attributes
                0x00000498       0x31 c:/nxp/lpcxpresso_7.7.2_379/lpcxpresso/tools/bin/../lib/gcc/arm-none-eabi/4.9.3/../../../../arm-none-eabi/lib/armv6-m\libcr_c.a(_cr_sbrk.o)
 .ARM.attributes
                0x000004c9       0x31 c:/nxp/lpcxpresso_7.7.2_379/lpcxpresso/tools/bin/../lib/gcc/arm-none-eabi/4.9.3/../../../../arm-none-eabi/lib/armv6-m\libcr_c.a(errno.o)
 .ARM.attributes
                0x000004fa       0x31 c:/nxp/lpcxpresso_7.7.2_379/lpcxpresso/tools/bin/../lib/gcc/arm-none-eabi/4.9.3/../../../../arm-none-eabi/lib/armv6-m\libcr_c.a(_cr_check_heap.o)
 .ARM.attributes
                0x0000052b       0x21 c:/nxp/lpcxpresso_7.7.2_379/lpcxpresso/tools/bin/../lib/gcc/arm-none-eabi/4.9.3/armv6-m\libcr_eabihelpers.a(division_32.o)
 .ARM.attributes
                0x0000054c       0x21 c:/nxp/lpcxpresso_7.7.2_379/lpcxpresso/tools/bin/../lib/gcc/arm-none-eabi/4.9.3/armv6-m\libcr_eabihelpers.a(division_idiv0.o)
 .ARM.attributes
                0x0000056d       0x21 c:/nxp/lpcxpresso_7.7.2_379/lpcxpresso/tools/bin/../lib/gcc/arm-none-eabi/4.9.3/armv6-m\libcr_eabihelpers.a(memcpy.o)

.debug_frame    0x00000000     0x18d4
 .debug_frame   0x00000000       0x88 ./Source/FreeRTOS_Source/portable/MemMang/heap_1.o
 .debug_frame   0x00000088      0x174 ./Source/FreeRTOS_Source/portable/GCC/ARM_CM0/port.o
 .debug_frame   0x000001fc       0xb0 ./Source/FreeRTOS_Source/list.o
 .debug_frame   0x000002ac      0x3b0 ./Source/FreeRTOS_Source/queue.o
 .debug_frame   0x0000065c      0x69c ./Source/FreeRTOS_Source/tasks.o
 .debug_frame   0x00000cf8      0x20c ./Source/FreeRTOS_Source/timers.o
 .debug_frame   0x00000f04      0x18c ./Source/Common_Demo_Tasks/IntQueue.o
 .debug_frame   0x00001090       0xac ./Source/IntQueueTimer.o
 .debug_frame   0x0000113c       0xc4 ./Source/cr_startup_lpc11.o
 .debug_frame   0x00001200      0x104 ./Source/main.o
 .debug_frame   0x00001304       0x44 E:\Special Projects\CAN_HS-LS_GW\40_Software\Board_AOAA_M0\Lib_CMSISv2p00_LPC11xx\Debug\libLib_CMSISv2p00_LPC11xx.a(system_LPC11xx.o)
 .debug_frame   0x00001348       0x4c E:\Special Projects\CAN_HS-LS_GW\40_Software\Board_AOAA_M0\Lib_Board\Debug\libLib_Board.a(board.o)
 .debug_frame   0x00001394       0x84 E:\Special Projects\CAN_HS-LS_GW\40_Software\Board_AOAA_M0\Lib_Board\Debug\libLib_Board.a(can_handler.o)
 .debug_frame   0x00001418      0x1cc E:\Special Projects\CAN_HS-LS_GW\40_Software\Board_AOAA_M0\Lib_Board\Debug\libLib_Board.a(light.o)
 .debug_frame   0x000015e4       0x4c E:\Special Projects\CAN_HS-LS_GW\40_Software\Board_AOAA_M0\Lib_Board\Debug\libLib_Board.a(lm75a.o)
 .debug_frame   0x00001630       0x90 E:\Special Projects\CAN_HS-LS_GW\40_Software\Board_AOAA_M0\Lib_MCU\Debug\libLib_MCU.a(can.o)
 .debug_frame   0x000016c0      0x10c E:\Special Projects\CAN_HS-LS_GW\40_Software\Board_AOAA_M0\Lib_MCU\Debug\libLib_MCU.a(gpio.o)
 .debug_frame   0x000017cc      0x108 E:\Special Projects\CAN_HS-LS_GW\40_Software\Board_AOAA_M0\Lib_MCU\Debug\libLib_MCU.a(i2c.o)

.debug_loc      0x00000000      0x228
 .debug_loc     0x00000000      0x1a4 ./Source/cr_startup_lpc11.o
 .debug_loc     0x000001a4       0x84 E:\Special Projects\CAN_HS-LS_GW\40_Software\Board_AOAA_M0\Lib_CMSISv2p00_LPC11xx\Debug\libLib_CMSISv2p00_LPC11xx.a(system_LPC11xx.o)
