<html>
<body>
<pre>
<h1>µVision Build Log</h1>
<h2>Tool Versions:</h2>
IDE-Version: µVision V5.14.0.0
Copyright (C) 2015 ARM Ltd and ARM Germany GmbH. All rights reserved.
License Information: Abhijeet Badurkar, Hochschule Darmstadt, LIC=----
 
Tool Versions:
Toolchain:       MDK-Lite  Version: 5.14.0.0
Toolchain Path:  C:\Keil_v5\ARM\ARMCC\Bin
C Compiler:      Armcc.exe V5.05 update 1 (build 106)
Assembler:       Armasm.exe V5.05 update 1 (build 106)
Linker/Locator:  ArmLink.exe V5.05 update 1 (build 106)
Library Manager: ArmAr.exe V5.05 update 1 (build 106)
Hex Converter:   FromElf.exe V5.05 update 1 (build 106)
CPU DLL:         SARMCM3.DLL V5.14.0.0
Dialog DLL:      DCM.DLL V1.13.1.0
Target DLL:      STLink\ST-LINKIII-KEIL_SWO.dll V2.0.14.0_KEIL
Dialog DLL:      TCM.DLL V1.14.4.0
 
<h2>Project:</h2>
E:\Special_Projects\CAN_HS-LS_GW\40_Software\Board_STM32F4Discovery\MDK-ARM\CAN_USB.uvprojx
Project File Date:  06/13/2015

<h2>Output:</h2>
Build target 'CAN_USB Configuration'
compiling main.c...
..\Src\main.c(440): warning:  #177-D: variable "data" was declared but never referenced
        uint8_t data[11];
..\Src\main.c(441): warning:  #177-D: variable "i" was declared but never referenced
        int i=0;
..\Src\main.c(564): warning:  #177-D: variable "i" was declared but never referenced
        int i=0;
..\Src\main.c: 3 warnings, 0 errors
linking...
Program Size: Code=15940 RO-data=472 RW-data=340 ZI-data=19380  
"CAN_USB Configuration\CAN_USB Configuration.axf" - 0 Error(s), 3 Warning(s).

<h2>Collection of Component include folders:</h2>
  E:\Special_Projects\CAN_HS-LS_GW\40_Software\Board_STM32F4Discovery\MDK-ARM\RTE
  C:\Keil_v5\ARM\PACK\Keil\STM32F4xx_DFP\2.4.0

<h2>Collection of Component Files used:</h2>
</pre>
</body>
</html>
