Component: ARM Compiler 5.05 update 1 (build 106) Tool: armlink [4d0efa]

==============================================================================

Section Cross References

    stm32f4xx_hal.o(i.HAL_DeInit) refers to stm32f4xx_hal.o(i.HAL_MspDeInit) for HAL_MspDeInit
    stm32f4xx_hal.o(i.HAL_Delay) refers to stm32f4xx_hal.o(i.HAL_GetTick) for HAL_GetTick
    stm32f4xx_hal.o(i.HAL_GetTick) refers to stm32f4xx_hal.o(.data) for .data
    stm32f4xx_hal.o(i.HAL_IncTick) refers to stm32f4xx_hal.o(.data) for .data
    stm32f4xx_hal.o(i.HAL_Init) refers to stm32f4xx_hal_cortex.o(i.HAL_NVIC_SetPriorityGrouping) for HAL_NVIC_SetPriorityGrouping
    stm32f4xx_hal.o(i.HAL_Init) refers to stm32f4xx_hal.o(i.HAL_InitTick) for HAL_InitTick
    stm32f4xx_hal.o(i.HAL_Init) refers to stm32f4xx_hal_msp.o(i.HAL_MspInit) for HAL_MspInit
    stm32f4xx_hal.o(i.HAL_InitTick) refers to stm32f4xx_hal_rcc.o(i.HAL_RCC_GetHCLKFreq) for HAL_RCC_GetHCLKFreq
    stm32f4xx_hal.o(i.HAL_InitTick) refers to stm32f4xx_hal_cortex.o(i.HAL_SYSTICK_Config) for HAL_SYSTICK_Config
    stm32f4xx_hal.o(i.HAL_InitTick) refers to stm32f4xx_hal_cortex.o(i.HAL_NVIC_SetPriority) for HAL_NVIC_SetPriority
    stm32f4xx_hal_rcc.o(i.HAL_RCC_ClockConfig) refers to stm32f4xx_hal.o(i.HAL_GetTick) for HAL_GetTick
    stm32f4xx_hal_rcc.o(i.HAL_RCC_ClockConfig) refers to stm32f4xx_hal.o(i.HAL_InitTick) for HAL_InitTick
    stm32f4xx_hal_rcc.o(i.HAL_RCC_GetHCLKFreq) refers to stm32f4xx_hal_rcc.o(i.HAL_RCC_GetSysClockFreq) for HAL_RCC_GetSysClockFreq
    stm32f4xx_hal_rcc.o(i.HAL_RCC_GetHCLKFreq) refers to stm32f4xx_hal_rcc.o(.constdata) for .constdata
    stm32f4xx_hal_rcc.o(i.HAL_RCC_GetHCLKFreq) refers to system_stm32f4xx.o(.data) for SystemCoreClock
    stm32f4xx_hal_rcc.o(i.HAL_RCC_GetPCLK1Freq) refers to stm32f4xx_hal_rcc.o(i.HAL_RCC_GetHCLKFreq) for HAL_RCC_GetHCLKFreq
    stm32f4xx_hal_rcc.o(i.HAL_RCC_GetPCLK1Freq) refers to stm32f4xx_hal_rcc.o(.constdata) for .constdata
    stm32f4xx_hal_rcc.o(i.HAL_RCC_GetPCLK2Freq) refers to stm32f4xx_hal_rcc.o(i.HAL_RCC_GetHCLKFreq) for HAL_RCC_GetHCLKFreq
    stm32f4xx_hal_rcc.o(i.HAL_RCC_GetPCLK2Freq) refers to stm32f4xx_hal_rcc.o(.constdata) for .constdata
    stm32f4xx_hal_rcc.o(i.HAL_RCC_MCOConfig) refers to stm32f4xx_hal_gpio.o(i.HAL_GPIO_Init) for HAL_GPIO_Init
    stm32f4xx_hal_rcc.o(i.HAL_RCC_NMI_IRQHandler) refers to stm32f4xx_hal_rcc.o(i.HAL_RCC_CSSCallback) for HAL_RCC_CSSCallback
    stm32f4xx_hal_rcc.o(i.HAL_RCC_OscConfig) refers to stm32f4xx_hal.o(i.HAL_GetTick) for HAL_GetTick
    stm32f4xx_hal_pwr_ex.o(i.HAL_PWREx_ControlVoltageScaling) refers to stm32f4xx_hal.o(i.HAL_GetTick) for HAL_GetTick
    stm32f4xx_hal_pwr_ex.o(i.HAL_PWREx_DisableBkUpReg) refers to stm32f4xx_hal.o(i.HAL_GetTick) for HAL_GetTick
    stm32f4xx_hal_pwr_ex.o(i.HAL_PWREx_EnableBkUpReg) refers to stm32f4xx_hal.o(i.HAL_GetTick) for HAL_GetTick
    stm32f4xx_hal_pwr.o(i.HAL_PWR_PVD_IRQHandler) refers to stm32f4xx_hal_pwr.o(i.HAL_PWR_PVDCallback) for HAL_PWR_PVDCallback
    stm32f4xx_hal_pcd.o(i.HAL_PCD_DeInit) refers to stm32f4xx_hal_pcd.o(i.HAL_PCD_Stop) for HAL_PCD_Stop
    stm32f4xx_hal_pcd.o(i.HAL_PCD_DeInit) refers to usbd_conf.o(i.HAL_PCD_MspDeInit) for HAL_PCD_MspDeInit
    stm32f4xx_hal_pcd.o(i.HAL_PCD_DevConnect) refers to stm32f4xx_ll_usb.o(i.USB_DevConnect) for USB_DevConnect
    stm32f4xx_hal_pcd.o(i.HAL_PCD_DevDisconnect) refers to stm32f4xx_ll_usb.o(i.USB_DevDisconnect) for USB_DevDisconnect
    stm32f4xx_hal_pcd.o(i.HAL_PCD_EP_Close) refers to stm32f4xx_ll_usb.o(i.USB_DeactivateEndpoint) for USB_DeactivateEndpoint
    stm32f4xx_hal_pcd.o(i.HAL_PCD_EP_ClrStall) refers to stm32f4xx_ll_usb.o(i.USB_EPClearStall) for USB_EPClearStall
    stm32f4xx_hal_pcd.o(i.HAL_PCD_EP_Flush) refers to stm32f4xx_ll_usb.o(i.USB_FlushTxFifo) for USB_FlushTxFifo
    stm32f4xx_hal_pcd.o(i.HAL_PCD_EP_Flush) refers to stm32f4xx_ll_usb.o(i.USB_FlushRxFifo) for USB_FlushRxFifo
    stm32f4xx_hal_pcd.o(i.HAL_PCD_EP_Open) refers to stm32f4xx_ll_usb.o(i.USB_ActivateEndpoint) for USB_ActivateEndpoint
    stm32f4xx_hal_pcd.o(i.HAL_PCD_EP_Receive) refers to stm32f4xx_ll_usb.o(i.USB_EPStartXfer) for USB_EPStartXfer
    stm32f4xx_hal_pcd.o(i.HAL_PCD_EP_Receive) refers to stm32f4xx_ll_usb.o(i.USB_EP0StartXfer) for USB_EP0StartXfer
    stm32f4xx_hal_pcd.o(i.HAL_PCD_EP_SetStall) refers to stm32f4xx_ll_usb.o(i.USB_EPSetStall) for USB_EPSetStall
    stm32f4xx_hal_pcd.o(i.HAL_PCD_EP_SetStall) refers to stm32f4xx_ll_usb.o(i.USB_EP0_OutStart) for USB_EP0_OutStart
    stm32f4xx_hal_pcd.o(i.HAL_PCD_EP_Transmit) refers to stm32f4xx_ll_usb.o(i.USB_EPStartXfer) for USB_EPStartXfer
    stm32f4xx_hal_pcd.o(i.HAL_PCD_EP_Transmit) refers to stm32f4xx_ll_usb.o(i.USB_EP0StartXfer) for USB_EP0StartXfer
    stm32f4xx_hal_pcd.o(i.HAL_PCD_IRQHandler) refers to stm32f4xx_ll_usb.o(i.USB_GetMode) for USB_GetMode
    stm32f4xx_hal_pcd.o(i.HAL_PCD_IRQHandler) refers to stm32f4xx_ll_usb.o(i.USB_ReadInterrupts) for USB_ReadInterrupts
[...]
    i.USBD_CUSTOM_HID_Setup                  0x08002314   Section        0  usbd_customhid.o(i.USBD_CUSTOM_HID_Setup)
    USBD_CUSTOM_HID_Setup                    0x08002315   Thumb Code   178  usbd_customhid.o(i.USBD_CUSTOM_HID_Setup)
    i.USBD_ClrClassConfig                    0x080023cc   Section        0  usbd_core.o(i.USBD_ClrClassConfig)
    i.USBD_CtlContinueRx                     0x080023da   Section        0  usbd_ioreq.o(i.USBD_CtlContinueRx)
    i.USBD_CtlContinueSendData               0x080023ea   Section        0  usbd_ioreq.o(i.USBD_CtlContinueSendData)
    i.USBD_CtlError                          0x080023fa   Section        0  usbd_ctlreq.o(i.USBD_CtlError)
    i.USBD_CtlPrepareRx                      0x08002410   Section        0  usbd_ioreq.o(i.USBD_CtlPrepareRx)
    i.USBD_CtlReceiveStatus                  0x0800242e   Section        0  usbd_ioreq.o(i.USBD_CtlReceiveStatus)
    i.USBD_CtlSendData                       0x08002444   Section        0  usbd_ioreq.o(i.USBD_CtlSendData)
    i.USBD_CtlSendStatus                     0x0800245e   Section        0  usbd_ioreq.o(i.USBD_CtlSendStatus)
    i.USBD_FS_ConfigStrDescriptor            0x08002474   Section        0  usbd_desc.o(i.USBD_FS_ConfigStrDescriptor)
    i.USBD_FS_DeviceDescriptor               0x0800249c   Section        0  usbd_desc.o(i.USBD_FS_DeviceDescriptor)
    i.USBD_FS_InterfaceStrDescriptor         0x080024a8   Section        0  usbd_desc.o(i.USBD_FS_InterfaceStrDescriptor)
    i.USBD_FS_LangIDStrDescriptor            0x080024d4   Section        0  usbd_desc.o(i.USBD_FS_LangIDStrDescriptor)
    i.USBD_FS_ManufacturerStrDescriptor      0x080024e0   Section        0  usbd_desc.o(i.USBD_FS_ManufacturerStrDescriptor)
    i.USBD_FS_ProductStrDescriptor           0x08002508   Section        0  usbd_desc.o(i.USBD_FS_ProductStrDescriptor)
    i.USBD_FS_SerialStrDescriptor            0x0800253c   Section        0  usbd_desc.o(i.USBD_FS_SerialStrDescriptor)
    i.USBD_GetDescriptor                     0x08002560   Section        0  usbd_ctlreq.o(i.USBD_GetDescriptor)
    USBD_GetDescriptor                       0x08002561   Thumb Code   242  usbd_ctlreq.o(i.USBD_GetDescriptor)
    i.USBD_GetString                         0x08002652   Section        0  usbd_ctlreq.o(i.USBD_GetString)
    i.USBD_Init                              0x08002698   Section        0  usbd_core.o(i.USBD_Init)
    i.USBD_LL_ClearStallEP                   0x080026c2   Section        0  usbd_conf.o(i.USBD_LL_ClearStallEP)
    i.USBD_LL_CloseEP                        0x080026d0   Section        0  usbd_conf.o(i.USBD_LL_CloseEP)
    i.USBD_LL_DataInStage                    0x080026de   Section        0  usbd_core.o(i.USBD_LL_DataInStage)
    i.USBD_LL_DataOutStage                   0x08002788   Section        0  usbd_core.o(i.USBD_LL_DataOutStage)
    i.USBD_LL_DevConnected                   0x080027f2   Section        0  usbd_core.o(i.USBD_LL_DevConnected)
    i.USBD_LL_DevDisconnected                0x080027f6   Section        0  usbd_core.o(i.USBD_LL_DevDisconnected)
    i.USBD_LL_Init                           0x0800280c   Section        0  usbd_conf.o(i.USBD_LL_Init)
    i.USBD_LL_IsStallEP                      0x0800287c   Section        0  usbd_conf.o(i.USBD_LL_IsStallEP)
    i.USBD_LL_IsoINIncomplete                0x0800289c   Section        0  usbd_core.o(i.USBD_LL_IsoINIncomplete)
    i.USBD_LL_IsoOUTIncomplete               0x080028a0   Section        0  usbd_core.o(i.USBD_LL_IsoOUTIncomplete)
    i.USBD_LL_OpenEP                         0x080028a4   Section        0  usbd_conf.o(i.USBD_LL_OpenEP)
    i.USBD_LL_PrepareReceive                 0x080028b8   Section        0  usbd_conf.o(i.USBD_LL_PrepareReceive)
    i.USBD_LL_Reset                          0x080028c6   Section        0  usbd_core.o(i.USBD_LL_Reset)
    i.USBD_LL_Resume                         0x08002904   Section        0  usbd_core.o(i.USBD_LL_Resume)
    i.USBD_LL_SOF                            0x08002910   Section        0  usbd_core.o(i.USBD_LL_SOF)
    i.USBD_LL_SetSpeed                       0x08002928   Section        0  usbd_core.o(i.USBD_LL_SetSpeed)
    i.USBD_LL_SetUSBAddress                  0x0800292e   Section        0  usbd_conf.o(i.USBD_LL_SetUSBAddress)
    i.USBD_LL_SetupStage                     0x0800293c   Section        0  usbd_core.o(i.USBD_LL_SetupStage)
    i.USBD_LL_StallEP                        0x08002996   Section        0  usbd_conf.o(i.USBD_LL_StallEP)
    i.USBD_LL_Start                          0x080029a4   Section        0  usbd_conf.o(i.USBD_LL_Start)
    i.USBD_LL_Suspend                        0x080029b2   Section        0  usbd_core.o(i.USBD_LL_Suspend)
    i.USBD_LL_Transmit                       0x080029c4   Section        0  usbd_conf.o(i.USBD_LL_Transmit)
    i.USBD_ParseSetupRequest                 0x080029d2   Section        0  usbd_ctlreq.o(i.USBD_ParseSetupRequest)
    i.USBD_RegisterClass                     0x080029fa   Section        0  usbd_core.o(i.USBD_RegisterClass)
    i.USBD_SetClassConfig                    0x08002a0a   Section        0  usbd_core.o(i.USBD_SetClassConfig)
    i.USBD_SetConfig                         0x08002a20   Section        0  usbd_ctlreq.o(i.USBD_SetConfig)
    USBD_SetConfig                           0x08002a21   Thumb Code   110  usbd_ctlreq.o(i.USBD_SetConfig)
    i.USBD_Start                             0x08002a94   Section        0  usbd_core.o(i.USBD_Start)
    i.USBD_StdDevReq                         0x08002a9e   Section        0  usbd_ctlreq.o(i.USBD_StdDevReq)
    i.USBD_StdEPReq                          0x08002b90   Section        0  usbd_ctlreq.o(i.USBD_StdEPReq)
    i.USBD_StdItfReq                         0x08002c6c   Section        0  usbd_ctlreq.o(i.USBD_StdItfReq)
    i.USB_ActivateEndpoint                   0x08002ca0   Section        0  stm32f4xx_ll_usb.o(i.USB_ActivateEndpoint)
    i.USB_ActivateSetup                      0x08002d20   Section        0  stm32f4xx_ll_usb.o(i.USB_ActivateSetup)
    i.USB_CoreInit                           0x08002d54   Section        0  stm32f4xx_ll_usb.o(i.USB_CoreInit)
    i.USB_CoreReset                          0x08002dc0   Section        0  stm32f4xx_ll_usb.o(i.USB_CoreReset)
    USB_CoreReset                            0x08002dc1   Thumb Code    50  stm32f4xx_ll_usb.o(i.USB_CoreReset)
    i.USB_DeactivateEndpoint                 0x08002df8   Section        0  stm32f4xx_ll_usb.o(i.USB_DeactivateEndpoint)
    i.USB_DevConnect                         0x08002e66   Section        0  stm32f4xx_ll_usb.o(i.USB_DevConnect)
    i.USB_DevDisconnect                      0x08002e7e   Section        0  stm32f4xx_ll_usb.o(i.USB_DevDisconnect)
    i.USB_DevInit                            0x08002e98   Section        0  stm32f4xx_ll_usb.o(i.USB_DevInit)
    i.USB_DisableGlobalInt                   0x08002fdc   Section        0  stm32f4xx_ll_usb.o(i.USB_DisableGlobalInt)
    i.USB_EP0StartXfer                       0x08002fe8   Section        0  stm32f4xx_ll_usb.o(i.USB_EP0StartXfer)
    i.USB_EP0_OutStart                       0x08003128   Section        0  stm32f4xx_ll_usb.o(i.USB_EP0_OutStart)
    i.USB_EPClearStall                       0x08003166   Section        0  stm32f4xx_ll_usb.o(i.USB_EPClearStall)
    i.USB_EPSetStall                         0x080031ca   Section        0  stm32f4xx_ll_usb.o(i.USB_EPSetStall)
    i.USB_EPStartXfer                        0x08003228   Section        0  stm32f4xx_ll_usb.o(i.USB_EPStartXfer)
    i.USB_EnableGlobalInt                    0x08003444   Section        0  stm32f4xx_ll_usb.o(i.USB_EnableGlobalInt)
    i.USB_FlushRxFifo                        0x08003450   Section        0  stm32f4xx_ll_usb.o(i.USB_FlushRxFifo)
    i.USB_FlushTxFifo                        0x08003470   Section        0  stm32f4xx_ll_usb.o(i.USB_FlushTxFifo)
    i.USB_GetDevSpeed                        0x08003494   Section        0  stm32f4xx_ll_usb.o(i.USB_GetDevSpeed)
    i.USB_GetMode                            0x080034d0   Section        0  stm32f4xx_ll_usb.o(i.USB_GetMode)
    i.USB_ReadDevAllInEpInterrupt            0x080034d8   Section        0  stm32f4xx_ll_usb.o(i.USB_ReadDevAllInEpInterrupt)
    i.USB_ReadDevAllOutEpInterrupt           0x080034e6   Section        0  stm32f4xx_ll_usb.o(i.USB_ReadDevAllOutEpInterrupt)
    i.USB_ReadDevInEPInterrupt               0x080034f4   Section        0  stm32f4xx_ll_usb.o(i.USB_ReadDevInEPInterrupt)
    i.USB_ReadDevOutEPInterrupt              0x08003512   Section        0  stm32f4xx_ll_usb.o(i.USB_ReadDevOutEPInterrupt)
    i.USB_ReadInterrupts                     0x08003522   Section        0  stm32f4xx_ll_usb.o(i.USB_ReadInterrupts)
    i.USB_ReadPacket                         0x0800352a   Section        0  stm32f4xx_ll_usb.o(i.USB_ReadPacket)
    i.USB_SetCurrentMode                     0x0800354a   Section        0  stm32f4xx_ll_usb.o(i.USB_SetCurrentMode)
    i.USB_SetDevAddress                      0x08003576   Section        0  stm32f4xx_ll_usb.o(i.USB_SetDevAddress)
    i.USB_WritePacket                        0x08003598   Section        0  stm32f4xx_ll_usb.o(i.USB_WritePacket)
    i.__scatterload_copy                     0x080035c0   Section       14  handlers.o(i.__scatterload_copy)
    i.__scatterload_null                     0x080035ce   Section        2  handlers.o(i.__scatterload_null)
    i.__scatterload_zeroinit                 0x080035d0   Section       14  handlers.o(i.__scatterload_zeroinit)
    i.free                                   0x080035e0   Section        0  malloc.o(i.free)
    i.main                                   0x08003630   Section        0  main.o(i.main)
    i.malloc                                 0x080036a8   Section        0  malloc.o(i.malloc)
    i.osKernelStart                          0x08003714   Section        0  cmsis_os.o(i.osKernelStart)
    i.osSystickHandler                       0x0800371e   Section        0  cmsis_os.o(i.osSystickHandler)
    i.prvAddCurrentTaskToDelayedList         0x08003734   Section        0  tasks.o(i.prvAddCurrentTaskToDelayedList)
    prvAddCurrentTaskToDelayedList           0x08003735   Thumb Code    48  tasks.o(i.prvAddCurrentTaskToDelayedList)
    i.prvCheckForValidListAndQueue           0x08003768   Section        0  timers.o(i.prvCheckForValidListAndQueue)
    prvCheckForValidListAndQueue             0x08003769   Thumb Code    68  timers.o(i.prvCheckForValidListAndQueue)
    i.prvCheckTasksWaitingTermination        0x080037bc   Section        0  tasks.o(i.prvCheckTasksWaitingTermination)
    prvCheckTasksWaitingTermination          0x080037bd   Thumb Code    76  tasks.o(i.prvCheckTasksWaitingTermination)
    i.prvCopyDataFromQueue                   0x08003810   Section        0  queue.o(i.prvCopyDataFromQueue)
    prvCopyDataFromQueue                     0x08003811   Thumb Code    38  queue.o(i.prvCopyDataFromQueue)
    i.prvCopyDataToQueue                     0x08003836   Section        0  queue.o(i.prvCopyDataToQueue)
    prvCopyDataToQueue                       0x08003837   Thumb Code   110  queue.o(i.prvCopyDataToQueue)
    i.prvHeapInit                            0x080038a4   Section        0  heap_4.o(i.prvHeapInit)
    prvHeapInit                              0x080038a5   Thumb Code    66  heap_4.o(i.prvHeapInit)
    i.prvIdleTask                            0x080038f0   Section        0  tasks.o(i.prvIdleTask)
    prvIdleTask                              0x080038f1   Thumb Code    20  tasks.o(i.prvIdleTask)
    i.prvInsertBlockIntoFreeList             0x08003908   Section        0  heap_4.o(i.prvInsertBlockIntoFreeList)
    prvInsertBlockIntoFreeList               0x08003909   Thumb Code    72  heap_4.o(i.prvInsertBlockIntoFreeList)
    i.prvInsertTimerInActiveList             0x08003954   Section        0  timers.o(i.prvInsertTimerInActiveList)
    prvInsertTimerInActiveList               0x08003955   Thumb Code    52  timers.o(i.prvInsertTimerInActiveList)
    i.prvProcessReceivedCommands             0x0800398c   Section        0  timers.o(i.prvProcessReceivedCommands)
    prvProcessReceivedCommands               0x0800398d   Thumb Code   162  timers.o(i.prvProcessReceivedCommands)
    i.prvProcessTimerOrBlockTask             0x08003a34   Section        0  timers.o(i.prvProcessTimerOrBlockTask)
    prvProcessTimerOrBlockTask               0x08003a35   Thumb Code   136  timers.o(i.prvProcessTimerOrBlockTask)
    i.prvResetNextTaskUnblockTime            0x08003ac0   Section        0  tasks.o(i.prvResetNextTaskUnblockTime)
    prvResetNextTaskUnblockTime              0x08003ac1   Thumb Code    26  tasks.o(i.prvResetNextTaskUnblockTime)
    i.prvSampleTimeNow                       0x08003ae0   Section        0  timers.o(i.prvSampleTimeNow)
    prvSampleTimeNow                         0x08003ae1   Thumb Code    36  timers.o(i.prvSampleTimeNow)
    i.prvSwitchTimerLists                    0x08003b08   Section        0  timers.o(i.prvSwitchTimerLists)
    prvSwitchTimerLists                      0x08003b09   Thumb Code    92  timers.o(i.prvSwitchTimerLists)
    i.prvTaskExitError                       0x08003b68   Section        0  port.o(i.prvTaskExitError)
    prvTaskExitError                         0x08003b69   Thumb Code    20  port.o(i.prvTaskExitError)
    i.prvTimerTask                           0x08003b80   Section        0  timers.o(i.prvTimerTask)
    prvTimerTask                             0x08003b81   Thumb Code    32  timers.o(i.prvTimerTask)
    i.prvUnlockQueue                         0x08003ba4   Section        0  queue.o(i.prvUnlockQueue)
    prvUnlockQueue                           0x08003ba5   Thumb Code   100  queue.o(i.prvUnlockQueue)
    i.pvPortMalloc                           0x08003c08   Section        0  heap_4.o(i.pvPortMalloc)
    i.pvTaskIncrementMutexHeldCount          0x08003cc4   Section        0  tasks.o(i.pvTaskIncrementMutexHeldCount)
    i.pxPortInitialiseStack                  0x08003cdc   Section        0  port.o(i.pxPortInitialiseStack)
    i.uxListRemove                           0x08003d04   Section        0  list.o(i.uxListRemove)
    i.vListInitialise                        0x08003d28   Section        0  list.o(i.vListInitialise)
    i.vListInitialiseItem                    0x08003d3e   Section        0  list.o(i.vListInitialiseItem)
    i.vListInsert                            0x08003d44   Section        0  list.o(i.vListInsert)
    i.vListInsertEnd                         0x08003d74   Section        0  list.o(i.vListInsertEnd)
    i.vPortEnterCritical                     0x08003d8c   Section        0  port.o(i.vPortEnterCritical)
    i.vPortExitCritical                      0x08003dc0   Section        0  port.o(i.vPortExitCritical)
    i.vPortFree                              0x08003de4   Section        0  heap_4.o(i.vPortFree)
    i.vPortSetupTimerInterrupt               0x08003e2c   Section        0  port.o(i.vPortSetupTimerInterrupt)
    i.vPortValidateInterruptPriority         0x08003e4c   Section        0  port.o(i.vPortValidateInterruptPriority)
    i.vPortYield                             0x08003e8c   Section        0  port.o(i.vPortYield)
    i.vQueueAddToRegistry                    0x08003ea4   Section        0  queue.o(i.vQueueAddToRegistry)
    i.vQueueWaitForMessageRestricted         0x08003ecc   Section        0  queue.o(i.vQueueWaitForMessageRestricted)
    i.vTaskDelayUntil                        0x08003f04   Section        0  tasks.o(i.vTaskDelayUntil)
    i.vTaskMissedYield                       0x08003f80   Section        0  tasks.o(i.vTaskMissedYield)
    i.vTaskPlaceOnEventList                  0x08003f8c   Section        0  tasks.o(i.vTaskPlaceOnEventList)
    i.vTaskPlaceOnEventListRestricted        0x08003fe4   Section        0  tasks.o(i.vTaskPlaceOnEventListRestricted)
    i.vTaskPriorityInherit                   0x08004028   Section        0  tasks.o(i.vTaskPriorityInherit)
    i.vTaskSetTimeOutState                   0x080040ac   Section        0  tasks.o(i.vTaskSetTimeOutState)
    i.vTaskStartScheduler                    0x080040c8   Section        0  tasks.o(i.vTaskStartScheduler)
    i.vTaskSuspendAll                        0x0800411c   Section        0  tasks.o(i.vTaskSuspendAll)
    i.vTaskSwitchContext                     0x0800412c   Section        0  tasks.o(i.vTaskSwitchContext)
    i.vTask_ControlLamps                     0x08004180   Section        0  main.o(i.vTask_ControlLamps)
    i.vTask_SendEngineStatus                 0x0800430c   Section        0  main.o(i.vTask_SendEngineStatus)
    i.vTimerCallback                         0x08004400   Section        0  main.o(i.vTimerCallback)
    i.xPortStartScheduler                    0x08004428   Section        0  port.o(i.xPortStartScheduler)
    i.xPortSysTickHandler                    0x080044ac   Section        0  port.o(i.xPortSysTickHandler)
    i.xQueueGenericCreate                    0x080044d0   Section        0  queue.o(i.xQueueGenericCreate)
    i.xQueueGenericReceive                   0x08004518   Section        0  queue.o(i.xQueueGenericReceive)
    i.xQueueGenericReset                     0x08004646   Section        0  queue.o(i.xQueueGenericReset)
    i.xQueueGenericSend                      0x080046b0   Section        0  queue.o(i.xQueueGenericSend)
    i.xQueueGenericSendFromISR               0x080047c4   Section        0  queue.o(i.xQueueGenericSendFromISR)
    i.xTaskCheckForTimeOut                   0x08004858   Section        0  tasks.o(i.xTaskCheckForTimeOut)
    i.xTaskGenericCreate                     0x080048b0   Section        0  tasks.o(i.xTaskGenericCreate)
    i.xTaskGetSchedulerState                 0x08004a34   Section        0  tasks.o(i.xTaskGetSchedulerState)
    i.xTaskGetTickCount                      0x08004a50   Section        0  tasks.o(i.xTaskGetTickCount)
    i.xTaskIncrementTick                     0x08004a68   Section        0  tasks.o(i.xTaskIncrementTick)
    i.xTaskPriorityDisinherit                0x08004b28   Section        0  tasks.o(i.xTaskPriorityDisinherit)
    i.xTaskRemoveFromEventList               0x08004ba0   Section        0  tasks.o(i.xTaskRemoveFromEventList)
    i.xTaskResumeAll                         0x08004c0c   Section        0  tasks.o(i.xTaskResumeAll)
    i.xTimerCreate                           0x08004cb8   Section        0  timers.o(i.xTimerCreate)
    i.xTimerCreateTimerTask                  0x08004cf8   Section        0  timers.o(i.xTimerCreateTimerTask)
    i.xTimerGenericCommand                   0x08004d3c   Section        0  timers.o(i.xTimerGenericCommand)
    .constdata                               0x08004d84   Section       16  stm32f4xx_hal_rcc.o(.constdata)
    .data                                    0x20000000   Section        4  stm32f4xx_hal.o(.data)
    uwTick                                   0x20000000   Data           4  stm32f4xx_hal.o(.data)
    .data                                    0x20000004   Section        1  usbd_ctlreq.o(.data)
    cfgidx                                   0x20000004   Data           1  usbd_ctlreq.o(.data)
    .data                                    0x20000008   Section       60  usbd_customhid.o(.data)
    .data                                    0x20000044   Section       66  usbd_customhid.o(.data)
    USBD_CUSTOM_HID_CfgDesc                  0x20000044   Data          41  usbd_customhid.o(.data)
    USBD_CUSTOM_HID_Desc                     0x20000070   Data           9  usbd_customhid.o(.data)
    USBD_CUSTOM_HID_DeviceQualifierDesc      0x2000007c   Data          10  usbd_customhid.o(.data)
    .data                                    0x20000088   Section       12  port.o(.data)
    ucMaxSysCallPriority                     0x20000088   Data           1  port.o(.data)
    uxCriticalNesting                        0x2000008c   Data           4  port.o(.data)
    ulMaxPRIGROUPValue                       0x20000090   Data           4  port.o(.data)
    .data                                    0x20000094   Section       16  timers.o(.data)
    xTimerQueue                              0x20000094   Data           4  timers.o(.data)
    xLastTime                                0x20000098   Data           4  timers.o(.data)
    pxCurrentTimerList                       0x2000009c   Data           4  timers.o(.data)
    pxOverflowTimerList                      0x200000a0   Data           4  timers.o(.data)
    .data                                    0x200000a4   Section       56  tasks.o(.data)
    uxTasksDeleted                           0x200000a8   Data           4  tasks.o(.data)
    uxCurrentNumberOfTasks                   0x200000ac   Data           4  tasks.o(.data)
    xTickCount                               0x200000b0   Data           4  tasks.o(.data)
    uxTopReadyPriority                       0x200000b4   Data           4  tasks.o(.data)
    xSchedulerRunning                        0x200000b8   Data           4  tasks.o(.data)
    uxPendedTicks                            0x200000bc   Data           4  tasks.o(.data)
    xYieldPending                            0x200000c0   Data           4  tasks.o(.data)
    xNumOfOverflows                          0x200000c4   Data           4  tasks.o(.data)
    uxTaskNumber                             0x200000c8   Data           4  tasks.o(.data)
    xNextTaskUnblockTime                     0x200000cc   Data           4  tasks.o(.data)
    uxSchedulerSuspended                     0x200000d0   Data           4  tasks.o(.data)
    pxDelayedTaskList                        0x200000d4   Data           4  tasks.o(.data)
    pxOverflowDelayedTaskList                0x200000d8   Data           4  tasks.o(.data)
    .data                                    0x200000dc   Section       24  heap_4.o(.data)
    pxEnd                                    0x200000dc   Data           4  heap_4.o(.data)
    xFreeBytesRemaining                      0x200000e0   Data           4  heap_4.o(.data)
    xMinimumEverFreeBytesRemaining           0x200000e4   Data           4  heap_4.o(.data)
    xBlockAllocatedBit                       0x200000e8   Data           4  heap_4.o(.data)
    xStart                                   0x200000ec   Data           8  heap_4.o(.data)
    .data                                    0x200000f4   Section       20  system_stm32f4xx.o(.data)
    .data                                    0x20000108   Section       28  usbd_desc.o(.data)
    .data                                    0x20000124   Section       22  usbd_desc.o(.data)
    .data                                    0x2000013a   Section        5  main.o(.data)
    msg_transmit_cnt                         0x2000013e   Data           1  main.o(.data)
    .data                                    0x20000140   Section        2  usbd_custom_hid_if.o(.data)
    CUSTOM_HID_ReportDesc_FS                 0x20000140   Data           2  usbd_custom_hid_if.o(.data)
    .data                                    0x20000144   Section       16  usbd_custom_hid_if.o(.data)
    .data                                    0x20000154   Section        8  usbd_custom_hid_if.o(.data)
    i                                        0x20000154   Data           4  usbd_custom_hid_if.o(.data)
    .data                                    0x2000015c   Section        4  mvars.o(.data)
    .data                                    0x20000160   Section        4  mvars.o(.data)
    .bss                                     0x20000164   Section       40  timers.o(.bss)
    xActiveTimerList1                        0x20000164   Data          20  timers.o(.bss)
    xActiveTimerList2                        0x20000178   Data          20  timers.o(.bss)
    .bss                                     0x2000018c   Section      240  tasks.o(.bss)
    pxReadyTasksLists                        0x2000018c   Data         140  tasks.o(.bss)
    xDelayedTaskList1                        0x20000218   Data          20  tasks.o(.bss)
    xDelayedTaskList2                        0x2000022c   Data          20  tasks.o(.bss)
    xPendingReadyList                        0x20000240   Data          20  tasks.o(.bss)
    xTasksWaitingTermination                 0x20000254   Data          20  tasks.o(.bss)
    xSuspendedTaskList                       0x20000268   Data          20  tasks.o(.bss)
    .bss                                     0x2000027c   Section    15360  heap_4.o(.bss)
    ucHeap                                   0x2000027c   Data       15360  heap_4.o(.bss)
    .bss                                     0x20003e7c   Section       64  queue.o(.bss)
    .bss                                     0x20003ebc   Section      512  usbd_desc.o(.bss)
    .bss                                     0x200040bc   Section      260  main.o(.bss)
    RxMessage                                0x200040bc   Data          36  main.o(.bss)
    TxMessage                                0x200040e0   Data          28  main.o(.bss)
    .bss                                     0x200041c0   Section      948  usbd_conf.o(.bss)
    .bss                                     0x20004574   Section      548  usb_device.o(.bss)
    HEAP                                     0x20004798   Section      512  startup_stm32f407xx.o(HEAP)
    STACK                                    0x20004998   Section     1024  startup_stm32f407xx.o(STACK)

    Global Symbols

    Symbol Name                              Value     Ov Type        Size  Object(Section)

    BuildAttributes$$THM_ISAv4$E$P$D$K$B$S$7EM$VFPi3$EXTD16$VFPS$VFMA$PE$A:L22UL41UL21$X:L11$S22US41US21$IEEE1$IW$USESV6$~STKCKD$USESV7$~SHL$OSPACE$EBA8$MICROLIB$REQ8$PRES8$EABIv2 0x00000000   Number         0  anon$$obj.o ABSOLUTE
    __ARM_use_no_argv                        0x00000000   Number         0  main.o ABSOLUTE
    __cpp_initialize__aeabi_                  - Undefined Weak Reference
    __cxa_finalize                            - Undefined Weak Reference
    _clock_init                               - Undefined Weak Reference
    _microlib_exit                            - Undefined Weak Reference
    __Vectors_Size                           0x00000188   Number         0  startup_stm32f407xx.o ABSOLUTE
    __Vectors                                0x08000000   Data           4  startup_stm32f407xx.o(RESET)
    __Vectors_End                            0x08000188   Data           0  startup_stm32f407xx.o(RESET)
    __main                                   0x08000189   Thumb Code     0  entry.o(.ARM.Collect$$$$00000000)
    _main_stk                                0x08000189   Thumb Code     0  entry2.o(.ARM.Collect$$$$00000001)
    _main_scatterload                        0x0800018d   Thumb Code     0  entry5.o(.ARM.Collect$$$$00000004)
    __main_after_scatterload                 0x08000191   Thumb Code     0  entry5.o(.ARM.Collect$$$$00000004)
    _main_clock                              0x08000191   Thumb Code     0  entry7b.o(.ARM.Collect$$$$00000008)
    _main_cpp_init                           0x08000191   Thumb Code     0  entry8b.o(.ARM.Collect$$$$0000000A)
    _main_init                               0x08000191   Thumb Code     0  entry9a.o(.ARM.Collect$$$$0000000B)
    __rt_final_cpp                           0x08000199   Thumb Code     0  entry10a.o(.ARM.Collect$$$$0000000D)
    __rt_final_exit                          0x08000199   Thumb Code     0  entry11a.o(.ARM.Collect$$$$0000000F)
    SVC_Handler                              0x0800019d   Thumb Code    28  port.o(.emb_text)
    __asm___6_port_c_39a90d8d__prvStartFirstTask 0x080001bd   Thumb Code    28  port.o(.emb_text)
    __asm___6_port_c_39a90d8d__prvEnableVFP  0x080001dd   Thumb Code    16  port.o(.emb_text)
    PendSV_Handler                           0x080001f1   Thumb Code    84  port.o(.emb_text)
    ulPortSetInterruptMask                   0x08000249   Thumb Code    14  port.o(.emb_text)
    vPortClearInterruptMask                  0x08000257   Thumb Code     6  port.o(.emb_text)
    vPortGetIPSR                             0x0800025d   Thumb Code     6  port.o(.emb_text)
    Reset_Handler                            0x08000265   Thumb Code     8  startup_stm32f407xx.o(.text)
    NMI_Handler                              0x0800026d   Thumb Code     2  startup_stm32f407xx.o(.text)
    HardFault_Handler                        0x0800026f   Thumb Code     2  startup_stm32f407xx.o(.text)
    MemManage_Handler                        0x08000271   Thumb Code     2  startup_stm32f407xx.o(.text)
    BusFault_Handler                         0x08000273   Thumb Code     2  startup_stm32f407xx.o(.text)
    UsageFault_Handler                       0x08000275   Thumb Code     2  startup_stm32f407xx.o(.text)
    DebugMon_Handler                         0x08000279   Thumb Code     2  startup_stm32f407xx.o(.text)
    ADC_IRQHandler                           0x0800027f   Thumb Code     0  startup_stm32f407xx.o(.text)
    CAN1_RX1_IRQHandler                      0x0800027f   Thumb Code     0  startup_stm32f407xx.o(.text)
    CAN1_SCE_IRQHandler                      0x0800027f   Thumb Code     0  startup_stm32f407xx.o(.text)
    CAN1_TX_IRQHandler                       0x0800027f   Thumb Code     0  startup_stm32f407xx.o(.text)
    CAN2_RX0_IRQHandler                      0x0800027f   Thumb Code     0  startup_stm32f407xx.o(.text)
    CAN2_RX1_IRQHandler                      0x0800027f   Thumb Code     0  startup_stm32f407xx.o(.text)
    CAN2_SCE_IRQHandler                      0x0800027f   Thumb Code     0  startup_stm32f407xx.o(.text)
    CAN2_TX_IRQHandler                       0x0800027f   Thumb Code     0  startup_stm32f407xx.o(.text)
    DCMI_IRQHandler                          0x0800027f   Thumb Code     0  startup_stm32f407xx.o(.text)
    DMA1_Stream0_IRQHandler                  0x0800027f   Thumb Code     0  startup_stm32f407xx.o(.text)
    DMA1_Stream1_IRQHandler                  0x0800027f   Thumb Code     0  startup_stm32f407xx.o(.text)
    DMA1_Stream2_IRQHandler                  0x0800027f   Thumb Code     0  startup_stm32f407xx.o(.text)
    DMA1_Stream3_IRQHandler                  0x0800027f   Thumb Code     0  startup_stm32f407xx.o(.text)
    DMA1_Stream4_IRQHandler                  0x0800027f   Thumb Code     0  startup_stm32f407xx.o(.text)
    DMA1_Stream5_IRQHandler                  0x0800027f   Thumb Code     0  startup_stm32f407xx.o(.text)
    DMA1_Stream6_IRQHandler                  0x0800027f   Thumb Code     0  startup_stm32f407xx.o(.text)
    DMA1_Stream7_IRQHandler                  0x0800027f   Thumb Code     0  startup_stm32f407xx.o(.text)
    DMA2_Stream0_IRQHandler                  0x0800027f   Thumb Code     0  startup_stm32f407xx.o(.text)
    DMA2_Stream1_IRQHandler                  0x0800027f   Thumb Code     0  startup_stm32f407xx.o(.text)
    DMA2_Stream2_IRQHandler                  0x0800027f   Thumb Code     0  startup_stm32f407xx.o(.text)
    DMA2_Stream3_IRQHandler                  0x0800027f   Thumb Code     0  startup_stm32f407xx.o(.text)
    DMA2_Stream4_IRQHandler                  0x0800027f   Thumb Code     0  startup_stm32f407xx.o(.text)
    DMA2_Stream5_IRQHandler                  0x0800027f   Thumb Code     0  startup_stm32f407xx.o(.text)
    DMA2_Stream6_IRQHandler                  0x0800027f   Thumb Code     0  startup_stm32f407xx.o(.text)
    DMA2_Stream7_IRQHandler                  0x0800027f   Thumb Code     0  startup_stm32f407xx.o(.text)
    ETH_IRQHandler                           0x0800027f   Thumb Code     0  startup_stm32f407xx.o(.text)
    ETH_WKUP_IRQHandler                      0x0800027f   Thumb Code     0  startup_stm32f407xx.o(.text)
    EXTI0_IRQHandler                         0x0800027f   Thumb Code     0  startup_stm32f407xx.o(.text)
    EXTI15_10_IRQHandler                     0x0800027f   Thumb Code     0  startup_stm32f407xx.o(.text)
    EXTI1_IRQHandler                         0x0800027f   Thumb Code     0  startup_stm32f407xx.o(.text)
    EXTI2_IRQHandler                         0x0800027f   Thumb Code     0  startup_stm32f407xx.o(.text)
    EXTI3_IRQHandler                         0x0800027f   Thumb Code     0  startup_stm32f407xx.o(.text)
    EXTI4_IRQHandler                         0x0800027f   Thumb Code     0  startup_stm32f407xx.o(.text)
    EXTI9_5_IRQHandler                       0x0800027f   Thumb Code     0  startup_stm32f407xx.o(.text)
    FLASH_IRQHandler                         0x0800027f   Thumb Code     0  startup_stm32f407xx.o(.text)
    FMC_IRQHandler                           0x0800027f   Thumb Code     0  startup_stm32f407xx.o(.text)
    FPU_IRQHandler                           0x0800027f   Thumb Code     0  startup_stm32f407xx.o(.text)
    HASH_RNG_IRQHandler                      0x0800027f   Thumb Code     0  startup_stm32f407xx.o(.text)
    I2C1_ER_IRQHandler                       0x0800027f   Thumb Code     0  startup_stm32f407xx.o(.text)
    I2C1_EV_IRQHandler                       0x0800027f   Thumb Code     0  startup_stm32f407xx.o(.text)
    I2C2_ER_IRQHandler                       0x0800027f   Thumb Code     0  startup_stm32f407xx.o(.text)
    I2C2_EV_IRQHandler                       0x0800027f   Thumb Code     0  startup_stm32f407xx.o(.text)
    I2C3_ER_IRQHandler                       0x0800027f   Thumb Code     0  startup_stm32f407xx.o(.text)
    I2C3_EV_IRQHandler                       0x0800027f   Thumb Code     0  startup_stm32f407xx.o(.text)
    OTG_FS_WKUP_IRQHandler                   0x0800027f   Thumb Code     0  startup_stm32f407xx.o(.text)
    OTG_HS_EP1_IN_IRQHandler                 0x0800027f   Thumb Code     0  startup_stm32f407xx.o(.text)
    OTG_HS_EP1_OUT_IRQHandler                0x0800027f   Thumb Code     0  startup_stm32f407xx.o(.text)
    OTG_HS_IRQHandler                        0x0800027f   Thumb Code     0  startup_stm32f407xx.o(.text)
    OTG_HS_WKUP_IRQHandler                   0x0800027f   Thumb Code     0  startup_stm32f407xx.o(.text)
    PVD_IRQHandler                           0x0800027f   Thumb Code     0  startup_stm32f407xx.o(.text)
    RCC_IRQHandler                           0x0800027f   Thumb Code     0  startup_stm32f407xx.o(.text)
    RTC_Alarm_IRQHandler                     0x0800027f   Thumb Code     0  startup_stm32f407xx.o(.text)
    RTC_WKUP_IRQHandler                      0x0800027f   Thumb Code     0  startup_stm32f407xx.o(.text)
    SDIO_IRQHandler                          0x0800027f   Thumb Code     0  startup_stm32f407xx.o(.text)
    SPI1_IRQHandler                          0x0800027f   Thumb Code     0  startup_stm32f407xx.o(.text)
    SPI2_IRQHandler                          0x0800027f   Thumb Code     0  startup_stm32f407xx.o(.text)
    SPI3_IRQHandler                          0x0800027f   Thumb Code     0  startup_stm32f407xx.o(.text)
    TAMP_STAMP_IRQHandler                    0x0800027f   Thumb Code     0  startup_stm32f407xx.o(.text)
    TIM1_BRK_TIM9_IRQHandler                 0x0800027f   Thumb Code     0  startup_stm32f407xx.o(.text)
    TIM1_CC_IRQHandler                       0x0800027f   Thumb Code     0  startup_stm32f407xx.o(.text)
    TIM1_TRG_COM_TIM11_IRQHandler            0x0800027f   Thumb Code     0  startup_stm32f407xx.o(.text)
    TIM1_UP_TIM10_IRQHandler                 0x0800027f   Thumb Code     0  startup_stm32f407xx.o(.text)
    TIM2_IRQHandler                          0x0800027f   Thumb Code     0  startup_stm32f407xx.o(.text)
    TIM3_IRQHandler                          0x0800027f   Thumb Code     0  startup_stm32f407xx.o(.text)
    TIM4_IRQHandler                          0x0800027f   Thumb Code     0  startup_stm32f407xx.o(.text)
    TIM5_IRQHandler                          0x0800027f   Thumb Code     0  startup_stm32f407xx.o(.text)
    TIM6_DAC_IRQHandler                      0x0800027f   Thumb Code     0  startup_stm32f407xx.o(.text)
    TIM7_IRQHandler                          0x0800027f   Thumb Code     0  startup_stm32f407xx.o(.text)
    TIM8_BRK_TIM12_IRQHandler                0x0800027f   Thumb Code     0  startup_stm32f407xx.o(.text)
    TIM8_CC_IRQHandler                       0x0800027f   Thumb Code     0  startup_stm32f407xx.o(.text)
    TIM8_TRG_COM_TIM14_IRQHandler            0x0800027f   Thumb Code     0  startup_stm32f407xx.o(.text)
    TIM8_UP_TIM13_IRQHandler                 0x0800027f   Thumb Code     0  startup_stm32f407xx.o(.text)
    UART4_IRQHandler                         0x0800027f   Thumb Code     0  startup_stm32f407xx.o(.text)
    UART5_IRQHandler                         0x0800027f   Thumb Code     0  startup_stm32f407xx.o(.text)
    USART1_IRQHandler                        0x0800027f   Thumb Code     0  startup_stm32f407xx.o(.text)
    USART2_IRQHandler                        0x0800027f   Thumb Code     0  startup_stm32f407xx.o(.text)
    USART3_IRQHandler                        0x0800027f   Thumb Code     0  startup_stm32f407xx.o(.text)
    USART6_IRQHandler                        0x0800027f   Thumb Code     0  startup_stm32f407xx.o(.text)
    WWDG_IRQHandler                          0x0800027f   Thumb Code     0  startup_stm32f407xx.o(.text)
    __aeabi_memcpy                           0x08000289   Thumb Code    36  memcpya.o(.text)
    __aeabi_memcpy4                          0x08000289   Thumb Code     0  memcpya.o(.text)
    __aeabi_memcpy8                          0x08000289   Thumb Code     0  memcpya.o(.text)
    __aeabi_memset                           0x080002ad   Thumb Code    14  memseta.o(.text)
    __aeabi_memset4                          0x080002ad   Thumb Code     0  memseta.o(.text)
    __aeabi_memset8                          0x080002ad   Thumb Code     0  memseta.o(.text)
    __aeabi_memclr                           0x080002bb   Thumb Code     4  memseta.o(.text)
    __aeabi_memclr4                          0x080002bb   Thumb Code     0  memseta.o(.text)
    __aeabi_memclr8                          0x080002bb   Thumb Code     0  memseta.o(.text)
    _memset$wrapper                          0x080002bf   Thumb Code    18  memseta.o(.text)
    __scatterload                            0x080002d1   Thumb Code    28  init.o(.text)
    __scatterload_rt2                        0x080002d1   Thumb Code     0  init.o(.text)
    __decompress                             0x080002f5   Thumb Code     0  __dczerorl2.o(.text)
    __decompress1                            0x080002f5   Thumb Code    86  __dczerorl2.o(.text)
    CAN1_RX0_IRQHandler                      0x08000481   Thumb Code   108  stm32f4xx_it.o(i.CAN1_RX0_IRQHandler)
    HAL_ADC_ConfigChannel                    0x08000541   Thumb Code   322  stm32f4xx_hal_adc.o(i.HAL_ADC_ConfigChannel)
    HAL_ADC_Init                             0x08000691   Thumb Code    58  stm32f4xx_hal_adc.o(i.HAL_ADC_Init)
    HAL_ADC_MspInit                          0x080006cd   Thumb Code    54  stm32f4xx_hal_msp.o(i.HAL_ADC_MspInit)
    HAL_CAN_ConfigFilter                     0x08000711   Thumb Code   218  stm32f4xx_hal_can.o(i.HAL_CAN_ConfigFilter)
    HAL_CAN_Init                             0x080007f5   Thumb Code   328  stm32f4xx_hal_can.o(i.HAL_CAN_Init)
    HAL_CAN_MspInit                          0x0800093d   Thumb Code   118  stm32f4xx_hal_msp.o(i.HAL_CAN_MspInit)
    HAL_CAN_Receive_IT                       0x080009c9   Thumb Code   134  stm32f4xx_hal_can.o(i.HAL_CAN_Receive_IT)
    HAL_CAN_Transmit                         0x08000a51   Thumb Code   374  stm32f4xx_hal_can.o(i.HAL_CAN_Transmit)
    HAL_Delay                                0x08000bd5   Thumb Code    22  stm32f4xx_hal.o(i.HAL_Delay)
    HAL_GPIO_Init                            0x08000bed   Thumb Code   398  stm32f4xx_hal_gpio.o(i.HAL_GPIO_Init)
    HAL_GPIO_ReadPin                         0x08000dad   Thumb Code    10  stm32f4xx_hal_gpio.o(i.HAL_GPIO_ReadPin)
    HAL_GPIO_WritePin                        0x08000db7   Thumb Code    10  stm32f4xx_hal_gpio.o(i.HAL_GPIO_WritePin)
    HAL_GetTick                              0x08000dc1   Thumb Code     6  stm32f4xx_hal.o(i.HAL_GetTick)
    HAL_IncTick                              0x08000dcd   Thumb Code    10  stm32f4xx_hal.o(i.HAL_IncTick)
    HAL_Init                                 0x08000ddd   Thumb Code    48  stm32f4xx_hal.o(i.HAL_Init)
    HAL_InitTick                             0x08000e11   Thumb Code    34  stm32f4xx_hal.o(i.HAL_InitTick)
    HAL_MspInit                              0x08000e33   Thumb Code    22  stm32f4xx_hal_msp.o(i.HAL_MspInit)
    HAL_NVIC_EnableIRQ                       0x08000e49   Thumb Code    22  stm32f4xx_hal_cortex.o(i.HAL_NVIC_EnableIRQ)
    HAL_NVIC_SetPriority                     0x08000e61   Thumb Code    60  stm32f4xx_hal_cortex.o(i.HAL_NVIC_SetPriority)
    HAL_NVIC_SetPriorityGrouping             0x08000ea1   Thumb Code    26  stm32f4xx_hal_cortex.o(i.HAL_NVIC_SetPriorityGrouping)
    HAL_PCDEx_SetRxFiFo                      0x08000ec5   Thumb Code     8  stm32f4xx_hal_pcd_ex.o(i.HAL_PCDEx_SetRxFiFo)
    HAL_PCDEx_SetTxFiFo                      0x08000ecd   Thumb Code    68  stm32f4xx_hal_pcd_ex.o(i.HAL_PCDEx_SetTxFiFo)
    HAL_PCD_ConnectCallback                  0x08000f11   Thumb Code     8  usbd_conf.o(i.HAL_PCD_ConnectCallback)
    HAL_PCD_DataInStageCallback              0x08000f19   Thumb Code    18  usbd_conf.o(i.HAL_PCD_DataInStageCallback)
    HAL_PCD_DataOutStageCallback             0x08000f2b   Thumb Code    20  usbd_conf.o(i.HAL_PCD_DataOutStageCallback)
    HAL_PCD_DisconnectCallback               0x08000f3f   Thumb Code     8  usbd_conf.o(i.HAL_PCD_DisconnectCallback)
    HAL_PCD_EP_Close                         0x08000f47   Thumb Code    68  stm32f4xx_hal_pcd.o(i.HAL_PCD_EP_Close)
    HAL_PCD_EP_ClrStall                      0x08000f8b   Thumb Code    80  stm32f4xx_hal_pcd.o(i.HAL_PCD_EP_ClrStall)
    HAL_PCD_EP_Open                          0x08000fdb   Thumb Code    84  stm32f4xx_hal_pcd.o(i.HAL_PCD_EP_Open)
    HAL_PCD_EP_Receive                       0x08001031   Thumb Code    94  stm32f4xx_hal_pcd.o(i.HAL_PCD_EP_Receive)
    HAL_PCD_EP_SetStall                      0x0800108f   Thumb Code    96  stm32f4xx_hal_pcd.o(i.HAL_PCD_EP_SetStall)
    HAL_PCD_EP_Transmit                      0x080010ef   Thumb Code    86  stm32f4xx_hal_pcd.o(i.HAL_PCD_EP_Transmit)
    HAL_PCD_IRQHandler                       0x08001145   Thumb Code   996  stm32f4xx_hal_pcd.o(i.HAL_PCD_IRQHandler)
    HAL_PCD_ISOINIncompleteCallback          0x08001529   Thumb Code     8  usbd_conf.o(i.HAL_PCD_ISOINIncompleteCallback)
    HAL_PCD_ISOOUTIncompleteCallback         0x08001531   Thumb Code     8  usbd_conf.o(i.HAL_PCD_ISOOUTIncompleteCallback)
    HAL_PCD_Init                             0x08001539   Thumb Code   190  stm32f4xx_hal_pcd.o(i.HAL_PCD_Init)
    HAL_PCD_MspInit                          0x080015f9   Thumb Code   110  usbd_conf.o(i.HAL_PCD_MspInit)
    HAL_PCD_ResetCallback                    0x08001671   Thumb Code    32  usbd_conf.o(i.HAL_PCD_ResetCallback)
    HAL_PCD_ResumeCallback                   0x08001691   Thumb Code     8  usbd_conf.o(i.HAL_PCD_ResumeCallback)
    HAL_PCD_SOFCallback                      0x08001699   Thumb Code     8  usbd_conf.o(i.HAL_PCD_SOFCallback)
    HAL_PCD_SetAddress                       0x080016a1   Thumb Code    36  stm32f4xx_hal_pcd.o(i.HAL_PCD_SetAddress)
    HAL_PCD_SetupStageCallback               0x080016c5   Thumb Code    14  usbd_conf.o(i.HAL_PCD_SetupStageCallback)
    HAL_PCD_Start                            0x080016d3   Thumb Code    42  stm32f4xx_hal_pcd.o(i.HAL_PCD_Start)
    HAL_PCD_SuspendCallback                  0x080016fd   Thumb Code    44  usbd_conf.o(i.HAL_PCD_SuspendCallback)
    HAL_RCC_ClockConfig                      0x0800172d   Thumb Code   514  stm32f4xx_hal_rcc.o(i.HAL_RCC_ClockConfig)
    HAL_RCC_GetHCLKFreq                      0x08001939   Thumb Code    38  stm32f4xx_hal_rcc.o(i.HAL_RCC_GetHCLKFreq)
    HAL_RCC_GetSysClockFreq                  0x0800196d   Thumb Code   104  stm32f4xx_hal_rcc.o(i.HAL_RCC_GetSysClockFreq)
    HAL_RCC_OscConfig                        0x080019dd   Thumb Code   806  stm32f4xx_hal_rcc.o(i.HAL_RCC_OscConfig)
    HAL_SYSTICK_CLKSourceConfig              0x08001d19   Thumb Code    24  stm32f4xx_hal_cortex.o(i.HAL_SYSTICK_CLKSourceConfig)
    HAL_SYSTICK_Config                       0x08001d31   Thumb Code    40  stm32f4xx_hal_cortex.o(i.HAL_SYSTICK_Config)
    MX_USB_DEVICE_Init                       0x08001fe9   Thumb Code    38  usb_device.o(i.MX_USB_DEVICE_Init)
    OTG_FS_IRQHandler                        0x08002041   Thumb Code     6  stm32f4xx_it.o(i.OTG_FS_IRQHandler)
    SysTick_Handler                          0x080020e3   Thumb Code    14  stm32f4xx_it.o(i.SysTick_Handler)
    SystemClock_Config                       0x080020f1   Thumb Code   130  main.o(i.SystemClock_Config)
    SystemInit                               0x0800217d   Thumb Code    66  system_stm32f4xx.o(i.SystemInit)
    USBD_CUSTOM_HID_RegisterInterface        0x080022df   Thumb Code    16  usbd_customhid.o(i.USBD_CUSTOM_HID_RegisterInterface)
    USBD_CUSTOM_HID_SendReport               0x080022ef   Thumb Code    36  usbd_customhid.o(i.USBD_CUSTOM_HID_SendReport)
    USBD_ClrClassConfig                      0x080023cd   Thumb Code    14  usbd_core.o(i.USBD_ClrClassConfig)
    USBD_CtlContinueRx                       0x080023db   Thumb Code    16  usbd_ioreq.o(i.USBD_CtlContinueRx)
    USBD_CtlContinueSendData                 0x080023eb   Thumb Code    16  usbd_ioreq.o(i.USBD_CtlContinueSendData)
    USBD_CtlError                            0x080023fb   Thumb Code    22  usbd_ctlreq.o(i.USBD_CtlError)
    USBD_CtlPrepareRx                        0x08002411   Thumb Code    30  usbd_ioreq.o(i.USBD_CtlPrepareRx)
    USBD_CtlReceiveStatus                    0x0800242f   Thumb Code    22  usbd_ioreq.o(i.USBD_CtlReceiveStatus)
    USBD_CtlSendData                         0x08002445   Thumb Code    26  usbd_ioreq.o(i.USBD_CtlSendData)
    USBD_CtlSendStatus                       0x0800245f   Thumb Code    22  usbd_ioreq.o(i.USBD_CtlSendStatus)
    USBD_FS_ConfigStrDescriptor              0x08002475   Thumb Code    16  usbd_desc.o(i.USBD_FS_ConfigStrDescriptor)
    USBD_FS_DeviceDescriptor                 0x0800249d   Thumb Code     8  usbd_desc.o(i.USBD_FS_DeviceDescriptor)
    USBD_FS_InterfaceStrDescriptor           0x080024a9   Thumb Code    16  usbd_desc.o(i.USBD_FS_InterfaceStrDescriptor)
    USBD_FS_LangIDStrDescriptor              0x080024d5   Thumb Code     8  usbd_desc.o(i.USBD_FS_LangIDStrDescriptor)
    USBD_FS_ManufacturerStrDescriptor        0x080024e1   Thumb Code    16  usbd_desc.o(i.USBD_FS_ManufacturerStrDescriptor)
    USBD_FS_ProductStrDescriptor             0x08002509   Thumb Code    16  usbd_desc.o(i.USBD_FS_ProductStrDescriptor)
    USBD_FS_SerialStrDescriptor              0x0800253d   Thumb Code    16  usbd_desc.o(i.USBD_FS_SerialStrDescriptor)
    USBD_GetString                           0x08002653   Thumb Code    70  usbd_ctlreq.o(i.USBD_GetString)
    USBD_Init                                0x08002699   Thumb Code    42  usbd_core.o(i.USBD_Init)
    USBD_LL_ClearStallEP                     0x080026c3   Thumb Code    14  usbd_conf.o(i.USBD_LL_ClearStallEP)
    USBD_LL_CloseEP                          0x080026d1   Thumb Code    14  usbd_conf.o(i.USBD_LL_CloseEP)
    USBD_LL_DataInStage                      0x080026df   Thumb Code   170  usbd_core.o(i.USBD_LL_DataInStage)
    USBD_LL_DataOutStage                     0x08002789   Thumb Code   106  usbd_core.o(i.USBD_LL_DataOutStage)
    USBD_LL_DevConnected                     0x080027f3   Thumb Code     4  usbd_core.o(i.USBD_LL_DevConnected)
    USBD_LL_DevDisconnected                  0x080027f7   Thumb Code    22  usbd_core.o(i.USBD_LL_DevDisconnected)
    USBD_LL_Init                             0x0800280d   Thumb Code   108  usbd_conf.o(i.USBD_LL_Init)
    USBD_LL_IsStallEP                        0x0800287d   Thumb Code    32  usbd_conf.o(i.USBD_LL_IsStallEP)
    USBD_LL_IsoINIncomplete                  0x0800289d   Thumb Code     4  usbd_core.o(i.USBD_LL_IsoINIncomplete)
    USBD_LL_IsoOUTIncomplete                 0x080028a1   Thumb Code     4  usbd_core.o(i.USBD_LL_IsoOUTIncomplete)
    USBD_LL_OpenEP                           0x080028a5   Thumb Code    20  usbd_conf.o(i.USBD_LL_OpenEP)
    USBD_LL_PrepareReceive                   0x080028b9   Thumb Code    14  usbd_conf.o(i.USBD_LL_PrepareReceive)
    USBD_LL_Reset                            0x080028c7   Thumb Code    62  usbd_core.o(i.USBD_LL_Reset)
    USBD_LL_Resume                           0x08002905   Thumb Code    12  usbd_core.o(i.USBD_LL_Resume)
    USBD_LL_SOF                              0x08002911   Thumb Code    24  usbd_core.o(i.USBD_LL_SOF)
    USBD_LL_SetSpeed                         0x08002929   Thumb Code     6  usbd_core.o(i.USBD_LL_SetSpeed)
    USBD_LL_SetUSBAddress                    0x0800292f   Thumb Code    14  usbd_conf.o(i.USBD_LL_SetUSBAddress)
    USBD_LL_SetupStage                       0x0800293d   Thumb Code    90  usbd_core.o(i.USBD_LL_SetupStage)
    USBD_LL_StallEP                          0x08002997   Thumb Code    14  usbd_conf.o(i.USBD_LL_StallEP)
    USBD_LL_Start                            0x080029a5   Thumb Code    14  usbd_conf.o(i.USBD_LL_Start)
    USBD_LL_Suspend                          0x080029b3   Thumb Code    18  usbd_core.o(i.USBD_LL_Suspend)
    USBD_LL_Transmit                         0x080029c5   Thumb Code    14  usbd_conf.o(i.USBD_LL_Transmit)
    USBD_ParseSetupRequest                   0x080029d3   Thumb Code    40  usbd_ctlreq.o(i.USBD_ParseSetupRequest)
    USBD_RegisterClass                       0x080029fb   Thumb Code    16  usbd_core.o(i.USBD_RegisterClass)
    USBD_SetClassConfig                      0x08002a0b   Thumb Code    22  usbd_core.o(i.USBD_SetClassConfig)
    USBD_Start                               0x08002a95   Thumb Code    10  usbd_core.o(i.USBD_Start)
    USBD_StdDevReq                           0x08002a9f   Thumb Code   242  usbd_ctlreq.o(i.USBD_StdDevReq)
    USBD_StdEPReq                            0x08002b91   Thumb Code   220  usbd_ctlreq.o(i.USBD_StdEPReq)
    USBD_StdItfReq                           0x08002c6d   Thumb Code    52  usbd_ctlreq.o(i.USBD_StdItfReq)
    USB_ActivateEndpoint                     0x08002ca1   Thumb Code   122  stm32f4xx_ll_usb.o(i.USB_ActivateEndpoint)
    USB_ActivateSetup                        0x08002d21   Thumb Code    52  stm32f4xx_ll_usb.o(i.USB_ActivateSetup)
    USB_CoreInit                             0x08002d55   Thumb Code   104  stm32f4xx_ll_usb.o(i.USB_CoreInit)
    USB_DeactivateEndpoint                   0x08002df9   Thumb Code   110  stm32f4xx_ll_usb.o(i.USB_DeactivateEndpoint)
    USB_DevConnect                           0x08002e67   Thumb Code    24  stm32f4xx_ll_usb.o(i.USB_DevConnect)
    USB_DevDisconnect                        0x08002e7f   Thumb Code    24  stm32f4xx_ll_usb.o(i.USB_DevDisconnect)
    USB_DevInit                              0x08002e99   Thumb Code   306  stm32f4xx_ll_usb.o(i.USB_DevInit)
    USB_DisableGlobalInt                     0x08002fdd   Thumb Code    12  stm32f4xx_ll_usb.o(i.USB_DisableGlobalInt)
    USB_EP0StartXfer                         0x08002fe9   Thumb Code   316  stm32f4xx_ll_usb.o(i.USB_EP0StartXfer)
    USB_EP0_OutStart                         0x08003129   Thumb Code    62  stm32f4xx_ll_usb.o(i.USB_EP0_OutStart)
    USB_EPClearStall                         0x08003167   Thumb Code   100  stm32f4xx_ll_usb.o(i.USB_EPClearStall)
    USB_EPSetStall                           0x080031cb   Thumb Code    94  stm32f4xx_ll_usb.o(i.USB_EPSetStall)
    USB_EPStartXfer                          0x08003229   Thumb Code   534  stm32f4xx_ll_usb.o(i.USB_EPStartXfer)
    USB_EnableGlobalInt                      0x08003445   Thumb Code    12  stm32f4xx_ll_usb.o(i.USB_EnableGlobalInt)
    USB_FlushRxFifo                          0x08003451   Thumb Code    28  stm32f4xx_ll_usb.o(i.USB_FlushRxFifo)
    USB_FlushTxFifo                          0x08003471   Thumb Code    32  stm32f4xx_ll_usb.o(i.USB_FlushTxFifo)
    USB_GetDevSpeed                          0x08003495   Thumb Code    60  stm32f4xx_ll_usb.o(i.USB_GetDevSpeed)
    USB_GetMode                              0x080034d1   Thumb Code     8  stm32f4xx_ll_usb.o(i.USB_GetMode)
    USB_ReadDevAllInEpInterrupt              0x080034d9   Thumb Code    14  stm32f4xx_ll_usb.o(i.USB_ReadDevAllInEpInterrupt)
    USB_ReadDevAllOutEpInterrupt             0x080034e7   Thumb Code    14  stm32f4xx_ll_usb.o(i.USB_ReadDevAllOutEpInterrupt)
    USB_ReadDevInEPInterrupt                 0x080034f5   Thumb Code    30  stm32f4xx_ll_usb.o(i.USB_ReadDevInEPInterrupt)
    USB_ReadDevOutEPInterrupt                0x08003513   Thumb Code    16  stm32f4xx_ll_usb.o(i.USB_ReadDevOutEPInterrupt)
    USB_ReadInterrupts                       0x08003523   Thumb Code     8  stm32f4xx_ll_usb.o(i.USB_ReadInterrupts)
    USB_ReadPacket                           0x0800352b   Thumb Code    32  stm32f4xx_ll_usb.o(i.USB_ReadPacket)
    USB_SetCurrentMode                       0x0800354b   Thumb Code    44  stm32f4xx_ll_usb.o(i.USB_SetCurrentMode)
    USB_SetDevAddress                        0x08003577   Thumb Code    34  stm32f4xx_ll_usb.o(i.USB_SetDevAddress)
    USB_WritePacket                          0x08003599   Thumb Code    40  stm32f4xx_ll_usb.o(i.USB_WritePacket)
    __scatterload_copy                       0x080035c1   Thumb Code    14  handlers.o(i.__scatterload_copy)
    __scatterload_null                       0x080035cf   Thumb Code     2  handlers.o(i.__scatterload_null)
    __scatterload_zeroinit                   0x080035d1   Thumb Code    14  handlers.o(i.__scatterload_zeroinit)
    free                                     0x080035e1   Thumb Code    76  malloc.o(i.free)
    main                                     0x08003631   Thumb Code    84  main.o(i.main)
    malloc                                   0x080036a9   Thumb Code    92  malloc.o(i.malloc)
    osKernelStart                            0x08003715   Thumb Code    10  cmsis_os.o(i.osKernelStart)
    osSystickHandler                         0x0800371f   Thumb Code    20  cmsis_os.o(i.osSystickHandler)
    pvPortMalloc                             0x08003c09   Thumb Code   182  heap_4.o(i.pvPortMalloc)
    pvTaskIncrementMutexHeldCount            0x08003cc5   Thumb Code    18  tasks.o(i.pvTaskIncrementMutexHeldCount)
    pxPortInitialiseStack                    0x08003cdd   Thumb Code    36  port.o(i.pxPortInitialiseStack)
    uxListRemove                             0x08003d05   Thumb Code    36  list.o(i.uxListRemove)
    vListInitialise                          0x08003d29   Thumb Code    22  list.o(i.vListInitialise)
    vListInitialiseItem                      0x08003d3f   Thumb Code     6  list.o(i.vListInitialiseItem)
    vListInsert                              0x08003d45   Thumb Code    48  list.o(i.vListInsert)
    vListInsertEnd                           0x08003d75   Thumb Code    24  list.o(i.vListInsertEnd)
    vPortEnterCritical                       0x08003d8d   Thumb Code    42  port.o(i.vPortEnterCritical)
    vPortExitCritical                        0x08003dc1   Thumb Code    30  port.o(i.vPortExitCritical)
    vPortFree                                0x08003de5   Thumb Code    68  heap_4.o(i.vPortFree)
    vPortSetupTimerInterrupt                 0x08003e2d   Thumb Code    26  port.o(i.vPortSetupTimerInterrupt)
    vPortValidateInterruptPriority           0x08003e4d   Thumb Code    54  port.o(i.vPortValidateInterruptPriority)
    vPortYield                               0x08003e8d   Thumb Code    18  port.o(i.vPortYield)
    vQueueAddToRegistry                      0x08003ea5   Thumb Code    34  queue.o(i.vQueueAddToRegistry)
    vQueueWaitForMessageRestricted           0x08003ecd   Thumb Code    56  queue.o(i.vQueueWaitForMessageRestricted)
    vTaskDelayUntil                          0x08003f05   Thumb Code   120  tasks.o(i.vTaskDelayUntil)
    vTaskMissedYield                         0x08003f81   Thumb Code     8  tasks.o(i.vTaskMissedYield)
    vTaskPlaceOnEventList                    0x08003f8d   Thumb Code    80  tasks.o(i.vTaskPlaceOnEventList)
    vTaskPlaceOnEventListRestricted          0x08003fe5   Thumb Code    62  tasks.o(i.vTaskPlaceOnEventListRestricted)
    vTaskPriorityInherit                     0x08004029   Thumb Code   124  tasks.o(i.vTaskPriorityInherit)
    vTaskSetTimeOutState                     0x080040ad   Thumb Code    22  tasks.o(i.vTaskSetTimeOutState)
    vTaskStartScheduler                      0x080040c9   Thumb Code    68  tasks.o(i.vTaskStartScheduler)
    vTaskSuspendAll                          0x0800411d   Thumb Code    10  tasks.o(i.vTaskSuspendAll)
    vTaskSwitchContext                       0x0800412d   Thumb Code    74  tasks.o(i.vTaskSwitchContext)
    vTask_ControlLamps                       0x08004181   Thumb Code   378  main.o(i.vTask_ControlLamps)
    vTask_SendEngineStatus                   0x0800430d   Thumb Code   210  main.o(i.vTask_SendEngineStatus)
    vTimerCallback                           0x08004401   Thumb Code    34  main.o(i.vTimerCallback)
    xPortStartScheduler                      0x08004429   Thumb Code   116  port.o(i.xPortStartScheduler)
    xPortSysTickHandler                      0x080044ad   Thumb Code    30  port.o(i.xPortSysTickHandler)
    xQueueGenericCreate                      0x080044d1   Thumb Code    70  queue.o(i.xQueueGenericCreate)
    xQueueGenericReceive                     0x08004519   Thumb Code   302  queue.o(i.xQueueGenericReceive)
    xQueueGenericReset                       0x08004647   Thumb Code   106  queue.o(i.xQueueGenericReset)
    xQueueGenericSend                        0x080046b1   Thumb Code   276  queue.o(i.xQueueGenericSend)
    xQueueGenericSendFromISR                 0x080047c5   Thumb Code   146  queue.o(i.xQueueGenericSendFromISR)
    xTaskCheckForTimeOut                     0x08004859   Thumb Code    82  tasks.o(i.xTaskCheckForTimeOut)
    xTaskGenericCreate                       0x080048b1   Thumb Code   380  tasks.o(i.xTaskGenericCreate)
    xTaskGetSchedulerState                   0x08004a35   Thumb Code    22  tasks.o(i.xTaskGetSchedulerState)
    xTaskGetTickCount                        0x08004a51   Thumb Code    18  tasks.o(i.xTaskGetTickCount)
    xTaskIncrementTick                       0x08004a69   Thumb Code   184  tasks.o(i.xTaskIncrementTick)
    xTaskPriorityDisinherit                  0x08004b29   Thumb Code   112  tasks.o(i.xTaskPriorityDisinherit)
    xTaskRemoveFromEventList                 0x08004ba1   Thumb Code    98  tasks.o(i.xTaskRemoveFromEventList)
    xTaskResumeAll                           0x08004c0d   Thumb Code   162  tasks.o(i.xTaskResumeAll)
    xTimerCreate                             0x08004cb9   Thumb Code    62  timers.o(i.xTimerCreate)
    xTimerCreateTimerTask                    0x08004cf9   Thumb Code    50  timers.o(i.xTimerCreateTimerTask)
    xTimerGenericCommand                     0x08004d3d   Thumb Code    68  timers.o(i.xTimerGenericCommand)
    APBAHBPrescTable                         0x08004d84   Data          16  stm32f4xx_hal_rcc.o(.constdata)
    Region$$Table$$Base                      0x08004d94   Number         0  anon$$obj.o(Region$$Table)
    Region$$Table$$Limit                     0x08004db4   Number         0  anon$$obj.o(Region$$Table)
    USBD_CUSTOM_HID                          0x20000008   Data          60  usbd_customhid.o(.data)
    pxCurrentTCB                             0x200000a4   Data           4  tasks.o(.data)
    SystemCoreClock                          0x200000f4   Data           4  system_stm32f4xx.o(.data)
    AHBPrescTable                            0x200000f8   Data          16  system_stm32f4xx.o(.data)
    FS_Desc                                  0x20000108   Data          28  usbd_desc.o(.data)
    USBD_LangIDDesc                          0x20000124   Data           4  usbd_desc.o(.data)
    USBD_FS_DeviceDesc                       0x20000128   Data          18  usbd_desc.o(.data)
    engine_switch_pressed                    0x2000013a   Data           1  main.o(.data)
    message_received_flag                    0x2000013b   Data           1  main.o(.data)
    message_transmitted_flag                 0x2000013c   Data           1  main.o(.data)
    timer_expire_count                       0x2000013d   Data           1  main.o(.data)
    USBD_CustomHID_fops_FS                   0x20000144   Data          16  usbd_custom_hid_if.o(.data)
    hUsbDevice_0                             0x20000158   Data           4  usbd_custom_hid_if.o(.data)
    __microlib_freelist                      0x2000015c   Data           4  mvars.o(.data)
    __microlib_freelist_initialised          0x20000160   Data           4  mvars.o(.data)
    xQueueRegistry                           0x20003e7c   Data          64  queue.o(.bss)
    USBD_StrDesc                             0x20003ebc   Data         512  usbd_desc.o(.bss)
    hadc1                                    0x200040fc   Data          68  main.o(.bss)
    hcan1                                    0x20004140   Data          64  main.o(.bss)
    hcan2                                    0x20004180   Data          64  main.o(.bss)
    hpcd_USB_OTG_FS                          0x200041c0   Data         948  usbd_conf.o(.bss)
    hUsbDeviceFS                             0x20004574   Data         548  usb_device.o(.bss)
    __heap_base                              0x20004798   Data           0  startup_stm32f407xx.o(HEAP)
    __heap_limit                             0x20004998   Data           0  startup_stm32f407xx.o(HEAP)
    __initial_sp                             0x20004d98   Data           0  startup_stm32f407xx.o(STACK)



==============================================================================

Memory Map of the image

  Image Entry point : 0x08000189

  Load Region LR_IROM1 (Base: 0x08000000, Size: 0x00004f18, Max: 0x00100000, ABSOLUTE, COMPRESSED[0x00004e58])

    Execution Region ER_IROM1 (Base: 0x08000000, Size: 0x00004db4, Max: 0x00100000, ABSOLUTE)

    Base Addr    Size         Type   Attr      Idx    E Section Name        Object

    0x08000000   0x00000188   Data   RO         1981    RESET               startup_stm32f407xx.o
    0x08000188   0x00000000   Code   RO         4011  * .ARM.Collect$$$$00000000  mc_w.l(entry.o)
    0x08000188   0x00000004   Code   RO         4048    .ARM.Collect$$$$00000001  mc_w.l(entry2.o)
    0x0800018c   0x00000004   Code   RO         4051    .ARM.Collect$$$$00000004  mc_w.l(entry5.o)
    0x08000190   0x00000000   Code   RO         4053    .ARM.Collect$$$$00000008  mc_w.l(entry7b.o)
    0x08000190   0x00000000   Code   RO         4055    .ARM.Collect$$$$0000000A  mc_w.l(entry8b.o)
    0x08000190   0x00000008   Code   RO         4056    .ARM.Collect$$$$0000000B  mc_w.l(entry9a.o)
    0x08000198   0x00000000   Code   RO         4058    .ARM.Collect$$$$0000000D  mc_w.l(entry10a.o)
    0x08000198   0x00000000   Code   RO         4060    .ARM.Collect$$$$0000000F  mc_w.l(entry11a.o)
    0x08000198   0x00000004   Code   RO         4049    .ARM.Collect$$$$00002712  mc_w.l(entry2.o)
    0x0800019c   0x000000c6   Code   RO         2656    .emb_text           port.o
    0x08000262   0x00000002   PAD
    0x08000264   0x00000024   Code   RO         1982    .text               startup_stm32f407xx.o
    0x08000288   0x00000024   Code   RO         4014    .text               mc_w.l(memcpya.o)
    0x080002ac   0x00000024   Code   RO         4016    .text               mc_w.l(memseta.o)
    0x080002d0   0x00000024   Code   RO         4064    .text               mc_w.l(init.o)
    0x080002f4   0x00000056   Code   RO         4074    .text               mc_w.l(__dczerorl2.o)
    0x0800034a   0x00000002   PAD
    0x0800034c   0x00000134   Code   RO         1461    i.ADC_Init          stm32f4xx_hal_adc.o
    0x08000480   0x00000078   Code   RO         3968    i.CAN1_RX0_IRQHandler  stm32f4xx_it.o
    0x080004f8   0x00000004   Code   RO         3892    i.CUSTOM_HID_DeInit_FS  usbd_custom_hid_if.o
    0x080004fc   0x00000014   Code   RO         3893    i.CUSTOM_HID_Init_FS  usbd_custom_hid_if.o
    0x08000510   0x00000030   Code   RO         3894    i.CUSTOM_HID_OutEvent_FS  usbd_custom_hid_if.o
    0x08000540   0x00000150   Code   RO         1463    i.HAL_ADC_ConfigChannel  stm32f4xx_hal_adc.o
    0x08000690   0x0000003a   Code   RO         1472    i.HAL_ADC_Init      stm32f4xx_hal_adc.o
    0x080006ca   0x00000002   PAD
    0x080006cc   0x00000044   Code   RO         3656    i.HAL_ADC_MspInit   stm32f4xx_hal_msp.o
    0x08000710   0x000000e4   Code   RO         1213    i.HAL_CAN_ConfigFilter  stm32f4xx_hal_can.o
    0x080007f4   0x00000148   Code   RO         1219    i.HAL_CAN_Init      stm32f4xx_hal_can.o
    0x0800093c   0x0000008c   Code   RO         3658    i.HAL_CAN_MspInit   stm32f4xx_hal_msp.o
    0x080009c8   0x00000086   Code   RO         1223    i.HAL_CAN_Receive_IT  stm32f4xx_hal_can.o
    0x08000a4e   0x00000002   PAD
    0x08000a50   0x00000184   Code   RO         1226    i.HAL_CAN_Transmit  stm32f4xx_hal_can.o
    0x08000bd4   0x00000016   Code   RO           11    i.HAL_Delay         stm32f4xx_hal.o
    0x08000bea   0x00000002   PAD
    0x08000bec   0x000001c0   Code   RO          925    i.HAL_GPIO_Init     stm32f4xx_hal_gpio.o
    0x08000dac   0x0000000a   Code   RO          927    i.HAL_GPIO_ReadPin  stm32f4xx_hal_gpio.o
    0x08000db6   0x0000000a   Code   RO          929    i.HAL_GPIO_WritePin  stm32f4xx_hal_gpio.o
    0x08000dc0   0x0000000c   Code   RO           17    i.HAL_GetTick       stm32f4xx_hal.o
    0x08000dcc   0x00000010   Code   RO           18    i.HAL_IncTick       stm32f4xx_hal.o
    0x08000ddc   0x00000034   Code   RO           19    i.HAL_Init          stm32f4xx_hal.o
    0x08000e10   0x00000022   Code   RO           20    i.HAL_InitTick      stm32f4xx_hal.o
    0x08000e32   0x00000016   Code   RO         3659    i.HAL_MspInit       stm32f4xx_hal_msp.o
    0x08000e48   0x00000016   Code   RO         1343    i.HAL_NVIC_EnableIRQ  stm32f4xx_hal_cortex.o
    0x08000e5e   0x00000002   PAD
    0x08000e60   0x00000040   Code   RO         1349    i.HAL_NVIC_SetPriority  stm32f4xx_hal_cortex.o
    0x08000ea0   0x00000024   Code   RO         1350    i.HAL_NVIC_SetPriorityGrouping  stm32f4xx_hal_cortex.o
    0x08000ec4   0x00000008   Code   RO         1669    i.HAL_PCDEx_SetRxFiFo  stm32f4xx_hal_pcd_ex.o
    0x08000ecc   0x00000044   Code   RO         1670    i.HAL_PCDEx_SetTxFiFo  stm32f4xx_hal_pcd_ex.o
    0x08000f10   0x00000008   Code   RO         3703    i.HAL_PCD_ConnectCallback  usbd_conf.o
    0x08000f18   0x00000012   Code   RO         3704    i.HAL_PCD_DataInStageCallback  usbd_conf.o
    0x08000f2a   0x00000014   Code   RO         3705    i.HAL_PCD_DataOutStageCallback  usbd_conf.o
    0x08000f3e   0x00000008   Code   RO         3706    i.HAL_PCD_DisconnectCallback  usbd_conf.o
    0x08000f46   0x00000044   Code   RO          537    i.HAL_PCD_EP_Close  stm32f4xx_hal_pcd.o
    0x08000f8a   0x00000050   Code   RO          538    i.HAL_PCD_EP_ClrStall  stm32f4xx_hal_pcd.o
    0x08000fda   0x00000054   Code   RO          541    i.HAL_PCD_EP_Open   stm32f4xx_hal_pcd.o
    0x0800102e   0x00000002   PAD
    0x08001030   0x0000005e   Code   RO          542    i.HAL_PCD_EP_Receive  stm32f4xx_hal_pcd.o
    0x0800108e   0x00000060   Code   RO          543    i.HAL_PCD_EP_SetStall  stm32f4xx_hal_pcd.o
    0x080010ee   0x00000056   Code   RO          544    i.HAL_PCD_EP_Transmit  stm32f4xx_hal_pcd.o
    0x08001144   0x000003e4   Code   RO          546    i.HAL_PCD_IRQHandler  stm32f4xx_hal_pcd.o
    0x08001528   0x00000008   Code   RO         3707    i.HAL_PCD_ISOINIncompleteCallback  usbd_conf.o
    0x08001530   0x00000008   Code   RO         3708    i.HAL_PCD_ISOOUTIncompleteCallback  usbd_conf.o
    0x08001538   0x000000be   Code   RO          549    i.HAL_PCD_Init      stm32f4xx_hal_pcd.o
    0x080015f6   0x00000002   PAD
    0x080015f8   0x00000078   Code   RO         3710    i.HAL_PCD_MspInit   usbd_conf.o
    0x08001670   0x00000020   Code   RO         3711    i.HAL_PCD_ResetCallback  usbd_conf.o
    0x08001690   0x00000008   Code   RO         3712    i.HAL_PCD_ResumeCallback  usbd_conf.o
    0x08001698   0x00000008   Code   RO         3713    i.HAL_PCD_SOFCallback  usbd_conf.o
    0x080016a0   0x00000024   Code   RO          555    i.HAL_PCD_SetAddress  stm32f4xx_hal_pcd.o
    0x080016c4   0x0000000e   Code   RO         3714    i.HAL_PCD_SetupStageCallback  usbd_conf.o
    0x080016d2   0x0000002a   Code   RO          557    i.HAL_PCD_Start     stm32f4xx_hal_pcd.o
    0x080016fc   0x00000030   Code   RO         3715    i.HAL_PCD_SuspendCallback  usbd_conf.o
    0x0800172c   0x0000020c   Code   RO          250    i.HAL_RCC_ClockConfig  stm32f4xx_hal_rcc.o
    0x08001938   0x00000034   Code   RO          255    i.HAL_RCC_GetHCLKFreq  stm32f4xx_hal_rcc.o
    0x0800196c   0x00000070   Code   RO          259    i.HAL_RCC_GetSysClockFreq  stm32f4xx_hal_rcc.o
    0x080019dc   0x0000033c   Code   RO          262    i.HAL_RCC_OscConfig  stm32f4xx_hal_rcc.o
    0x08001d18   0x00000018   Code   RO         1352    i.HAL_SYSTICK_CLKSourceConfig  stm32f4xx_hal_cortex.o
    0x08001d30   0x00000028   Code   RO         1354    i.HAL_SYSTICK_Config  stm32f4xx_hal_cortex.o
    0x08001d58   0x00000040   Code   RO         3544    i.MX_ADC1_Init      main.o
    0x08001d98   0x00000090   Code   RO         3545    i.MX_CAN1_Init      main.o
    0x08001e28   0x0000002c   Code   RO         3546    i.MX_CAN2_Init      main.o
    0x08001e54   0x00000194   Code   RO         3547    i.MX_GPIO_Init      main.o
    0x08001fe8   0x00000038   Code   RO         3934    i.MX_USB_DEVICE_Init  usb_device.o
    0x08002020   0x00000020   Code   RO         1356    i.NVIC_SetPriority  stm32f4xx_hal_cortex.o
    0x08002040   0x0000000c   Code   RO         3969    i.OTG_FS_IRQHandler  stm32f4xx_it.o
    0x0800204c   0x00000096   Code   RO          560    i.PCD_WriteEmptyTxFifo  stm32f4xx_hal_pcd.o
    0x080020e2   0x0000000e   Code   RO         3970    i.SysTick_Handler   stm32f4xx_it.o
    0x080020f0   0x0000008c   Code   RO         3549    i.SystemClock_Config  main.o
    0x0800217c   0x00000054   Code   RO         3441    i.SystemInit        system_stm32f4xx.o
    0x080021d0   0x0000000c   Code   RO         2273    i.USBD_CUSTOM_HID_DataIn  usbd_customhid.o
    0x080021dc   0x00000024   Code   RO         2274    i.USBD_CUSTOM_HID_DataOut  usbd_customhid.o
    0x08002200   0x00000042   Code   RO         2275    i.USBD_CUSTOM_HID_DeInit  usbd_customhid.o
    0x08002242   0x00000022   Code   RO         2276    i.USBD_CUSTOM_HID_EP0_RxReady  usbd_customhid.o
    0x08002264   0x0000000c   Code   RO         2277    i.USBD_CUSTOM_HID_GetCfgDesc  usbd_customhid.o
    0x08002270   0x0000000c   Code   RO         2278    i.USBD_CUSTOM_HID_GetDeviceQualifierDesc  usbd_customhid.o
    0x0800227c   0x00000062   Code   RO         2279    i.USBD_CUSTOM_HID_Init  usbd_customhid.o
    0x080022de   0x00000010   Code   RO         2280    i.USBD_CUSTOM_HID_RegisterInterface  usbd_customhid.o
    0x080022ee   0x00000024   Code   RO         2281    i.USBD_CUSTOM_HID_SendReport  usbd_customhid.o
    0x08002312   0x00000002   PAD
    0x08002314   0x000000b8   Code   RO         2282    i.USBD_CUSTOM_HID_Setup  usbd_customhid.o
    0x080023cc   0x0000000e   Code   RO         2075    i.USBD_ClrClassConfig  usbd_core.o
    0x080023da   0x00000010   Code   RO         2213    i.USBD_CtlContinueRx  usbd_ioreq.o
    0x080023ea   0x00000010   Code   RO         2214    i.USBD_CtlContinueSendData  usbd_ioreq.o
    0x080023fa   0x00000016   Code   RO         1989    i.USBD_CtlError     usbd_ctlreq.o
    0x08002410   0x0000001e   Code   RO         2215    i.USBD_CtlPrepareRx  usbd_ioreq.o
    0x0800242e   0x00000016   Code   RO         2216    i.USBD_CtlReceiveStatus  usbd_ioreq.o
    0x08002444   0x0000001a   Code   RO         2217    i.USBD_CtlSendData  usbd_ioreq.o
    0x0800245e   0x00000016   Code   RO         2218    i.USBD_CtlSendStatus  usbd_ioreq.o
    0x08002474   0x00000028   Code   RO         3476    i.USBD_FS_ConfigStrDescriptor  usbd_desc.o
    0x0800249c   0x0000000c   Code   RO         3477    i.USBD_FS_DeviceDescriptor  usbd_desc.o
    0x080024a8   0x0000002c   Code   RO         3478    i.USBD_FS_InterfaceStrDescriptor  usbd_desc.o
    0x080024d4   0x0000000c   Code   RO         3479    i.USBD_FS_LangIDStrDescriptor  usbd_desc.o
    0x080024e0   0x00000028   Code   RO         3480    i.USBD_FS_ManufacturerStrDescriptor  usbd_desc.o
    0x08002508   0x00000034   Code   RO         3481    i.USBD_FS_ProductStrDescriptor  usbd_desc.o
    0x0800253c   0x00000024   Code   RO         3482    i.USBD_FS_SerialStrDescriptor  usbd_desc.o
    0x08002560   0x000000f2   Code   RO         1990    i.USBD_GetDescriptor  usbd_ctlreq.o
    0x08002652   0x00000046   Code   RO         1991    i.USBD_GetString    usbd_ctlreq.o
    0x08002698   0x0000002a   Code   RO         2077    i.USBD_Init         usbd_core.o
    0x080026c2   0x0000000e   Code   RO         3716    i.USBD_LL_ClearStallEP  usbd_conf.o
    0x080026d0   0x0000000e   Code   RO         3717    i.USBD_LL_CloseEP   usbd_conf.o
    0x080026de   0x000000aa   Code   RO         2078    i.USBD_LL_DataInStage  usbd_core.o
    0x08002788   0x0000006a   Code   RO         2079    i.USBD_LL_DataOutStage  usbd_core.o
    0x080027f2   0x00000004   Code   RO         2080    i.USBD_LL_DevConnected  usbd_core.o
    0x080027f6   0x00000016   Code   RO         2081    i.USBD_LL_DevDisconnected  usbd_core.o
    0x0800280c   0x00000070   Code   RO         3722    i.USBD_LL_Init      usbd_conf.o
    0x0800287c   0x00000020   Code   RO         3723    i.USBD_LL_IsStallEP  usbd_conf.o
    0x0800289c   0x00000004   Code   RO         2082    i.USBD_LL_IsoINIncomplete  usbd_core.o
    0x080028a0   0x00000004   Code   RO         2083    i.USBD_LL_IsoOUTIncomplete  usbd_core.o
    0x080028a4   0x00000014   Code   RO         3724    i.USBD_LL_OpenEP    usbd_conf.o
    0x080028b8   0x0000000e   Code   RO         3725    i.USBD_LL_PrepareReceive  usbd_conf.o
    0x080028c6   0x0000003e   Code   RO         2084    i.USBD_LL_Reset     usbd_core.o
    0x08002904   0x0000000c   Code   RO         2085    i.USBD_LL_Resume    usbd_core.o
    0x08002910   0x00000018   Code   RO         2086    i.USBD_LL_SOF       usbd_core.o
    0x08002928   0x00000006   Code   RO         2087    i.USBD_LL_SetSpeed  usbd_core.o
    0x0800292e   0x0000000e   Code   RO         3726    i.USBD_LL_SetUSBAddress  usbd_conf.o
    0x0800293c   0x0000005a   Code   RO         2088    i.USBD_LL_SetupStage  usbd_core.o
    0x08002996   0x0000000e   Code   RO         3727    i.USBD_LL_StallEP   usbd_conf.o
    0x080029a4   0x0000000e   Code   RO         3728    i.USBD_LL_Start     usbd_conf.o
    0x080029b2   0x00000012   Code   RO         2089    i.USBD_LL_Suspend   usbd_core.o
    0x080029c4   0x0000000e   Code   RO         3730    i.USBD_LL_Transmit  usbd_conf.o
    0x080029d2   0x00000028   Code   RO         1992    i.USBD_ParseSetupRequest  usbd_ctlreq.o
    0x080029fa   0x00000010   Code   RO         2090    i.USBD_RegisterClass  usbd_core.o
    0x08002a0a   0x00000016   Code   RO         2092    i.USBD_SetClassConfig  usbd_core.o
    0x08002a20   0x00000074   Code   RO         1993    i.USBD_SetConfig    usbd_ctlreq.o
    0x08002a94   0x0000000a   Code   RO         2093    i.USBD_Start        usbd_core.o
    0x08002a9e   0x000000f2   Code   RO         1994    i.USBD_StdDevReq    usbd_ctlreq.o
    0x08002b90   0x000000dc   Code   RO         1995    i.USBD_StdEPReq     usbd_ctlreq.o
    0x08002c6c   0x00000034   Code   RO         1996    i.USBD_StdItfReq    usbd_ctlreq.o
    0x08002ca0   0x00000080   Code   RO         1700    i.USB_ActivateEndpoint  stm32f4xx_ll_usb.o
    0x08002d20   0x00000034   Code   RO         1701    i.USB_ActivateSetup  stm32f4xx_ll_usb.o
    0x08002d54   0x0000006c   Code   RO         1703    i.USB_CoreInit      stm32f4xx_ll_usb.o
    0x08002dc0   0x00000038   Code   RO         1704    i.USB_CoreReset     stm32f4xx_ll_usb.o
    0x08002df8   0x0000006e   Code   RO         1706    i.USB_DeactivateEndpoint  stm32f4xx_ll_usb.o
    0x08002e66   0x00000018   Code   RO         1707    i.USB_DevConnect    stm32f4xx_ll_usb.o
    0x08002e7e   0x00000018   Code   RO         1708    i.USB_DevDisconnect  stm32f4xx_ll_usb.o
    0x08002e96   0x00000002   PAD
    0x08002e98   0x00000144   Code   RO         1709    i.USB_DevInit       stm32f4xx_ll_usb.o
    0x08002fdc   0x0000000c   Code   RO         1710    i.USB_DisableGlobalInt  stm32f4xx_ll_usb.o
    0x08002fe8   0x00000140   Code   RO         1713    i.USB_EP0StartXfer  stm32f4xx_ll_usb.o
    0x08003128   0x0000003e   Code   RO         1714    i.USB_EP0_OutStart  stm32f4xx_ll_usb.o
    0x08003166   0x00000064   Code   RO         1715    i.USB_EPClearStall  stm32f4xx_ll_usb.o
    0x080031ca   0x0000005e   Code   RO         1716    i.USB_EPSetStall    stm32f4xx_ll_usb.o
    0x08003228   0x0000021c   Code   RO         1717    i.USB_EPStartXfer   stm32f4xx_ll_usb.o
    0x08003444   0x0000000c   Code   RO         1718    i.USB_EnableGlobalInt  stm32f4xx_ll_usb.o
    0x08003450   0x00000020   Code   RO         1719    i.USB_FlushRxFifo   stm32f4xx_ll_usb.o
    0x08003470   0x00000024   Code   RO         1720    i.USB_FlushTxFifo   stm32f4xx_ll_usb.o
    0x08003494   0x0000003c   Code   RO         1722    i.USB_GetDevSpeed   stm32f4xx_ll_usb.o
    0x080034d0   0x00000008   Code   RO         1724    i.USB_GetMode       stm32f4xx_ll_usb.o
    0x080034d8   0x0000000e   Code   RO         1731    i.USB_ReadDevAllInEpInterrupt  stm32f4xx_ll_usb.o
    0x080034e6   0x0000000e   Code   RO         1732    i.USB_ReadDevAllOutEpInterrupt  stm32f4xx_ll_usb.o
    0x080034f4   0x0000001e   Code   RO         1733    i.USB_ReadDevInEPInterrupt  stm32f4xx_ll_usb.o
    0x08003512   0x00000010   Code   RO         1734    i.USB_ReadDevOutEPInterrupt  stm32f4xx_ll_usb.o
    0x08003522   0x00000008   Code   RO         1735    i.USB_ReadInterrupts  stm32f4xx_ll_usb.o
    0x0800352a   0x00000020   Code   RO         1736    i.USB_ReadPacket    stm32f4xx_ll_usb.o
    0x0800354a   0x0000002c   Code   RO         1738    i.USB_SetCurrentMode  stm32f4xx_ll_usb.o
    0x08003576   0x00000022   Code   RO         1739    i.USB_SetDevAddress  stm32f4xx_ll_usb.o
    0x08003598   0x00000028   Code   RO         1743    i.USB_WritePacket   stm32f4xx_ll_usb.o
    0x080035c0   0x0000000e   Code   RO         4068    i.__scatterload_copy  mc_w.l(handlers.o)
    0x080035ce   0x00000002   Code   RO         4069    i.__scatterload_null  mc_w.l(handlers.o)
    0x080035d0   0x0000000e   Code   RO         4070    i.__scatterload_zeroinit  mc_w.l(handlers.o)
    0x080035de   0x00000002   PAD
    0x080035e0   0x00000050   Code   RO         4020    i.free              mc_w.l(malloc.o)
    0x08003630   0x00000078   Code   RO         3550    i.main              main.o
    0x080036a8   0x0000006c   Code   RO         4021    i.malloc            mc_w.l(malloc.o)
    0x08003714   0x0000000a   Code   RO         2356    i.osKernelStart     cmsis_os.o
    0x0800371e   0x00000014   Code   RO         2377    i.osSystickHandler  cmsis_os.o
    0x08003732   0x00000002   PAD
    0x08003734   0x00000034   Code   RO         2935    i.prvAddCurrentTaskToDelayedList  tasks.o
    0x08003768   0x00000054   Code   RO         2856    i.prvCheckForValidListAndQueue  timers.o
    0x080037bc   0x00000054   Code   RO         2936    i.prvCheckTasksWaitingTermination  tasks.o
    0x08003810   0x00000026   Code   RO         3275    i.prvCopyDataFromQueue  queue.o
    0x08003836   0x0000006e   Code   RO         3276    i.prvCopyDataToQueue  queue.o
    0x080038a4   0x0000004c   Code   RO         3190    i.prvHeapInit       heap_4.o
    0x080038f0   0x00000018   Code   RO         2937    i.prvIdleTask       tasks.o
    0x08003908   0x0000004c   Code   RO         3191    i.prvInsertBlockIntoFreeList  heap_4.o
    0x08003954   0x00000038   Code   RO         2857    i.prvInsertTimerInActiveList  timers.o
    0x0800398c   0x000000a8   Code   RO         2858    i.prvProcessReceivedCommands  timers.o
    0x08003a34   0x0000008c   Code   RO         2859    i.prvProcessTimerOrBlockTask  timers.o
    0x08003ac0   0x00000020   Code   RO         2939    i.prvResetNextTaskUnblockTime  tasks.o
    0x08003ae0   0x00000028   Code   RO         2860    i.prvSampleTimeNow  timers.o
    0x08003b08   0x00000060   Code   RO         2861    i.prvSwitchTimerLists  timers.o
    0x08003b68   0x00000018   Code   RO         2657    i.prvTaskExitError  port.o
    0x08003b80   0x00000024   Code   RO         2862    i.prvTimerTask      timers.o
    0x08003ba4   0x00000064   Code   RO         3277    i.prvUnlockQueue    queue.o
    0x08003c08   0x000000bc   Code   RO         3192    i.pvPortMalloc      heap_4.o
    0x08003cc4   0x00000018   Code   RO         2941    i.pvTaskIncrementMutexHeldCount  tasks.o
    0x08003cdc   0x00000028   Code   RO         2658    i.pxPortInitialiseStack  port.o
    0x08003d04   0x00000024   Code   RO         3239    i.uxListRemove      list.o
    0x08003d28   0x00000016   Code   RO         3240    i.vListInitialise   list.o
    0x08003d3e   0x00000006   Code   RO         3241    i.vListInitialiseItem  list.o
    0x08003d44   0x00000030   Code   RO         3242    i.vListInsert       list.o
    0x08003d74   0x00000018   Code   RO         3243    i.vListInsertEnd    list.o
    0x08003d8c   0x00000034   Code   RO         2660    i.vPortEnterCritical  port.o
    0x08003dc0   0x00000024   Code   RO         2661    i.vPortExitCritical  port.o
    0x08003de4   0x00000048   Code   RO         3193    i.vPortFree         heap_4.o
    0x08003e2c   0x00000020   Code   RO         2662    i.vPortSetupTimerInterrupt  port.o
    0x08003e4c   0x00000040   Code   RO         2663    i.vPortValidateInterruptPriority  port.o
    0x08003e8c   0x00000018   Code   RO         2664    i.vPortYield        port.o
    0x08003ea4   0x00000028   Code   RO         3283    i.vQueueAddToRegistry  queue.o
    0x08003ecc   0x00000038   Code   RO         3287    i.vQueueWaitForMessageRestricted  queue.o
    0x08003f04   0x0000007c   Code   RO         2948    i.vTaskDelayUntil   tasks.o
    0x08003f80   0x0000000c   Code   RO         2951    i.vTaskMissedYield  tasks.o
    0x08003f8c   0x00000058   Code   RO         2952    i.vTaskPlaceOnEventList  tasks.o
    0x08003fe4   0x00000044   Code   RO         2953    i.vTaskPlaceOnEventListRestricted  tasks.o
    0x08004028   0x00000084   Code   RO         2955    i.vTaskPriorityInherit  tasks.o
    0x080040ac   0x0000001c   Code   RO         2959    i.vTaskSetTimeOutState  tasks.o
    0x080040c8   0x00000054   Code   RO         2960    i.vTaskStartScheduler  tasks.o
    0x0800411c   0x00000010   Code   RO         2962    i.vTaskSuspendAll   tasks.o
    0x0800412c   0x00000054   Code   RO         2963    i.vTaskSwitchContext  tasks.o
    0x08004180   0x0000018c   Code   RO         3551    i.vTask_ControlLamps  main.o
    0x0800430c   0x000000f4   Code   RO         3553    i.vTask_SendEngineStatus  main.o
    0x08004400   0x00000028   Code   RO         3554    i.vTimerCallback    main.o
    0x08004428   0x00000084   Code   RO         2665    i.xPortStartScheduler  port.o
    0x080044ac   0x00000024   Code   RO         2666    i.xPortSysTickHandler  port.o
    0x080044d0   0x00000046   Code   RO         3290    i.xQueueGenericCreate  queue.o
    0x08004516   0x00000002   PAD
    0x08004518   0x0000012e   Code   RO         3291    i.xQueueGenericReceive  queue.o
    0x08004646   0x0000006a   Code   RO         3292    i.xQueueGenericReset  queue.o
    0x080046b0   0x00000114   Code   RO         3293    i.xQueueGenericSend  queue.o
    0x080047c4   0x00000092   Code   RO         3294    i.xQueueGenericSendFromISR  queue.o
    0x08004856   0x00000002   PAD
    0x08004858   0x00000058   Code   RO         2964    i.xTaskCheckForTimeOut  tasks.o
    0x080048b0   0x00000184   Code   RO         2965    i.xTaskGenericCreate  tasks.o
    0x08004a34   0x0000001c   Code   RO         2967    i.xTaskGetSchedulerState  tasks.o
    0x08004a50   0x00000018   Code   RO         2968    i.xTaskGetTickCount  tasks.o
    0x08004a68   0x000000c0   Code   RO         2970    i.xTaskIncrementTick  tasks.o
    0x08004b28   0x00000078   Code   RO         2971    i.xTaskPriorityDisinherit  tasks.o
    0x08004ba0   0x0000006c   Code   RO         2972    i.xTaskRemoveFromEventList  tasks.o
    0x08004c0c   0x000000ac   Code   RO         2974    i.xTaskResumeAll    tasks.o
    0x08004cb8   0x0000003e   Code   RO         2864    i.xTimerCreate      timers.o
    0x08004cf6   0x00000002   PAD
    0x08004cf8   0x00000044   Code   RO         2865    i.xTimerCreateTimerTask  timers.o
    0x08004d3c   0x00000048   Code   RO         2866    i.xTimerGenericCommand  timers.o
    0x08004d84   0x00000010   Data   RO          263    .constdata          stm32f4xx_hal_rcc.o
    0x08004d94   0x00000020   Data   RO         4066    Region$$Table       anon$$obj.o


    Execution Region RW_IRAM1 (Base: 0x20000000, Size: 0x00004d98, Max: 0x00020000, ABSOLUTE, COMPRESSED[0x000000a4])

    Base Addr    Size         Type   Attr      Idx    E Section Name        Object

    0x20000000   0x00000004   Data   RW           25    .data               stm32f4xx_hal.o
    0x20000004   0x00000001   Data   RW         1997    .data               usbd_ctlreq.o
    0x20000005   0x00000003   PAD
    0x20000008   0x0000003c   Data   RW         2283    .data               usbd_customhid.o
    0x20000044   0x00000042   Data   RW         2284    .data               usbd_customhid.o
    0x20000086   0x00000002   PAD
    0x20000088   0x0000000c   Data   RW         2667    .data               port.o
    0x20000094   0x00000010   Data   RW         2869    .data               timers.o
    0x200000a4   0x00000038   Data   RW         2977    .data               tasks.o
    0x200000dc   0x00000018   Data   RW         3198    .data               heap_4.o
    0x200000f4   0x00000014   Data   RW         3442    .data               system_stm32f4xx.o
    0x20000108   0x0000001c   Data   RW         3484    .data               usbd_desc.o
    0x20000124   0x00000016   Data   RW         3485    .data               usbd_desc.o
    0x2000013a   0x00000005   Data   RW         3556    .data               main.o
    0x2000013f   0x00000001   PAD
    0x20000140   0x00000002   Data   RW         3895    .data               usbd_custom_hid_if.o
    0x20000142   0x00000002   PAD
    0x20000144   0x00000010   Data   RW         3896    .data               usbd_custom_hid_if.o
    0x20000154   0x00000008   Data   RW         3897    .data               usbd_custom_hid_if.o
    0x2000015c   0x00000004   Data   RW         4062    .data               mc_w.l(mvars.o)
    0x20000160   0x00000004   Data   RW         4063    .data               mc_w.l(mvars.o)
    0x20000164   0x00000028   Zero   RW         2868    .bss                timers.o
    0x2000018c   0x000000f0   Zero   RW         2976    .bss                tasks.o
    0x2000027c   0x00003c00   Zero   RW         3197    .bss                heap_4.o
    0x20003e7c   0x00000040   Zero   RW         3301    .bss                queue.o
    0x20003ebc   0x00000200   Zero   RW         3483    .bss                usbd_desc.o
    0x200040bc   0x00000104   Zero   RW         3555    .bss                main.o
    0x200041c0   0x000003b4   Zero   RW         3731    .bss                usbd_conf.o
    0x20004574   0x00000224   Zero   RW         3935    .bss                usb_device.o
    0x20004798   0x00000200   Zero   RW         1980    HEAP                startup_stm32f407xx.o
    0x20004998   0x00000400   Zero   RW         1979    STACK               startup_stm32f407xx.o


==============================================================================

Image component sizes


      Code (inc. data)   RO Data    RW Data    ZI Data      Debug   Object Name

        30          0          0          0          0      20911   cmsis_os.o
         0          0          0          0          0       1472   event_groups.o
       412         24          0         24      15360       4283   heap_4.o
       136          0          0          0          0       3530   list.o
      1596        162          0          5        260      12623   main.o
       638         84          0         12          0       9438   port.o
      1244          6          0          0         64      10653   queue.o
        36          8        392          0       1536        952   startup_stm32f407xx.o
       136         16          0          4          0     353750   stm32f4xx_hal.o
       702         22          0          0          0       2695   stm32f4xx_hal_adc.o
      1078         24          0          0          0       4122   stm32f4xx_hal_can.o
       218         14          0          0          0      30669   stm32f4xx_hal_cortex.o
       468         50          0          0          0       3031   stm32f4xx_hal_gpio.o
       230         36          0          0          0       2326   stm32f4xx_hal_msp.o
      1922          0          0          0          0       9601   stm32f4xx_hal_pcd.o
        76          0          0          0          0       1780   stm32f4xx_hal_pcd_ex.o
      1516         54         16          0          0       4989   stm32f4xx_hal_rcc.o
       146         18          0          0          0       1580   stm32f4xx_it.o
      2334         52          0          0          0      19616   stm32f4xx_ll_usb.o
        84         18          0         20          0       1429   system_stm32f4xx.o
      1972        158          0         56        240      19955   tasks.o
       822         74          0         16         40       9258   timers.o
        56         18          0          0        548        784   usb_device.o
       562         18          0          0        948      12998   usbd_conf.o
       626          0          0          0          0      11830   usbd_core.o
      1004         30          0          1          0      11536   usbd_ctlreq.o
        72         20          0         26          0       2345   usbd_custom_hid_if.o
       506         24          0        126          0       9479   usbd_customhid.o
       236        140          0         50        512       5195   usbd_desc.o
       132          0          0          0          0       4396   usbd_ioreq.o

    ----------------------------------------------------------------------
     19016       1070        440        348      19508     587226   Object Totals
         0          0         32          0          0          0   (incl. Generated)
        26          0          0          8          0          0   (incl. Padding)

    ----------------------------------------------------------------------

      Code (inc. data)   RO Data    RW Data    ZI Data      Debug   Library Member Name

        86          0          0          0          0          0   __dczerorl2.o
         0          0          0          0          0          0   entry.o
         0          0          0          0          0          0   entry10a.o
         0          0          0          0          0          0   entry11a.o
         8          4          0          0          0          0   entry2.o
         4          0          0          0          0          0   entry5.o
         0          0          0          0          0          0   entry7b.o
         0          0          0          0          0          0   entry8b.o
         8          4          0          0          0          0   entry9a.o
        30          0          0          0          0          0   handlers.o
        36          8          0          0          0         68   init.o
       188         20          0          0          0        160   malloc.o
        36          0          0          0          0         68   memcpya.o
        36          0          0          0          0        108   memseta.o
         0          0          0          8          0          0   mvars.o

    ----------------------------------------------------------------------
       436         36          0          8          0        404   Library Totals
         4          0          0          0          0          0   (incl. Padding)

    ----------------------------------------------------------------------

      Code (inc. data)   RO Data    RW Data    ZI Data      Debug   Library Name

       432         36          0          8          0        404   mc_w.l

    ----------------------------------------------------------------------
       436         36          0          8          0        404   Library Totals

    ----------------------------------------------------------------------

==============================================================================


      Code (inc. data)   RO Data    RW Data    ZI Data      Debug   

     19452       1106        440        356      19508     566458   Grand Totals
     19452       1106        440        164      19508     566458   ELF Image Totals (compressed)
     19452       1106        440        164          0          0   ROM Totals

==============================================================================

    Total RO  Size (Code + RO Data)                19892 (  19.43kB)
    Total RW  Size (RW Data + ZI Data)             19864 (  19.40kB)
    Total ROM Size (Code + RO Data + RW Data)      20056 (  19.59kB)

==============================================================================

