Component: ARM Compiler 5.05 update 1 (build 106) Tool: armlink [4d0efa]

==============================================================================

Section Cross References

    stm32f4xx_hal.o(i.HAL_DeInit) refers to stm32f4xx_hal.o(i.HAL_MspDeInit) for HAL_MspDeInit
    stm32f4xx_hal.o(i.HAL_Delay) refers to stm32f4xx_hal.o(i.HAL_GetTick) for HAL_GetTick
    stm32f4xx_hal.o(i.HAL_GetTick) refers to stm32f4xx_hal.o(.data) for .data
    stm32f4xx_hal.o(i.HAL_IncTick) refers to stm32f4xx_hal.o(.data) for .data
    stm32f4xx_hal.o(i.HAL_Init) refers to stm32f4xx_hal_cortex.o(i.HAL_NVIC_SetPriorityGrouping) for HAL_NVIC_SetPriorityGrouping
    stm32f4xx_hal.o(i.HAL_Init) refers to stm32f4xx_hal.o(i.HAL_InitTick) for HAL_InitTick
    stm32f4xx_hal.o(i.HAL_Init) refers to stm32f4xx_hal_msp.o(i.HAL_MspInit) for HAL_MspInit
    stm32f4xx_hal.o(i.HAL_InitTick) refers to stm32f4xx_hal_rcc.o(i.HAL_RCC_GetHCLKFreq) for HAL_RCC_GetHCLKFreq
    stm32f4xx_hal.o(i.HAL_InitTick) refers to stm32f4xx_hal_cortex.o(i.HAL_SYSTICK_Config) for HAL_SYSTICK_Config
    stm32f4xx_hal.o(i.HAL_InitTick) refers to stm32f4xx_hal_cortex.o(i.HAL_NVIC_SetPriority) for HAL_NVIC_SetPriority
    stm32f4xx_hal_rcc.o(i.HAL_RCC_ClockConfig) refers to stm32f4xx_hal.o(i.HAL_GetTick) for HAL_GetTick
    stm32f4xx_hal_rcc.o(i.HAL_RCC_ClockConfig) refers to stm32f4xx_hal.o(i.HAL_InitTick) for HAL_InitTick
    stm32f4xx_hal_rcc.o(i.HAL_RCC_GetHCLKFreq) refers to stm32f4xx_hal_rcc.o(i.HAL_RCC_GetSysClockFreq) for HAL_RCC_GetSysClockFreq
    stm32f4xx_hal_rcc.o(i.HAL_RCC_GetHCLKFreq) refers to stm32f4xx_hal_rcc.o(.constdata) for .constdata
    stm32f4xx_hal_rcc.o(i.HAL_RCC_GetHCLKFreq) refers to system_stm32f4xx.o(.data) for SystemCoreClock
    stm32f4xx_hal_rcc.o(i.HAL_RCC_GetPCLK1Freq) refers to stm32f4xx_hal_rcc.o(i.HAL_RCC_GetHCLKFreq) for HAL_RCC_GetHCLKFreq
    stm32f4xx_hal_rcc.o(i.HAL_RCC_GetPCLK1Freq) refers to stm32f4xx_hal_rcc.o(.constdata) for .constdata
    stm32f4xx_hal_rcc.o(i.HAL_RCC_GetPCLK2Freq) refers to stm32f4xx_hal_rcc.o(i.HAL_RCC_GetHCLKFreq) for HAL_RCC_GetHCLKFreq
    stm32f4xx_hal_rcc.o(i.HAL_RCC_GetPCLK2Freq) refers to stm32f4xx_hal_rcc.o(.constdata) for .constdata
    stm32f4xx_hal_rcc.o(i.HAL_RCC_MCOConfig) refers to stm32f4xx_hal_gpio.o(i.HAL_GPIO_Init) for HAL_GPIO_Init
    stm32f4xx_hal_rcc.o(i.HAL_RCC_NMI_IRQHandler) refers to stm32f4xx_hal_rcc.o(i.HAL_RCC_CSSCallback) for HAL_RCC_CSSCallback
    stm32f4xx_hal_rcc.o(i.HAL_RCC_OscConfig) refers to stm32f4xx_hal.o(i.HAL_GetTick) for HAL_GetTick
    stm32f4xx_hal_pwr_ex.o(i.HAL_PWREx_ControlVoltageScaling) refers to stm32f4xx_hal.o(i.HAL_GetTick) for HAL_GetTick
    stm32f4xx_hal_pwr_ex.o(i.HAL_PWREx_DisableBkUpReg) refers to stm32f4xx_hal.o(i.HAL_GetTick) for HAL_GetTick
    stm32f4xx_hal_pwr_ex.o(i.HAL_PWREx_EnableBkUpReg) refers to stm32f4xx_hal.o(i.HAL_GetTick) for HAL_GetTick
    stm32f4xx_hal_pwr.o(i.HAL_PWR_PVD_IRQHandler) refers to stm32f4xx_hal_pwr.o(i.HAL_PWR_PVDCallback) for HAL_PWR_PVDCallback
    stm32f4xx_hal_pcd.o(i.HAL_PCD_DeInit) refers to stm32f4xx_hal_pcd.o(i.HAL_PCD_Stop) for HAL_PCD_Stop
    stm32f4xx_hal_pcd.o(i.HAL_PCD_DeInit) refers to usbd_conf.o(i.HAL_PCD_MspDeInit) for HAL_PCD_MspDeInit
    stm32f4xx_hal_pcd.o(i.HAL_PCD_DevConnect) refers to stm32f4xx_ll_usb.o(i.USB_DevConnect) for USB_DevConnect
    stm32f4xx_hal_pcd.o(i.HAL_PCD_DevDisconnect) refers to stm32f4xx_ll_usb.o(i.USB_DevDisconnect) for USB_DevDisconnect
    stm32f4xx_hal_pcd.o(i.HAL_PCD_EP_Close) refers to stm32f4xx_ll_usb.o(i.USB_DeactivateEndpoint) for USB_DeactivateEndpoint
    stm32f4xx_hal_pcd.o(i.HAL_PCD_EP_ClrStall) refers to stm32f4xx_ll_usb.o(i.USB_EPClearStall) for USB_EPClearStall
    stm32f4xx_hal_pcd.o(i.HAL_PCD_EP_Flush) refers to stm32f4xx_ll_usb.o(i.USB_FlushTxFifo) for USB_FlushTxFifo
    stm32f4xx_hal_pcd.o(i.HAL_PCD_EP_Flush) refers to stm32f4xx_ll_usb.o(i.USB_FlushRxFifo) for USB_FlushRxFifo
    stm32f4xx_hal_pcd.o(i.HAL_PCD_EP_Open) refers to stm32f4xx_ll_usb.o(i.USB_ActivateEndpoint) for USB_ActivateEndpoint
    stm32f4xx_hal_pcd.o(i.HAL_PCD_EP_Receive) refers to stm32f4xx_ll_usb.o(i.USB_EPStartXfer) for USB_EPStartXfer
    stm32f4xx_hal_pcd.o(i.HAL_PCD_EP_Receive) refers to stm32f4xx_ll_usb.o(i.USB_EP0StartXfer) for USB_EP0StartXfer
    stm32f4xx_hal_pcd.o(i.HAL_PCD_EP_SetStall) refers to stm32f4xx_ll_usb.o(i.USB_EPSetStall) for USB_EPSetStall
    stm32f4xx_hal_pcd.o(i.HAL_PCD_EP_SetStall) refers to stm32f4xx_ll_usb.o(i.USB_EP0_OutStart) for USB_EP0_OutStart
    stm32f4xx_hal_pcd.o(i.HAL_PCD_EP_Transmit) refers to stm32f4xx_ll_usb.o(i.USB_EPStartXfer) for USB_EPStartXfer
    stm32f4xx_hal_pcd.o(i.HAL_PCD_EP_Transmit) refers to stm32f4xx_ll_usb.o(i.USB_EP0StartXfer) for USB_EP0StartXfer
    stm32f4xx_hal_pcd.o(i.HAL_PCD_IRQHandler) refers to stm32f4xx_ll_usb.o(i.USB_GetMode) for USB_GetMode
    stm32f4xx_hal_pcd.o(i.HAL_PCD_IRQHandler) refers to stm32f4xx_ll_usb.o(i.USB_ReadInterrupts) for USB_ReadInterrupts
[...]
    .ARM.Collect$$$$0000000A                 0x08000190   Section        0  entry8b.o(.ARM.Collect$$$$0000000A)
    .ARM.Collect$$$$0000000B                 0x08000190   Section        8  entry9a.o(.ARM.Collect$$$$0000000B)
    .ARM.Collect$$$$0000000D                 0x08000198   Section        0  entry10a.o(.ARM.Collect$$$$0000000D)
    .ARM.Collect$$$$0000000F                 0x08000198   Section        0  entry11a.o(.ARM.Collect$$$$0000000F)
    .ARM.Collect$$$$00002712                 0x08000198   Section        4  entry2.o(.ARM.Collect$$$$00002712)
    __lit__00000000                          0x08000198   Data           4  entry2.o(.ARM.Collect$$$$00002712)
    .emb_text                                0x0800019c   Section      198  port.o(.emb_text)
    $v0                                      0x0800019c   Number         0  port.o(.emb_text)
    .text                                    0x08000264   Section       36  startup_stm32f407xx.o(.text)
    $v0                                      0x08000264   Number         0  startup_stm32f407xx.o(.text)
    .text                                    0x08000288   Section        0  memcpya.o(.text)
    .text                                    0x080002ac   Section        0  memseta.o(.text)
    .text                                    0x080002d0   Section       36  init.o(.text)
    .text                                    0x080002f4   Section        0  __dczerorl2.o(.text)
    i.ADC_Init                               0x0800034c   Section        0  stm32f4xx_hal_adc.o(i.ADC_Init)
    ADC_Init                                 0x0800034d   Thumb Code   300  stm32f4xx_hal_adc.o(i.ADC_Init)
    i.CAN1_RX0_IRQHandler                    0x08000480   Section        0  stm32f4xx_it.o(i.CAN1_RX0_IRQHandler)
    i.CUSTOM_HID_DeInit_FS                   0x080004f8   Section        0  usbd_custom_hid_if.o(i.CUSTOM_HID_DeInit_FS)
    CUSTOM_HID_DeInit_FS                     0x080004f9   Thumb Code     4  usbd_custom_hid_if.o(i.CUSTOM_HID_DeInit_FS)
    i.CUSTOM_HID_Init_FS                     0x080004fc   Section        0  usbd_custom_hid_if.o(i.CUSTOM_HID_Init_FS)
    CUSTOM_HID_Init_FS                       0x080004fd   Thumb Code    10  usbd_custom_hid_if.o(i.CUSTOM_HID_Init_FS)
    i.CUSTOM_HID_OutEvent_FS                 0x08000510   Section        0  usbd_custom_hid_if.o(i.CUSTOM_HID_OutEvent_FS)
    CUSTOM_HID_OutEvent_FS                   0x08000511   Thumb Code    38  usbd_custom_hid_if.o(i.CUSTOM_HID_OutEvent_FS)
    i.HAL_ADC_ConfigChannel                  0x08000540   Section        0  stm32f4xx_hal_adc.o(i.HAL_ADC_ConfigChannel)
    i.HAL_ADC_Init                           0x08000690   Section        0  stm32f4xx_hal_adc.o(i.HAL_ADC_Init)
    i.HAL_ADC_MspInit                        0x080006cc   Section        0  stm32f4xx_hal_msp.o(i.HAL_ADC_MspInit)
    i.HAL_CAN_ConfigFilter                   0x08000710   Section        0  stm32f4xx_hal_can.o(i.HAL_CAN_ConfigFilter)
    i.HAL_CAN_Init                           0x080007f4   Section        0  stm32f4xx_hal_can.o(i.HAL_CAN_Init)
    i.HAL_CAN_MspInit                        0x0800093c   Section        0  stm32f4xx_hal_msp.o(i.HAL_CAN_MspInit)
    i.HAL_CAN_Receive_IT                     0x080009c8   Section        0  stm32f4xx_hal_can.o(i.HAL_CAN_Receive_IT)
    i.HAL_Delay                              0x08000a4e   Section        0  stm32f4xx_hal.o(i.HAL_Delay)
    i.HAL_GPIO_Init                          0x08000a64   Section        0  stm32f4xx_hal_gpio.o(i.HAL_GPIO_Init)
    i.HAL_GPIO_WritePin                      0x08000c24   Section        0  stm32f4xx_hal_gpio.o(i.HAL_GPIO_WritePin)
    i.HAL_GetTick                            0x08000c30   Section        0  stm32f4xx_hal.o(i.HAL_GetTick)
    i.HAL_IncTick                            0x08000c3c   Section        0  stm32f4xx_hal.o(i.HAL_IncTick)
    i.HAL_Init                               0x08000c4c   Section        0  stm32f4xx_hal.o(i.HAL_Init)
    i.HAL_InitTick                           0x08000c80   Section        0  stm32f4xx_hal.o(i.HAL_InitTick)
    i.HAL_MspInit                            0x08000ca2   Section        0  stm32f4xx_hal_msp.o(i.HAL_MspInit)
    i.HAL_NVIC_EnableIRQ                     0x08000cb8   Section        0  stm32f4xx_hal_cortex.o(i.HAL_NVIC_EnableIRQ)
    i.HAL_NVIC_SetPriority                   0x08000cd0   Section        0  stm32f4xx_hal_cortex.o(i.HAL_NVIC_SetPriority)
    i.HAL_NVIC_SetPriorityGrouping           0x08000d10   Section        0  stm32f4xx_hal_cortex.o(i.HAL_NVIC_SetPriorityGrouping)
    i.HAL_PCDEx_SetRxFiFo                    0x08000d34   Section        0  stm32f4xx_hal_pcd_ex.o(i.HAL_PCDEx_SetRxFiFo)
    i.HAL_PCDEx_SetTxFiFo                    0x08000d3c   Section        0  stm32f4xx_hal_pcd_ex.o(i.HAL_PCDEx_SetTxFiFo)
    i.HAL_PCD_ConnectCallback                0x08000d80   Section        0  usbd_conf.o(i.HAL_PCD_ConnectCallback)
    i.HAL_PCD_DataInStageCallback            0x08000d88   Section        0  usbd_conf.o(i.HAL_PCD_DataInStageCallback)
    i.HAL_PCD_DataOutStageCallback           0x08000d9a   Section        0  usbd_conf.o(i.HAL_PCD_DataOutStageCallback)
    i.HAL_PCD_DisconnectCallback             0x08000dae   Section        0  usbd_conf.o(i.HAL_PCD_DisconnectCallback)
    i.HAL_PCD_EP_Close                       0x08000db6   Section        0  stm32f4xx_hal_pcd.o(i.HAL_PCD_EP_Close)
    i.HAL_PCD_EP_ClrStall                    0x08000dfa   Section        0  stm32f4xx_hal_pcd.o(i.HAL_PCD_EP_ClrStall)
    i.HAL_PCD_EP_Open                        0x08000e4a   Section        0  stm32f4xx_hal_pcd.o(i.HAL_PCD_EP_Open)
    i.HAL_PCD_EP_Receive                     0x08000ea0   Section        0  stm32f4xx_hal_pcd.o(i.HAL_PCD_EP_Receive)
    i.HAL_PCD_EP_SetStall                    0x08000efe   Section        0  stm32f4xx_hal_pcd.o(i.HAL_PCD_EP_SetStall)
    i.HAL_PCD_EP_Transmit                    0x08000f5e   Section        0  stm32f4xx_hal_pcd.o(i.HAL_PCD_EP_Transmit)
    i.HAL_PCD_IRQHandler                     0x08000fb4   Section        0  stm32f4xx_hal_pcd.o(i.HAL_PCD_IRQHandler)
    i.HAL_PCD_ISOINIncompleteCallback        0x08001398   Section        0  usbd_conf.o(i.HAL_PCD_ISOINIncompleteCallback)
    i.HAL_PCD_ISOOUTIncompleteCallback       0x080013a0   Section        0  usbd_conf.o(i.HAL_PCD_ISOOUTIncompleteCallback)
    i.HAL_PCD_Init                           0x080013a8   Section        0  stm32f4xx_hal_pcd.o(i.HAL_PCD_Init)
    i.HAL_PCD_MspInit                        0x08001468   Section        0  usbd_conf.o(i.HAL_PCD_MspInit)
    i.HAL_PCD_ResetCallback                  0x080014e0   Section        0  usbd_conf.o(i.HAL_PCD_ResetCallback)
    i.HAL_PCD_ResumeCallback                 0x08001500   Section        0  usbd_conf.o(i.HAL_PCD_ResumeCallback)
    i.HAL_PCD_SOFCallback                    0x08001508   Section        0  usbd_conf.o(i.HAL_PCD_SOFCallback)
    i.HAL_PCD_SetAddress                     0x08001510   Section        0  stm32f4xx_hal_pcd.o(i.HAL_PCD_SetAddress)
    i.HAL_PCD_SetupStageCallback             0x08001534   Section        0  usbd_conf.o(i.HAL_PCD_SetupStageCallback)
    i.HAL_PCD_Start                          0x08001542   Section        0  stm32f4xx_hal_pcd.o(i.HAL_PCD_Start)
    i.HAL_PCD_SuspendCallback                0x0800156c   Section        0  usbd_conf.o(i.HAL_PCD_SuspendCallback)
    i.HAL_RCC_ClockConfig                    0x0800159c   Section        0  stm32f4xx_hal_rcc.o(i.HAL_RCC_ClockConfig)
    i.HAL_RCC_GetHCLKFreq                    0x080017a8   Section        0  stm32f4xx_hal_rcc.o(i.HAL_RCC_GetHCLKFreq)
    i.HAL_RCC_GetSysClockFreq                0x080017dc   Section        0  stm32f4xx_hal_rcc.o(i.HAL_RCC_GetSysClockFreq)
    i.HAL_RCC_OscConfig                      0x0800184c   Section        0  stm32f4xx_hal_rcc.o(i.HAL_RCC_OscConfig)
    i.HAL_SYSTICK_CLKSourceConfig            0x08001b88   Section        0  stm32f4xx_hal_cortex.o(i.HAL_SYSTICK_CLKSourceConfig)
    i.HAL_SYSTICK_Config                     0x08001ba0   Section        0  stm32f4xx_hal_cortex.o(i.HAL_SYSTICK_Config)
    i.MX_ADC1_Init                           0x08001bc8   Section        0  main.o(i.MX_ADC1_Init)
    MX_ADC1_Init                             0x08001bc9   Thumb Code    56  main.o(i.MX_ADC1_Init)
    i.MX_CAN1_Init                           0x08001c08   Section        0  main.o(i.MX_CAN1_Init)
    MX_CAN1_Init                             0x08001c09   Thumb Code   126  main.o(i.MX_CAN1_Init)
    i.MX_CAN2_Init                           0x08001c94   Section        0  main.o(i.MX_CAN2_Init)
    MX_CAN2_Init                             0x08001c95   Thumb Code    36  main.o(i.MX_CAN2_Init)
    i.MX_GPIO_Init                           0x08001cc0   Section        0  main.o(i.MX_GPIO_Init)
    MX_GPIO_Init                             0x08001cc1   Thumb Code   376  main.o(i.MX_GPIO_Init)
    i.MX_USB_DEVICE_Init                     0x08001e54   Section        0  usb_device.o(i.MX_USB_DEVICE_Init)
    i.NVIC_SetPriority                       0x08001e8c   Section        0  stm32f4xx_hal_cortex.o(i.NVIC_SetPriority)
    NVIC_SetPriority                         0x08001e8d   Thumb Code    32  stm32f4xx_hal_cortex.o(i.NVIC_SetPriority)
    i.OTG_FS_IRQHandler                      0x08001eac   Section        0  stm32f4xx_it.o(i.OTG_FS_IRQHandler)
    i.PCD_WriteEmptyTxFifo                   0x08001eb8   Section        0  stm32f4xx_hal_pcd.o(i.PCD_WriteEmptyTxFifo)
    PCD_WriteEmptyTxFifo                     0x08001eb9   Thumb Code   150  stm32f4xx_hal_pcd.o(i.PCD_WriteEmptyTxFifo)
    i.StartDefaultTask                       0x08001f50   Section        0  main.o(i.StartDefaultTask)
    i.SysTick_Handler                        0x08001f9c   Section        0  stm32f4xx_it.o(i.SysTick_Handler)
    i.SystemClock_Config                     0x08001fac   Section        0  main.o(i.SystemClock_Config)
    i.SystemInit                             0x08002038   Section        0  system_stm32f4xx.o(i.SystemInit)
    i.USBD_CUSTOM_HID_DataIn                 0x0800208c   Section        0  usbd_customhid.o(i.USBD_CUSTOM_HID_DataIn)
    USBD_CUSTOM_HID_DataIn                   0x0800208d   Thumb Code    12  usbd_customhid.o(i.USBD_CUSTOM_HID_DataIn)
    i.USBD_CUSTOM_HID_DataOut                0x08002098   Section        0  usbd_customhid.o(i.USBD_CUSTOM_HID_DataOut)
    USBD_CUSTOM_HID_DataOut                  0x08002099   Thumb Code    36  usbd_customhid.o(i.USBD_CUSTOM_HID_DataOut)
    i.USBD_CUSTOM_HID_DeInit                 0x080020bc   Section        0  usbd_customhid.o(i.USBD_CUSTOM_HID_DeInit)
    USBD_CUSTOM_HID_DeInit                   0x080020bd   Thumb Code    66  usbd_customhid.o(i.USBD_CUSTOM_HID_DeInit)
    i.USBD_CUSTOM_HID_EP0_RxReady            0x080020fe   Section        0  usbd_customhid.o(i.USBD_CUSTOM_HID_EP0_RxReady)
    USBD_CUSTOM_HID_EP0_RxReady              0x080020ff   Thumb Code    34  usbd_customhid.o(i.USBD_CUSTOM_HID_EP0_RxReady)
    i.USBD_CUSTOM_HID_GetCfgDesc             0x08002120   Section        0  usbd_customhid.o(i.USBD_CUSTOM_HID_GetCfgDesc)
    USBD_CUSTOM_HID_GetCfgDesc               0x08002121   Thumb Code     8  usbd_customhid.o(i.USBD_CUSTOM_HID_GetCfgDesc)
    i.USBD_CUSTOM_HID_GetDeviceQualifierDesc 0x0800212c   Section        0  usbd_customhid.o(i.USBD_CUSTOM_HID_GetDeviceQualifierDesc)
    USBD_CUSTOM_HID_GetDeviceQualifierDesc   0x0800212d   Thumb Code     8  usbd_customhid.o(i.USBD_CUSTOM_HID_GetDeviceQualifierDesc)
    i.USBD_CUSTOM_HID_Init                   0x08002138   Section        0  usbd_customhid.o(i.USBD_CUSTOM_HID_Init)
    USBD_CUSTOM_HID_Init                     0x08002139   Thumb Code    98  usbd_customhid.o(i.USBD_CUSTOM_HID_Init)
    i.USBD_CUSTOM_HID_RegisterInterface      0x0800219a   Section        0  usbd_customhid.o(i.USBD_CUSTOM_HID_RegisterInterface)
    i.USBD_CUSTOM_HID_SendReport             0x080021aa   Section        0  usbd_customhid.o(i.USBD_CUSTOM_HID_SendReport)
    i.USBD_CUSTOM_HID_Setup                  0x080021d0   Section        0  usbd_customhid.o(i.USBD_CUSTOM_HID_Setup)
    USBD_CUSTOM_HID_Setup                    0x080021d1   Thumb Code   178  usbd_customhid.o(i.USBD_CUSTOM_HID_Setup)
    i.USBD_ClrClassConfig                    0x08002288   Section        0  usbd_core.o(i.USBD_ClrClassConfig)
    i.USBD_CtlContinueRx                     0x08002296   Section        0  usbd_ioreq.o(i.USBD_CtlContinueRx)
    i.USBD_CtlContinueSendData               0x080022a6   Section        0  usbd_ioreq.o(i.USBD_CtlContinueSendData)
    i.USBD_CtlError                          0x080022b6   Section        0  usbd_ctlreq.o(i.USBD_CtlError)
    i.USBD_CtlPrepareRx                      0x080022cc   Section        0  usbd_ioreq.o(i.USBD_CtlPrepareRx)
    i.USBD_CtlReceiveStatus                  0x080022ea   Section        0  usbd_ioreq.o(i.USBD_CtlReceiveStatus)
    i.USBD_CtlSendData                       0x08002300   Section        0  usbd_ioreq.o(i.USBD_CtlSendData)
    i.USBD_CtlSendStatus                     0x0800231a   Section        0  usbd_ioreq.o(i.USBD_CtlSendStatus)
    i.USBD_FS_ConfigStrDescriptor            0x08002330   Section        0  usbd_desc.o(i.USBD_FS_ConfigStrDescriptor)
    i.USBD_FS_DeviceDescriptor               0x08002358   Section        0  usbd_desc.o(i.USBD_FS_DeviceDescriptor)
    i.USBD_FS_InterfaceStrDescriptor         0x08002364   Section        0  usbd_desc.o(i.USBD_FS_InterfaceStrDescriptor)
    i.USBD_FS_LangIDStrDescriptor            0x08002390   Section        0  usbd_desc.o(i.USBD_FS_LangIDStrDescriptor)
    i.USBD_FS_ManufacturerStrDescriptor      0x0800239c   Section        0  usbd_desc.o(i.USBD_FS_ManufacturerStrDescriptor)
    i.USBD_FS_ProductStrDescriptor           0x080023c4   Section        0  usbd_desc.o(i.USBD_FS_ProductStrDescriptor)
    i.USBD_FS_SerialStrDescriptor            0x080023f8   Section        0  usbd_desc.o(i.USBD_FS_SerialStrDescriptor)
    i.USBD_GetDescriptor                     0x0800241c   Section        0  usbd_ctlreq.o(i.USBD_GetDescriptor)
    USBD_GetDescriptor                       0x0800241d   Thumb Code   242  usbd_ctlreq.o(i.USBD_GetDescriptor)
    i.USBD_GetString                         0x0800250e   Section        0  usbd_ctlreq.o(i.USBD_GetString)
    i.USBD_Init                              0x08002554   Section        0  usbd_core.o(i.USBD_Init)
    i.USBD_LL_ClearStallEP                   0x0800257e   Section        0  usbd_conf.o(i.USBD_LL_ClearStallEP)
    i.USBD_LL_CloseEP                        0x0800258c   Section        0  usbd_conf.o(i.USBD_LL_CloseEP)
    i.USBD_LL_DataInStage                    0x0800259a   Section        0  usbd_core.o(i.USBD_LL_DataInStage)
    i.USBD_LL_DataOutStage                   0x08002644   Section        0  usbd_core.o(i.USBD_LL_DataOutStage)
    i.USBD_LL_DevConnected                   0x080026ae   Section        0  usbd_core.o(i.USBD_LL_DevConnected)
    i.USBD_LL_DevDisconnected                0x080026b2   Section        0  usbd_core.o(i.USBD_LL_DevDisconnected)
    i.USBD_LL_Init                           0x080026c8   Section        0  usbd_conf.o(i.USBD_LL_Init)
    i.USBD_LL_IsStallEP                      0x08002738   Section        0  usbd_conf.o(i.USBD_LL_IsStallEP)
    i.USBD_LL_IsoINIncomplete                0x08002758   Section        0  usbd_core.o(i.USBD_LL_IsoINIncomplete)
    i.USBD_LL_IsoOUTIncomplete               0x0800275c   Section        0  usbd_core.o(i.USBD_LL_IsoOUTIncomplete)
    i.USBD_LL_OpenEP                         0x08002760   Section        0  usbd_conf.o(i.USBD_LL_OpenEP)
    i.USBD_LL_PrepareReceive                 0x08002774   Section        0  usbd_conf.o(i.USBD_LL_PrepareReceive)
    i.USBD_LL_Reset                          0x08002782   Section        0  usbd_core.o(i.USBD_LL_Reset)
    i.USBD_LL_Resume                         0x080027c0   Section        0  usbd_core.o(i.USBD_LL_Resume)
    i.USBD_LL_SOF                            0x080027cc   Section        0  usbd_core.o(i.USBD_LL_SOF)
    i.USBD_LL_SetSpeed                       0x080027e4   Section        0  usbd_core.o(i.USBD_LL_SetSpeed)
    i.USBD_LL_SetUSBAddress                  0x080027ea   Section        0  usbd_conf.o(i.USBD_LL_SetUSBAddress)
    i.USBD_LL_SetupStage                     0x080027f8   Section        0  usbd_core.o(i.USBD_LL_SetupStage)
    i.USBD_LL_StallEP                        0x08002852   Section        0  usbd_conf.o(i.USBD_LL_StallEP)
    i.USBD_LL_Start                          0x08002860   Section        0  usbd_conf.o(i.USBD_LL_Start)
    i.USBD_LL_Suspend                        0x0800286e   Section        0  usbd_core.o(i.USBD_LL_Suspend)
    i.USBD_LL_Transmit                       0x08002880   Section        0  usbd_conf.o(i.USBD_LL_Transmit)
    i.USBD_ParseSetupRequest                 0x0800288e   Section        0  usbd_ctlreq.o(i.USBD_ParseSetupRequest)
    i.USBD_RegisterClass                     0x080028b6   Section        0  usbd_core.o(i.USBD_RegisterClass)
    i.USBD_SetClassConfig                    0x080028c6   Section        0  usbd_core.o(i.USBD_SetClassConfig)
    i.USBD_SetConfig                         0x080028dc   Section        0  usbd_ctlreq.o(i.USBD_SetConfig)
    USBD_SetConfig                           0x080028dd   Thumb Code   110  usbd_ctlreq.o(i.USBD_SetConfig)
    i.USBD_Start                             0x08002950   Section        0  usbd_core.o(i.USBD_Start)
    i.USBD_StdDevReq                         0x0800295a   Section        0  usbd_ctlreq.o(i.USBD_StdDevReq)
    i.USBD_StdEPReq                          0x08002a4c   Section        0  usbd_ctlreq.o(i.USBD_StdEPReq)
    i.USBD_StdItfReq                         0x08002b28   Section        0  usbd_ctlreq.o(i.USBD_StdItfReq)
    i.USB_ActivateEndpoint                   0x08002b5c   Section        0  stm32f4xx_ll_usb.o(i.USB_ActivateEndpoint)
    i.USB_ActivateSetup                      0x08002bdc   Section        0  stm32f4xx_ll_usb.o(i.USB_ActivateSetup)
    i.USB_CoreInit                           0x08002c10   Section        0  stm32f4xx_ll_usb.o(i.USB_CoreInit)
    i.USB_CoreReset                          0x08002c7c   Section        0  stm32f4xx_ll_usb.o(i.USB_CoreReset)
    USB_CoreReset                            0x08002c7d   Thumb Code    50  stm32f4xx_ll_usb.o(i.USB_CoreReset)
    i.USB_DeactivateEndpoint                 0x08002cb4   Section        0  stm32f4xx_ll_usb.o(i.USB_DeactivateEndpoint)
    i.USB_DevConnect                         0x08002d22   Section        0  stm32f4xx_ll_usb.o(i.USB_DevConnect)
    i.USB_DevDisconnect                      0x08002d3a   Section        0  stm32f4xx_ll_usb.o(i.USB_DevDisconnect)
    i.USB_DevInit                            0x08002d54   Section        0  stm32f4xx_ll_usb.o(i.USB_DevInit)
    i.USB_DisableGlobalInt                   0x08002e98   Section        0  stm32f4xx_ll_usb.o(i.USB_DisableGlobalInt)
    i.USB_EP0StartXfer                       0x08002ea4   Section        0  stm32f4xx_ll_usb.o(i.USB_EP0StartXfer)
    i.USB_EP0_OutStart                       0x08002fe4   Section        0  stm32f4xx_ll_usb.o(i.USB_EP0_OutStart)
    i.USB_EPClearStall                       0x08003022   Section        0  stm32f4xx_ll_usb.o(i.USB_EPClearStall)
    i.USB_EPSetStall                         0x08003086   Section        0  stm32f4xx_ll_usb.o(i.USB_EPSetStall)
    i.USB_EPStartXfer                        0x080030e4   Section        0  stm32f4xx_ll_usb.o(i.USB_EPStartXfer)
    i.USB_EnableGlobalInt                    0x08003300   Section        0  stm32f4xx_ll_usb.o(i.USB_EnableGlobalInt)
    i.USB_FlushRxFifo                        0x0800330c   Section        0  stm32f4xx_ll_usb.o(i.USB_FlushRxFifo)
    i.USB_FlushTxFifo                        0x0800332c   Section        0  stm32f4xx_ll_usb.o(i.USB_FlushTxFifo)
    i.USB_GetDevSpeed                        0x08003350   Section        0  stm32f4xx_ll_usb.o(i.USB_GetDevSpeed)
    i.USB_GetMode                            0x0800338c   Section        0  stm32f4xx_ll_usb.o(i.USB_GetMode)
    i.USB_ReadDevAllInEpInterrupt            0x08003394   Section        0  stm32f4xx_ll_usb.o(i.USB_ReadDevAllInEpInterrupt)
    i.USB_ReadDevAllOutEpInterrupt           0x080033a2   Section        0  stm32f4xx_ll_usb.o(i.USB_ReadDevAllOutEpInterrupt)
    i.USB_ReadDevInEPInterrupt               0x080033b0   Section        0  stm32f4xx_ll_usb.o(i.USB_ReadDevInEPInterrupt)
    i.USB_ReadDevOutEPInterrupt              0x080033ce   Section        0  stm32f4xx_ll_usb.o(i.USB_ReadDevOutEPInterrupt)
    i.USB_ReadInterrupts                     0x080033de   Section        0  stm32f4xx_ll_usb.o(i.USB_ReadInterrupts)
    i.USB_ReadPacket                         0x080033e6   Section        0  stm32f4xx_ll_usb.o(i.USB_ReadPacket)
    i.USB_SetCurrentMode                     0x08003406   Section        0  stm32f4xx_ll_usb.o(i.USB_SetCurrentMode)
    i.USB_SetDevAddress                      0x08003432   Section        0  stm32f4xx_ll_usb.o(i.USB_SetDevAddress)
    i.USB_WritePacket                        0x08003454   Section        0  stm32f4xx_ll_usb.o(i.USB_WritePacket)
    i.__scatterload_copy                     0x0800347c   Section       14  handlers.o(i.__scatterload_copy)
    i.__scatterload_null                     0x0800348a   Section        2  handlers.o(i.__scatterload_null)
    i.__scatterload_zeroinit                 0x0800348c   Section       14  handlers.o(i.__scatterload_zeroinit)
    i.free                                   0x0800349c   Section        0  malloc.o(i.free)
    i.main                                   0x080034ec   Section        0  main.o(i.main)
    i.makeFreeRtosPriority                   0x08003550   Section        0  cmsis_os.o(i.makeFreeRtosPriority)
    makeFreeRtosPriority                     0x08003551   Thumb Code    12  cmsis_os.o(i.makeFreeRtosPriority)
    i.malloc                                 0x0800355c   Section        0  malloc.o(i.malloc)
    i.osDelay                                0x080035c8   Section        0  cmsis_os.o(i.osDelay)
    i.osKernelStart                          0x080035d6   Section        0  cmsis_os.o(i.osKernelStart)
    i.osSystickHandler                       0x080035e0   Section        0  cmsis_os.o(i.osSystickHandler)
    i.osThreadCreate                         0x080035f4   Section        0  cmsis_os.o(i.osThreadCreate)
    i.prvAddCurrentTaskToDelayedList         0x0800362c   Section        0  tasks.o(i.prvAddCurrentTaskToDelayedList)
    prvAddCurrentTaskToDelayedList           0x0800362d   Thumb Code    48  tasks.o(i.prvAddCurrentTaskToDelayedList)
    i.prvCheckTasksWaitingTermination        0x08003660   Section        0  tasks.o(i.prvCheckTasksWaitingTermination)
    prvCheckTasksWaitingTermination          0x08003661   Thumb Code    76  tasks.o(i.prvCheckTasksWaitingTermination)
    i.prvHeapInit                            0x080036b4   Section        0  heap_4.o(i.prvHeapInit)
    prvHeapInit                              0x080036b5   Thumb Code    66  heap_4.o(i.prvHeapInit)
    i.prvIdleTask                            0x08003700   Section        0  tasks.o(i.prvIdleTask)
    prvIdleTask                              0x08003701   Thumb Code    20  tasks.o(i.prvIdleTask)
    i.prvInsertBlockIntoFreeList             0x08003718   Section        0  heap_4.o(i.prvInsertBlockIntoFreeList)
    prvInsertBlockIntoFreeList               0x08003719   Thumb Code    72  heap_4.o(i.prvInsertBlockIntoFreeList)
    i.prvResetNextTaskUnblockTime            0x08003764   Section        0  tasks.o(i.prvResetNextTaskUnblockTime)
    prvResetNextTaskUnblockTime              0x08003765   Thumb Code    26  tasks.o(i.prvResetNextTaskUnblockTime)
    i.prvTaskExitError                       0x08003784   Section        0  port.o(i.prvTaskExitError)
    prvTaskExitError                         0x08003785   Thumb Code    20  port.o(i.prvTaskExitError)
    i.pvPortMalloc                           0x0800379c   Section        0  heap_4.o(i.pvPortMalloc)
    i.pxPortInitialiseStack                  0x08003858   Section        0  port.o(i.pxPortInitialiseStack)
    i.uxListRemove                           0x08003880   Section        0  list.o(i.uxListRemove)
    i.vListInitialise                        0x080038a4   Section        0  list.o(i.vListInitialise)
    i.vListInitialiseItem                    0x080038ba   Section        0  list.o(i.vListInitialiseItem)
    i.vListInsert                            0x080038c0   Section        0  list.o(i.vListInsert)
    i.vListInsertEnd                         0x080038f0   Section        0  list.o(i.vListInsertEnd)
    i.vPortEnterCritical                     0x08003908   Section        0  port.o(i.vPortEnterCritical)
    i.vPortExitCritical                      0x0800393c   Section        0  port.o(i.vPortExitCritical)
    i.vPortFree                              0x08003960   Section        0  heap_4.o(i.vPortFree)
    i.vPortSetupTimerInterrupt               0x080039a8   Section        0  port.o(i.vPortSetupTimerInterrupt)
    i.vPortYield                             0x080039c8   Section        0  port.o(i.vPortYield)
    i.vTaskDelay                             0x080039e0   Section        0  tasks.o(i.vTaskDelay)
    i.vTaskStartScheduler                    0x08003a30   Section        0  tasks.o(i.vTaskStartScheduler)
    i.vTaskSuspendAll                        0x08003a7c   Section        0  tasks.o(i.vTaskSuspendAll)
    i.vTaskSwitchContext                     0x08003a8c   Section        0  tasks.o(i.vTaskSwitchContext)
    i.vTask_ControlLamps                     0x08003ae0   Section        0  main.o(i.vTask_ControlLamps)
    i.xPortStartScheduler                    0x08003c18   Section        0  port.o(i.xPortStartScheduler)
    i.xPortSysTickHandler                    0x08003c9c   Section        0  port.o(i.xPortSysTickHandler)
    i.xTaskGenericCreate                     0x08003cc0   Section        0  tasks.o(i.xTaskGenericCreate)
    i.xTaskGetSchedulerState                 0x08003e44   Section        0  tasks.o(i.xTaskGetSchedulerState)
    i.xTaskIncrementTick                     0x08003e60   Section        0  tasks.o(i.xTaskIncrementTick)
    i.xTaskResumeAll                         0x08003f20   Section        0  tasks.o(i.xTaskResumeAll)
    .constdata                               0x08003fcc   Section       16  stm32f4xx_hal_rcc.o(.constdata)
    .constdata                               0x08003fdc   Section       20  main.o(.constdata)
    .conststring                             0x08003ff0   Section       12  main.o(.conststring)
    .data                                    0x20000000   Section        4  stm32f4xx_hal.o(.data)
    uwTick                                   0x20000000   Data           4  stm32f4xx_hal.o(.data)
    .data                                    0x20000004   Section        1  usbd_ctlreq.o(.data)
    cfgidx                                   0x20000004   Data           1  usbd_ctlreq.o(.data)
    .data                                    0x20000008   Section       60  usbd_customhid.o(.data)
    .data                                    0x20000044   Section       66  usbd_customhid.o(.data)
    USBD_CUSTOM_HID_CfgDesc                  0x20000044   Data          41  usbd_customhid.o(.data)
    USBD_CUSTOM_HID_Desc                     0x20000070   Data           9  usbd_customhid.o(.data)
    USBD_CUSTOM_HID_DeviceQualifierDesc      0x2000007c   Data          10  usbd_customhid.o(.data)
    .data                                    0x20000088   Section       12  port.o(.data)
    ucMaxSysCallPriority                     0x20000088   Data           1  port.o(.data)
    uxCriticalNesting                        0x2000008c   Data           4  port.o(.data)
    ulMaxPRIGROUPValue                       0x20000090   Data           4  port.o(.data)
    .data                                    0x20000094   Section       56  tasks.o(.data)
    uxTasksDeleted                           0x20000098   Data           4  tasks.o(.data)
    uxCurrentNumberOfTasks                   0x2000009c   Data           4  tasks.o(.data)
    xTickCount                               0x200000a0   Data           4  tasks.o(.data)
    uxTopReadyPriority                       0x200000a4   Data           4  tasks.o(.data)
    xSchedulerRunning                        0x200000a8   Data           4  tasks.o(.data)
    uxPendedTicks                            0x200000ac   Data           4  tasks.o(.data)
    xYieldPending                            0x200000b0   Data           4  tasks.o(.data)
    xNumOfOverflows                          0x200000b4   Data           4  tasks.o(.data)
    uxTaskNumber                             0x200000b8   Data           4  tasks.o(.data)
    xNextTaskUnblockTime                     0x200000bc   Data           4  tasks.o(.data)
    uxSchedulerSuspended                     0x200000c0   Data           4  tasks.o(.data)
    pxDelayedTaskList                        0x200000c4   Data           4  tasks.o(.data)
    pxOverflowDelayedTaskList                0x200000c8   Data           4  tasks.o(.data)
    .data                                    0x200000cc   Section       24  heap_4.o(.data)
    pxEnd                                    0x200000cc   Data           4  heap_4.o(.data)
    xFreeBytesRemaining                      0x200000d0   Data           4  heap_4.o(.data)
    xMinimumEverFreeBytesRemaining           0x200000d4   Data           4  heap_4.o(.data)
    xBlockAllocatedBit                       0x200000d8   Data           4  heap_4.o(.data)
    xStart                                   0x200000dc   Data           8  heap_4.o(.data)
    .data                                    0x200000e4   Section       20  system_stm32f4xx.o(.data)
    .data                                    0x200000f8   Section       28  usbd_desc.o(.data)
    .data                                    0x20000114   Section       22  usbd_desc.o(.data)
    .data                                    0x2000012c   Section        4  main.o(.data)
    .data                                    0x20000130   Section        2  usbd_custom_hid_if.o(.data)
    CUSTOM_HID_ReportDesc_FS                 0x20000130   Data           2  usbd_custom_hid_if.o(.data)
    .data                                    0x20000134   Section       16  usbd_custom_hid_if.o(.data)
    .data                                    0x20000144   Section        8  usbd_custom_hid_if.o(.data)
    i                                        0x20000144   Data           4  usbd_custom_hid_if.o(.data)
    .data                                    0x2000014c   Section        4  mvars.o(.data)
    .data                                    0x20000150   Section        4  mvars.o(.data)
    .bss                                     0x20000154   Section      240  tasks.o(.bss)
    pxReadyTasksLists                        0x20000154   Data         140  tasks.o(.bss)
    xDelayedTaskList1                        0x200001e0   Data          20  tasks.o(.bss)
    xDelayedTaskList2                        0x200001f4   Data          20  tasks.o(.bss)
    xPendingReadyList                        0x20000208   Data          20  tasks.o(.bss)
    xTasksWaitingTermination                 0x2000021c   Data          20  tasks.o(.bss)
    xSuspendedTaskList                       0x20000230   Data          20  tasks.o(.bss)
    .bss                                     0x20000244   Section    15360  heap_4.o(.bss)
    ucHeap                                   0x20000244   Data       15360  heap_4.o(.bss)
    .bss                                     0x20003e44   Section      512  usbd_desc.o(.bss)
    .bss                                     0x20004044   Section      232  main.o(.bss)
    RxMessage                                0x20004044   Data          36  main.o(.bss)
    .bss                                     0x2000412c   Section      948  usbd_conf.o(.bss)
    .bss                                     0x200044e0   Section      548  usb_device.o(.bss)
    HEAP                                     0x20004708   Section      512  startup_stm32f407xx.o(HEAP)
    STACK                                    0x20004908   Section     1024  startup_stm32f407xx.o(STACK)

    Global Symbols

    Symbol Name                              Value     Ov Type        Size  Object(Section)

    BuildAttributes$$THM_ISAv4$E$P$D$K$B$S$7EM$VFPi3$EXTD16$VFPS$VFMA$PE$A:L22UL41UL21$X:L11$S22US41US21$IEEE1$IW$USESV6$~STKCKD$USESV7$~SHL$OSPACE$EBA8$MICROLIB$REQ8$PRES8$EABIv2 0x00000000   Number         0  anon$$obj.o ABSOLUTE
    __ARM_use_no_argv                        0x00000000   Number         0  main.o ABSOLUTE
    __cpp_initialize__aeabi_                  - Undefined Weak Reference
    __cxa_finalize                            - Undefined Weak Reference
    _clock_init                               - Undefined Weak Reference
    _microlib_exit                            - Undefined Weak Reference
    __Vectors_Size                           0x00000188   Number         0  startup_stm32f407xx.o ABSOLUTE
    __Vectors                                0x08000000   Data           4  startup_stm32f407xx.o(RESET)
    __Vectors_End                            0x08000188   Data           0  startup_stm32f407xx.o(RESET)
    __main                                   0x08000189   Thumb Code     0  entry.o(.ARM.Collect$$$$00000000)
    _main_stk                                0x08000189   Thumb Code     0  entry2.o(.ARM.Collect$$$$00000001)
    _main_scatterload                        0x0800018d   Thumb Code     0  entry5.o(.ARM.Collect$$$$00000004)
    __main_after_scatterload                 0x08000191   Thumb Code     0  entry5.o(.ARM.Collect$$$$00000004)
    _main_clock                              0x08000191   Thumb Code     0  entry7b.o(.ARM.Collect$$$$00000008)
    _main_cpp_init                           0x08000191   Thumb Code     0  entry8b.o(.ARM.Collect$$$$0000000A)
    _main_init                               0x08000191   Thumb Code     0  entry9a.o(.ARM.Collect$$$$0000000B)
    __rt_final_cpp                           0x08000199   Thumb Code     0  entry10a.o(.ARM.Collect$$$$0000000D)
    __rt_final_exit                          0x08000199   Thumb Code     0  entry11a.o(.ARM.Collect$$$$0000000F)
    SVC_Handler                              0x0800019d   Thumb Code    28  port.o(.emb_text)
    __asm___6_port_c_39a90d8d__prvStartFirstTask 0x080001bd   Thumb Code    28  port.o(.emb_text)
    __asm___6_port_c_39a90d8d__prvEnableVFP  0x080001dd   Thumb Code    16  port.o(.emb_text)
    PendSV_Handler                           0x080001f1   Thumb Code    84  port.o(.emb_text)
    ulPortSetInterruptMask                   0x08000249   Thumb Code    14  port.o(.emb_text)
    vPortClearInterruptMask                  0x08000257   Thumb Code     6  port.o(.emb_text)
    vPortGetIPSR                             0x0800025d   Thumb Code     6  port.o(.emb_text)
    Reset_Handler                            0x08000265   Thumb Code     8  startup_stm32f407xx.o(.text)
    NMI_Handler                              0x0800026d   Thumb Code     2  startup_stm32f407xx.o(.text)
    HardFault_Handler                        0x0800026f   Thumb Code     2  startup_stm32f407xx.o(.text)
    MemManage_Handler                        0x08000271   Thumb Code     2  startup_stm32f407xx.o(.text)
    BusFault_Handler                         0x08000273   Thumb Code     2  startup_stm32f407xx.o(.text)
    UsageFault_Handler                       0x08000275   Thumb Code     2  startup_stm32f407xx.o(.text)
    DebugMon_Handler                         0x08000279   Thumb Code     2  startup_stm32f407xx.o(.text)
    ADC_IRQHandler                           0x0800027f   Thumb Code     0  startup_stm32f407xx.o(.text)
    CAN1_RX1_IRQHandler                      0x0800027f   Thumb Code     0  startup_stm32f407xx.o(.text)
    CAN1_SCE_IRQHandler                      0x0800027f   Thumb Code     0  startup_stm32f407xx.o(.text)
    CAN1_TX_IRQHandler                       0x0800027f   Thumb Code     0  startup_stm32f407xx.o(.text)
    CAN2_RX0_IRQHandler                      0x0800027f   Thumb Code     0  startup_stm32f407xx.o(.text)
    CAN2_RX1_IRQHandler                      0x0800027f   Thumb Code     0  startup_stm32f407xx.o(.text)
    CAN2_SCE_IRQHandler                      0x0800027f   Thumb Code     0  startup_stm32f407xx.o(.text)
    CAN2_TX_IRQHandler                       0x0800027f   Thumb Code     0  startup_stm32f407xx.o(.text)
    DCMI_IRQHandler                          0x0800027f   Thumb Code     0  startup_stm32f407xx.o(.text)
    DMA1_Stream0_IRQHandler                  0x0800027f   Thumb Code     0  startup_stm32f407xx.o(.text)
    DMA1_Stream1_IRQHandler                  0x0800027f   Thumb Code     0  startup_stm32f407xx.o(.text)
    DMA1_Stream2_IRQHandler                  0x0800027f   Thumb Code     0  startup_stm32f407xx.o(.text)
    DMA1_Stream3_IRQHandler                  0x0800027f   Thumb Code     0  startup_stm32f407xx.o(.text)
    DMA1_Stream4_IRQHandler                  0x0800027f   Thumb Code     0  startup_stm32f407xx.o(.text)
    DMA1_Stream5_IRQHandler                  0x0800027f   Thumb Code     0  startup_stm32f407xx.o(.text)
    DMA1_Stream6_IRQHandler                  0x0800027f   Thumb Code     0  startup_stm32f407xx.o(.text)
    DMA1_Stream7_IRQHandler                  0x0800027f   Thumb Code     0  startup_stm32f407xx.o(.text)
    DMA2_Stream0_IRQHandler                  0x0800027f   Thumb Code     0  startup_stm32f407xx.o(.text)
    DMA2_Stream1_IRQHandler                  0x0800027f   Thumb Code     0  startup_stm32f407xx.o(.text)
    DMA2_Stream2_IRQHandler                  0x0800027f   Thumb Code     0  startup_stm32f407xx.o(.text)
    DMA2_Stream3_IRQHandler                  0x0800027f   Thumb Code     0  startup_stm32f407xx.o(.text)
    DMA2_Stream4_IRQHandler                  0x0800027f   Thumb Code     0  startup_stm32f407xx.o(.text)
    DMA2_Stream5_IRQHandler                  0x0800027f   Thumb Code     0  startup_stm32f407xx.o(.text)
    DMA2_Stream6_IRQHandler                  0x0800027f   Thumb Code     0  startup_stm32f407xx.o(.text)
    DMA2_Stream7_IRQHandler                  0x0800027f   Thumb Code     0  startup_stm32f407xx.o(.text)
    ETH_IRQHandler                           0x0800027f   Thumb Code     0  startup_stm32f407xx.o(.text)
    ETH_WKUP_IRQHandler                      0x0800027f   Thumb Code     0  startup_stm32f407xx.o(.text)
    EXTI0_IRQHandler                         0x0800027f   Thumb Code     0  startup_stm32f407xx.o(.text)
    EXTI15_10_IRQHandler                     0x0800027f   Thumb Code     0  startup_stm32f407xx.o(.text)
    EXTI1_IRQHandler                         0x0800027f   Thumb Code     0  startup_stm32f407xx.o(.text)
    EXTI2_IRQHandler                         0x0800027f   Thumb Code     0  startup_stm32f407xx.o(.text)
    EXTI3_IRQHandler                         0x0800027f   Thumb Code     0  startup_stm32f407xx.o(.text)
    EXTI4_IRQHandler                         0x0800027f   Thumb Code     0  startup_stm32f407xx.o(.text)
    EXTI9_5_IRQHandler                       0x0800027f   Thumb Code     0  startup_stm32f407xx.o(.text)
    FLASH_IRQHandler                         0x0800027f   Thumb Code     0  startup_stm32f407xx.o(.text)
    FMC_IRQHandler                           0x0800027f   Thumb Code     0  startup_stm32f407xx.o(.text)
    FPU_IRQHandler                           0x0800027f   Thumb Code     0  startup_stm32f407xx.o(.text)
    HASH_RNG_IRQHandler                      0x0800027f   Thumb Code     0  startup_stm32f407xx.o(.text)
    I2C1_ER_IRQHandler                       0x0800027f   Thumb Code     0  startup_stm32f407xx.o(.text)
    I2C1_EV_IRQHandler                       0x0800027f   Thumb Code     0  startup_stm32f407xx.o(.text)
    I2C2_ER_IRQHandler                       0x0800027f   Thumb Code     0  startup_stm32f407xx.o(.text)
    I2C2_EV_IRQHandler                       0x0800027f   Thumb Code     0  startup_stm32f407xx.o(.text)
    I2C3_ER_IRQHandler                       0x0800027f   Thumb Code     0  startup_stm32f407xx.o(.text)
    I2C3_EV_IRQHandler                       0x0800027f   Thumb Code     0  startup_stm32f407xx.o(.text)
    OTG_FS_WKUP_IRQHandler                   0x0800027f   Thumb Code     0  startup_stm32f407xx.o(.text)
    OTG_HS_EP1_IN_IRQHandler                 0x0800027f   Thumb Code     0  startup_stm32f407xx.o(.text)
    OTG_HS_EP1_OUT_IRQHandler                0x0800027f   Thumb Code     0  startup_stm32f407xx.o(.text)
    OTG_HS_IRQHandler                        0x0800027f   Thumb Code     0  startup_stm32f407xx.o(.text)
    OTG_HS_WKUP_IRQHandler                   0x0800027f   Thumb Code     0  startup_stm32f407xx.o(.text)
    PVD_IRQHandler                           0x0800027f   Thumb Code     0  startup_stm32f407xx.o(.text)
    RCC_IRQHandler                           0x0800027f   Thumb Code     0  startup_stm32f407xx.o(.text)
    RTC_Alarm_IRQHandler                     0x0800027f   Thumb Code     0  startup_stm32f407xx.o(.text)
    RTC_WKUP_IRQHandler                      0x0800027f   Thumb Code     0  startup_stm32f407xx.o(.text)
    SDIO_IRQHandler                          0x0800027f   Thumb Code     0  startup_stm32f407xx.o(.text)
    SPI1_IRQHandler                          0x0800027f   Thumb Code     0  startup_stm32f407xx.o(.text)
    SPI2_IRQHandler                          0x0800027f   Thumb Code     0  startup_stm32f407xx.o(.text)
    SPI3_IRQHandler                          0x0800027f   Thumb Code     0  startup_stm32f407xx.o(.text)
    TAMP_STAMP_IRQHandler                    0x0800027f   Thumb Code     0  startup_stm32f407xx.o(.text)
    TIM1_BRK_TIM9_IRQHandler                 0x0800027f   Thumb Code     0  startup_stm32f407xx.o(.text)
    TIM1_CC_IRQHandler                       0x0800027f   Thumb Code     0  startup_stm32f407xx.o(.text)
    TIM1_TRG_COM_TIM11_IRQHandler            0x0800027f   Thumb Code     0  startup_stm32f407xx.o(.text)
    TIM1_UP_TIM10_IRQHandler                 0x0800027f   Thumb Code     0  startup_stm32f407xx.o(.text)
    TIM2_IRQHandler                          0x0800027f   Thumb Code     0  startup_stm32f407xx.o(.text)
    TIM3_IRQHandler                          0x0800027f   Thumb Code     0  startup_stm32f407xx.o(.text)
    TIM4_IRQHandler                          0x0800027f   Thumb Code     0  startup_stm32f407xx.o(.text)
    TIM5_IRQHandler                          0x0800027f   Thumb Code     0  startup_stm32f407xx.o(.text)
    TIM6_DAC_IRQHandler                      0x0800027f   Thumb Code     0  startup_stm32f407xx.o(.text)
    TIM7_IRQHandler                          0x0800027f   Thumb Code     0  startup_stm32f407xx.o(.text)
    TIM8_BRK_TIM12_IRQHandler                0x0800027f   Thumb Code     0  startup_stm32f407xx.o(.text)
    TIM8_CC_IRQHandler                       0x0800027f   Thumb Code     0  startup_stm32f407xx.o(.text)
    TIM8_TRG_COM_TIM14_IRQHandler            0x0800027f   Thumb Code     0  startup_stm32f407xx.o(.text)
    TIM8_UP_TIM13_IRQHandler                 0x0800027f   Thumb Code     0  startup_stm32f407xx.o(.text)
    UART4_IRQHandler                         0x0800027f   Thumb Code     0  startup_stm32f407xx.o(.text)
    UART5_IRQHandler                         0x0800027f   Thumb Code     0  startup_stm32f407xx.o(.text)
    USART1_IRQHandler                        0x0800027f   Thumb Code     0  startup_stm32f407xx.o(.text)
    USART2_IRQHandler                        0x0800027f   Thumb Code     0  startup_stm32f407xx.o(.text)
    USART3_IRQHandler                        0x0800027f   Thumb Code     0  startup_stm32f407xx.o(.text)
    USART6_IRQHandler                        0x0800027f   Thumb Code     0  startup_stm32f407xx.o(.text)
    WWDG_IRQHandler                          0x0800027f   Thumb Code     0  startup_stm32f407xx.o(.text)
    __aeabi_memcpy                           0x08000289   Thumb Code    36  memcpya.o(.text)
    __aeabi_memcpy4                          0x08000289   Thumb Code     0  memcpya.o(.text)
    __aeabi_memcpy8                          0x08000289   Thumb Code     0  memcpya.o(.text)
    __aeabi_memset                           0x080002ad   Thumb Code    14  memseta.o(.text)
    __aeabi_memset4                          0x080002ad   Thumb Code     0  memseta.o(.text)
    __aeabi_memset8                          0x080002ad   Thumb Code     0  memseta.o(.text)
    __aeabi_memclr                           0x080002bb   Thumb Code     4  memseta.o(.text)
    __aeabi_memclr4                          0x080002bb   Thumb Code     0  memseta.o(.text)
    __aeabi_memclr8                          0x080002bb   Thumb Code     0  memseta.o(.text)
    _memset$wrapper                          0x080002bf   Thumb Code    18  memseta.o(.text)
    __scatterload                            0x080002d1   Thumb Code    28  init.o(.text)
    __scatterload_rt2                        0x080002d1   Thumb Code     0  init.o(.text)
    __decompress                             0x080002f5   Thumb Code     0  __dczerorl2.o(.text)
    __decompress1                            0x080002f5   Thumb Code    86  __dczerorl2.o(.text)
    CAN1_RX0_IRQHandler                      0x08000481   Thumb Code   108  stm32f4xx_it.o(i.CAN1_RX0_IRQHandler)
    HAL_ADC_ConfigChannel                    0x08000541   Thumb Code   322  stm32f4xx_hal_adc.o(i.HAL_ADC_ConfigChannel)
    HAL_ADC_Init                             0x08000691   Thumb Code    58  stm32f4xx_hal_adc.o(i.HAL_ADC_Init)
    HAL_ADC_MspInit                          0x080006cd   Thumb Code    54  stm32f4xx_hal_msp.o(i.HAL_ADC_MspInit)
    HAL_CAN_ConfigFilter                     0x08000711   Thumb Code   218  stm32f4xx_hal_can.o(i.HAL_CAN_ConfigFilter)
    HAL_CAN_Init                             0x080007f5   Thumb Code   328  stm32f4xx_hal_can.o(i.HAL_CAN_Init)
    HAL_CAN_MspInit                          0x0800093d   Thumb Code   118  stm32f4xx_hal_msp.o(i.HAL_CAN_MspInit)
    HAL_CAN_Receive_IT                       0x080009c9   Thumb Code   134  stm32f4xx_hal_can.o(i.HAL_CAN_Receive_IT)
    HAL_Delay                                0x08000a4f   Thumb Code    22  stm32f4xx_hal.o(i.HAL_Delay)
    HAL_GPIO_Init                            0x08000a65   Thumb Code   398  stm32f4xx_hal_gpio.o(i.HAL_GPIO_Init)
    HAL_GPIO_WritePin                        0x08000c25   Thumb Code    10  stm32f4xx_hal_gpio.o(i.HAL_GPIO_WritePin)
    HAL_GetTick                              0x08000c31   Thumb Code     6  stm32f4xx_hal.o(i.HAL_GetTick)
    HAL_IncTick                              0x08000c3d   Thumb Code    10  stm32f4xx_hal.o(i.HAL_IncTick)
    HAL_Init                                 0x08000c4d   Thumb Code    48  stm32f4xx_hal.o(i.HAL_Init)
    HAL_InitTick                             0x08000c81   Thumb Code    34  stm32f4xx_hal.o(i.HAL_InitTick)
    HAL_MspInit                              0x08000ca3   Thumb Code    22  stm32f4xx_hal_msp.o(i.HAL_MspInit)
    HAL_NVIC_EnableIRQ                       0x08000cb9   Thumb Code    22  stm32f4xx_hal_cortex.o(i.HAL_NVIC_EnableIRQ)
    HAL_NVIC_SetPriority                     0x08000cd1   Thumb Code    60  stm32f4xx_hal_cortex.o(i.HAL_NVIC_SetPriority)
    HAL_NVIC_SetPriorityGrouping             0x08000d11   Thumb Code    26  stm32f4xx_hal_cortex.o(i.HAL_NVIC_SetPriorityGrouping)
    HAL_PCDEx_SetRxFiFo                      0x08000d35   Thumb Code     8  stm32f4xx_hal_pcd_ex.o(i.HAL_PCDEx_SetRxFiFo)
    HAL_PCDEx_SetTxFiFo                      0x08000d3d   Thumb Code    68  stm32f4xx_hal_pcd_ex.o(i.HAL_PCDEx_SetTxFiFo)
    HAL_PCD_ConnectCallback                  0x08000d81   Thumb Code     8  usbd_conf.o(i.HAL_PCD_ConnectCallback)
    HAL_PCD_DataInStageCallback              0x08000d89   Thumb Code    18  usbd_conf.o(i.HAL_PCD_DataInStageCallback)
    HAL_PCD_DataOutStageCallback             0x08000d9b   Thumb Code    20  usbd_conf.o(i.HAL_PCD_DataOutStageCallback)
    HAL_PCD_DisconnectCallback               0x08000daf   Thumb Code     8  usbd_conf.o(i.HAL_PCD_DisconnectCallback)
    HAL_PCD_EP_Close                         0x08000db7   Thumb Code    68  stm32f4xx_hal_pcd.o(i.HAL_PCD_EP_Close)
    HAL_PCD_EP_ClrStall                      0x08000dfb   Thumb Code    80  stm32f4xx_hal_pcd.o(i.HAL_PCD_EP_ClrStall)
    HAL_PCD_EP_Open                          0x08000e4b   Thumb Code    84  stm32f4xx_hal_pcd.o(i.HAL_PCD_EP_Open)
    HAL_PCD_EP_Receive                       0x08000ea1   Thumb Code    94  stm32f4xx_hal_pcd.o(i.HAL_PCD_EP_Receive)
    HAL_PCD_EP_SetStall                      0x08000eff   Thumb Code    96  stm32f4xx_hal_pcd.o(i.HAL_PCD_EP_SetStall)
    HAL_PCD_EP_Transmit                      0x08000f5f   Thumb Code    86  stm32f4xx_hal_pcd.o(i.HAL_PCD_EP_Transmit)
    HAL_PCD_IRQHandler                       0x08000fb5   Thumb Code   996  stm32f4xx_hal_pcd.o(i.HAL_PCD_IRQHandler)
    HAL_PCD_ISOINIncompleteCallback          0x08001399   Thumb Code     8  usbd_conf.o(i.HAL_PCD_ISOINIncompleteCallback)
    HAL_PCD_ISOOUTIncompleteCallback         0x080013a1   Thumb Code     8  usbd_conf.o(i.HAL_PCD_ISOOUTIncompleteCallback)
    HAL_PCD_Init                             0x080013a9   Thumb Code   190  stm32f4xx_hal_pcd.o(i.HAL_PCD_Init)
    HAL_PCD_MspInit                          0x08001469   Thumb Code   110  usbd_conf.o(i.HAL_PCD_MspInit)
    HAL_PCD_ResetCallback                    0x080014e1   Thumb Code    32  usbd_conf.o(i.HAL_PCD_ResetCallback)
    HAL_PCD_ResumeCallback                   0x08001501   Thumb Code     8  usbd_conf.o(i.HAL_PCD_ResumeCallback)
    HAL_PCD_SOFCallback                      0x08001509   Thumb Code     8  usbd_conf.o(i.HAL_PCD_SOFCallback)
    HAL_PCD_SetAddress                       0x08001511   Thumb Code    36  stm32f4xx_hal_pcd.o(i.HAL_PCD_SetAddress)
    HAL_PCD_SetupStageCallback               0x08001535   Thumb Code    14  usbd_conf.o(i.HAL_PCD_SetupStageCallback)
    HAL_PCD_Start                            0x08001543   Thumb Code    42  stm32f4xx_hal_pcd.o(i.HAL_PCD_Start)
    HAL_PCD_SuspendCallback                  0x0800156d   Thumb Code    44  usbd_conf.o(i.HAL_PCD_SuspendCallback)
    HAL_RCC_ClockConfig                      0x0800159d   Thumb Code   514  stm32f4xx_hal_rcc.o(i.HAL_RCC_ClockConfig)
    HAL_RCC_GetHCLKFreq                      0x080017a9   Thumb Code    38  stm32f4xx_hal_rcc.o(i.HAL_RCC_GetHCLKFreq)
    HAL_RCC_GetSysClockFreq                  0x080017dd   Thumb Code   104  stm32f4xx_hal_rcc.o(i.HAL_RCC_GetSysClockFreq)
    HAL_RCC_OscConfig                        0x0800184d   Thumb Code   806  stm32f4xx_hal_rcc.o(i.HAL_RCC_OscConfig)
    HAL_SYSTICK_CLKSourceConfig              0x08001b89   Thumb Code    24  stm32f4xx_hal_cortex.o(i.HAL_SYSTICK_CLKSourceConfig)
    HAL_SYSTICK_Config                       0x08001ba1   Thumb Code    40  stm32f4xx_hal_cortex.o(i.HAL_SYSTICK_Config)
    MX_USB_DEVICE_Init                       0x08001e55   Thumb Code    38  usb_device.o(i.MX_USB_DEVICE_Init)
    OTG_FS_IRQHandler                        0x08001ead   Thumb Code     6  stm32f4xx_it.o(i.OTG_FS_IRQHandler)
    StartDefaultTask                         0x08001f51   Thumb Code    54  main.o(i.StartDefaultTask)
    SysTick_Handler                          0x08001f9d   Thumb Code    14  stm32f4xx_it.o(i.SysTick_Handler)
    SystemClock_Config                       0x08001fad   Thumb Code   130  main.o(i.SystemClock_Config)
    SystemInit                               0x08002039   Thumb Code    66  system_stm32f4xx.o(i.SystemInit)
    USBD_CUSTOM_HID_RegisterInterface        0x0800219b   Thumb Code    16  usbd_customhid.o(i.USBD_CUSTOM_HID_RegisterInterface)
    USBD_CUSTOM_HID_SendReport               0x080021ab   Thumb Code    36  usbd_customhid.o(i.USBD_CUSTOM_HID_SendReport)
    USBD_ClrClassConfig                      0x08002289   Thumb Code    14  usbd_core.o(i.USBD_ClrClassConfig)
    USBD_CtlContinueRx                       0x08002297   Thumb Code    16  usbd_ioreq.o(i.USBD_CtlContinueRx)
    USBD_CtlContinueSendData                 0x080022a7   Thumb Code    16  usbd_ioreq.o(i.USBD_CtlContinueSendData)
    USBD_CtlError                            0x080022b7   Thumb Code    22  usbd_ctlreq.o(i.USBD_CtlError)
    USBD_CtlPrepareRx                        0x080022cd   Thumb Code    30  usbd_ioreq.o(i.USBD_CtlPrepareRx)
    USBD_CtlReceiveStatus                    0x080022eb   Thumb Code    22  usbd_ioreq.o(i.USBD_CtlReceiveStatus)
    USBD_CtlSendData                         0x08002301   Thumb Code    26  usbd_ioreq.o(i.USBD_CtlSendData)
    USBD_CtlSendStatus                       0x0800231b   Thumb Code    22  usbd_ioreq.o(i.USBD_CtlSendStatus)
    USBD_FS_ConfigStrDescriptor              0x08002331   Thumb Code    16  usbd_desc.o(i.USBD_FS_ConfigStrDescriptor)
    USBD_FS_DeviceDescriptor                 0x08002359   Thumb Code     8  usbd_desc.o(i.USBD_FS_DeviceDescriptor)
    USBD_FS_InterfaceStrDescriptor           0x08002365   Thumb Code    16  usbd_desc.o(i.USBD_FS_InterfaceStrDescriptor)
    USBD_FS_LangIDStrDescriptor              0x08002391   Thumb Code     8  usbd_desc.o(i.USBD_FS_LangIDStrDescriptor)
    USBD_FS_ManufacturerStrDescriptor        0x0800239d   Thumb Code    16  usbd_desc.o(i.USBD_FS_ManufacturerStrDescriptor)
    USBD_FS_ProductStrDescriptor             0x080023c5   Thumb Code    16  usbd_desc.o(i.USBD_FS_ProductStrDescriptor)
    USBD_FS_SerialStrDescriptor              0x080023f9   Thumb Code    16  usbd_desc.o(i.USBD_FS_SerialStrDescriptor)
    USBD_GetString                           0x0800250f   Thumb Code    70  usbd_ctlreq.o(i.USBD_GetString)
    USBD_Init                                0x08002555   Thumb Code    42  usbd_core.o(i.USBD_Init)
    USBD_LL_ClearStallEP                     0x0800257f   Thumb Code    14  usbd_conf.o(i.USBD_LL_ClearStallEP)
    USBD_LL_CloseEP                          0x0800258d   Thumb Code    14  usbd_conf.o(i.USBD_LL_CloseEP)
    USBD_LL_DataInStage                      0x0800259b   Thumb Code   170  usbd_core.o(i.USBD_LL_DataInStage)
    USBD_LL_DataOutStage                     0x08002645   Thumb Code   106  usbd_core.o(i.USBD_LL_DataOutStage)
    USBD_LL_DevConnected                     0x080026af   Thumb Code     4  usbd_core.o(i.USBD_LL_DevConnected)
    USBD_LL_DevDisconnected                  0x080026b3   Thumb Code    22  usbd_core.o(i.USBD_LL_DevDisconnected)
    USBD_LL_Init                             0x080026c9   Thumb Code   108  usbd_conf.o(i.USBD_LL_Init)
    USBD_LL_IsStallEP                        0x08002739   Thumb Code    32  usbd_conf.o(i.USBD_LL_IsStallEP)
    USBD_LL_IsoINIncomplete                  0x08002759   Thumb Code     4  usbd_core.o(i.USBD_LL_IsoINIncomplete)
    USBD_LL_IsoOUTIncomplete                 0x0800275d   Thumb Code     4  usbd_core.o(i.USBD_LL_IsoOUTIncomplete)
    USBD_LL_OpenEP                           0x08002761   Thumb Code    20  usbd_conf.o(i.USBD_LL_OpenEP)
    USBD_LL_PrepareReceive                   0x08002775   Thumb Code    14  usbd_conf.o(i.USBD_LL_PrepareReceive)
    USBD_LL_Reset                            0x08002783   Thumb Code    62  usbd_core.o(i.USBD_LL_Reset)
    USBD_LL_Resume                           0x080027c1   Thumb Code    12  usbd_core.o(i.USBD_LL_Resume)
    USBD_LL_SOF                              0x080027cd   Thumb Code    24  usbd_core.o(i.USBD_LL_SOF)
    USBD_LL_SetSpeed                         0x080027e5   Thumb Code     6  usbd_core.o(i.USBD_LL_SetSpeed)
    USBD_LL_SetUSBAddress                    0x080027eb   Thumb Code    14  usbd_conf.o(i.USBD_LL_SetUSBAddress)
    USBD_LL_SetupStage                       0x080027f9   Thumb Code    90  usbd_core.o(i.USBD_LL_SetupStage)
    USBD_LL_StallEP                          0x08002853   Thumb Code    14  usbd_conf.o(i.USBD_LL_StallEP)
    USBD_LL_Start                            0x08002861   Thumb Code    14  usbd_conf.o(i.USBD_LL_Start)
    USBD_LL_Suspend                          0x0800286f   Thumb Code    18  usbd_core.o(i.USBD_LL_Suspend)
    USBD_LL_Transmit                         0x08002881   Thumb Code    14  usbd_conf.o(i.USBD_LL_Transmit)
    USBD_ParseSetupRequest                   0x0800288f   Thumb Code    40  usbd_ctlreq.o(i.USBD_ParseSetupRequest)
    USBD_RegisterClass                       0x080028b7   Thumb Code    16  usbd_core.o(i.USBD_RegisterClass)
    USBD_SetClassConfig                      0x080028c7   Thumb Code    22  usbd_core.o(i.USBD_SetClassConfig)
    USBD_Start                               0x08002951   Thumb Code    10  usbd_core.o(i.USBD_Start)
    USBD_StdDevReq                           0x0800295b   Thumb Code   242  usbd_ctlreq.o(i.USBD_StdDevReq)
    USBD_StdEPReq                            0x08002a4d   Thumb Code   220  usbd_ctlreq.o(i.USBD_StdEPReq)
    USBD_StdItfReq                           0x08002b29   Thumb Code    52  usbd_ctlreq.o(i.USBD_StdItfReq)
    USB_ActivateEndpoint                     0x08002b5d   Thumb Code   122  stm32f4xx_ll_usb.o(i.USB_ActivateEndpoint)
    USB_ActivateSetup                        0x08002bdd   Thumb Code    52  stm32f4xx_ll_usb.o(i.USB_ActivateSetup)
    USB_CoreInit                             0x08002c11   Thumb Code   104  stm32f4xx_ll_usb.o(i.USB_CoreInit)
    USB_DeactivateEndpoint                   0x08002cb5   Thumb Code   110  stm32f4xx_ll_usb.o(i.USB_DeactivateEndpoint)
    USB_DevConnect                           0x08002d23   Thumb Code    24  stm32f4xx_ll_usb.o(i.USB_DevConnect)
    USB_DevDisconnect                        0x08002d3b   Thumb Code    24  stm32f4xx_ll_usb.o(i.USB_DevDisconnect)
    USB_DevInit                              0x08002d55   Thumb Code   306  stm32f4xx_ll_usb.o(i.USB_DevInit)
    USB_DisableGlobalInt                     0x08002e99   Thumb Code    12  stm32f4xx_ll_usb.o(i.USB_DisableGlobalInt)
    USB_EP0StartXfer                         0x08002ea5   Thumb Code   316  stm32f4xx_ll_usb.o(i.USB_EP0StartXfer)
    USB_EP0_OutStart                         0x08002fe5   Thumb Code    62  stm32f4xx_ll_usb.o(i.USB_EP0_OutStart)
    USB_EPClearStall                         0x08003023   Thumb Code   100  stm32f4xx_ll_usb.o(i.USB_EPClearStall)
    USB_EPSetStall                           0x08003087   Thumb Code    94  stm32f4xx_ll_usb.o(i.USB_EPSetStall)
    USB_EPStartXfer                          0x080030e5   Thumb Code   534  stm32f4xx_ll_usb.o(i.USB_EPStartXfer)
    USB_EnableGlobalInt                      0x08003301   Thumb Code    12  stm32f4xx_ll_usb.o(i.USB_EnableGlobalInt)
    USB_FlushRxFifo                          0x0800330d   Thumb Code    28  stm32f4xx_ll_usb.o(i.USB_FlushRxFifo)
    USB_FlushTxFifo                          0x0800332d   Thumb Code    32  stm32f4xx_ll_usb.o(i.USB_FlushTxFifo)
    USB_GetDevSpeed                          0x08003351   Thumb Code    60  stm32f4xx_ll_usb.o(i.USB_GetDevSpeed)
    USB_GetMode                              0x0800338d   Thumb Code     8  stm32f4xx_ll_usb.o(i.USB_GetMode)
    USB_ReadDevAllInEpInterrupt              0x08003395   Thumb Code    14  stm32f4xx_ll_usb.o(i.USB_ReadDevAllInEpInterrupt)
    USB_ReadDevAllOutEpInterrupt             0x080033a3   Thumb Code    14  stm32f4xx_ll_usb.o(i.USB_ReadDevAllOutEpInterrupt)
    USB_ReadDevInEPInterrupt                 0x080033b1   Thumb Code    30  stm32f4xx_ll_usb.o(i.USB_ReadDevInEPInterrupt)
    USB_ReadDevOutEPInterrupt                0x080033cf   Thumb Code    16  stm32f4xx_ll_usb.o(i.USB_ReadDevOutEPInterrupt)
    USB_ReadInterrupts                       0x080033df   Thumb Code     8  stm32f4xx_ll_usb.o(i.USB_ReadInterrupts)
    USB_ReadPacket                           0x080033e7   Thumb Code    32  stm32f4xx_ll_usb.o(i.USB_ReadPacket)
    USB_SetCurrentMode                       0x08003407   Thumb Code    44  stm32f4xx_ll_usb.o(i.USB_SetCurrentMode)
    USB_SetDevAddress                        0x08003433   Thumb Code    34  stm32f4xx_ll_usb.o(i.USB_SetDevAddress)
    USB_WritePacket                          0x08003455   Thumb Code    40  stm32f4xx_ll_usb.o(i.USB_WritePacket)
    __scatterload_copy                       0x0800347d   Thumb Code    14  handlers.o(i.__scatterload_copy)
    __scatterload_null                       0x0800348b   Thumb Code     2  handlers.o(i.__scatterload_null)
    __scatterload_zeroinit                   0x0800348d   Thumb Code    14  handlers.o(i.__scatterload_zeroinit)
    free                                     0x0800349d   Thumb Code    76  malloc.o(i.free)
    main                                     0x080034ed   Thumb Code    78  main.o(i.main)
    malloc                                   0x0800355d   Thumb Code    92  malloc.o(i.malloc)
    osDelay                                  0x080035c9   Thumb Code    14  cmsis_os.o(i.osDelay)
    osKernelStart                            0x080035d7   Thumb Code    10  cmsis_os.o(i.osKernelStart)
    osSystickHandler                         0x080035e1   Thumb Code    20  cmsis_os.o(i.osSystickHandler)
    osThreadCreate                           0x080035f5   Thumb Code    56  cmsis_os.o(i.osThreadCreate)
    pvPortMalloc                             0x0800379d   Thumb Code   182  heap_4.o(i.pvPortMalloc)
    pxPortInitialiseStack                    0x08003859   Thumb Code    36  port.o(i.pxPortInitialiseStack)
    uxListRemove                             0x08003881   Thumb Code    36  list.o(i.uxListRemove)
    vListInitialise                          0x080038a5   Thumb Code    22  list.o(i.vListInitialise)
    vListInitialiseItem                      0x080038bb   Thumb Code     6  list.o(i.vListInitialiseItem)
    vListInsert                              0x080038c1   Thumb Code    48  list.o(i.vListInsert)
    vListInsertEnd                           0x080038f1   Thumb Code    24  list.o(i.vListInsertEnd)
    vPortEnterCritical                       0x08003909   Thumb Code    42  port.o(i.vPortEnterCritical)
    vPortExitCritical                        0x0800393d   Thumb Code    30  port.o(i.vPortExitCritical)
    vPortFree                                0x08003961   Thumb Code    68  heap_4.o(i.vPortFree)
    vPortSetupTimerInterrupt                 0x080039a9   Thumb Code    26  port.o(i.vPortSetupTimerInterrupt)
    vPortYield                               0x080039c9   Thumb Code    18  port.o(i.vPortYield)
    vTaskDelay                               0x080039e1   Thumb Code    76  tasks.o(i.vTaskDelay)
    vTaskStartScheduler                      0x08003a31   Thumb Code    60  tasks.o(i.vTaskStartScheduler)
    vTaskSuspendAll                          0x08003a7d   Thumb Code    10  tasks.o(i.vTaskSuspendAll)
    vTaskSwitchContext                       0x08003a8d   Thumb Code    74  tasks.o(i.vTaskSwitchContext)
    vTask_ControlLamps                       0x08003ae1   Thumb Code   304  main.o(i.vTask_ControlLamps)
    xPortStartScheduler                      0x08003c19   Thumb Code   116  port.o(i.xPortStartScheduler)
    xPortSysTickHandler                      0x08003c9d   Thumb Code    30  port.o(i.xPortSysTickHandler)
    xTaskGenericCreate                       0x08003cc1   Thumb Code   380  tasks.o(i.xTaskGenericCreate)
    xTaskGetSchedulerState                   0x08003e45   Thumb Code    22  tasks.o(i.xTaskGetSchedulerState)
    xTaskIncrementTick                       0x08003e61   Thumb Code   184  tasks.o(i.xTaskIncrementTick)
    xTaskResumeAll                           0x08003f21   Thumb Code   162  tasks.o(i.xTaskResumeAll)
    APBAHBPrescTable                         0x08003fcc   Data          16  stm32f4xx_hal_rcc.o(.constdata)
    Region$$Table$$Base                      0x08003ffc   Number         0  anon$$obj.o(Region$$Table)
    Region$$Table$$Limit                     0x0800401c   Number         0  anon$$obj.o(Region$$Table)
    USBD_CUSTOM_HID                          0x20000008   Data          60  usbd_customhid.o(.data)
    pxCurrentTCB                             0x20000094   Data           4  tasks.o(.data)
    SystemCoreClock                          0x200000e4   Data           4  system_stm32f4xx.o(.data)
    AHBPrescTable                            0x200000e8   Data          16  system_stm32f4xx.o(.data)
    FS_Desc                                  0x200000f8   Data          28  usbd_desc.o(.data)
    USBD_LangIDDesc                          0x20000114   Data           4  usbd_desc.o(.data)
    USBD_FS_DeviceDesc                       0x20000118   Data          18  usbd_desc.o(.data)
    defaultTaskHandle                        0x2000012c   Data           4  main.o(.data)
    USBD_CustomHID_fops_FS                   0x20000134   Data          16  usbd_custom_hid_if.o(.data)
    hUsbDevice_0                             0x20000148   Data           4  usbd_custom_hid_if.o(.data)
    __microlib_freelist                      0x2000014c   Data           4  mvars.o(.data)
    __microlib_freelist_initialised          0x20000150   Data           4  mvars.o(.data)
    USBD_StrDesc                             0x20003e44   Data         512  usbd_desc.o(.bss)
    hadc1                                    0x20004068   Data          68  main.o(.bss)
    hcan1                                    0x200040ac   Data          64  main.o(.bss)
    hcan2                                    0x200040ec   Data          64  main.o(.bss)
    hpcd_USB_OTG_FS                          0x2000412c   Data         948  usbd_conf.o(.bss)
    hUsbDeviceFS                             0x200044e0   Data         548  usb_device.o(.bss)
    __heap_base                              0x20004708   Data           0  startup_stm32f407xx.o(HEAP)
    __heap_limit                             0x20004908   Data           0  startup_stm32f407xx.o(HEAP)
    __initial_sp                             0x20004d08   Data           0  startup_stm32f407xx.o(STACK)



==============================================================================

Memory Map of the image

  Image Entry point : 0x08000189

  Load Region LR_IROM1 (Base: 0x08000000, Size: 0x00004170, Max: 0x00100000, ABSOLUTE, COMPRESSED[0x000040bc])

    Execution Region ER_IROM1 (Base: 0x08000000, Size: 0x0000401c, Max: 0x00100000, ABSOLUTE)

    Base Addr    Size         Type   Attr      Idx    E Section Name        Object

    0x08000000   0x00000188   Data   RO         1981    RESET               startup_stm32f407xx.o
    0x08000188   0x00000000   Code   RO         3902  * .ARM.Collect$$$$00000000  mc_w.l(entry.o)
    0x08000188   0x00000004   Code   RO         3939    .ARM.Collect$$$$00000001  mc_w.l(entry2.o)
    0x0800018c   0x00000004   Code   RO         3942    .ARM.Collect$$$$00000004  mc_w.l(entry5.o)
    0x08000190   0x00000000   Code   RO         3944    .ARM.Collect$$$$00000008  mc_w.l(entry7b.o)
    0x08000190   0x00000000   Code   RO         3946    .ARM.Collect$$$$0000000A  mc_w.l(entry8b.o)
    0x08000190   0x00000008   Code   RO         3947    .ARM.Collect$$$$0000000B  mc_w.l(entry9a.o)
    0x08000198   0x00000000   Code   RO         3949    .ARM.Collect$$$$0000000D  mc_w.l(entry10a.o)
    0x08000198   0x00000000   Code   RO         3951    .ARM.Collect$$$$0000000F  mc_w.l(entry11a.o)
    0x08000198   0x00000004   Code   RO         3940    .ARM.Collect$$$$00002712  mc_w.l(entry2.o)
    0x0800019c   0x000000c6   Code   RO         2656    .emb_text           port.o
    0x08000262   0x00000002   PAD
    0x08000264   0x00000024   Code   RO         1982    .text               startup_stm32f407xx.o
    0x08000288   0x00000024   Code   RO         3905    .text               mc_w.l(memcpya.o)
    0x080002ac   0x00000024   Code   RO         3907    .text               mc_w.l(memseta.o)
    0x080002d0   0x00000024   Code   RO         3955    .text               mc_w.l(init.o)
    0x080002f4   0x00000056   Code   RO         3965    .text               mc_w.l(__dczerorl2.o)
    0x0800034a   0x00000002   PAD
    0x0800034c   0x00000134   Code   RO         1461    i.ADC_Init          stm32f4xx_hal_adc.o
    0x08000480   0x00000078   Code   RO         3859    i.CAN1_RX0_IRQHandler  stm32f4xx_it.o
    0x080004f8   0x00000004   Code   RO         3783    i.CUSTOM_HID_DeInit_FS  usbd_custom_hid_if.o
    0x080004fc   0x00000014   Code   RO         3784    i.CUSTOM_HID_Init_FS  usbd_custom_hid_if.o
    0x08000510   0x00000030   Code   RO         3785    i.CUSTOM_HID_OutEvent_FS  usbd_custom_hid_if.o
    0x08000540   0x00000150   Code   RO         1463    i.HAL_ADC_ConfigChannel  stm32f4xx_hal_adc.o
    0x08000690   0x0000003a   Code   RO         1472    i.HAL_ADC_Init      stm32f4xx_hal_adc.o
    0x080006ca   0x00000002   PAD
    0x080006cc   0x00000044   Code   RO         3547    i.HAL_ADC_MspInit   stm32f4xx_hal_msp.o
    0x08000710   0x000000e4   Code   RO         1213    i.HAL_CAN_ConfigFilter  stm32f4xx_hal_can.o
    0x080007f4   0x00000148   Code   RO         1219    i.HAL_CAN_Init      stm32f4xx_hal_can.o
    0x0800093c   0x0000008c   Code   RO         3549    i.HAL_CAN_MspInit   stm32f4xx_hal_msp.o
    0x080009c8   0x00000086   Code   RO         1223    i.HAL_CAN_Receive_IT  stm32f4xx_hal_can.o
    0x08000a4e   0x00000016   Code   RO           11    i.HAL_Delay         stm32f4xx_hal.o
    0x08000a64   0x000001c0   Code   RO          925    i.HAL_GPIO_Init     stm32f4xx_hal_gpio.o
    0x08000c24   0x0000000a   Code   RO          929    i.HAL_GPIO_WritePin  stm32f4xx_hal_gpio.o
    0x08000c2e   0x00000002   PAD
    0x08000c30   0x0000000c   Code   RO           17    i.HAL_GetTick       stm32f4xx_hal.o
    0x08000c3c   0x00000010   Code   RO           18    i.HAL_IncTick       stm32f4xx_hal.o
    0x08000c4c   0x00000034   Code   RO           19    i.HAL_Init          stm32f4xx_hal.o
    0x08000c80   0x00000022   Code   RO           20    i.HAL_InitTick      stm32f4xx_hal.o
    0x08000ca2   0x00000016   Code   RO         3550    i.HAL_MspInit       stm32f4xx_hal_msp.o
    0x08000cb8   0x00000016   Code   RO         1343    i.HAL_NVIC_EnableIRQ  stm32f4xx_hal_cortex.o
    0x08000cce   0x00000002   PAD
    0x08000cd0   0x00000040   Code   RO         1349    i.HAL_NVIC_SetPriority  stm32f4xx_hal_cortex.o
    0x08000d10   0x00000024   Code   RO         1350    i.HAL_NVIC_SetPriorityGrouping  stm32f4xx_hal_cortex.o
    0x08000d34   0x00000008   Code   RO         1669    i.HAL_PCDEx_SetRxFiFo  stm32f4xx_hal_pcd_ex.o
    0x08000d3c   0x00000044   Code   RO         1670    i.HAL_PCDEx_SetTxFiFo  stm32f4xx_hal_pcd_ex.o
    0x08000d80   0x00000008   Code   RO         3594    i.HAL_PCD_ConnectCallback  usbd_conf.o
    0x08000d88   0x00000012   Code   RO         3595    i.HAL_PCD_DataInStageCallback  usbd_conf.o
    0x08000d9a   0x00000014   Code   RO         3596    i.HAL_PCD_DataOutStageCallback  usbd_conf.o
    0x08000dae   0x00000008   Code   RO         3597    i.HAL_PCD_DisconnectCallback  usbd_conf.o
    0x08000db6   0x00000044   Code   RO          537    i.HAL_PCD_EP_Close  stm32f4xx_hal_pcd.o
    0x08000dfa   0x00000050   Code   RO          538    i.HAL_PCD_EP_ClrStall  stm32f4xx_hal_pcd.o
    0x08000e4a   0x00000054   Code   RO          541    i.HAL_PCD_EP_Open   stm32f4xx_hal_pcd.o
    0x08000e9e   0x00000002   PAD
    0x08000ea0   0x0000005e   Code   RO          542    i.HAL_PCD_EP_Receive  stm32f4xx_hal_pcd.o
    0x08000efe   0x00000060   Code   RO          543    i.HAL_PCD_EP_SetStall  stm32f4xx_hal_pcd.o
    0x08000f5e   0x00000056   Code   RO          544    i.HAL_PCD_EP_Transmit  stm32f4xx_hal_pcd.o
    0x08000fb4   0x000003e4   Code   RO          546    i.HAL_PCD_IRQHandler  stm32f4xx_hal_pcd.o
    0x08001398   0x00000008   Code   RO         3598    i.HAL_PCD_ISOINIncompleteCallback  usbd_conf.o
    0x080013a0   0x00000008   Code   RO         3599    i.HAL_PCD_ISOOUTIncompleteCallback  usbd_conf.o
    0x080013a8   0x000000be   Code   RO          549    i.HAL_PCD_Init      stm32f4xx_hal_pcd.o
    0x08001466   0x00000002   PAD
    0x08001468   0x00000078   Code   RO         3601    i.HAL_PCD_MspInit   usbd_conf.o
    0x080014e0   0x00000020   Code   RO         3602    i.HAL_PCD_ResetCallback  usbd_conf.o
    0x08001500   0x00000008   Code   RO         3603    i.HAL_PCD_ResumeCallback  usbd_conf.o
    0x08001508   0x00000008   Code   RO         3604    i.HAL_PCD_SOFCallback  usbd_conf.o
    0x08001510   0x00000024   Code   RO          555    i.HAL_PCD_SetAddress  stm32f4xx_hal_pcd.o
    0x08001534   0x0000000e   Code   RO         3605    i.HAL_PCD_SetupStageCallback  usbd_conf.o
    0x08001542   0x0000002a   Code   RO          557    i.HAL_PCD_Start     stm32f4xx_hal_pcd.o
    0x0800156c   0x00000030   Code   RO         3606    i.HAL_PCD_SuspendCallback  usbd_conf.o
    0x0800159c   0x0000020c   Code   RO          250    i.HAL_RCC_ClockConfig  stm32f4xx_hal_rcc.o
    0x080017a8   0x00000034   Code   RO          255    i.HAL_RCC_GetHCLKFreq  stm32f4xx_hal_rcc.o
    0x080017dc   0x00000070   Code   RO          259    i.HAL_RCC_GetSysClockFreq  stm32f4xx_hal_rcc.o
    0x0800184c   0x0000033c   Code   RO          262    i.HAL_RCC_OscConfig  stm32f4xx_hal_rcc.o
    0x08001b88   0x00000018   Code   RO         1352    i.HAL_SYSTICK_CLKSourceConfig  stm32f4xx_hal_cortex.o
    0x08001ba0   0x00000028   Code   RO         1354    i.HAL_SYSTICK_Config  stm32f4xx_hal_cortex.o
    0x08001bc8   0x00000040   Code   RO         3452    i.MX_ADC1_Init      main.o
    0x08001c08   0x0000008c   Code   RO         3453    i.MX_CAN1_Init      main.o
    0x08001c94   0x0000002c   Code   RO         3454    i.MX_CAN2_Init      main.o
    0x08001cc0   0x00000194   Code   RO         3455    i.MX_GPIO_Init      main.o
    0x08001e54   0x00000038   Code   RO         3825    i.MX_USB_DEVICE_Init  usb_device.o
    0x08001e8c   0x00000020   Code   RO         1356    i.NVIC_SetPriority  stm32f4xx_hal_cortex.o
    0x08001eac   0x0000000c   Code   RO         3860    i.OTG_FS_IRQHandler  stm32f4xx_it.o
    0x08001eb8   0x00000096   Code   RO          560    i.PCD_WriteEmptyTxFifo  stm32f4xx_hal_pcd.o
    0x08001f4e   0x00000002   PAD
    0x08001f50   0x0000004c   Code   RO         3456    i.StartDefaultTask  main.o
    0x08001f9c   0x0000000e   Code   RO         3861    i.SysTick_Handler   stm32f4xx_it.o
    0x08001faa   0x00000002   PAD
    0x08001fac   0x0000008c   Code   RO         3457    i.SystemClock_Config  main.o
    0x08002038   0x00000054   Code   RO         3349    i.SystemInit        system_stm32f4xx.o
    0x0800208c   0x0000000c   Code   RO         2273    i.USBD_CUSTOM_HID_DataIn  usbd_customhid.o
    0x08002098   0x00000024   Code   RO         2274    i.USBD_CUSTOM_HID_DataOut  usbd_customhid.o
    0x080020bc   0x00000042   Code   RO         2275    i.USBD_CUSTOM_HID_DeInit  usbd_customhid.o
    0x080020fe   0x00000022   Code   RO         2276    i.USBD_CUSTOM_HID_EP0_RxReady  usbd_customhid.o
    0x08002120   0x0000000c   Code   RO         2277    i.USBD_CUSTOM_HID_GetCfgDesc  usbd_customhid.o
    0x0800212c   0x0000000c   Code   RO         2278    i.USBD_CUSTOM_HID_GetDeviceQualifierDesc  usbd_customhid.o
    0x08002138   0x00000062   Code   RO         2279    i.USBD_CUSTOM_HID_Init  usbd_customhid.o
    0x0800219a   0x00000010   Code   RO         2280    i.USBD_CUSTOM_HID_RegisterInterface  usbd_customhid.o
    0x080021aa   0x00000024   Code   RO         2281    i.USBD_CUSTOM_HID_SendReport  usbd_customhid.o
    0x080021ce   0x00000002   PAD
    0x080021d0   0x000000b8   Code   RO         2282    i.USBD_CUSTOM_HID_Setup  usbd_customhid.o
    0x08002288   0x0000000e   Code   RO         2075    i.USBD_ClrClassConfig  usbd_core.o
    0x08002296   0x00000010   Code   RO         2213    i.USBD_CtlContinueRx  usbd_ioreq.o
    0x080022a6   0x00000010   Code   RO         2214    i.USBD_CtlContinueSendData  usbd_ioreq.o
    0x080022b6   0x00000016   Code   RO         1989    i.USBD_CtlError     usbd_ctlreq.o
    0x080022cc   0x0000001e   Code   RO         2215    i.USBD_CtlPrepareRx  usbd_ioreq.o
    0x080022ea   0x00000016   Code   RO         2216    i.USBD_CtlReceiveStatus  usbd_ioreq.o
    0x08002300   0x0000001a   Code   RO         2217    i.USBD_CtlSendData  usbd_ioreq.o
    0x0800231a   0x00000016   Code   RO         2218    i.USBD_CtlSendStatus  usbd_ioreq.o
    0x08002330   0x00000028   Code   RO         3384    i.USBD_FS_ConfigStrDescriptor  usbd_desc.o
    0x08002358   0x0000000c   Code   RO         3385    i.USBD_FS_DeviceDescriptor  usbd_desc.o
    0x08002364   0x0000002c   Code   RO         3386    i.USBD_FS_InterfaceStrDescriptor  usbd_desc.o
    0x08002390   0x0000000c   Code   RO         3387    i.USBD_FS_LangIDStrDescriptor  usbd_desc.o
    0x0800239c   0x00000028   Code   RO         3388    i.USBD_FS_ManufacturerStrDescriptor  usbd_desc.o
    0x080023c4   0x00000034   Code   RO         3389    i.USBD_FS_ProductStrDescriptor  usbd_desc.o
    0x080023f8   0x00000024   Code   RO         3390    i.USBD_FS_SerialStrDescriptor  usbd_desc.o
    0x0800241c   0x000000f2   Code   RO         1990    i.USBD_GetDescriptor  usbd_ctlreq.o
    0x0800250e   0x00000046   Code   RO         1991    i.USBD_GetString    usbd_ctlreq.o
    0x08002554   0x0000002a   Code   RO         2077    i.USBD_Init         usbd_core.o
    0x0800257e   0x0000000e   Code   RO         3607    i.USBD_LL_ClearStallEP  usbd_conf.o
    0x0800258c   0x0000000e   Code   RO         3608    i.USBD_LL_CloseEP   usbd_conf.o
    0x0800259a   0x000000aa   Code   RO         2078    i.USBD_LL_DataInStage  usbd_core.o
    0x08002644   0x0000006a   Code   RO         2079    i.USBD_LL_DataOutStage  usbd_core.o
    0x080026ae   0x00000004   Code   RO         2080    i.USBD_LL_DevConnected  usbd_core.o
    0x080026b2   0x00000016   Code   RO         2081    i.USBD_LL_DevDisconnected  usbd_core.o
    0x080026c8   0x00000070   Code   RO         3613    i.USBD_LL_Init      usbd_conf.o
    0x08002738   0x00000020   Code   RO         3614    i.USBD_LL_IsStallEP  usbd_conf.o
    0x08002758   0x00000004   Code   RO         2082    i.USBD_LL_IsoINIncomplete  usbd_core.o
    0x0800275c   0x00000004   Code   RO         2083    i.USBD_LL_IsoOUTIncomplete  usbd_core.o
    0x08002760   0x00000014   Code   RO         3615    i.USBD_LL_OpenEP    usbd_conf.o
    0x08002774   0x0000000e   Code   RO         3616    i.USBD_LL_PrepareReceive  usbd_conf.o
    0x08002782   0x0000003e   Code   RO         2084    i.USBD_LL_Reset     usbd_core.o
    0x080027c0   0x0000000c   Code   RO         2085    i.USBD_LL_Resume    usbd_core.o
    0x080027cc   0x00000018   Code   RO         2086    i.USBD_LL_SOF       usbd_core.o
    0x080027e4   0x00000006   Code   RO         2087    i.USBD_LL_SetSpeed  usbd_core.o
    0x080027ea   0x0000000e   Code   RO         3617    i.USBD_LL_SetUSBAddress  usbd_conf.o
    0x080027f8   0x0000005a   Code   RO         2088    i.USBD_LL_SetupStage  usbd_core.o
    0x08002852   0x0000000e   Code   RO         3618    i.USBD_LL_StallEP   usbd_conf.o
    0x08002860   0x0000000e   Code   RO         3619    i.USBD_LL_Start     usbd_conf.o
    0x0800286e   0x00000012   Code   RO         2089    i.USBD_LL_Suspend   usbd_core.o
    0x08002880   0x0000000e   Code   RO         3621    i.USBD_LL_Transmit  usbd_conf.o
    0x0800288e   0x00000028   Code   RO         1992    i.USBD_ParseSetupRequest  usbd_ctlreq.o
    0x080028b6   0x00000010   Code   RO         2090    i.USBD_RegisterClass  usbd_core.o
    0x080028c6   0x00000016   Code   RO         2092    i.USBD_SetClassConfig  usbd_core.o
    0x080028dc   0x00000074   Code   RO         1993    i.USBD_SetConfig    usbd_ctlreq.o
    0x08002950   0x0000000a   Code   RO         2093    i.USBD_Start        usbd_core.o
    0x0800295a   0x000000f2   Code   RO         1994    i.USBD_StdDevReq    usbd_ctlreq.o
    0x08002a4c   0x000000dc   Code   RO         1995    i.USBD_StdEPReq     usbd_ctlreq.o
    0x08002b28   0x00000034   Code   RO         1996    i.USBD_StdItfReq    usbd_ctlreq.o
    0x08002b5c   0x00000080   Code   RO         1700    i.USB_ActivateEndpoint  stm32f4xx_ll_usb.o
    0x08002bdc   0x00000034   Code   RO         1701    i.USB_ActivateSetup  stm32f4xx_ll_usb.o
    0x08002c10   0x0000006c   Code   RO         1703    i.USB_CoreInit      stm32f4xx_ll_usb.o
    0x08002c7c   0x00000038   Code   RO         1704    i.USB_CoreReset     stm32f4xx_ll_usb.o
    0x08002cb4   0x0000006e   Code   RO         1706    i.USB_DeactivateEndpoint  stm32f4xx_ll_usb.o
    0x08002d22   0x00000018   Code   RO         1707    i.USB_DevConnect    stm32f4xx_ll_usb.o
    0x08002d3a   0x00000018   Code   RO         1708    i.USB_DevDisconnect  stm32f4xx_ll_usb.o
    0x08002d52   0x00000002   PAD
    0x08002d54   0x00000144   Code   RO         1709    i.USB_DevInit       stm32f4xx_ll_usb.o
    0x08002e98   0x0000000c   Code   RO         1710    i.USB_DisableGlobalInt  stm32f4xx_ll_usb.o
    0x08002ea4   0x00000140   Code   RO         1713    i.USB_EP0StartXfer  stm32f4xx_ll_usb.o
    0x08002fe4   0x0000003e   Code   RO         1714    i.USB_EP0_OutStart  stm32f4xx_ll_usb.o
    0x08003022   0x00000064   Code   RO         1715    i.USB_EPClearStall  stm32f4xx_ll_usb.o
    0x08003086   0x0000005e   Code   RO         1716    i.USB_EPSetStall    stm32f4xx_ll_usb.o
    0x080030e4   0x0000021c   Code   RO         1717    i.USB_EPStartXfer   stm32f4xx_ll_usb.o
    0x08003300   0x0000000c   Code   RO         1718    i.USB_EnableGlobalInt  stm32f4xx_ll_usb.o
    0x0800330c   0x00000020   Code   RO         1719    i.USB_FlushRxFifo   stm32f4xx_ll_usb.o
    0x0800332c   0x00000024   Code   RO         1720    i.USB_FlushTxFifo   stm32f4xx_ll_usb.o
    0x08003350   0x0000003c   Code   RO         1722    i.USB_GetDevSpeed   stm32f4xx_ll_usb.o
    0x0800338c   0x00000008   Code   RO         1724    i.USB_GetMode       stm32f4xx_ll_usb.o
    0x08003394   0x0000000e   Code   RO         1731    i.USB_ReadDevAllInEpInterrupt  stm32f4xx_ll_usb.o
    0x080033a2   0x0000000e   Code   RO         1732    i.USB_ReadDevAllOutEpInterrupt  stm32f4xx_ll_usb.o
    0x080033b0   0x0000001e   Code   RO         1733    i.USB_ReadDevInEPInterrupt  stm32f4xx_ll_usb.o
    0x080033ce   0x00000010   Code   RO         1734    i.USB_ReadDevOutEPInterrupt  stm32f4xx_ll_usb.o
    0x080033de   0x00000008   Code   RO         1735    i.USB_ReadInterrupts  stm32f4xx_ll_usb.o
    0x080033e6   0x00000020   Code   RO         1736    i.USB_ReadPacket    stm32f4xx_ll_usb.o
    0x08003406   0x0000002c   Code   RO         1738    i.USB_SetCurrentMode  stm32f4xx_ll_usb.o
    0x08003432   0x00000022   Code   RO         1739    i.USB_SetDevAddress  stm32f4xx_ll_usb.o
    0x08003454   0x00000028   Code   RO         1743    i.USB_WritePacket   stm32f4xx_ll_usb.o
    0x0800347c   0x0000000e   Code   RO         3959    i.__scatterload_copy  mc_w.l(handlers.o)
    0x0800348a   0x00000002   Code   RO         3960    i.__scatterload_null  mc_w.l(handlers.o)
    0x0800348c   0x0000000e   Code   RO         3961    i.__scatterload_zeroinit  mc_w.l(handlers.o)
    0x0800349a   0x00000002   PAD
    0x0800349c   0x00000050   Code   RO         3911    i.free              mc_w.l(malloc.o)
    0x080034ec   0x00000064   Code   RO         3458    i.main              main.o
    0x08003550   0x0000000c   Code   RO         2352    i.makeFreeRtosPriority  cmsis_os.o
    0x0800355c   0x0000006c   Code   RO         3912    i.malloc            mc_w.l(malloc.o)
    0x080035c8   0x0000000e   Code   RO         2353    i.osDelay           cmsis_os.o
    0x080035d6   0x0000000a   Code   RO         2356    i.osKernelStart     cmsis_os.o
    0x080035e0   0x00000014   Code   RO         2377    i.osSystickHandler  cmsis_os.o
    0x080035f4   0x00000038   Code   RO         2378    i.osThreadCreate    cmsis_os.o
    0x0800362c   0x00000034   Code   RO         2861    i.prvAddCurrentTaskToDelayedList  tasks.o
    0x08003660   0x00000054   Code   RO         2862    i.prvCheckTasksWaitingTermination  tasks.o
    0x080036b4   0x0000004c   Code   RO         3104    i.prvHeapInit       heap_4.o
    0x08003700   0x00000018   Code   RO         2863    i.prvIdleTask       tasks.o
    0x08003718   0x0000004c   Code   RO         3105    i.prvInsertBlockIntoFreeList  heap_4.o
    0x08003764   0x00000020   Code   RO         2865    i.prvResetNextTaskUnblockTime  tasks.o
    0x08003784   0x00000018   Code   RO         2657    i.prvTaskExitError  port.o
    0x0800379c   0x000000bc   Code   RO         3106    i.pvPortMalloc      heap_4.o
    0x08003858   0x00000028   Code   RO         2658    i.pxPortInitialiseStack  port.o
    0x08003880   0x00000024   Code   RO         3153    i.uxListRemove      list.o
    0x080038a4   0x00000016   Code   RO         3154    i.vListInitialise   list.o
    0x080038ba   0x00000006   Code   RO         3155    i.vListInitialiseItem  list.o
    0x080038c0   0x00000030   Code   RO         3156    i.vListInsert       list.o
    0x080038f0   0x00000018   Code   RO         3157    i.vListInsertEnd    list.o
    0x08003908   0x00000034   Code   RO         2660    i.vPortEnterCritical  port.o
    0x0800393c   0x00000024   Code   RO         2661    i.vPortExitCritical  port.o
    0x08003960   0x00000048   Code   RO         3107    i.vPortFree         heap_4.o
    0x080039a8   0x00000020   Code   RO         2662    i.vPortSetupTimerInterrupt  port.o
    0x080039c8   0x00000018   Code   RO         2664    i.vPortYield        port.o
    0x080039e0   0x00000050   Code   RO         2873    i.vTaskDelay        tasks.o
    0x08003a30   0x0000004c   Code   RO         2884    i.vTaskStartScheduler  tasks.o
    0x08003a7c   0x00000010   Code   RO         2886    i.vTaskSuspendAll   tasks.o
    0x08003a8c   0x00000054   Code   RO         2887    i.vTaskSwitchContext  tasks.o
    0x08003ae0   0x00000138   Code   RO         3459    i.vTask_ControlLamps  main.o
    0x08003c18   0x00000084   Code   RO         2665    i.xPortStartScheduler  port.o
    0x08003c9c   0x00000024   Code   RO         2666    i.xPortSysTickHandler  port.o
    0x08003cc0   0x00000184   Code   RO         2889    i.xTaskGenericCreate  tasks.o
    0x08003e44   0x0000001c   Code   RO         2891    i.xTaskGetSchedulerState  tasks.o
    0x08003e60   0x000000c0   Code   RO         2894    i.xTaskIncrementTick  tasks.o
    0x08003f20   0x000000ac   Code   RO         2898    i.xTaskResumeAll    tasks.o
    0x08003fcc   0x00000010   Data   RO          263    .constdata          stm32f4xx_hal_rcc.o
    0x08003fdc   0x00000014   Data   RO         3461    .constdata          main.o
    0x08003ff0   0x0000000c   Data   RO         3462    .conststring        main.o
    0x08003ffc   0x00000020   Data   RO         3957    Region$$Table       anon$$obj.o


    Execution Region RW_IRAM1 (Base: 0x20000000, Size: 0x00004d08, Max: 0x00020000, ABSOLUTE, COMPRESSED[0x000000a0])

    Base Addr    Size         Type   Attr      Idx    E Section Name        Object

    0x20000000   0x00000004   Data   RW           25    .data               stm32f4xx_hal.o
    0x20000004   0x00000001   Data   RW         1997    .data               usbd_ctlreq.o
    0x20000005   0x00000003   PAD
    0x20000008   0x0000003c   Data   RW         2283    .data               usbd_customhid.o
    0x20000044   0x00000042   Data   RW         2284    .data               usbd_customhid.o
    0x20000086   0x00000002   PAD
    0x20000088   0x0000000c   Data   RW         2667    .data               port.o
    0x20000094   0x00000038   Data   RW         2901    .data               tasks.o
    0x200000cc   0x00000018   Data   RW         3112    .data               heap_4.o
    0x200000e4   0x00000014   Data   RW         3350    .data               system_stm32f4xx.o
    0x200000f8   0x0000001c   Data   RW         3392    .data               usbd_desc.o
    0x20000114   0x00000016   Data   RW         3393    .data               usbd_desc.o
    0x2000012a   0x00000002   PAD
    0x2000012c   0x00000004   Data   RW         3463    .data               main.o
    0x20000130   0x00000002   Data   RW         3786    .data               usbd_custom_hid_if.o
    0x20000132   0x00000002   PAD
    0x20000134   0x00000010   Data   RW         3787    .data               usbd_custom_hid_if.o
    0x20000144   0x00000008   Data   RW         3788    .data               usbd_custom_hid_if.o
    0x2000014c   0x00000004   Data   RW         3953    .data               mc_w.l(mvars.o)
    0x20000150   0x00000004   Data   RW         3954    .data               mc_w.l(mvars.o)
    0x20000154   0x000000f0   Zero   RW         2900    .bss                tasks.o
    0x20000244   0x00003c00   Zero   RW         3111    .bss                heap_4.o
    0x20003e44   0x00000200   Zero   RW         3391    .bss                usbd_desc.o
    0x20004044   0x000000e8   Zero   RW         3460    .bss                main.o
    0x2000412c   0x000003b4   Zero   RW         3622    .bss                usbd_conf.o
    0x200044e0   0x00000224   Zero   RW         3826    .bss                usb_device.o
    0x20004704   0x00000004   PAD
    0x20004708   0x00000200   Zero   RW         1980    HEAP                startup_stm32f407xx.o
    0x20004908   0x00000400   Zero   RW         1979    STACK               startup_stm32f407xx.o


==============================================================================

Image component sizes


      Code (inc. data)   RO Data    RW Data    ZI Data      Debug   Object Name

       112          0          0          0          0      22890   cmsis_os.o
         0          0          0          0          0       1472   event_groups.o
       412         24          0         24      15360       4283   heap_4.o
       136          0          0          0          0       3530   list.o
      1280        120         32          4        232      11404   main.o
       574         74          0         12          0       8701   port.o
        36          8        392          0       1536        952   startup_stm32f407xx.o
       136         16          0          4          0     353750   stm32f4xx_hal.o
       702         22          0          0          0       2695   stm32f4xx_hal_adc.o
       690         10          0          0          0       3111   stm32f4xx_hal_can.o
       218         14          0          0          0      30669   stm32f4xx_hal_cortex.o
       458         50          0          0          0       2388   stm32f4xx_hal_gpio.o
       230         36          0          0          0       2326   stm32f4xx_hal_msp.o
      1922          0          0          0          0       9601   stm32f4xx_hal_pcd.o
        76          0          0          0          0       1780   stm32f4xx_hal_pcd_ex.o
      1516         54         16          0          0       4989   stm32f4xx_hal_rcc.o
       146         18          0          0          0       1580   stm32f4xx_it.o
      2334         52          0          0          0      19616   stm32f4xx_ll_usb.o
        84         18          0         20          0       1429   system_stm32f4xx.o
      1228         90          0         56        240      12986   tasks.o
        56         18          0          0        548        784   usb_device.o
       562         18          0          0        948      12998   usbd_conf.o
       626          0          0          0          0      11830   usbd_core.o
      1004         30          0          1          0      11536   usbd_ctlreq.o
        72         20          0         26          0       2345   usbd_custom_hid_if.o
       506         24          0        126          0       9479   usbd_customhid.o
       236        140          0         50        512       5195   usbd_desc.o
       132          0          0          0          0       4396   usbd_ioreq.o

    ----------------------------------------------------------------------
     15504        856        472        332      19380     558715   Object Totals
         0          0         32          0          0          0   (incl. Generated)
        20          0          0          9          4          0   (incl. Padding)

    ----------------------------------------------------------------------

      Code (inc. data)   RO Data    RW Data    ZI Data      Debug   Library Member Name

        86          0          0          0          0          0   __dczerorl2.o
         0          0          0          0          0          0   entry.o
         0          0          0          0          0          0   entry10a.o
         0          0          0          0          0          0   entry11a.o
         8          4          0          0          0          0   entry2.o
         4          0          0          0          0          0   entry5.o
         0          0          0          0          0          0   entry7b.o
         0          0          0          0          0          0   entry8b.o
         8          4          0          0          0          0   entry9a.o
        30          0          0          0          0          0   handlers.o
        36          8          0          0          0         68   init.o
       188         20          0          0          0        160   malloc.o
        36          0          0          0          0         68   memcpya.o
        36          0          0          0          0        108   memseta.o
         0          0          0          8          0          0   mvars.o

    ----------------------------------------------------------------------
       436         36          0          8          0        404   Library Totals
         4          0          0          0          0          0   (incl. Padding)

    ----------------------------------------------------------------------

      Code (inc. data)   RO Data    RW Data    ZI Data      Debug   Library Name

       432         36          0          8          0        404   mc_w.l

    ----------------------------------------------------------------------
       436         36          0          8          0        404   Library Totals

    ----------------------------------------------------------------------

==============================================================================


      Code (inc. data)   RO Data    RW Data    ZI Data      Debug   

     15940        892        472        340      19380     541047   Grand Totals
     15940        892        472        160      19380     541047   ELF Image Totals (compressed)
     15940        892        472        160          0          0   ROM Totals

==============================================================================

    Total RO  Size (Code + RO Data)                16412 (  16.03kB)
    Total RW  Size (RW Data + ZI Data)             19720 (  19.26kB)
    Total ROM Size (Code + RO Data + RW Data)      16572 (  16.18kB)

==============================================================================

