Component: ARM Compiler 5.05 update 1 (build 106) Tool: armlink [4d0efa]

==============================================================================

Section Cross References

    usbh_msc_bot.o(i.USBH_MSC_BOT_Abort) refers to usbh_ctlreq.o(i.USBH_ClrFeature) for USBH_ClrFeature
    usbh_msc_bot.o(i.USBH_MSC_BOT_Process) refers to usbh_ioreq.o(i.USBH_BulkSendData) for USBH_BulkSendData
    usbh_msc_bot.o(i.USBH_MSC_BOT_Process) refers to usbh_conf.o(i.USBH_LL_GetURBState) for USBH_LL_GetURBState
    usbh_msc_bot.o(i.USBH_MSC_BOT_Process) refers to usbh_ioreq.o(i.USBH_BulkReceiveData) for USBH_BulkReceiveData
    usbh_msc_bot.o(i.USBH_MSC_BOT_Process) refers to usbh_conf.o(i.USBH_LL_GetLastXferSize) for USBH_LL_GetLastXferSize
    usbh_msc_bot.o(i.USBH_MSC_BOT_Process) refers to cmsis_os.o(i.osMessagePut) for osMessagePut
    usbh_msc_bot.o(i.USBH_MSC_BOT_Process) refers to usbh_msc_bot.o(i.USBH_MSC_BOT_Abort) for USBH_MSC_BOT_Abort
    usbh_msc_bot.o(i.USBH_MSC_BOT_Process) refers to usbh_conf.o(i.USBH_LL_GetToggle) for USBH_LL_GetToggle
    usbh_msc_bot.o(i.USBH_MSC_BOT_Process) refers to usbh_conf.o(i.USBH_LL_SetToggle) for USBH_LL_SetToggle
    usbh_msc_bot.o(i.USBH_MSC_BOT_Process) refers to usbh_msc_bot.o(i.USBH_MSC_BOT_REQ_Reset) for USBH_MSC_BOT_REQ_Reset
    usbh_msc_bot.o(i.USBH_MSC_BOT_REQ_GetMaxLUN) refers to usbh_ctlreq.o(i.USBH_CtlReq) for USBH_CtlReq
    usbh_msc_bot.o(i.USBH_MSC_BOT_REQ_Reset) refers to usbh_ctlreq.o(i.USBH_CtlReq) for USBH_CtlReq
    usbh_hid.o(i.USBH_HID_ClassRequest) refers to usbh_hid.o(i.USBH_HID_GetHIDDescriptor) for USBH_HID_GetHIDDescriptor
    usbh_hid.o(i.USBH_HID_ClassRequest) refers to usbh_hid.o(i.USBH_HID_GetHIDReportDescriptor) for USBH_HID_GetHIDReportDescriptor
    usbh_hid.o(i.USBH_HID_ClassRequest) refers to usbh_hid.o(i.USBH_HID_SetIdle) for USBH_HID_SetIdle
    usbh_hid.o(i.USBH_HID_ClassRequest) refers to usbh_hid.o(i.USBH_HID_SetProtocol) for USBH_HID_SetProtocol
    usbh_hid.o(i.USBH_HID_GetHIDDescriptor) refers to usbh_ctlreq.o(i.USBH_GetDescriptor) for USBH_GetDescriptor
    usbh_hid.o(i.USBH_HID_GetHIDReportDescriptor) refers to usbh_ctlreq.o(i.USBH_GetDescriptor) for USBH_GetDescriptor
    usbh_hid.o(i.USBH_HID_GetReport) refers to usbh_ctlreq.o(i.USBH_CtlReq) for USBH_CtlReq
    usbh_hid.o(i.USBH_HID_InterfaceDeInit) refers to usbh_pipes.o(i.USBH_ClosePipe) for USBH_ClosePipe
    usbh_hid.o(i.USBH_HID_InterfaceDeInit) refers to usbh_pipes.o(i.USBH_FreePipe) for USBH_FreePipe
    usbh_hid.o(i.USBH_HID_InterfaceDeInit) refers to malloc.o(i.free) for free
    usbh_hid.o(i.USBH_HID_InterfaceInit) refers to usbh_core.o(i.USBH_FindInterface) for USBH_FindInterface
    usbh_hid.o(i.USBH_HID_InterfaceInit) refers to usbh_core.o(i.USBH_SelectInterface) for USBH_SelectInterface
    usbh_hid.o(i.USBH_HID_InterfaceInit) refers to malloc.o(i.malloc) for malloc
    usbh_hid.o(i.USBH_HID_InterfaceInit) refers to usbh_pipes.o(i.USBH_AllocPipe) for USBH_AllocPipe
    usbh_hid.o(i.USBH_HID_InterfaceInit) refers to usbh_pipes.o(i.USBH_OpenPipe) for USBH_OpenPipe
    usbh_hid.o(i.USBH_HID_InterfaceInit) refers to usbh_conf.o(i.USBH_LL_SetToggle) for USBH_LL_SetToggle
    usbh_hid.o(i.USBH_HID_InterfaceInit) refers to usbh_hid_keybd.o(i.USBH_HID_KeybdInit) for USBH_HID_KeybdInit
    usbh_hid.o(i.USBH_HID_InterfaceInit) refers to usbh_hid_mouse.o(i.USBH_HID_MouseInit) for USBH_HID_MouseInit
    usbh_hid.o(i.USBH_HID_Process) refers to usbh_hid.o(i.USBH_HID_GetReport) for USBH_HID_GetReport
    usbh_hid.o(i.USBH_HID_Process) refers to usbh_hid.o(i.fifo_write) for fifo_write
    usbh_hid.o(i.USBH_HID_Process) refers to cmsis_os.o(i.osMessagePut) for osMessagePut
    usbh_hid.o(i.USBH_HID_Process) refers to usbh_ioreq.o(i.USBH_InterruptReceiveData) for USBH_InterruptReceiveData
    usbh_hid.o(i.USBH_HID_Process) refers to usbh_conf.o(i.USBH_LL_GetURBState) for USBH_LL_GetURBState
    usbh_hid.o(i.USBH_HID_Process) refers to usbh_hid.o(i.USBH_HID_EventCallback) for USBH_HID_EventCallback
    usbh_hid.o(i.USBH_HID_Process) refers to usbh_ctlreq.o(i.USBH_ClrFeature) for USBH_ClrFeature
    usbh_hid.o(i.USBH_HID_SOFProcess) refers to cmsis_os.o(i.osMessagePut) for osMessagePut
    usbh_hid.o(i.USBH_HID_SetIdle) refers to usbh_ctlreq.o(i.USBH_CtlReq) for USBH_CtlReq
    usbh_hid.o(i.USBH_HID_SetProtocol) refers to usbh_ctlreq.o(i.USBH_CtlReq) for USBH_CtlReq
    usbh_hid.o(i.USBH_HID_SetReport) refers to usbh_ctlreq.o(i.USBH_CtlReq) for USBH_CtlReq
    usbh_hid.o(.data) refers to usbh_hid.o(.conststring) for .conststring
    usbh_hid.o(.data) refers to usbh_hid.o(i.USBH_HID_InterfaceInit) for USBH_HID_InterfaceInit
    usbh_hid.o(.data) refers to usbh_hid.o(i.USBH_HID_InterfaceDeInit) for USBH_HID_InterfaceDeInit
    usbh_hid.o(.data) refers to usbh_hid.o(i.USBH_HID_ClassRequest) for USBH_HID_ClassRequest
    usbh_hid.o(.data) refers to usbh_hid.o(i.USBH_HID_Process) for USBH_HID_Process
[...]
    i.USBH_PTP_OpenSession                   0x0800524c   Section        0  usbh_mtp_ptp.o(i.USBH_PTP_OpenSession)
    i.USBH_PTP_Process                       0x080052c8   Section        0  usbh_mtp_ptp.o(i.USBH_PTP_Process)
    i.USBH_PTP_SendRequest                   0x08005514   Section        0  usbh_mtp_ptp.o(i.USBH_PTP_SendRequest)
    i.USBH_ParseCfgDesc                      0x0800556a   Section        0  usbh_ctlreq.o(i.USBH_ParseCfgDesc)
    USBH_ParseCfgDesc                        0x0800556b   Thumb Code   232  usbh_ctlreq.o(i.USBH_ParseCfgDesc)
    i.USBH_Process                           0x08005652   Section        0  usbh_core.o(i.USBH_Process)
    i.USBH_Process_OS                        0x080057d2   Section        0  usbh_core.o(i.USBH_Process_OS)
    USBH_Process_OS                          0x080057d3   Thumb Code    34  usbh_core.o(i.USBH_Process_OS)
    i.USBH_RegisterClass                     0x080057f4   Section        0  usbh_core.o(i.USBH_RegisterClass)
    i.USBH_SelectInterface                   0x08005818   Section        0  usbh_core.o(i.USBH_SelectInterface)
    i.USBH_SetAddress                        0x0800582e   Section        0  usbh_ctlreq.o(i.USBH_SetAddress)
    i.USBH_SetCfg                            0x0800584a   Section        0  usbh_ctlreq.o(i.USBH_SetCfg)
    i.USBH_SetInterface                      0x08005866   Section        0  usbh_ctlreq.o(i.USBH_SetInterface)
    i.USBH_Start                             0x08005882   Section        0  usbh_core.o(i.USBH_Start)
    i.USBH_UserProcess                       0x08005898   Section        0  usb_host.o(i.USBH_UserProcess)
    USBH_UserProcess                         0x08005899   Thumb Code    28  usb_host.o(i.USBH_UserProcess)
    i.USB_CoreInit                           0x080058b8   Section        0  stm32f4xx_ll_usb.o(i.USB_CoreInit)
    i.USB_CoreReset                          0x08005924   Section        0  stm32f4xx_ll_usb.o(i.USB_CoreReset)
    USB_CoreReset                            0x08005925   Thumb Code    50  stm32f4xx_ll_usb.o(i.USB_CoreReset)
    i.USB_DisableGlobalInt                   0x0800595c   Section        0  stm32f4xx_ll_usb.o(i.USB_DisableGlobalInt)
    i.USB_DoPing                             0x08005968   Section        0  stm32f4xx_ll_usb.o(i.USB_DoPing)
    i.USB_DriveVbus                          0x080059bc   Section        0  stm32f4xx_ll_usb.o(i.USB_DriveVbus)
    i.USB_EnableGlobalInt                    0x080059e8   Section        0  stm32f4xx_ll_usb.o(i.USB_EnableGlobalInt)
    i.USB_FlushRxFifo                        0x080059f4   Section        0  stm32f4xx_ll_usb.o(i.USB_FlushRxFifo)
    i.USB_FlushTxFifo                        0x08005a14   Section        0  stm32f4xx_ll_usb.o(i.USB_FlushTxFifo)
    i.USB_GetCurrentFrame                    0x08005a38   Section        0  stm32f4xx_ll_usb.o(i.USB_GetCurrentFrame)
    i.USB_GetHostSpeed                       0x08005a40   Section        0  stm32f4xx_ll_usb.o(i.USB_GetHostSpeed)
    i.USB_GetMode                            0x08005a4e   Section        0  stm32f4xx_ll_usb.o(i.USB_GetMode)
    i.USB_HC_Halt                            0x08005a56   Section        0  stm32f4xx_ll_usb.o(i.USB_HC_Halt)
    i.USB_HC_Init                            0x08005bd0   Section        0  stm32f4xx_ll_usb.o(i.USB_HC_Init)
    i.USB_HC_ReadInterrupt                   0x08005cba   Section        0  stm32f4xx_ll_usb.o(i.USB_HC_ReadInterrupt)
    i.USB_HC_StartXfer                       0x08005cc8   Section        0  stm32f4xx_ll_usb.o(i.USB_HC_StartXfer)
    i.USB_HostInit                           0x08005e58   Section        0  stm32f4xx_ll_usb.o(i.USB_HostInit)
    i.USB_InitFSLSPClkSel                    0x08005f2c   Section        0  stm32f4xx_ll_usb.o(i.USB_InitFSLSPClkSel)
    i.USB_ReadInterrupts                     0x08005f62   Section        0  stm32f4xx_ll_usb.o(i.USB_ReadInterrupts)
    i.USB_ReadPacket                         0x08005f6a   Section        0  stm32f4xx_ll_usb.o(i.USB_ReadPacket)
    i.USB_ResetPort                          0x08005f8a   Section        0  stm32f4xx_ll_usb.o(i.USB_ResetPort)
    i.USB_SetCurrentMode                     0x08005fb6   Section        0  stm32f4xx_ll_usb.o(i.USB_SetCurrentMode)
    i.USB_StopHost                           0x08005fe2   Section        0  stm32f4xx_ll_usb.o(i.USB_StopHost)
    i.USB_WritePacket                        0x08006094   Section        0  stm32f4xx_ll_usb.o(i.USB_WritePacket)
    i.__scatterload_copy                     0x080060bc   Section       14  handlers.o(i.__scatterload_copy)
    i.__scatterload_null                     0x080060ca   Section        2  handlers.o(i.__scatterload_null)
    i.__scatterload_zeroinit                 0x080060cc   Section       14  handlers.o(i.__scatterload_zeroinit)
    i.fifo_init                              0x080060da   Section        0  usbh_hid.o(i.fifo_init)
    i.fifo_write                             0x080060e8   Section        0  usbh_hid.o(i.fifo_write)
    i.free                                   0x08006138   Section        0  malloc.o(i.free)
    i.inHandlerMode                          0x08006188   Section        0  cmsis_os.o(i.inHandlerMode)
    inHandlerMode                            0x08006189   Thumb Code    12  cmsis_os.o(i.inHandlerMode)
    i.main                                   0x08006194   Section        0  main.o(i.main)
    i.makeFreeRtosPriority                   0x080061fc   Section        0  cmsis_os.o(i.makeFreeRtosPriority)
    makeFreeRtosPriority                     0x080061fd   Thumb Code    12  cmsis_os.o(i.makeFreeRtosPriority)
    i.malloc                                 0x08006208   Section        0  malloc.o(i.malloc)
    i.osDelay                                0x08006274   Section        0  cmsis_os.o(i.osDelay)
    i.osKernelStart                          0x08006282   Section        0  cmsis_os.o(i.osKernelStart)
    i.osMessageCreate                        0x0800628c   Section        0  cmsis_os.o(i.osMessageCreate)
    i.osMessageGet                           0x08006298   Section        0  cmsis_os.o(i.osMessageGet)
    i.osMessagePut                           0x08006324   Section        0  cmsis_os.o(i.osMessagePut)
    i.osSystickHandler                       0x08006378   Section        0  cmsis_os.o(i.osSystickHandler)
    i.osThreadCreate                         0x0800638c   Section        0  cmsis_os.o(i.osThreadCreate)
    i.prvAddCurrentTaskToDelayedList         0x080063c4   Section        0  tasks.o(i.prvAddCurrentTaskToDelayedList)
    prvAddCurrentTaskToDelayedList           0x080063c5   Thumb Code    48  tasks.o(i.prvAddCurrentTaskToDelayedList)
    i.prvCheckTasksWaitingTermination        0x080063f8   Section        0  tasks.o(i.prvCheckTasksWaitingTermination)
    prvCheckTasksWaitingTermination          0x080063f9   Thumb Code    76  tasks.o(i.prvCheckTasksWaitingTermination)
    i.prvCopyDataFromQueue                   0x0800644c   Section        0  queue.o(i.prvCopyDataFromQueue)
    prvCopyDataFromQueue                     0x0800644d   Thumb Code    38  queue.o(i.prvCopyDataFromQueue)
    i.prvCopyDataToQueue                     0x08006472   Section        0  queue.o(i.prvCopyDataToQueue)
    prvCopyDataToQueue                       0x08006473   Thumb Code   110  queue.o(i.prvCopyDataToQueue)
    i.prvHeapInit                            0x080064e0   Section        0  heap_4.o(i.prvHeapInit)
    prvHeapInit                              0x080064e1   Thumb Code    66  heap_4.o(i.prvHeapInit)
    i.prvIdleTask                            0x0800652c   Section        0  tasks.o(i.prvIdleTask)
    prvIdleTask                              0x0800652d   Thumb Code    20  tasks.o(i.prvIdleTask)
    i.prvInsertBlockIntoFreeList             0x08006544   Section        0  heap_4.o(i.prvInsertBlockIntoFreeList)
    prvInsertBlockIntoFreeList               0x08006545   Thumb Code    72  heap_4.o(i.prvInsertBlockIntoFreeList)
    i.prvResetNextTaskUnblockTime            0x08006590   Section        0  tasks.o(i.prvResetNextTaskUnblockTime)
    prvResetNextTaskUnblockTime              0x08006591   Thumb Code    26  tasks.o(i.prvResetNextTaskUnblockTime)
    i.prvTaskExitError                       0x080065b0   Section        0  port.o(i.prvTaskExitError)
    prvTaskExitError                         0x080065b1   Thumb Code    20  port.o(i.prvTaskExitError)
    i.prvUnlockQueue                         0x080065c8   Section        0  queue.o(i.prvUnlockQueue)
    prvUnlockQueue                           0x080065c9   Thumb Code   100  queue.o(i.prvUnlockQueue)
    i.pvPortMalloc                           0x0800662c   Section        0  heap_4.o(i.pvPortMalloc)
    i.pvTaskIncrementMutexHeldCount          0x080066e8   Section        0  tasks.o(i.pvTaskIncrementMutexHeldCount)
    i.pxPortInitialiseStack                  0x08006700   Section        0  port.o(i.pxPortInitialiseStack)
    i.uxListRemove                           0x08006728   Section        0  list.o(i.uxListRemove)
    i.vListInitialise                        0x0800674c   Section        0  list.o(i.vListInitialise)
    i.vListInitialiseItem                    0x08006762   Section        0  list.o(i.vListInitialiseItem)
    i.vListInsert                            0x08006768   Section        0  list.o(i.vListInsert)
    i.vListInsertEnd                         0x08006798   Section        0  list.o(i.vListInsertEnd)
    i.vPortEnterCritical                     0x080067b0   Section        0  port.o(i.vPortEnterCritical)
    i.vPortExitCritical                      0x080067e4   Section        0  port.o(i.vPortExitCritical)
    i.vPortFree                              0x08006808   Section        0  heap_4.o(i.vPortFree)
    i.vPortSetupTimerInterrupt               0x08006850   Section        0  port.o(i.vPortSetupTimerInterrupt)
    i.vPortValidateInterruptPriority         0x08006870   Section        0  port.o(i.vPortValidateInterruptPriority)
    i.vPortYield                             0x080068b0   Section        0  port.o(i.vPortYield)
    i.vTaskDelay                             0x080068c8   Section        0  tasks.o(i.vTaskDelay)
    i.vTaskMissedYield                       0x08006918   Section        0  tasks.o(i.vTaskMissedYield)
    i.vTaskPlaceOnEventList                  0x08006924   Section        0  tasks.o(i.vTaskPlaceOnEventList)
    i.vTaskPriorityInherit                   0x0800697c   Section        0  tasks.o(i.vTaskPriorityInherit)
    i.vTaskSetTimeOutState                   0x08006a00   Section        0  tasks.o(i.vTaskSetTimeOutState)
    i.vTaskStartScheduler                    0x08006a1c   Section        0  tasks.o(i.vTaskStartScheduler)
    i.vTaskSuspendAll                        0x08006a68   Section        0  tasks.o(i.vTaskSuspendAll)
    i.vTaskSwitchContext                     0x08006a78   Section        0  tasks.o(i.vTaskSwitchContext)
    i.vTask_ControlLamps                     0x08006acc   Section        0  main.o(i.vTask_ControlLamps)
    i.xPortStartScheduler                    0x08006c04   Section        0  port.o(i.xPortStartScheduler)
    i.xPortSysTickHandler                    0x08006c88   Section        0  port.o(i.xPortSysTickHandler)
    i.xQueueGenericCreate                    0x08006cac   Section        0  queue.o(i.xQueueGenericCreate)
    i.xQueueGenericReceive                   0x08006cf4   Section        0  queue.o(i.xQueueGenericReceive)
    i.xQueueGenericReset                     0x08006e22   Section        0  queue.o(i.xQueueGenericReset)
    i.xQueueGenericSend                      0x08006e8c   Section        0  queue.o(i.xQueueGenericSend)
    i.xQueueGenericSendFromISR               0x08006fa0   Section        0  queue.o(i.xQueueGenericSendFromISR)
    i.xQueueReceiveFromISR                   0x08007032   Section        0  queue.o(i.xQueueReceiveFromISR)
    i.xTaskCheckForTimeOut                   0x080070a8   Section        0  tasks.o(i.xTaskCheckForTimeOut)
    i.xTaskGenericCreate                     0x08007100   Section        0  tasks.o(i.xTaskGenericCreate)
    i.xTaskGetSchedulerState                 0x08007284   Section        0  tasks.o(i.xTaskGetSchedulerState)
    i.xTaskIncrementTick                     0x080072a0   Section        0  tasks.o(i.xTaskIncrementTick)
    i.xTaskPriorityDisinherit                0x08007360   Section        0  tasks.o(i.xTaskPriorityDisinherit)
    i.xTaskRemoveFromEventList               0x080073d8   Section        0  tasks.o(i.xTaskRemoveFromEventList)
    i.xTaskResumeAll                         0x08007444   Section        0  tasks.o(i.xTaskResumeAll)
    .constdata                               0x080074f0   Section       28  usbh_core.o(.constdata)
    .constdata                               0x0800750c   Section       16  stm32f4xx_hal_rcc.o(.constdata)
    .constdata                               0x0800751c   Section       20  main.o(.constdata)
    .conststring                             0x08007530   Section        4  usbh_hid.o(.conststring)
    .conststring                             0x08007534   Section        4  usbh_mtp.o(.conststring)
    .conststring                             0x08007538   Section        4  usbh_cdc.o(.conststring)
    .conststring                             0x0800753c   Section        4  usbh_msc.o(.conststring)
    .conststring                             0x08007540   Section       12  usbh_core.o(.conststring)
    .conststring                             0x0800754c   Section        6  usbh_audio.o(.conststring)
    .conststring                             0x08007554   Section       12  main.o(.conststring)
    .data                                    0x20000000   Section       32  usbh_hid.o(.data)
    .data                                    0x20000020   Section        9  usbh_hid_mouse.o(.data)
    .data                                    0x2000002c   Section       32  usbh_mtp.o(.data)
    .data                                    0x2000004c   Section       32  usbh_cdc.o(.data)
    .data                                    0x2000006c   Section       32  usbh_msc.o(.data)
    .data                                    0x2000008c   Section        8  usbh_hid_keybd.o(.data)
    .data                                    0x20000094   Section       32  usbh_audio.o(.data)
    .data                                    0x200000b4   Section        4  stm32f4xx_hal.o(.data)
    uwTick                                   0x200000b4   Data           4  stm32f4xx_hal.o(.data)
    .data                                    0x200000b8   Section       12  port.o(.data)
    ucMaxSysCallPriority                     0x200000b8   Data           1  port.o(.data)
    uxCriticalNesting                        0x200000bc   Data           4  port.o(.data)
    ulMaxPRIGROUPValue                       0x200000c0   Data           4  port.o(.data)
    .data                                    0x200000c4   Section       56  tasks.o(.data)
    uxTasksDeleted                           0x200000c8   Data           4  tasks.o(.data)
    uxCurrentNumberOfTasks                   0x200000cc   Data           4  tasks.o(.data)
    xTickCount                               0x200000d0   Data           4  tasks.o(.data)
    uxTopReadyPriority                       0x200000d4   Data           4  tasks.o(.data)
    xSchedulerRunning                        0x200000d8   Data           4  tasks.o(.data)
    uxPendedTicks                            0x200000dc   Data           4  tasks.o(.data)
    xYieldPending                            0x200000e0   Data           4  tasks.o(.data)
    xNumOfOverflows                          0x200000e4   Data           4  tasks.o(.data)
    uxTaskNumber                             0x200000e8   Data           4  tasks.o(.data)
    xNextTaskUnblockTime                     0x200000ec   Data           4  tasks.o(.data)
    uxSchedulerSuspended                     0x200000f0   Data           4  tasks.o(.data)
    pxDelayedTaskList                        0x200000f4   Data           4  tasks.o(.data)
    pxOverflowDelayedTaskList                0x200000f8   Data           4  tasks.o(.data)
    .data                                    0x200000fc   Section       24  heap_4.o(.data)
    pxEnd                                    0x200000fc   Data           4  heap_4.o(.data)
    xFreeBytesRemaining                      0x20000100   Data           4  heap_4.o(.data)
    xMinimumEverFreeBytesRemaining           0x20000104   Data           4  heap_4.o(.data)
    xBlockAllocatedBit                       0x20000108   Data           4  heap_4.o(.data)
    xStart                                   0x2000010c   Data           8  heap_4.o(.data)
    .data                                    0x20000114   Section       20  system_stm32f4xx.o(.data)
    .data                                    0x20000128   Section        4  main.o(.data)
    .data                                    0x2000012c   Section        1  usb_host.o(.data)
    .data                                    0x20000130   Section        4  mvars.o(.data)
    .data                                    0x20000134   Section        4  mvars.o(.data)
    .bss                                     0x20000138   Section       15  usbh_hid_keybd.o(.bss)
    .bss                                     0x20000148   Section      240  tasks.o(.bss)
    pxReadyTasksLists                        0x20000148   Data         140  tasks.o(.bss)
    xDelayedTaskList1                        0x200001d4   Data          20  tasks.o(.bss)
    xDelayedTaskList2                        0x200001e8   Data          20  tasks.o(.bss)
    xPendingReadyList                        0x200001fc   Data          20  tasks.o(.bss)
    xTasksWaitingTermination                 0x20000210   Data          20  tasks.o(.bss)
    xSuspendedTaskList                       0x20000224   Data          20  tasks.o(.bss)
    .bss                                     0x20000238   Section    15360  heap_4.o(.bss)
    ucHeap                                   0x20000238   Data       15360  heap_4.o(.bss)
    .bss                                     0x20003e38   Section      236  main.o(.bss)
    RxMessage                                0x20003e38   Data          40  main.o(.bss)
    .bss                                     0x20003f24   Section     1440  usb_host.o(.bss)
    .bss                                     0x200044c4   Section      660  usbh_conf.o(.bss)
    HEAP                                     0x20004758   Section      512  startup_stm32f407xx.o(HEAP)
    STACK                                    0x20004958   Section     1024  startup_stm32f407xx.o(STACK)

    Global Symbols

    Symbol Name                              Value     Ov Type        Size  Object(Section)

    BuildAttributes$$THM_ISAv4$E$P$D$K$B$S$7EM$VFPi3$EXTD16$VFPS$VFMA$PE$A:L22UL41UL21$X:L11$S22US41US21$IEEE1$IW$USESV6$~STKCKD$USESV7$~SHL$OSPACE$EBA8$MICROLIB$REQ8$PRES8$EABIv2 0x00000000   Number         0  anon$$obj.o ABSOLUTE
    __ARM_use_no_argv                        0x00000000   Number         0  main.o ABSOLUTE
    __cpp_initialize__aeabi_                  - Undefined Weak Reference
    __cxa_finalize                            - Undefined Weak Reference
    _clock_init                               - Undefined Weak Reference
    _microlib_exit                            - Undefined Weak Reference
    __Vectors_Size                           0x00000188   Number         0  startup_stm32f407xx.o ABSOLUTE
    __Vectors                                0x08000000   Data           4  startup_stm32f407xx.o(RESET)
    __Vectors_End                            0x08000188   Data           0  startup_stm32f407xx.o(RESET)
    __main                                   0x08000189   Thumb Code     0  entry.o(.ARM.Collect$$$$00000000)
    _main_stk                                0x08000189   Thumb Code     0  entry2.o(.ARM.Collect$$$$00000001)
    _main_scatterload                        0x0800018d   Thumb Code     0  entry5.o(.ARM.Collect$$$$00000004)
    __main_after_scatterload                 0x08000191   Thumb Code     0  entry5.o(.ARM.Collect$$$$00000004)
    _main_clock                              0x08000191   Thumb Code     0  entry7b.o(.ARM.Collect$$$$00000008)
    _main_cpp_init                           0x08000191   Thumb Code     0  entry8b.o(.ARM.Collect$$$$0000000A)
    _main_init                               0x08000191   Thumb Code     0  entry9a.o(.ARM.Collect$$$$0000000B)
    __rt_final_cpp                           0x08000199   Thumb Code     0  entry10a.o(.ARM.Collect$$$$0000000D)
    __rt_final_exit                          0x08000199   Thumb Code     0  entry11a.o(.ARM.Collect$$$$0000000F)
    SVC_Handler                              0x0800019d   Thumb Code    28  port.o(.emb_text)
    __asm___6_port_c_39a90d8d__prvStartFirstTask 0x080001bd   Thumb Code    28  port.o(.emb_text)
    __asm___6_port_c_39a90d8d__prvEnableVFP  0x080001dd   Thumb Code    16  port.o(.emb_text)
    PendSV_Handler                           0x080001f1   Thumb Code    84  port.o(.emb_text)
    ulPortSetInterruptMask                   0x08000249   Thumb Code    14  port.o(.emb_text)
    vPortClearInterruptMask                  0x08000257   Thumb Code     6  port.o(.emb_text)
    vPortGetIPSR                             0x0800025d   Thumb Code     6  port.o(.emb_text)
    Reset_Handler                            0x08000265   Thumb Code     8  startup_stm32f407xx.o(.text)
    NMI_Handler                              0x0800026d   Thumb Code     2  startup_stm32f407xx.o(.text)
    HardFault_Handler                        0x0800026f   Thumb Code     2  startup_stm32f407xx.o(.text)
    MemManage_Handler                        0x08000271   Thumb Code     2  startup_stm32f407xx.o(.text)
    BusFault_Handler                         0x08000273   Thumb Code     2  startup_stm32f407xx.o(.text)
    UsageFault_Handler                       0x08000275   Thumb Code     2  startup_stm32f407xx.o(.text)
    DebugMon_Handler                         0x08000279   Thumb Code     2  startup_stm32f407xx.o(.text)
    ADC_IRQHandler                           0x0800027f   Thumb Code     0  startup_stm32f407xx.o(.text)
    CAN1_RX1_IRQHandler                      0x0800027f   Thumb Code     0  startup_stm32f407xx.o(.text)
    CAN1_SCE_IRQHandler                      0x0800027f   Thumb Code     0  startup_stm32f407xx.o(.text)
    CAN1_TX_IRQHandler                       0x0800027f   Thumb Code     0  startup_stm32f407xx.o(.text)
    CAN2_RX0_IRQHandler                      0x0800027f   Thumb Code     0  startup_stm32f407xx.o(.text)
    CAN2_RX1_IRQHandler                      0x0800027f   Thumb Code     0  startup_stm32f407xx.o(.text)
    CAN2_SCE_IRQHandler                      0x0800027f   Thumb Code     0  startup_stm32f407xx.o(.text)
    CAN2_TX_IRQHandler                       0x0800027f   Thumb Code     0  startup_stm32f407xx.o(.text)
    DCMI_IRQHandler                          0x0800027f   Thumb Code     0  startup_stm32f407xx.o(.text)
    DMA1_Stream0_IRQHandler                  0x0800027f   Thumb Code     0  startup_stm32f407xx.o(.text)
    DMA1_Stream1_IRQHandler                  0x0800027f   Thumb Code     0  startup_stm32f407xx.o(.text)
    DMA1_Stream2_IRQHandler                  0x0800027f   Thumb Code     0  startup_stm32f407xx.o(.text)
    DMA1_Stream3_IRQHandler                  0x0800027f   Thumb Code     0  startup_stm32f407xx.o(.text)
    DMA1_Stream4_IRQHandler                  0x0800027f   Thumb Code     0  startup_stm32f407xx.o(.text)
    DMA1_Stream5_IRQHandler                  0x0800027f   Thumb Code     0  startup_stm32f407xx.o(.text)
    DMA1_Stream6_IRQHandler                  0x0800027f   Thumb Code     0  startup_stm32f407xx.o(.text)
    DMA1_Stream7_IRQHandler                  0x0800027f   Thumb Code     0  startup_stm32f407xx.o(.text)
    DMA2_Stream0_IRQHandler                  0x0800027f   Thumb Code     0  startup_stm32f407xx.o(.text)
    DMA2_Stream1_IRQHandler                  0x0800027f   Thumb Code     0  startup_stm32f407xx.o(.text)
    DMA2_Stream2_IRQHandler                  0x0800027f   Thumb Code     0  startup_stm32f407xx.o(.text)
    DMA2_Stream3_IRQHandler                  0x0800027f   Thumb Code     0  startup_stm32f407xx.o(.text)
    DMA2_Stream4_IRQHandler                  0x0800027f   Thumb Code     0  startup_stm32f407xx.o(.text)
    DMA2_Stream5_IRQHandler                  0x0800027f   Thumb Code     0  startup_stm32f407xx.o(.text)
    DMA2_Stream6_IRQHandler                  0x0800027f   Thumb Code     0  startup_stm32f407xx.o(.text)
    DMA2_Stream7_IRQHandler                  0x0800027f   Thumb Code     0  startup_stm32f407xx.o(.text)
    ETH_IRQHandler                           0x0800027f   Thumb Code     0  startup_stm32f407xx.o(.text)
    ETH_WKUP_IRQHandler                      0x0800027f   Thumb Code     0  startup_stm32f407xx.o(.text)
    EXTI0_IRQHandler                         0x0800027f   Thumb Code     0  startup_stm32f407xx.o(.text)
    EXTI15_10_IRQHandler                     0x0800027f   Thumb Code     0  startup_stm32f407xx.o(.text)
    EXTI1_IRQHandler                         0x0800027f   Thumb Code     0  startup_stm32f407xx.o(.text)
    EXTI2_IRQHandler                         0x0800027f   Thumb Code     0  startup_stm32f407xx.o(.text)
    EXTI3_IRQHandler                         0x0800027f   Thumb Code     0  startup_stm32f407xx.o(.text)
    EXTI4_IRQHandler                         0x0800027f   Thumb Code     0  startup_stm32f407xx.o(.text)
    EXTI9_5_IRQHandler                       0x0800027f   Thumb Code     0  startup_stm32f407xx.o(.text)
    FLASH_IRQHandler                         0x0800027f   Thumb Code     0  startup_stm32f407xx.o(.text)
    FMC_IRQHandler                           0x0800027f   Thumb Code     0  startup_stm32f407xx.o(.text)
    FPU_IRQHandler                           0x0800027f   Thumb Code     0  startup_stm32f407xx.o(.text)
    HASH_RNG_IRQHandler                      0x0800027f   Thumb Code     0  startup_stm32f407xx.o(.text)
    I2C1_ER_IRQHandler                       0x0800027f   Thumb Code     0  startup_stm32f407xx.o(.text)
    I2C1_EV_IRQHandler                       0x0800027f   Thumb Code     0  startup_stm32f407xx.o(.text)
    I2C2_ER_IRQHandler                       0x0800027f   Thumb Code     0  startup_stm32f407xx.o(.text)
    I2C2_EV_IRQHandler                       0x0800027f   Thumb Code     0  startup_stm32f407xx.o(.text)
    I2C3_ER_IRQHandler                       0x0800027f   Thumb Code     0  startup_stm32f407xx.o(.text)
    I2C3_EV_IRQHandler                       0x0800027f   Thumb Code     0  startup_stm32f407xx.o(.text)
    OTG_FS_WKUP_IRQHandler                   0x0800027f   Thumb Code     0  startup_stm32f407xx.o(.text)
    OTG_HS_EP1_IN_IRQHandler                 0x0800027f   Thumb Code     0  startup_stm32f407xx.o(.text)
    OTG_HS_EP1_OUT_IRQHandler                0x0800027f   Thumb Code     0  startup_stm32f407xx.o(.text)
    OTG_HS_IRQHandler                        0x0800027f   Thumb Code     0  startup_stm32f407xx.o(.text)
    OTG_HS_WKUP_IRQHandler                   0x0800027f   Thumb Code     0  startup_stm32f407xx.o(.text)
    PVD_IRQHandler                           0x0800027f   Thumb Code     0  startup_stm32f407xx.o(.text)
    RCC_IRQHandler                           0x0800027f   Thumb Code     0  startup_stm32f407xx.o(.text)
    RTC_Alarm_IRQHandler                     0x0800027f   Thumb Code     0  startup_stm32f407xx.o(.text)
    RTC_WKUP_IRQHandler                      0x0800027f   Thumb Code     0  startup_stm32f407xx.o(.text)
    SDIO_IRQHandler                          0x0800027f   Thumb Code     0  startup_stm32f407xx.o(.text)
    SPI1_IRQHandler                          0x0800027f   Thumb Code     0  startup_stm32f407xx.o(.text)
    SPI2_IRQHandler                          0x0800027f   Thumb Code     0  startup_stm32f407xx.o(.text)
    SPI3_IRQHandler                          0x0800027f   Thumb Code     0  startup_stm32f407xx.o(.text)
    TAMP_STAMP_IRQHandler                    0x0800027f   Thumb Code     0  startup_stm32f407xx.o(.text)
    TIM1_BRK_TIM9_IRQHandler                 0x0800027f   Thumb Code     0  startup_stm32f407xx.o(.text)
    TIM1_CC_IRQHandler                       0x0800027f   Thumb Code     0  startup_stm32f407xx.o(.text)
    TIM1_TRG_COM_TIM11_IRQHandler            0x0800027f   Thumb Code     0  startup_stm32f407xx.o(.text)
    TIM1_UP_TIM10_IRQHandler                 0x0800027f   Thumb Code     0  startup_stm32f407xx.o(.text)
    TIM2_IRQHandler                          0x0800027f   Thumb Code     0  startup_stm32f407xx.o(.text)
    TIM3_IRQHandler                          0x0800027f   Thumb Code     0  startup_stm32f407xx.o(.text)
    TIM4_IRQHandler                          0x0800027f   Thumb Code     0  startup_stm32f407xx.o(.text)
    TIM5_IRQHandler                          0x0800027f   Thumb Code     0  startup_stm32f407xx.o(.text)
    TIM6_DAC_IRQHandler                      0x0800027f   Thumb Code     0  startup_stm32f407xx.o(.text)
    TIM7_IRQHandler                          0x0800027f   Thumb Code     0  startup_stm32f407xx.o(.text)
    TIM8_BRK_TIM12_IRQHandler                0x0800027f   Thumb Code     0  startup_stm32f407xx.o(.text)
    TIM8_CC_IRQHandler                       0x0800027f   Thumb Code     0  startup_stm32f407xx.o(.text)
    TIM8_TRG_COM_TIM14_IRQHandler            0x0800027f   Thumb Code     0  startup_stm32f407xx.o(.text)
    TIM8_UP_TIM13_IRQHandler                 0x0800027f   Thumb Code     0  startup_stm32f407xx.o(.text)
    UART4_IRQHandler                         0x0800027f   Thumb Code     0  startup_stm32f407xx.o(.text)
    UART5_IRQHandler                         0x0800027f   Thumb Code     0  startup_stm32f407xx.o(.text)
    USART1_IRQHandler                        0x0800027f   Thumb Code     0  startup_stm32f407xx.o(.text)
    USART2_IRQHandler                        0x0800027f   Thumb Code     0  startup_stm32f407xx.o(.text)
    USART3_IRQHandler                        0x0800027f   Thumb Code     0  startup_stm32f407xx.o(.text)
    USART6_IRQHandler                        0x0800027f   Thumb Code     0  startup_stm32f407xx.o(.text)
    WWDG_IRQHandler                          0x0800027f   Thumb Code     0  startup_stm32f407xx.o(.text)
    __aeabi_memcpy                           0x08000289   Thumb Code    36  memcpya.o(.text)
    __aeabi_memcpy4                          0x08000289   Thumb Code     0  memcpya.o(.text)
    __aeabi_memcpy8                          0x08000289   Thumb Code     0  memcpya.o(.text)
    __aeabi_memset                           0x080002ad   Thumb Code    14  memseta.o(.text)
    __aeabi_memset4                          0x080002ad   Thumb Code     0  memseta.o(.text)
    __aeabi_memset8                          0x080002ad   Thumb Code     0  memseta.o(.text)
    __aeabi_memclr                           0x080002bb   Thumb Code     4  memseta.o(.text)
    __aeabi_memclr4                          0x080002bb   Thumb Code     0  memseta.o(.text)
    __aeabi_memclr8                          0x080002bb   Thumb Code     0  memseta.o(.text)
    _memset$wrapper                          0x080002bf   Thumb Code    18  memseta.o(.text)
    __scatterload                            0x080002d1   Thumb Code    28  init.o(.text)
    __scatterload_rt2                        0x080002d1   Thumb Code     0  init.o(.text)
    __decompress                             0x080002f5   Thumb Code     0  __dczerorl2.o(.text)
    __decompress1                            0x080002f5   Thumb Code    86  __dczerorl2.o(.text)
    CAN1_RX0_IRQHandler                      0x08000481   Thumb Code   116  stm32f4xx_it.o(i.CAN1_RX0_IRQHandler)
    HAL_ADC_ConfigChannel                    0x0800065d   Thumb Code   322  stm32f4xx_hal_adc.o(i.HAL_ADC_ConfigChannel)
    HAL_ADC_Init                             0x080007ad   Thumb Code    58  stm32f4xx_hal_adc.o(i.HAL_ADC_Init)
    HAL_ADC_MspInit                          0x080007e9   Thumb Code    54  stm32f4xx_hal_msp.o(i.HAL_ADC_MspInit)
    HAL_CAN_ConfigFilter                     0x0800082d   Thumb Code   218  stm32f4xx_hal_can.o(i.HAL_CAN_ConfigFilter)
    HAL_CAN_Init                             0x08000911   Thumb Code   328  stm32f4xx_hal_can.o(i.HAL_CAN_Init)
    HAL_CAN_MspInit                          0x08000a59   Thumb Code   118  stm32f4xx_hal_msp.o(i.HAL_CAN_MspInit)
    HAL_CAN_Receive_IT                       0x08000ae5   Thumb Code   134  stm32f4xx_hal_can.o(i.HAL_CAN_Receive_IT)
    HAL_Delay                                0x08000b6b   Thumb Code    22  stm32f4xx_hal.o(i.HAL_Delay)
    HAL_GPIO_Init                            0x08000b81   Thumb Code   398  stm32f4xx_hal_gpio.o(i.HAL_GPIO_Init)
    HAL_GPIO_WritePin                        0x08000d41   Thumb Code    10  stm32f4xx_hal_gpio.o(i.HAL_GPIO_WritePin)
    HAL_GetTick                              0x08000d4d   Thumb Code     6  stm32f4xx_hal.o(i.HAL_GetTick)
    HAL_HCD_Connect_Callback                 0x08000d59   Thumb Code     8  usbh_conf.o(i.HAL_HCD_Connect_Callback)
    HAL_HCD_Disconnect_Callback              0x08000d61   Thumb Code     8  usbh_conf.o(i.HAL_HCD_Disconnect_Callback)
    HAL_HCD_GetCurrentFrame                  0x08000d69   Thumb Code     6  stm32f4xx_hal_hcd.o(i.HAL_HCD_GetCurrentFrame)
    HAL_HCD_GetCurrentSpeed                  0x08000d6f   Thumb Code     6  stm32f4xx_hal_hcd.o(i.HAL_HCD_GetCurrentSpeed)
    HAL_HCD_HC_GetURBState                   0x08000d75   Thumb Code    14  stm32f4xx_hal_hcd.o(i.HAL_HCD_HC_GetURBState)
    HAL_HCD_HC_GetXferCount                  0x08000d83   Thumb Code    12  stm32f4xx_hal_hcd.o(i.HAL_HCD_HC_GetXferCount)
    HAL_HCD_HC_Halt                          0x08000d8f   Thumb Code    36  stm32f4xx_hal_hcd.o(i.HAL_HCD_HC_Halt)
    HAL_HCD_HC_Init                          0x08000db3   Thumb Code    84  stm32f4xx_hal_hcd.o(i.HAL_HCD_HC_Init)
    HAL_HCD_HC_NotifyURBChange_Callback      0x08000e07   Thumb Code     8  usbh_conf.o(i.HAL_HCD_HC_NotifyURBChange_Callback)
    HAL_HCD_HC_SubmitRequest                 0x08000e0f   Thumb Code   182  stm32f4xx_hal_hcd.o(i.HAL_HCD_HC_SubmitRequest)
    HAL_HCD_IRQHandler                       0x08000ec5   Thumb Code   302  stm32f4xx_hal_hcd.o(i.HAL_HCD_IRQHandler)
    HAL_HCD_Init                             0x08000ff3   Thumb Code    90  stm32f4xx_hal_hcd.o(i.HAL_HCD_Init)
    HAL_HCD_MspInit                          0x0800104d   Thumb Code   110  usbh_conf.o(i.HAL_HCD_MspInit)
    HAL_HCD_ResetPort                        0x080010c5   Thumb Code     6  stm32f4xx_hal_hcd.o(i.HAL_HCD_ResetPort)
    HAL_HCD_SOF_Callback                     0x080010cb   Thumb Code     8  usbh_conf.o(i.HAL_HCD_SOF_Callback)
    HAL_HCD_Start                            0x080010d3   Thumb Code    44  stm32f4xx_hal_hcd.o(i.HAL_HCD_Start)
    HAL_HCD_Stop                             0x080010ff   Thumb Code    36  stm32f4xx_hal_hcd.o(i.HAL_HCD_Stop)
    HAL_IncTick                              0x08001125   Thumb Code    10  stm32f4xx_hal.o(i.HAL_IncTick)
    HAL_Init                                 0x08001135   Thumb Code    48  stm32f4xx_hal.o(i.HAL_Init)
    HAL_InitTick                             0x08001169   Thumb Code    34  stm32f4xx_hal.o(i.HAL_InitTick)
    HAL_MspInit                              0x0800118b   Thumb Code    22  stm32f4xx_hal_msp.o(i.HAL_MspInit)
    HAL_NVIC_EnableIRQ                       0x080011a1   Thumb Code    22  stm32f4xx_hal_cortex.o(i.HAL_NVIC_EnableIRQ)
    HAL_NVIC_SetPriority                     0x080011b9   Thumb Code    60  stm32f4xx_hal_cortex.o(i.HAL_NVIC_SetPriority)
    HAL_NVIC_SetPriorityGrouping             0x080011f9   Thumb Code    26  stm32f4xx_hal_cortex.o(i.HAL_NVIC_SetPriorityGrouping)
    HAL_RCC_ClockConfig                      0x0800121d   Thumb Code   514  stm32f4xx_hal_rcc.o(i.HAL_RCC_ClockConfig)
    HAL_RCC_GetHCLKFreq                      0x08001429   Thumb Code    38  stm32f4xx_hal_rcc.o(i.HAL_RCC_GetHCLKFreq)
    HAL_RCC_GetSysClockFreq                  0x0800145d   Thumb Code   104  stm32f4xx_hal_rcc.o(i.HAL_RCC_GetSysClockFreq)
    HAL_RCC_OscConfig                        0x080014cd   Thumb Code   806  stm32f4xx_hal_rcc.o(i.HAL_RCC_OscConfig)
    HAL_SYSTICK_Config                       0x08001809   Thumb Code    40  stm32f4xx_hal_cortex.o(i.HAL_SYSTICK_Config)
    MX_USB_HOST_Init                         0x08002059   Thumb Code    62  usb_host.o(i.MX_USB_HOST_Init)
    OTG_FS_IRQHandler                        0x080020d5   Thumb Code     6  stm32f4xx_it.o(i.OTG_FS_IRQHandler)
    StartDefaultTask                         0x080024cd   Thumb Code    12  main.o(i.StartDefaultTask)
    SysTick_Handler                          0x080024d9   Thumb Code    14  stm32f4xx_it.o(i.SysTick_Handler)
    SystemClock_Config                       0x080024e9   Thumb Code   108  main.o(i.SystemClock_Config)
    SystemInit                               0x0800255d   Thumb Code    66  system_stm32f4xx.o(i.SystemInit)
    USBH_AUDIO_BufferEmptyCallback           0x080027b9   Thumb Code     2  usbh_audio.o(i.USBH_AUDIO_BufferEmptyCallback)
    USBH_AUDIO_FrequencySet                  0x08002e21   Thumb Code     2  usbh_audio.o(i.USBH_AUDIO_FrequencySet)
    USBH_AllocPipe                           0x0800334d   Thumb Code    52  usbh_pipes.o(i.USBH_AllocPipe)
    USBH_BulkReceiveData                     0x08003381   Thumb Code    32  usbh_ioreq.o(i.USBH_BulkReceiveData)
    USBH_BulkSendData                        0x080033a1   Thumb Code    40  usbh_ioreq.o(i.USBH_BulkSendData)
    USBH_CDC_LineCodingChanged               0x0800357f   Thumb Code     2  usbh_cdc.o(i.USBH_CDC_LineCodingChanged)
    USBH_CDC_ReceiveCallback                 0x08003639   Thumb Code     2  usbh_cdc.o(i.USBH_CDC_ReceiveCallback)
    USBH_CDC_TransmitCallback                0x0800363f   Thumb Code     2  usbh_cdc.o(i.USBH_CDC_TransmitCallback)
    USBH_ClosePipe                           0x08003641   Thumb Code    10  usbh_pipes.o(i.USBH_ClosePipe)
    USBH_ClrFeature                          0x0800364b   Thumb Code    30  usbh_ctlreq.o(i.USBH_ClrFeature)
    USBH_CtlReceiveData                      0x08003669   Thumb Code    30  usbh_ioreq.o(i.USBH_CtlReceiveData)
    USBH_CtlReq                              0x08003687   Thumb Code    74  usbh_ctlreq.o(i.USBH_CtlReq)
    USBH_CtlSendData                         0x080036d1   Thumb Code    40  usbh_ioreq.o(i.USBH_CtlSendData)
    USBH_CtlSendSetup                        0x080036f9   Thumb Code    30  usbh_ioreq.o(i.USBH_CtlSendSetup)
    USBH_Delay                               0x08003717   Thumb Code     4  usbh_conf.o(i.USBH_Delay)
    USBH_FindInterface                       0x0800371b   Thumb Code    68  usbh_core.o(i.USBH_FindInterface)
    USBH_FindInterfaceIndex                  0x0800375f   Thumb Code    50  usbh_core.o(i.USBH_FindInterfaceIndex)
    USBH_FreePipe                            0x08003791   Thumb Code    24  usbh_pipes.o(i.USBH_FreePipe)
    USBH_GetDescriptor                       0x080037a9   Thumb Code    52  usbh_ctlreq.o(i.USBH_GetDescriptor)
    USBH_GetNextDesc                         0x080037dd   Thumb Code    14  usbh_ctlreq.o(i.USBH_GetNextDesc)
    USBH_Get_CfgDesc                         0x080037eb   Thumb Code    44  usbh_ctlreq.o(i.USBH_Get_CfgDesc)
    USBH_Get_DevDesc                         0x08003817   Thumb Code   154  usbh_ctlreq.o(i.USBH_Get_DevDesc)
    USBH_Get_StringDesc                      0x080038b1   Thumb Code    72  usbh_ctlreq.o(i.USBH_Get_StringDesc)
    USBH_HID_EventCallback                   0x080039a5   Thumb Code     2  usbh_hid.o(i.USBH_HID_EventCallback)
    USBH_HID_GetHIDDescriptor                0x080039a7   Thumb Code    20  usbh_hid.o(i.USBH_HID_GetHIDDescriptor)
    USBH_HID_GetHIDReportDescriptor          0x080039bb   Thumb Code    20  usbh_hid.o(i.USBH_HID_GetHIDReportDescriptor)
    USBH_HID_GetReport                       0x080039cf   Thumb Code    34  usbh_hid.o(i.USBH_HID_GetReport)
    USBH_HID_KeybdInit                       0x08003b91   Thumb Code    76  usbh_hid_keybd.o(i.USBH_HID_KeybdInit)
    USBH_HID_MouseInit                       0x08003be5   Thumb Code    56  usbh_hid_mouse.o(i.USBH_HID_MouseInit)
    USBH_HID_SetIdle                         0x08003d1b   Thumb Code    26  usbh_hid.o(i.USBH_HID_SetIdle)
    USBH_HID_SetProtocol                     0x08003d35   Thumb Code    30  usbh_hid.o(i.USBH_HID_SetProtocol)
    USBH_Init                                0x08003ff5   Thumb Code    98  usbh_core.o(i.USBH_Init)
    USBH_InterruptReceiveData                0x0800405d   Thumb Code    32  usbh_ioreq.o(i.USBH_InterruptReceiveData)
    USBH_IsocSendData                        0x0800407d   Thumb Code    34  usbh_ioreq.o(i.USBH_IsocSendData)
    USBH_LL_ClosePipe                        0x0800409f   Thumb Code    14  usbh_conf.o(i.USBH_LL_ClosePipe)
    USBH_LL_Connect                          0x080040ad   Thumb Code    56  usbh_core.o(i.USBH_LL_Connect)
    USBH_LL_Disconnect                       0x080040e5   Thumb Code    68  usbh_core.o(i.USBH_LL_Disconnect)
    USBH_LL_DriverVBUS                       0x08004129   Thumb Code    12  usbh_conf.o(i.USBH_LL_DriverVBUS)
    USBH_LL_GetLastXferSize                  0x08004135   Thumb Code     8  usbh_conf.o(i.USBH_LL_GetLastXferSize)
    USBH_LL_GetSpeed                         0x0800413d   Thumb Code    34  usbh_conf.o(i.USBH_LL_GetSpeed)
    USBH_LL_GetToggle                        0x0800415f   Thumb Code    30  usbh_conf.o(i.USBH_LL_GetToggle)
    USBH_LL_GetURBState                      0x0800417d   Thumb Code     8  usbh_conf.o(i.USBH_LL_GetURBState)
    USBH_LL_IncTimer                         0x08004185   Thumb Code    30  usbh_core.o(i.USBH_LL_IncTimer)
    USBH_LL_Init                             0x080041a5   Thumb Code    68  usbh_conf.o(i.USBH_LL_Init)
    USBH_LL_NotifyURBChange                  0x080041ed   Thumb Code    18  usbh_core.o(i.USBH_LL_NotifyURBChange)
    USBH_LL_OpenPipe                         0x080041ff   Thumb Code    24  usbh_conf.o(i.USBH_LL_OpenPipe)
    USBH_LL_ResetPort                        0x08004217   Thumb Code    14  usbh_conf.o(i.USBH_LL_ResetPort)
    USBH_LL_SetTimer                         0x08004225   Thumb Code     6  usbh_core.o(i.USBH_LL_SetTimer)
    USBH_LL_SetToggle                        0x0800422b   Thumb Code    32  usbh_conf.o(i.USBH_LL_SetToggle)
    USBH_LL_Start                            0x0800424b   Thumb Code    14  usbh_conf.o(i.USBH_LL_Start)
    USBH_LL_Stop                             0x08004259   Thumb Code    14  usbh_conf.o(i.USBH_LL_Stop)
    USBH_LL_SubmitURB                        0x08004267   Thumb Code    32  usbh_conf.o(i.USBH_LL_SubmitURB)
    USBH_MSC_BOT_Init                        0x080042a5   Thumb Code    26  usbh_msc_bot.o(i.USBH_MSC_BOT_Init)
    USBH_MSC_BOT_Process                     0x080042c9   Thumb Code   504  usbh_msc_bot.o(i.USBH_MSC_BOT_Process)
    USBH_MSC_BOT_REQ_GetMaxLUN               0x080044c5   Thumb Code    22  usbh_msc_bot.o(i.USBH_MSC_BOT_REQ_GetMaxLUN)
    USBH_MSC_BOT_REQ_Reset                   0x080044db   Thumb Code    22  usbh_msc_bot.o(i.USBH_MSC_BOT_REQ_Reset)
    USBH_MSC_SCSI_Inquiry                    0x0800499b   Thumb Code   192  usbh_msc_scsi.o(i.USBH_MSC_SCSI_Inquiry)
    USBH_MSC_SCSI_ReadCapacity               0x08004a5b   Thumb Code   122  usbh_msc_scsi.o(i.USBH_MSC_SCSI_ReadCapacity)
    USBH_MSC_SCSI_RequestSense               0x08004ad5   Thumb Code   146  usbh_msc_scsi.o(i.USBH_MSC_SCSI_RequestSense)
    USBH_MSC_SCSI_TestUnitReady              0x08004b67   Thumb Code    76  usbh_msc_scsi.o(i.USBH_MSC_SCSI_TestUnitReady)
    USBH_MTP_EventsCallback                  0x08004c6d   Thumb Code     2  usbh_mtp.o(i.USBH_MTP_EventsCallback)
    USBH_OpenPipe                            0x08005001   Thumb Code    20  usbh_pipes.o(i.USBH_OpenPipe)
    USBH_PTP_GetDeviceInfo                   0x08005015   Thumb Code   154  usbh_mtp_ptp.o(i.USBH_PTP_GetDeviceInfo)
    USBH_PTP_GetResponse                     0x080050af   Thumb Code    54  usbh_mtp_ptp.o(i.USBH_PTP_GetResponse)
    USBH_PTP_GetStorageIds                   0x080050e5   Thumb Code   168  usbh_mtp_ptp.o(i.USBH_PTP_GetStorageIds)
    USBH_PTP_GetStorageInfo                  0x0800518d   Thumb Code   166  usbh_mtp_ptp.o(i.USBH_PTP_GetStorageInfo)
    USBH_PTP_Init                            0x08005233   Thumb Code    26  usbh_mtp_ptp.o(i.USBH_PTP_Init)
    USBH_PTP_OpenSession                     0x0800524d   Thumb Code   122  usbh_mtp_ptp.o(i.USBH_PTP_OpenSession)
    USBH_PTP_Process                         0x080052c9   Thumb Code   588  usbh_mtp_ptp.o(i.USBH_PTP_Process)
    USBH_PTP_SendRequest                     0x08005515   Thumb Code    86  usbh_mtp_ptp.o(i.USBH_PTP_SendRequest)
    USBH_Process                             0x08005653   Thumb Code   384  usbh_core.o(i.USBH_Process)
    USBH_RegisterClass                       0x080057f5   Thumb Code    36  usbh_core.o(i.USBH_RegisterClass)
    USBH_SelectInterface                     0x08005819   Thumb Code    22  usbh_core.o(i.USBH_SelectInterface)
    USBH_SetAddress                          0x0800582f   Thumb Code    28  usbh_ctlreq.o(i.USBH_SetAddress)
    USBH_SetCfg                              0x0800584b   Thumb Code    28  usbh_ctlreq.o(i.USBH_SetCfg)
    USBH_SetInterface                        0x08005867   Thumb Code    28  usbh_ctlreq.o(i.USBH_SetInterface)
    USBH_Start                               0x08005883   Thumb Code    20  usbh_core.o(i.USBH_Start)
    USB_CoreInit                             0x080058b9   Thumb Code   104  stm32f4xx_ll_usb.o(i.USB_CoreInit)
    USB_DisableGlobalInt                     0x0800595d   Thumb Code    12  stm32f4xx_ll_usb.o(i.USB_DisableGlobalInt)
    USB_DoPing                               0x08005969   Thumb Code    78  stm32f4xx_ll_usb.o(i.USB_DoPing)
    USB_DriveVbus                            0x080059bd   Thumb Code    44  stm32f4xx_ll_usb.o(i.USB_DriveVbus)
    USB_EnableGlobalInt                      0x080059e9   Thumb Code    12  stm32f4xx_ll_usb.o(i.USB_EnableGlobalInt)
    USB_FlushRxFifo                          0x080059f5   Thumb Code    28  stm32f4xx_ll_usb.o(i.USB_FlushRxFifo)
    USB_FlushTxFifo                          0x08005a15   Thumb Code    32  stm32f4xx_ll_usb.o(i.USB_FlushTxFifo)
    USB_GetCurrentFrame                      0x08005a39   Thumb Code     8  stm32f4xx_ll_usb.o(i.USB_GetCurrentFrame)
    USB_GetHostSpeed                         0x08005a41   Thumb Code    14  stm32f4xx_ll_usb.o(i.USB_GetHostSpeed)
    USB_GetMode                              0x08005a4f   Thumb Code     8  stm32f4xx_ll_usb.o(i.USB_GetMode)
    USB_HC_Halt                              0x08005a57   Thumb Code   376  stm32f4xx_ll_usb.o(i.USB_HC_Halt)
    USB_HC_Init                              0x08005bd1   Thumb Code   234  stm32f4xx_ll_usb.o(i.USB_HC_Init)
    USB_HC_ReadInterrupt                     0x08005cbb   Thumb Code    12  stm32f4xx_ll_usb.o(i.USB_HC_ReadInterrupt)
    USB_HC_StartXfer                         0x08005cc9   Thumb Code   396  stm32f4xx_ll_usb.o(i.USB_HC_StartXfer)
    USB_HostInit                             0x08005e59   Thumb Code   192  stm32f4xx_ll_usb.o(i.USB_HostInit)
    USB_InitFSLSPClkSel                      0x08005f2d   Thumb Code    54  stm32f4xx_ll_usb.o(i.USB_InitFSLSPClkSel)
    USB_ReadInterrupts                       0x08005f63   Thumb Code     8  stm32f4xx_ll_usb.o(i.USB_ReadInterrupts)
    USB_ReadPacket                           0x08005f6b   Thumb Code    32  stm32f4xx_ll_usb.o(i.USB_ReadPacket)
    USB_ResetPort                            0x08005f8b   Thumb Code    44  stm32f4xx_ll_usb.o(i.USB_ResetPort)
    USB_SetCurrentMode                       0x08005fb7   Thumb Code    44  stm32f4xx_ll_usb.o(i.USB_SetCurrentMode)
    USB_StopHost                             0x08005fe3   Thumb Code   178  stm32f4xx_ll_usb.o(i.USB_StopHost)
    USB_WritePacket                          0x08006095   Thumb Code    40  stm32f4xx_ll_usb.o(i.USB_WritePacket)
    __scatterload_copy                       0x080060bd   Thumb Code    14  handlers.o(i.__scatterload_copy)
    __scatterload_null                       0x080060cb   Thumb Code     2  handlers.o(i.__scatterload_null)
    __scatterload_zeroinit                   0x080060cd   Thumb Code    14  handlers.o(i.__scatterload_zeroinit)
    fifo_init                                0x080060db   Thumb Code    14  usbh_hid.o(i.fifo_init)
    fifo_write                               0x080060e9   Thumb Code    80  usbh_hid.o(i.fifo_write)
    free                                     0x08006139   Thumb Code    76  malloc.o(i.free)
    main                                     0x08006195   Thumb Code    82  main.o(i.main)
    malloc                                   0x08006209   Thumb Code    92  malloc.o(i.malloc)
    osDelay                                  0x08006275   Thumb Code    14  cmsis_os.o(i.osDelay)
    osKernelStart                            0x08006283   Thumb Code    10  cmsis_os.o(i.osKernelStart)
    osMessageCreate                          0x0800628d   Thumb Code    10  cmsis_os.o(i.osMessageCreate)
    osMessageGet                             0x08006299   Thumb Code   134  cmsis_os.o(i.osMessageGet)
    osMessagePut                             0x08006325   Thumb Code    78  cmsis_os.o(i.osMessagePut)
    osSystickHandler                         0x08006379   Thumb Code    20  cmsis_os.o(i.osSystickHandler)
    osThreadCreate                           0x0800638d   Thumb Code    56  cmsis_os.o(i.osThreadCreate)
    pvPortMalloc                             0x0800662d   Thumb Code   182  heap_4.o(i.pvPortMalloc)
    pvTaskIncrementMutexHeldCount            0x080066e9   Thumb Code    18  tasks.o(i.pvTaskIncrementMutexHeldCount)
    pxPortInitialiseStack                    0x08006701   Thumb Code    36  port.o(i.pxPortInitialiseStack)
    uxListRemove                             0x08006729   Thumb Code    36  list.o(i.uxListRemove)
    vListInitialise                          0x0800674d   Thumb Code    22  list.o(i.vListInitialise)
    vListInitialiseItem                      0x08006763   Thumb Code     6  list.o(i.vListInitialiseItem)
    vListInsert                              0x08006769   Thumb Code    48  list.o(i.vListInsert)
    vListInsertEnd                           0x08006799   Thumb Code    24  list.o(i.vListInsertEnd)
    vPortEnterCritical                       0x080067b1   Thumb Code    42  port.o(i.vPortEnterCritical)
    vPortExitCritical                        0x080067e5   Thumb Code    30  port.o(i.vPortExitCritical)
    vPortFree                                0x08006809   Thumb Code    68  heap_4.o(i.vPortFree)
    vPortSetupTimerInterrupt                 0x08006851   Thumb Code    26  port.o(i.vPortSetupTimerInterrupt)
    vPortValidateInterruptPriority           0x08006871   Thumb Code    54  port.o(i.vPortValidateInterruptPriority)
    vPortYield                               0x080068b1   Thumb Code    18  port.o(i.vPortYield)
    vTaskDelay                               0x080068c9   Thumb Code    76  tasks.o(i.vTaskDelay)
    vTaskMissedYield                         0x08006919   Thumb Code     8  tasks.o(i.vTaskMissedYield)
    vTaskPlaceOnEventList                    0x08006925   Thumb Code    80  tasks.o(i.vTaskPlaceOnEventList)
    vTaskPriorityInherit                     0x0800697d   Thumb Code   124  tasks.o(i.vTaskPriorityInherit)
    vTaskSetTimeOutState                     0x08006a01   Thumb Code    22  tasks.o(i.vTaskSetTimeOutState)
    vTaskStartScheduler                      0x08006a1d   Thumb Code    60  tasks.o(i.vTaskStartScheduler)
    vTaskSuspendAll                          0x08006a69   Thumb Code    10  tasks.o(i.vTaskSuspendAll)
    vTaskSwitchContext                       0x08006a79   Thumb Code    74  tasks.o(i.vTaskSwitchContext)
    vTask_ControlLamps                       0x08006acd   Thumb Code   304  main.o(i.vTask_ControlLamps)
    xPortStartScheduler                      0x08006c05   Thumb Code   116  port.o(i.xPortStartScheduler)
    xPortSysTickHandler                      0x08006c89   Thumb Code    30  port.o(i.xPortSysTickHandler)
    xQueueGenericCreate                      0x08006cad   Thumb Code    70  queue.o(i.xQueueGenericCreate)
    xQueueGenericReceive                     0x08006cf5   Thumb Code   302  queue.o(i.xQueueGenericReceive)
    xQueueGenericReset                       0x08006e23   Thumb Code   106  queue.o(i.xQueueGenericReset)
    xQueueGenericSend                        0x08006e8d   Thumb Code   276  queue.o(i.xQueueGenericSend)
    xQueueGenericSendFromISR                 0x08006fa1   Thumb Code   146  queue.o(i.xQueueGenericSendFromISR)
    xQueueReceiveFromISR                     0x08007033   Thumb Code   118  queue.o(i.xQueueReceiveFromISR)
    xTaskCheckForTimeOut                     0x080070a9   Thumb Code    82  tasks.o(i.xTaskCheckForTimeOut)
    xTaskGenericCreate                       0x08007101   Thumb Code   380  tasks.o(i.xTaskGenericCreate)
    xTaskGetSchedulerState                   0x08007285   Thumb Code    22  tasks.o(i.xTaskGetSchedulerState)
    xTaskIncrementTick                       0x080072a1   Thumb Code   184  tasks.o(i.xTaskIncrementTick)
    xTaskPriorityDisinherit                  0x08007361   Thumb Code   112  tasks.o(i.xTaskPriorityDisinherit)
    xTaskRemoveFromEventList                 0x080073d9   Thumb Code    98  tasks.o(i.xTaskRemoveFromEventList)
    xTaskResumeAll                           0x08007445   Thumb Code   162  tasks.o(i.xTaskResumeAll)
    APBAHBPrescTable                         0x0800750c   Data          16  stm32f4xx_hal_rcc.o(.constdata)
    Region$$Table$$Base                      0x08007560   Number         0  anon$$obj.o(Region$$Table)
    Region$$Table$$Limit                     0x08007580   Number         0  anon$$obj.o(Region$$Table)
    HID_Class                                0x20000000   Data          32  usbh_hid.o(.data)
    mouse_report_data                        0x20000020   Data           4  usbh_hid_mouse.o(.data)
    mouse_info                               0x20000024   Data           5  usbh_hid_mouse.o(.data)
    MTP_Class                                0x2000002c   Data          32  usbh_mtp.o(.data)
    CDC_Class                                0x2000004c   Data          32  usbh_cdc.o(.data)
    USBH_msc                                 0x2000006c   Data          32  usbh_msc.o(.data)
    keybd_report_data                        0x2000008c   Data           8  usbh_hid_keybd.o(.data)
    AUDIO_Class                              0x20000094   Data          32  usbh_audio.o(.data)
    pxCurrentTCB                             0x200000c4   Data           4  tasks.o(.data)
    SystemCoreClock                          0x20000114   Data           4  system_stm32f4xx.o(.data)
    AHBPrescTable                            0x20000118   Data          16  system_stm32f4xx.o(.data)
    defaultTaskHandle                        0x20000128   Data           4  main.o(.data)
    Appli_state                              0x2000012c   Data           1  usb_host.o(.data)
    __microlib_freelist                      0x20000130   Data           4  mvars.o(.data)
    __microlib_freelist_initialised          0x20000134   Data           4  mvars.o(.data)
    keybd_info                               0x20000138   Data          15  usbh_hid_keybd.o(.bss)
    hadc1                                    0x20003e60   Data          68  main.o(.bss)
    hcan1                                    0x20003ea4   Data          64  main.o(.bss)
    hcan2                                    0x20003ee4   Data          64  main.o(.bss)
    hUsbHostFS                               0x20003f24   Data        1440  usb_host.o(.bss)
    hhcd_USB_OTG_FS                          0x200044c4   Data         660  usbh_conf.o(.bss)
    __heap_base                              0x20004758   Data           0  startup_stm32f407xx.o(HEAP)
    __heap_limit                             0x20004958   Data           0  startup_stm32f407xx.o(HEAP)
    __initial_sp                             0x20004d58   Data           0  startup_stm32f407xx.o(STACK)



==============================================================================

Memory Map of the image

  Image Entry point : 0x08000189

  Load Region LR_IROM1 (Base: 0x08000000, Size: 0x000076b8, Max: 0x00100000, ABSOLUTE, COMPRESSED[0x00007614])

    Execution Region ER_IROM1 (Base: 0x08000000, Size: 0x00007580, Max: 0x00100000, ABSOLUTE)

    Base Addr    Size         Type   Attr      Idx    E Section Name        Object

    0x08000000   0x00000188   Data   RO         3407    RESET               startup_stm32f407xx.o
    0x08000188   0x00000000   Code   RO         4783  * .ARM.Collect$$$$00000000  mc_w.l(entry.o)
    0x08000188   0x00000004   Code   RO         4820    .ARM.Collect$$$$00000001  mc_w.l(entry2.o)
    0x0800018c   0x00000004   Code   RO         4823    .ARM.Collect$$$$00000004  mc_w.l(entry5.o)
    0x08000190   0x00000000   Code   RO         4825    .ARM.Collect$$$$00000008  mc_w.l(entry7b.o)
    0x08000190   0x00000000   Code   RO         4827    .ARM.Collect$$$$0000000A  mc_w.l(entry8b.o)
    0x08000190   0x00000008   Code   RO         4828    .ARM.Collect$$$$0000000B  mc_w.l(entry9a.o)
    0x08000198   0x00000000   Code   RO         4830    .ARM.Collect$$$$0000000D  mc_w.l(entry10a.o)
    0x08000198   0x00000000   Code   RO         4832    .ARM.Collect$$$$0000000F  mc_w.l(entry11a.o)
    0x08000198   0x00000004   Code   RO         4821    .ARM.Collect$$$$00002712  mc_w.l(entry2.o)
    0x0800019c   0x000000c6   Code   RO         3412    .emb_text           port.o
    0x08000262   0x00000002   PAD
    0x08000264   0x00000024   Code   RO         3408    .text               startup_stm32f407xx.o
    0x08000288   0x00000024   Code   RO         4786    .text               mc_w.l(memcpya.o)
    0x080002ac   0x00000024   Code   RO         4788    .text               mc_w.l(memseta.o)
    0x080002d0   0x00000024   Code   RO         4836    .text               mc_w.l(init.o)
    0x080002f4   0x00000056   Code   RO         4846    .text               mc_w.l(__dczerorl2.o)
    0x0800034a   0x00000002   PAD
    0x0800034c   0x00000134   Code   RO         2958    i.ADC_Init          stm32f4xx_hal_adc.o
    0x08000480   0x00000080   Code   RO         4593    i.CAN1_RX0_IRQHandler  stm32f4xx_it.o
    0x08000500   0x0000007a   Code   RO          750    i.CDC_ProcessReception  usbh_cdc.o
    0x0800057a   0x00000080   Code   RO          751    i.CDC_ProcessTransmission  usbh_cdc.o
    0x080005fa   0x00000002   PAD
    0x080005fc   0x00000048   Code   RO         1006    i.DeInitStateMachine  usbh_core.o
    0x08000644   0x00000016   Code   RO          752    i.GetLineCoding     usbh_cdc.o
    0x0800065a   0x00000002   PAD
    0x0800065c   0x00000150   Code   RO         2960    i.HAL_ADC_ConfigChannel  stm32f4xx_hal_adc.o
    0x080007ac   0x0000003a   Code   RO         2969    i.HAL_ADC_Init      stm32f4xx_hal_adc.o
    0x080007e6   0x00000002   PAD
    0x080007e8   0x00000044   Code   RO         4546    i.HAL_ADC_MspInit   stm32f4xx_hal_msp.o
    0x0800082c   0x000000e4   Code   RO         2827    i.HAL_CAN_ConfigFilter  stm32f4xx_hal_can.o
    0x08000910   0x00000148   Code   RO         2833    i.HAL_CAN_Init      stm32f4xx_hal_can.o
    0x08000a58   0x0000008c   Code   RO         4548    i.HAL_CAN_MspInit   stm32f4xx_hal_msp.o
    0x08000ae4   0x00000086   Code   RO         2837    i.HAL_CAN_Receive_IT  stm32f4xx_hal_can.o
    0x08000b6a   0x00000016   Code   RO         1617    i.HAL_Delay         stm32f4xx_hal.o
    0x08000b80   0x000001c0   Code   RO         1981    i.HAL_GPIO_Init     stm32f4xx_hal_gpio.o
    0x08000d40   0x0000000a   Code   RO         1985    i.HAL_GPIO_WritePin  stm32f4xx_hal_gpio.o
    0x08000d4a   0x00000002   PAD
    0x08000d4c   0x0000000c   Code   RO         1623    i.HAL_GetTick       stm32f4xx_hal.o
    0x08000d58   0x00000008   Code   RO         4633    i.HAL_HCD_Connect_Callback  usbh_conf.o
    0x08000d60   0x00000008   Code   RO         4634    i.HAL_HCD_Disconnect_Callback  usbh_conf.o
    0x08000d68   0x00000006   Code   RO         2164    i.HAL_HCD_GetCurrentFrame  stm32f4xx_hal_hcd.o
    0x08000d6e   0x00000006   Code   RO         2165    i.HAL_HCD_GetCurrentSpeed  stm32f4xx_hal_hcd.o
    0x08000d74   0x0000000e   Code   RO         2168    i.HAL_HCD_HC_GetURBState  stm32f4xx_hal_hcd.o
    0x08000d82   0x0000000c   Code   RO         2169    i.HAL_HCD_HC_GetXferCount  stm32f4xx_hal_hcd.o
    0x08000d8e   0x00000024   Code   RO         2170    i.HAL_HCD_HC_Halt   stm32f4xx_hal_hcd.o
    0x08000db2   0x00000054   Code   RO         2171    i.HAL_HCD_HC_Init   stm32f4xx_hal_hcd.o
    0x08000e06   0x00000008   Code   RO         4635    i.HAL_HCD_HC_NotifyURBChange_Callback  usbh_conf.o
    0x08000e0e   0x000000b6   Code   RO         2173    i.HAL_HCD_HC_SubmitRequest  stm32f4xx_hal_hcd.o
    0x08000ec4   0x0000012e   Code   RO         2174    i.HAL_HCD_IRQHandler  stm32f4xx_hal_hcd.o
    0x08000ff2   0x0000005a   Code   RO         2175    i.HAL_HCD_Init      stm32f4xx_hal_hcd.o
    0x0800104c   0x00000078   Code   RO         4637    i.HAL_HCD_MspInit   usbh_conf.o
    0x080010c4   0x00000006   Code   RO         2178    i.HAL_HCD_ResetPort  stm32f4xx_hal_hcd.o
    0x080010ca   0x00000008   Code   RO         4638    i.HAL_HCD_SOF_Callback  usbh_conf.o
    0x080010d2   0x0000002c   Code   RO         2180    i.HAL_HCD_Start     stm32f4xx_hal_hcd.o
    0x080010fe   0x00000024   Code   RO         2181    i.HAL_HCD_Stop      stm32f4xx_hal_hcd.o
    0x08001122   0x00000002   PAD
    0x08001124   0x00000010   Code   RO         1624    i.HAL_IncTick       stm32f4xx_hal.o
    0x08001134   0x00000034   Code   RO         1625    i.HAL_Init          stm32f4xx_hal.o
    0x08001168   0x00000022   Code   RO         1626    i.HAL_InitTick      stm32f4xx_hal.o
    0x0800118a   0x00000016   Code   RO         4549    i.HAL_MspInit       stm32f4xx_hal_msp.o
    0x080011a0   0x00000016   Code   RO         2046    i.HAL_NVIC_EnableIRQ  stm32f4xx_hal_cortex.o
    0x080011b6   0x00000002   PAD
    0x080011b8   0x00000040   Code   RO         2052    i.HAL_NVIC_SetPriority  stm32f4xx_hal_cortex.o
    0x080011f8   0x00000024   Code   RO         2053    i.HAL_NVIC_SetPriorityGrouping  stm32f4xx_hal_cortex.o
    0x0800121c   0x0000020c   Code   RO         2367    i.HAL_RCC_ClockConfig  stm32f4xx_hal_rcc.o
    0x08001428   0x00000034   Code   RO         2372    i.HAL_RCC_GetHCLKFreq  stm32f4xx_hal_rcc.o
    0x0800145c   0x00000070   Code   RO         2376    i.HAL_RCC_GetSysClockFreq  stm32f4xx_hal_rcc.o
    0x080014cc   0x0000033c   Code   RO         2379    i.HAL_RCC_OscConfig  stm32f4xx_hal_rcc.o
    0x08001808   0x00000028   Code   RO         2057    i.HAL_SYSTICK_Config  stm32f4xx_hal_cortex.o
    0x08001830   0x00000242   Code   RO         2182    i.HCD_HC_IN_IRQHandler  stm32f4xx_hal_hcd.o
    0x08001a72   0x00000234   Code   RO         2183    i.HCD_HC_OUT_IRQHandler  stm32f4xx_hal_hcd.o
    0x08001ca6   0x000000b0   Code   RO         2184    i.HCD_Port_IRQHandler  stm32f4xx_hal_hcd.o
    0x08001d56   0x00000002   PAD
    0x08001d58   0x00000078   Code   RO         2185    i.HCD_RXQLVL_IRQHandler  stm32f4xx_hal_hcd.o
    0x08001dd0   0x0000003c   Code   RO         4415    i.MX_ADC1_Init      main.o
    0x08001e0c   0x0000008c   Code   RO         4416    i.MX_CAN1_Init      main.o
    0x08001e98   0x0000002c   Code   RO         4417    i.MX_CAN2_Init      main.o
    0x08001ec4   0x00000194   Code   RO         4418    i.MX_GPIO_Init      main.o
    0x08002058   0x0000005c   Code   RO         4498    i.MX_USB_HOST_Init  usb_host.o
    0x080020b4   0x00000020   Code   RO         2059    i.NVIC_SetPriority  stm32f4xx_hal_cortex.o
    0x080020d4   0x0000000c   Code   RO         4594    i.OTG_FS_IRQHandler  stm32f4xx_it.o
    0x080020e0   0x00000070   Code   RO         1224    i.PTP_BufferFullCallback  usbh_mtp_ptp.o
    0x08002150   0x00000138   Code   RO         1225    i.PTP_DecodeDeviceInfo  usbh_mtp_ptp.o
    0x08002288   0x0000003a   Code   RO         1226    i.PTP_GetArray16    usbh_mtp_ptp.o
    0x080022c2   0x00000002   PAD
    0x080022c4   0x00000046   Code   RO         1227    i.PTP_GetArray32    usbh_mtp_ptp.o
    0x0800230a   0x000000f8   Code   RO         1232    i.PTP_GetStorageInfo  usbh_mtp_ptp.o
    0x08002402   0x00000024   Code   RO         1233    i.PTP_GetString     usbh_mtp_ptp.o
    0x08002426   0x000000a6   Code   RO         1410    i.ParseCSDescriptors  usbh_audio.o
    0x080024cc   0x0000000c   Code   RO         4419    i.StartDefaultTask  main.o
    0x080024d8   0x0000000e   Code   RO         4595    i.SysTick_Handler   stm32f4xx_it.o
    0x080024e6   0x00000002   PAD
    0x080024e8   0x00000074   Code   RO         4420    i.SystemClock_Config  main.o
    0x0800255c   0x00000054   Code   RO         4380    i.SystemInit        system_stm32f4xx.o
    0x080025b0   0x00000082   Code   RO         1411    i.USBH_AC_GetCur    usbh_audio.o
    0x08002632   0x00000082   Code   RO         1412    i.USBH_AC_GetMax    usbh_audio.o
    0x080026b4   0x00000082   Code   RO         1413    i.USBH_AC_GetMin    usbh_audio.o
    0x08002736   0x00000082   Code   RO         1414    i.USBH_AC_GetRes    usbh_audio.o
    0x080027b8   0x00000002   Code   RO         1415    i.USBH_AUDIO_BufferEmptyCallback  usbh_audio.o
    0x080027ba   0x00000002   PAD
    0x080027bc   0x000000c6   Code   RO         1416    i.USBH_AUDIO_BuildHeadphonePath  usbh_audio.o
    0x08002882   0x00000002   PAD
    0x08002884   0x00000086   Code   RO         1417    i.USBH_AUDIO_BuildMicrophonePath  usbh_audio.o
    0x0800290a   0x000000d8   Code   RO         1418    i.USBH_AUDIO_CSRequest  usbh_audio.o
    0x080029e2   0x00000128   Code   RO         1420    i.USBH_AUDIO_ClassRequest  usbh_audio.o
    0x08002b0a   0x000000c8   Code   RO         1421    i.USBH_AUDIO_Control  usbh_audio.o
    0x08002bd2   0x00000074   Code   RO         1422    i.USBH_AUDIO_FindAudioStreamingIN  usbh_audio.o
    0x08002c46   0x00000076   Code   RO         1423    i.USBH_AUDIO_FindAudioStreamingOUT  usbh_audio.o
    0x08002cbc   0x00000084   Code   RO         1424    i.USBH_AUDIO_FindHIDControl  usbh_audio.o
    0x08002d40   0x000000e0   Code   RO         1425    i.USBH_AUDIO_FindLinkedUnit  usbh_audio.o
    0x08002e20   0x00000002   Code   RO         1426    i.USBH_AUDIO_FrequencySet  usbh_audio.o
    0x08002e22   0x00000070   Code   RO         1428    i.USBH_AUDIO_InterfaceDeInit  usbh_audio.o
    0x08002e92   0x000001b4   Code   RO         1429    i.USBH_AUDIO_InterfaceInit  usbh_audio.o
    0x08003046   0x0000009e   Code   RO         1430    i.USBH_AUDIO_OutputStream  usbh_audio.o
    0x080030e4   0x0000008c   Code   RO         1431    i.USBH_AUDIO_ParseCSDescriptors  usbh_audio.o
    0x08003170   0x0000001a   Code   RO         1433    i.USBH_AUDIO_Process  usbh_audio.o
    0x0800318a   0x00000004   Code   RO         1435    i.USBH_AUDIO_SOFProcess  usbh_audio.o
    0x0800318e   0x000000bc   Code   RO         1436    i.USBH_AUDIO_SetControlAttribute  usbh_audio.o
    0x0800324a   0x00000020   Code   RO         1437    i.USBH_AUDIO_SetEndpointControls  usbh_audio.o
    0x0800326a   0x000000e2   Code   RO         1442    i.USBH_AUDIO_Transmit  usbh_audio.o
    0x0800334c   0x00000034   Code   RO          409    i.USBH_AllocPipe    usbh_pipes.o
    0x08003380   0x00000020   Code   RO          485    i.USBH_BulkReceiveData  usbh_ioreq.o
    0x080033a0   0x00000028   Code   RO          486    i.USBH_BulkSendData  usbh_ioreq.o
    0x080033c8   0x00000024   Code   RO          753    i.USBH_CDC_ClassRequest  usbh_cdc.o
    0x080033ec   0x0000005e   Code   RO          756    i.USBH_CDC_InterfaceDeInit  usbh_cdc.o
    0x0800344a   0x00000134   Code   RO          757    i.USBH_CDC_InterfaceInit  usbh_cdc.o
    0x0800357e   0x00000002   Code   RO          758    i.USBH_CDC_LineCodingChanged  usbh_cdc.o
    0x08003580   0x000000b8   Code   RO          759    i.USBH_CDC_Process  usbh_cdc.o
    0x08003638   0x00000002   Code   RO          761    i.USBH_CDC_ReceiveCallback  usbh_cdc.o
    0x0800363a   0x00000004   Code   RO          762    i.USBH_CDC_SOFProcess  usbh_cdc.o
    0x0800363e   0x00000002   Code   RO          766    i.USBH_CDC_TransmitCallback  usbh_cdc.o
    0x08003640   0x0000000a   Code   RO          410    i.USBH_ClosePipe    usbh_pipes.o
    0x0800364a   0x0000001e   Code   RO         1136    i.USBH_ClrFeature   usbh_ctlreq.o
    0x08003668   0x0000001e   Code   RO          487    i.USBH_CtlReceiveData  usbh_ioreq.o
    0x08003686   0x0000004a   Code   RO         1137    i.USBH_CtlReq       usbh_ctlreq.o
    0x080036d0   0x00000028   Code   RO          488    i.USBH_CtlSendData  usbh_ioreq.o
    0x080036f8   0x0000001e   Code   RO          489    i.USBH_CtlSendSetup  usbh_ioreq.o
    0x08003716   0x00000004   Code   RO         4639    i.USBH_Delay        usbh_conf.o
    0x0800371a   0x00000044   Code   RO         1008    i.USBH_FindInterface  usbh_core.o
    0x0800375e   0x00000032   Code   RO         1009    i.USBH_FindInterfaceIndex  usbh_core.o
    0x08003790   0x00000018   Code   RO          411    i.USBH_FreePipe     usbh_pipes.o
    0x080037a8   0x00000034   Code   RO         1138    i.USBH_GetDescriptor  usbh_ctlreq.o
    0x080037dc   0x0000000e   Code   RO         1139    i.USBH_GetNextDesc  usbh_ctlreq.o
    0x080037ea   0x0000002c   Code   RO         1140    i.USBH_Get_CfgDesc  usbh_ctlreq.o
    0x08003816   0x0000009a   Code   RO         1141    i.USBH_Get_DevDesc  usbh_ctlreq.o
    0x080038b0   0x00000048   Code   RO         1142    i.USBH_Get_StringDesc  usbh_ctlreq.o
    0x080038f8   0x000000ac   Code   RO          224    i.USBH_HID_ClassRequest  usbh_hid.o
    0x080039a4   0x00000002   Code   RO          225    i.USBH_HID_EventCallback  usbh_hid.o
    0x080039a6   0x00000014   Code   RO          227    i.USBH_HID_GetHIDDescriptor  usbh_hid.o
    0x080039ba   0x00000014   Code   RO          228    i.USBH_HID_GetHIDReportDescriptor  usbh_hid.o
    0x080039ce   0x00000022   Code   RO          230    i.USBH_HID_GetReport  usbh_hid.o
    0x080039f0   0x00000044   Code   RO          231    i.USBH_HID_InterfaceDeInit  usbh_hid.o
    0x08003a34   0x0000015c   Code   RO          232    i.USBH_HID_InterfaceInit  usbh_hid.o
    0x08003b90   0x00000054   Code   RO          963    i.USBH_HID_KeybdInit  usbh_hid_keybd.o
    0x08003be4   0x0000003c   Code   RO          559    i.USBH_HID_MouseInit  usbh_hid_mouse.o
    0x08003c20   0x000000ca   Code   RO          233    i.USBH_HID_Process  usbh_hid.o
    0x08003cea   0x00000030   Code   RO          234    i.USBH_HID_SOFProcess  usbh_hid.o
    0x08003d1a   0x0000001a   Code   RO          235    i.USBH_HID_SetIdle  usbh_hid.o
    0x08003d34   0x0000001e   Code   RO          236    i.USBH_HID_SetProtocol  usbh_hid.o
    0x08003d52   0x0000018c   Code   RO         1143    i.USBH_HandleControl  usbh_ctlreq.o
    0x08003ede   0x00000116   Code   RO         1011    i.USBH_HandleEnum   usbh_core.o
    0x08003ff4   0x00000068   Code   RO         1012    i.USBH_Init         usbh_core.o
    0x0800405c   0x00000020   Code   RO          490    i.USBH_InterruptReceiveData  usbh_ioreq.o
    0x0800407c   0x00000022   Code   RO          493    i.USBH_IsocSendData  usbh_ioreq.o
    0x0800409e   0x0000000e   Code   RO         4640    i.USBH_LL_ClosePipe  usbh_conf.o
    0x080040ac   0x00000038   Code   RO         1013    i.USBH_LL_Connect   usbh_core.o
    0x080040e4   0x00000044   Code   RO         1014    i.USBH_LL_Disconnect  usbh_core.o
    0x08004128   0x0000000c   Code   RO         4642    i.USBH_LL_DriverVBUS  usbh_conf.o
    0x08004134   0x00000008   Code   RO         4643    i.USBH_LL_GetLastXferSize  usbh_conf.o
    0x0800413c   0x00000022   Code   RO         4644    i.USBH_LL_GetSpeed  usbh_conf.o
    0x0800415e   0x0000001e   Code   RO         4645    i.USBH_LL_GetToggle  usbh_conf.o
    0x0800417c   0x00000008   Code   RO         4646    i.USBH_LL_GetURBState  usbh_conf.o
    0x08004184   0x0000001e   Code   RO         1015    i.USBH_LL_IncTimer  usbh_core.o
    0x080041a2   0x00000002   PAD
    0x080041a4   0x00000048   Code   RO         4647    i.USBH_LL_Init      usbh_conf.o
    0x080041ec   0x00000012   Code   RO         1016    i.USBH_LL_NotifyURBChange  usbh_core.o
    0x080041fe   0x00000018   Code   RO         4648    i.USBH_LL_OpenPipe  usbh_conf.o
    0x08004216   0x0000000e   Code   RO         4649    i.USBH_LL_ResetPort  usbh_conf.o
    0x08004224   0x00000006   Code   RO         1017    i.USBH_LL_SetTimer  usbh_core.o
    0x0800422a   0x00000020   Code   RO         4650    i.USBH_LL_SetToggle  usbh_conf.o
    0x0800424a   0x0000000e   Code   RO         4651    i.USBH_LL_Start     usbh_conf.o
    0x08004258   0x0000000e   Code   RO         4652    i.USBH_LL_Stop      usbh_conf.o
    0x08004266   0x00000020   Code   RO         4653    i.USBH_LL_SubmitURB  usbh_conf.o
    0x08004286   0x0000001e   Code   RO            4    i.USBH_MSC_BOT_Abort  usbh_msc_bot.o
    0x080042a4   0x00000024   Code   RO            5    i.USBH_MSC_BOT_Init  usbh_msc_bot.o
    0x080042c8   0x000001fc   Code   RO            6    i.USBH_MSC_BOT_Process  usbh_msc_bot.o
    0x080044c4   0x00000016   Code   RO            7    i.USBH_MSC_BOT_REQ_GetMaxLUN  usbh_msc_bot.o
    0x080044da   0x00000016   Code   RO            8    i.USBH_MSC_BOT_REQ_Reset  usbh_msc_bot.o
    0x080044f0   0x0000006c   Code   RO          869    i.USBH_MSC_ClassRequest  usbh_msc.o
    0x0800455c   0x0000004a   Code   RO          872    i.USBH_MSC_InterfaceDeInit  usbh_msc.o
    0x080045a6   0x0000014c   Code   RO          873    i.USBH_MSC_InterfaceInit  usbh_msc.o
    0x080046f2   0x000002a8   Code   RO          875    i.USBH_MSC_Process  usbh_msc.o
    0x0800499a   0x000000c0   Code   RO          355    i.USBH_MSC_SCSI_Inquiry  usbh_msc_scsi.o
    0x08004a5a   0x0000007a   Code   RO          357    i.USBH_MSC_SCSI_ReadCapacity  usbh_msc_scsi.o
    0x08004ad4   0x00000092   Code   RO          358    i.USBH_MSC_SCSI_RequestSense  usbh_msc_scsi.o
    0x08004b66   0x0000004c   Code   RO          359    i.USBH_MSC_SCSI_TestUnitReady  usbh_msc_scsi.o
    0x08004bb2   0x00000004   Code   RO          878    i.USBH_MSC_SOFProcess  usbh_msc.o
    0x08004bb6   0x00000012   Code   RO          596    i.USBH_MTP_ClassRequest  usbh_mtp.o
    0x08004bc8   0x000000a4   Code   RO          598    i.USBH_MTP_Events   usbh_mtp.o
    0x08004c6c   0x00000002   Code   RO          599    i.USBH_MTP_EventsCallback  usbh_mtp.o
    0x08004c6e   0x00000074   Code   RO          611    i.USBH_MTP_InterfaceDeInit  usbh_mtp.o
    0x08004ce2   0x00000002   PAD
    0x08004ce4   0x0000021c   Code   RO          612    i.USBH_MTP_InterfaceInit  usbh_mtp.o
    0x08004f00   0x000000fc   Code   RO          614    i.USBH_MTP_Process  usbh_mtp.o
    0x08004ffc   0x00000004   Code   RO          615    i.USBH_MTP_SOFProcess  usbh_mtp.o
    0x08005000   0x00000014   Code   RO          412    i.USBH_OpenPipe     usbh_pipes.o
    0x08005014   0x0000009a   Code   RO         1235    i.USBH_PTP_GetDeviceInfo  usbh_mtp_ptp.o
    0x080050ae   0x00000036   Code   RO         1245    i.USBH_PTP_GetResponse  usbh_mtp_ptp.o
    0x080050e4   0x000000a8   Code   RO         1246    i.USBH_PTP_GetStorageIds  usbh_mtp_ptp.o
    0x0800518c   0x000000a6   Code   RO         1247    i.USBH_PTP_GetStorageInfo  usbh_mtp_ptp.o
    0x08005232   0x0000001a   Code   RO         1248    i.USBH_PTP_Init     usbh_mtp_ptp.o
    0x0800524c   0x0000007a   Code   RO         1249    i.USBH_PTP_OpenSession  usbh_mtp_ptp.o
    0x080052c6   0x00000002   PAD
    0x080052c8   0x0000024c   Code   RO         1250    i.USBH_PTP_Process  usbh_mtp_ptp.o
    0x08005514   0x00000056   Code   RO         1252    i.USBH_PTP_SendRequest  usbh_mtp_ptp.o
    0x0800556a   0x000000e8   Code   RO         1144    i.USBH_ParseCfgDesc  usbh_ctlreq.o
    0x08005652   0x00000180   Code   RO         1018    i.USBH_Process      usbh_core.o
    0x080057d2   0x00000022   Code   RO         1019    i.USBH_Process_OS   usbh_core.o
    0x080057f4   0x00000024   Code   RO         1021    i.USBH_RegisterClass  usbh_core.o
    0x08005818   0x00000016   Code   RO         1022    i.USBH_SelectInterface  usbh_core.o
    0x0800582e   0x0000001c   Code   RO         1145    i.USBH_SetAddress   usbh_ctlreq.o
    0x0800584a   0x0000001c   Code   RO         1146    i.USBH_SetCfg       usbh_ctlreq.o
    0x08005866   0x0000001c   Code   RO         1147    i.USBH_SetInterface  usbh_ctlreq.o
    0x08005882   0x00000014   Code   RO         1023    i.USBH_Start        usbh_core.o
    0x08005896   0x00000002   PAD
    0x08005898   0x00000020   Code   RO         4500    i.USBH_UserProcess  usb_host.o
    0x080058b8   0x0000006c   Code   RO         3129    i.USB_CoreInit      stm32f4xx_ll_usb.o
    0x08005924   0x00000038   Code   RO         3130    i.USB_CoreReset     stm32f4xx_ll_usb.o
    0x0800595c   0x0000000c   Code   RO         3136    i.USB_DisableGlobalInt  stm32f4xx_ll_usb.o
    0x08005968   0x00000054   Code   RO         3137    i.USB_DoPing        stm32f4xx_ll_usb.o
    0x080059bc   0x0000002c   Code   RO         3138    i.USB_DriveVbus     stm32f4xx_ll_usb.o
    0x080059e8   0x0000000c   Code   RO         3144    i.USB_EnableGlobalInt  stm32f4xx_ll_usb.o
    0x080059f4   0x00000020   Code   RO         3145    i.USB_FlushRxFifo   stm32f4xx_ll_usb.o
    0x08005a14   0x00000024   Code   RO         3146    i.USB_FlushTxFifo   stm32f4xx_ll_usb.o
    0x08005a38   0x00000008   Code   RO         3147    i.USB_GetCurrentFrame  stm32f4xx_ll_usb.o
    0x08005a40   0x0000000e   Code   RO         3149    i.USB_GetHostSpeed  stm32f4xx_ll_usb.o
    0x08005a4e   0x00000008   Code   RO         3150    i.USB_GetMode       stm32f4xx_ll_usb.o
    0x08005a56   0x00000178   Code   RO         3151    i.USB_HC_Halt       stm32f4xx_ll_usb.o
    0x08005bce   0x00000002   PAD
    0x08005bd0   0x000000ea   Code   RO         3152    i.USB_HC_Init       stm32f4xx_ll_usb.o
    0x08005cba   0x0000000c   Code   RO         3153    i.USB_HC_ReadInterrupt  stm32f4xx_ll_usb.o
    0x08005cc6   0x00000002   PAD
    0x08005cc8   0x00000190   Code   RO         3154    i.USB_HC_StartXfer  stm32f4xx_ll_usb.o
    0x08005e58   0x000000d4   Code   RO         3155    i.USB_HostInit      stm32f4xx_ll_usb.o
    0x08005f2c   0x00000036   Code   RO         3156    i.USB_InitFSLSPClkSel  stm32f4xx_ll_usb.o
    0x08005f62   0x00000008   Code   RO         3161    i.USB_ReadInterrupts  stm32f4xx_ll_usb.o
    0x08005f6a   0x00000020   Code   RO         3162    i.USB_ReadPacket    stm32f4xx_ll_usb.o
    0x08005f8a   0x0000002c   Code   RO         3163    i.USB_ResetPort     stm32f4xx_ll_usb.o
    0x08005fb6   0x0000002c   Code   RO         3164    i.USB_SetCurrentMode  stm32f4xx_ll_usb.o
    0x08005fe2   0x000000b2   Code   RO         3168    i.USB_StopHost      stm32f4xx_ll_usb.o
    0x08006094   0x00000028   Code   RO         3169    i.USB_WritePacket   stm32f4xx_ll_usb.o
    0x080060bc   0x0000000e   Code   RO         4840    i.__scatterload_copy  mc_w.l(handlers.o)
    0x080060ca   0x00000002   Code   RO         4841    i.__scatterload_null  mc_w.l(handlers.o)
    0x080060cc   0x0000000e   Code   RO         4842    i.__scatterload_zeroinit  mc_w.l(handlers.o)
    0x080060da   0x0000000e   Code   RO          238    i.fifo_init         usbh_hid.o
    0x080060e8   0x00000050   Code   RO          240    i.fifo_write        usbh_hid.o
    0x08006138   0x00000050   Code   RO         4792    i.free              mc_w.l(malloc.o)
    0x08006188   0x0000000c   Code   RO         3781    i.inHandlerMode     cmsis_os.o
    0x08006194   0x00000068   Code   RO         4421    i.main              main.o
    0x080061fc   0x0000000c   Code   RO         3782    i.makeFreeRtosPriority  cmsis_os.o
    0x08006208   0x0000006c   Code   RO         4793    i.malloc            mc_w.l(malloc.o)
    0x08006274   0x0000000e   Code   RO         3783    i.osDelay           cmsis_os.o
    0x08006282   0x0000000a   Code   RO         3786    i.osKernelStart     cmsis_os.o
    0x0800628c   0x0000000a   Code   RO         3788    i.osMessageCreate   cmsis_os.o
    0x08006296   0x00000002   PAD
    0x08006298   0x0000008c   Code   RO         3789    i.osMessageGet      cmsis_os.o
    0x08006324   0x00000054   Code   RO         3791    i.osMessagePut      cmsis_os.o
    0x08006378   0x00000014   Code   RO         3807    i.osSystickHandler  cmsis_os.o
    0x0800638c   0x00000038   Code   RO         3808    i.osThreadCreate    cmsis_os.o
    0x080063c4   0x00000034   Code   RO         3493    i.prvAddCurrentTaskToDelayedList  tasks.o
    0x080063f8   0x00000054   Code   RO         3494    i.prvCheckTasksWaitingTermination  tasks.o
    0x0800644c   0x00000026   Code   RO         4220    i.prvCopyDataFromQueue  queue.o
    0x08006472   0x0000006e   Code   RO         4221    i.prvCopyDataToQueue  queue.o
    0x080064e0   0x0000004c   Code   RO         4171    i.prvHeapInit       heap_4.o
    0x0800652c   0x00000018   Code   RO         3495    i.prvIdleTask       tasks.o
    0x08006544   0x0000004c   Code   RO         4172    i.prvInsertBlockIntoFreeList  heap_4.o
    0x08006590   0x00000020   Code   RO         3497    i.prvResetNextTaskUnblockTime  tasks.o
    0x080065b0   0x00000018   Code   RO         3413    i.prvTaskExitError  port.o
    0x080065c8   0x00000064   Code   RO         4222    i.prvUnlockQueue    queue.o
    0x0800662c   0x000000bc   Code   RO         4173    i.pvPortMalloc      heap_4.o
    0x080066e8   0x00000018   Code   RO         3499    i.pvTaskIncrementMutexHeldCount  tasks.o
    0x08006700   0x00000028   Code   RO         3414    i.pxPortInitialiseStack  port.o
    0x08006728   0x00000024   Code   RO         3745    i.uxListRemove      list.o
    0x0800674c   0x00000016   Code   RO         3746    i.vListInitialise   list.o
    0x08006762   0x00000006   Code   RO         3747    i.vListInitialiseItem  list.o
    0x08006768   0x00000030   Code   RO         3748    i.vListInsert       list.o
    0x08006798   0x00000018   Code   RO         3749    i.vListInsertEnd    list.o
    0x080067b0   0x00000034   Code   RO         3416    i.vPortEnterCritical  port.o
    0x080067e4   0x00000024   Code   RO         3417    i.vPortExitCritical  port.o
    0x08006808   0x00000048   Code   RO         4174    i.vPortFree         heap_4.o
    0x08006850   0x00000020   Code   RO         3418    i.vPortSetupTimerInterrupt  port.o
    0x08006870   0x00000040   Code   RO         3419    i.vPortValidateInterruptPriority  port.o
    0x080068b0   0x00000018   Code   RO         3420    i.vPortYield        port.o
    0x080068c8   0x00000050   Code   RO         3505    i.vTaskDelay        tasks.o
    0x08006918   0x0000000c   Code   RO         3508    i.vTaskMissedYield  tasks.o
    0x08006924   0x00000058   Code   RO         3509    i.vTaskPlaceOnEventList  tasks.o
    0x0800697c   0x00000084   Code   RO         3511    i.vTaskPriorityInherit  tasks.o
    0x08006a00   0x0000001c   Code   RO         3515    i.vTaskSetTimeOutState  tasks.o
    0x08006a1c   0x0000004c   Code   RO         3516    i.vTaskStartScheduler  tasks.o
    0x08006a68   0x00000010   Code   RO         3518    i.vTaskSuspendAll   tasks.o
    0x08006a78   0x00000054   Code   RO         3519    i.vTaskSwitchContext  tasks.o
    0x08006acc   0x00000138   Code   RO         4422    i.vTask_ControlLamps  main.o
    0x08006c04   0x00000084   Code   RO         3421    i.xPortStartScheduler  port.o
    0x08006c88   0x00000024   Code   RO         3422    i.xPortSysTickHandler  port.o
    0x08006cac   0x00000046   Code   RO         4234    i.xQueueGenericCreate  queue.o
    0x08006cf2   0x00000002   PAD
    0x08006cf4   0x0000012e   Code   RO         4235    i.xQueueGenericReceive  queue.o
    0x08006e22   0x0000006a   Code   RO         4236    i.xQueueGenericReset  queue.o
    0x08006e8c   0x00000114   Code   RO         4237    i.xQueueGenericSend  queue.o
    0x08006fa0   0x00000092   Code   RO         4238    i.xQueueGenericSendFromISR  queue.o
    0x08007032   0x00000076   Code   RO         4243    i.xQueueReceiveFromISR  queue.o
    0x080070a8   0x00000058   Code   RO         3520    i.xTaskCheckForTimeOut  tasks.o
    0x08007100   0x00000184   Code   RO         3521    i.xTaskGenericCreate  tasks.o
    0x08007284   0x0000001c   Code   RO         3523    i.xTaskGetSchedulerState  tasks.o
    0x080072a0   0x000000c0   Code   RO         3526    i.xTaskIncrementTick  tasks.o
    0x08007360   0x00000078   Code   RO         3527    i.xTaskPriorityDisinherit  tasks.o
    0x080073d8   0x0000006c   Code   RO         3528    i.xTaskRemoveFromEventList  tasks.o
    0x08007444   0x000000ac   Code   RO         3530    i.xTaskResumeAll    tasks.o
    0x080074f0   0x0000001c   Data   RO         1025    .constdata          usbh_core.o
    0x0800750c   0x00000010   Data   RO         2380    .constdata          stm32f4xx_hal_rcc.o
    0x0800751c   0x00000014   Data   RO         4425    .constdata          main.o
    0x08007530   0x00000004   Data   RO          241    .conststring        usbh_hid.o
    0x08007534   0x00000004   Data   RO          618    .conststring        usbh_mtp.o
    0x08007538   0x00000004   Data   RO          767    .conststring        usbh_cdc.o
    0x0800753c   0x00000004   Data   RO          881    .conststring        usbh_msc.o
    0x08007540   0x0000000c   Data   RO         1026    .conststring        usbh_core.o
    0x0800754c   0x00000006   Data   RO         1443    .conststring        usbh_audio.o
    0x08007552   0x00000002   PAD
    0x08007554   0x0000000c   Data   RO         4426    .conststring        main.o
    0x08007560   0x00000020   Data   RO         4838    Region$$Table       anon$$obj.o


    Execution Region RW_IRAM1 (Base: 0x20000000, Size: 0x00004d58, Max: 0x00020000, ABSOLUTE, COMPRESSED[0x00000094])

    Base Addr    Size         Type   Attr      Idx    E Section Name        Object

    0x20000000   0x00000020   Data   RW          242    .data               usbh_hid.o
    0x20000020   0x00000009   Data   RW          561    .data               usbh_hid_mouse.o
    0x20000029   0x00000003   PAD
    0x2000002c   0x00000020   Data   RW          619    .data               usbh_mtp.o
    0x2000004c   0x00000020   Data   RW          768    .data               usbh_cdc.o
    0x2000006c   0x00000020   Data   RW          882    .data               usbh_msc.o
    0x2000008c   0x00000008   Data   RW          966    .data               usbh_hid_keybd.o
    0x20000094   0x00000020   Data   RW         1444    .data               usbh_audio.o
    0x200000b4   0x00000004   Data   RW         1631    .data               stm32f4xx_hal.o
    0x200000b8   0x0000000c   Data   RW         3423    .data               port.o
    0x200000c4   0x00000038   Data   RW         3533    .data               tasks.o
    0x200000fc   0x00000018   Data   RW         4179    .data               heap_4.o
    0x20000114   0x00000014   Data   RW         4381    .data               system_stm32f4xx.o
    0x20000128   0x00000004   Data   RW         4427    .data               main.o
    0x2000012c   0x00000001   Data   RW         4502    .data               usb_host.o
    0x2000012d   0x00000003   PAD
    0x20000130   0x00000004   Data   RW         4834    .data               mc_w.l(mvars.o)
    0x20000134   0x00000004   Data   RW         4835    .data               mc_w.l(mvars.o)
    0x20000138   0x0000000f   Zero   RW          964    .bss                usbh_hid_keybd.o
    0x20000147   0x00000001   PAD
    0x20000148   0x000000f0   Zero   RW         3532    .bss                tasks.o
    0x20000238   0x00003c00   Zero   RW         4178    .bss                heap_4.o
    0x20003e38   0x000000ec   Zero   RW         4424    .bss                main.o
    0x20003f24   0x000005a0   Zero   RW         4501    .bss                usb_host.o
    0x200044c4   0x00000294   Zero   RW         4654    .bss                usbh_conf.o
    0x20004758   0x00000200   Zero   RW         3406    HEAP                startup_stm32f407xx.o
    0x20004958   0x00000400   Zero   RW         3405    STACK               startup_stm32f407xx.o


==============================================================================

Image component sizes


      Code (inc. data)   RO Data    RW Data    ZI Data      Debug   Object Name

       358         12          0          0          0      11590   cmsis_os.o
       412         24          0         24      15360       4283   heap_4.o
       136          0          0          0          0       3530   list.o
      1192         96         32          4        236       6758   main.o
       638         84          0         12          0       9438   port.o
      1266          0          0          0          0       9848   queue.o
        36          8        392          0       1536        952   startup_stm32f407xx.o
       136         16          0          4          0       4338   stm32f4xx_hal.o
       702         22          0          0          0       2695   stm32f4xx_hal_adc.o
       690         10          0          0          0       3111   stm32f4xx_hal_can.o
       194         14          0          0          0      30031   stm32f4xx_hal_cortex.o
       458         50          0          0          0       2388   stm32f4xx_hal_gpio.o
      2256          4          0          0          0      12525   stm32f4xx_hal_hcd.o
       230         36          0          0          0       2314   stm32f4xx_hal_msp.o
      1516         54         16          0          0       4989   stm32f4xx_hal_rcc.o
       154         18          0          0          0       1612   stm32f4xx_it.o
      2048         48          0          0          0      16755   stm32f4xx_ll_usb.o
        84         18          0         20          0       1429   system_stm32f4xx.o
      1828        146          0         56        240      19924   tasks.o
       124         34          0          1       1440       2040   usb_host.o
      3646         28          6         32          0      30726   usbh_audio.o
       904          6          4         32          0      12548   usbh_cdc.o
       464         14          0          0        660      11372   usbh_conf.o
      1246         26         40          0          0      11556   usbh_core.o
      1152         12          0          0          0       9820   usbh_ctlreq.o
      1064         24          4         32          0      20545   usbh_hid.o
        84          8          0          8         15       2156   usbh_hid_keybd.o
        60          4          0          9          0       1740   usbh_hid_mouse.o
         0          0          0          0          0       3760   usbh_hid_parser.o
       238          0          0          0          0       5488   usbh_ioreq.o
      1198         10          4         32          0       6083   usbh_msc.o
       618         26          0          0          0     383528   usbh_msc_bot.o
       536          0          0          0          0       3856   usbh_msc_scsi.o
      1096          6          4         32          0      28922   usbh_mtp.o
      2200         10          0          0          0      13788   usbh_mtp_ptp.o
       106          0          0          0          0       3270   usbh_pipes.o

    ----------------------------------------------------------------------
     29110        868        536        304      19488     699708   Object Totals
         0          0         32          0          0          0   (incl. Generated)
        40          0          2          6          1          0   (incl. Padding)

    ----------------------------------------------------------------------

      Code (inc. data)   RO Data    RW Data    ZI Data      Debug   Library Member Name

        86          0          0          0          0          0   __dczerorl2.o
         0          0          0          0          0          0   entry.o
         0          0          0          0          0          0   entry10a.o
         0          0          0          0          0          0   entry11a.o
         8          4          0          0          0          0   entry2.o
         4          0          0          0          0          0   entry5.o
         0          0          0          0          0          0   entry7b.o
         0          0          0          0          0          0   entry8b.o
         8          4          0          0          0          0   entry9a.o
        30          0          0          0          0          0   handlers.o
        36          8          0          0          0         68   init.o
       188         20          0          0          0        160   malloc.o
        36          0          0          0          0         68   memcpya.o
        36          0          0          0          0        108   memseta.o
         0          0          0          8          0          0   mvars.o

    ----------------------------------------------------------------------
       434         36          0          8          0        404   Library Totals
         2          0          0          0          0          0   (incl. Padding)

    ----------------------------------------------------------------------

      Code (inc. data)   RO Data    RW Data    ZI Data      Debug   Library Name

       432         36          0          8          0        404   mc_w.l

    ----------------------------------------------------------------------
       434         36          0          8          0        404   Library Totals

    ----------------------------------------------------------------------

==============================================================================


      Code (inc. data)   RO Data    RW Data    ZI Data      Debug   

     29544        904        536        312      19488     673240   Grand Totals
     29544        904        536        148      19488     673240   ELF Image Totals (compressed)
     29544        904        536        148          0          0   ROM Totals

==============================================================================

    Total RO  Size (Code + RO Data)                30080 (  29.38kB)
    Total RW  Size (RW Data + ZI Data)             19800 (  19.34kB)
    Total ROM Size (Code + RO Data + RW Data)      30228 (  29.52kB)

==============================================================================

