21:50:07 **** Incremental Build of configuration Debug for project RTOSDemo ****
make -r all 
Building file: ../Source/main.c
Invoking: MCU C Compiler
arm-none-eabi-gcc -D__REDLIB__ -DDEBUG -D__CODE_RED -D__USE_CMSIS=CMSISv2p00_LPC11xx -I"E:\Special Projects\CAN_HS-LS_GW\40_Software\Board_AOAA_M0\Lib_CMSISv2p00_LPC11xx\inc" -I"E:\Special Projects\CAN_HS-LS_GW\40_Software\Board_AOAA_M0\RTOSDemo\Inc" -I"E:\Special Projects\CAN_HS-LS_GW\40_Software\Board_AOAA_M0\Lib_MCU\inc" -I"E:\Special Projects\CAN_HS-LS_GW\40_Software\Board_AOAA_M0\Lib_Board\inc" -I"E:\Special Projects\CAN_HS-LS_GW\40_Software\Board_AOAA_M0\RTOSDemo\Source\Common_Demo_Tasks\include" -I"E:\Special Projects\CAN_HS-LS_GW\40_Software\Board_AOAA_M0\RTOSDemo\Source" -I"E:\Special Projects\CAN_HS-LS_GW\40_Software\Board_AOAA_M0\RTOSDemo\Source\FreeRTOS_Source\include" -I"E:\Special Projects\CAN_HS-LS_GW\40_Software\Board_AOAA_M0\RTOSDemo\Source\FreeRTOS_Source\portable\GCC\ARM_CM0" -O0 -g3 -Wall -c -fmessage-length=0 -fno-builtin -ffunction-sections -fdata-sections -Wextra -mcpu=cortex-m0 -mthumb -D__REDLIB__ -specs=redlib.specs -MMD -MP -MF"Source/main.d" -MT"Source/main.o" -MT"Source/main.d" -o "Source/main.o" "../Source/main.c"
../Source/main.c: In function 'led_toggle':
../Source/main.c:80:23: warning: unused parameter 'parameters' [-Wunused-parameter]
 void led_toggle(void *parameters) {
                       ^
../Source/main.c: In function 'can_send_Interior_Temperature':
../Source/main.c:92:42: warning: unused parameter 'parameters' [-Wunused-parameter]
 void can_send_Interior_Temperature(void *parameters)
                                          ^
../Source/main.c: In function 'can_send_Ambient_Brightness':
../Source/main.c:106:40: warning: unused parameter 'parameters' [-Wunused-parameter]
 void can_send_Ambient_Brightness(void *parameters)
                                        ^
Finished building: ../Source/main.c
 
Building target: RTOSDemo.axf
Invoking: MCU Linker
arm-none-eabi-gcc -nostdlib -L"E:\Special Projects\CAN_HS-LS_GW\40_Software\Board_AOAA_M0\Lib_Board\Debug" -L"E:\Special Projects\CAN_HS-LS_GW\40_Software\Board_AOAA_M0\Lib_CMSISv2p00_LPC11xx\Debug" -L"E:\Special Projects\CAN_HS-LS_GW\40_Software\Board_AOAA_M0\Lib_MCU\Debug" -Xlinker -Map=RTOSDemo.map -Xlinker --gc-sections -mcpu=cortex-m0 -mthumb -T "RTOSDemo_Debug.ld" -o "RTOSDemo.axf"  ./Source/FreeRTOS_Source/portable/MemMang/heap_1.o  ./Source/FreeRTOS_Source/portable/GCC/ARM_CM0/port.o  ./Source/FreeRTOS_Source/list.o ./Source/FreeRTOS_Source/queue.o ./Source/FreeRTOS_Source/tasks.o ./Source/FreeRTOS_Source/timers.o  ./Source/Common_Demo_Tasks/IntQueue.o ./Source/Common_Demo_Tasks/blocktim.o ./Source/Common_Demo_Tasks/countsem.o ./Source/Common_Demo_Tasks/recmutex.o  ./Source/IntQueueTimer.o ./Source/RegTest.o ./Source/cr_startup_lpc11.o ./Source/main-blinky.o ./Source/main-full.o ./Source/main.o   -lLib_CMSISv2p00_LPC11xx -lLib_Board -lLib_MCU
Finished building target: RTOSDemo.axf
 
make --no-print-directory post-build
Performing post-build steps
arm-none-eabi-size RTOSDemo.axf; # arm-none-eabi-objcopy -O binary RTOSDemo.axf RTOSDemo.bin ; checksum -p LPC1114_301 -d RTOSDemo.bin;
   text	   data	    bss	    dec	    hex	filename
  13872	     24	   7364	  21260	   530c	RTOSDemo.axf
 

21:50:08 Build Finished (took 479ms)

