01:28:51 **** Build of configuration Debug for project Lib_lwip ****
make -r all 
Building file: ../src/netif/ppp/auth.c
Invoking: MCU C Compiler
arm-none-eabi-gcc -DDEBUG -D__CODE_RED -D__REDLIB__ -I"E:\Special Projects\CAN_HS-LS_GW\40_Software\Board_AOAA_M3\Lib_CMSISv2p00_LPC17xx\inc" -I"E:\Special Projects\CAN_HS-LS_GW\40_Software\Board_AOAA_M3\Lib_Board\inc" -I"E:\Special Projects\CAN_HS-LS_GW\40_Software\Board_AOAA_M3\Lib_lwip\port" -I"E:\Special Projects\CAN_HS-LS_GW\40_Software\Board_AOAA_M3\Lib_lwip\src\include" -I"E:\Special Projects\CAN_HS-LS_GW\40_Software\Board_AOAA_M3\Lib_lwip\src\include\ipv4" -I"E:\Special Projects\CAN_HS-LS_GW\40_Software\Board_AOAA_M3\Lib_MCU\inc" -O0 -g3 -Wall -c -fmessage-length=0 -fno-builtin -ffunction-sections -mcpu=cortex-m3 -mthumb -D__REDLIB__ -specs=redlib.specs -MMD -MP -MF"src/netif/ppp/auth.d" -MT"src/netif/ppp/auth.o" -MT"src/netif/ppp/auth.d" -o "src/netif/ppp/auth.o" "../src/netif/ppp/auth.c"
Finished building: ../src/netif/ppp/auth.c
 
Building file: ../src/netif/ppp/chap.c
Invoking: MCU C Compiler
arm-none-eabi-gcc -DDEBUG -D__CODE_RED -D__REDLIB__ -I"E:\Special Projects\CAN_HS-LS_GW\40_Software\Board_AOAA_M3\Lib_CMSISv2p00_LPC17xx\inc" -I"E:\Special Projects\CAN_HS-LS_GW\40_Software\Board_AOAA_M3\Lib_Board\inc" -I"E:\Special Projects\CAN_HS-LS_GW\40_Software\Board_AOAA_M3\Lib_lwip\port" -I"E:\Special Projects\CAN_HS-LS_GW\40_Software\Board_AOAA_M3\Lib_lwip\src\include" -I"E:\Special Projects\CAN_HS-LS_GW\40_Software\Board_AOAA_M3\Lib_lwip\src\include\ipv4" -I"E:\Special Projects\CAN_HS-LS_GW\40_Software\Board_AOAA_M3\Lib_MCU\inc" -O0 -g3 -Wall -c -fmessage-length=0 -fno-builtin -ffunction-sections -mcpu=cortex-m3 -mthumb -D__REDLIB__ -specs=redlib.specs -MMD -MP -MF"src/netif/ppp/chap.d" -MT"src/netif/ppp/chap.o" -MT"src/netif/ppp/chap.d" -o "src/netif/ppp/chap.o" "../src/netif/ppp/chap.c"
Finished building: ../src/netif/ppp/chap.c
 
Building file: ../src/netif/ppp/chpms.c
Invoking: MCU C Compiler
arm-none-eabi-gcc -DDEBUG -D__CODE_RED -D__REDLIB__ -I"E:\Special Projects\CAN_HS-LS_GW\40_Software\Board_AOAA_M3\Lib_CMSISv2p00_LPC17xx\inc" -I"E:\Special Projects\CAN_HS-LS_GW\40_Software\Board_AOAA_M3\Lib_Board\inc" -I"E:\Special Projects\CAN_HS-LS_GW\40_Software\Board_AOAA_M3\Lib_lwip\port" -I"E:\Special Projects\CAN_HS-LS_GW\40_Software\Board_AOAA_M3\Lib_lwip\src\include" -I"E:\Special Projects\CAN_HS-LS_GW\40_Software\Board_AOAA_M3\Lib_lwip\src\include\ipv4" -I"E:\Special Projects\CAN_HS-LS_GW\40_Software\Board_AOAA_M3\Lib_MCU\inc" -O0 -g3 -Wall -c -fmessage-length=0 -fno-builtin -ffunction-sections -mcpu=cortex-m3 -mthumb -D__REDLIB__ -specs=redlib.specs -MMD -MP -MF"src/netif/ppp/chpms.d" -MT"src/netif/ppp/chpms.o" -MT"src/netif/ppp/chpms.d" -o "src/netif/ppp/chpms.o" "../src/netif/ppp/chpms.c"
Finished building: ../src/netif/ppp/chpms.c
 
Building file: ../src/netif/ppp/fsm.c
Invoking: MCU C Compiler
arm-none-eabi-gcc -DDEBUG -D__CODE_RED -D__REDLIB__ -I"E:\Special Projects\CAN_HS-LS_GW\40_Software\Board_AOAA_M3\Lib_CMSISv2p00_LPC17xx\inc" -I"E:\Special Projects\CAN_HS-LS_GW\40_Software\Board_AOAA_M3\Lib_Board\inc" -I"E:\Special Projects\CAN_HS-LS_GW\40_Software\Board_AOAA_M3\Lib_lwip\port" -I"E:\Special Projects\CAN_HS-LS_GW\40_Software\Board_AOAA_M3\Lib_lwip\src\include" -I"E:\Special Projects\CAN_HS-LS_GW\40_Software\Board_AOAA_M3\Lib_lwip\src\include\ipv4" -I"E:\Special Projects\CAN_HS-LS_GW\40_Software\Board_AOAA_M3\Lib_MCU\inc" -O0 -g3 -Wall -c -fmessage-length=0 -fno-builtin -ffunction-sections -mcpu=cortex-m3 -mthumb -D__REDLIB__ -specs=redlib.specs -MMD -MP -MF"src/netif/ppp/fsm.d" -MT"src/netif/ppp/fsm.o" -MT"src/netif/ppp/fsm.d" -o "src/netif/ppp/fsm.o" "../src/netif/ppp/fsm.c"
Finished building: ../src/netif/ppp/fsm.c
 
Building file: ../src/netif/ppp/ipcp.c
Invoking: MCU C Compiler
arm-none-eabi-gcc -DDEBUG -D__CODE_RED -D__REDLIB__ -I"E:\Special Projects\CAN_HS-LS_GW\40_Software\Board_AOAA_M3\Lib_CMSISv2p00_LPC17xx\inc" -I"E:\Special Projects\CAN_HS-LS_GW\40_Software\Board_AOAA_M3\Lib_Board\inc" -I"E:\Special Projects\CAN_HS-LS_GW\40_Software\Board_AOAA_M3\Lib_lwip\port" -I"E:\Special Projects\CAN_HS-LS_GW\40_Software\Board_AOAA_M3\Lib_lwip\src\include" -I"E:\Special Projects\CAN_HS-LS_GW\40_Software\Board_AOAA_M3\Lib_lwip\src\include\ipv4" -I"E:\Special Projects\CAN_HS-LS_GW\40_Software\Board_AOAA_M3\Lib_MCU\inc" -O0 -g3 -Wall -c -fmessage-length=0 -fno-builtin -ffunction-sections -mcpu=cortex-m3 -mthumb -D__REDLIB__ -specs=redlib.specs -MMD -MP -MF"src/netif/ppp/ipcp.d" -MT"src/netif/ppp/ipcp.o" -MT"src/netif/ppp/ipcp.d" -o "src/netif/ppp/ipcp.o" "../src/netif/ppp/ipcp.c"
Finished building: ../src/netif/ppp/ipcp.c
 
Building file: ../src/netif/ppp/lcp.c
Invoking: MCU C Compiler
arm-none-eabi-gcc -DDEBUG -D__CODE_RED -D__REDLIB__ -I"E:\Special Projects\CAN_HS-LS_GW\40_Software\Board_AOAA_M3\Lib_CMSISv2p00_LPC17xx\inc" -I"E:\Special Projects\CAN_HS-LS_GW\40_Software\Board_AOAA_M3\Lib_Board\inc" -I"E:\Special Projects\CAN_HS-LS_GW\40_Software\Board_AOAA_M3\Lib_lwip\port" -I"E:\Special Projects\CAN_HS-LS_GW\40_Software\Board_AOAA_M3\Lib_lwip\src\include" -I"E:\Special Projects\CAN_HS-LS_GW\40_Software\Board_AOAA_M3\Lib_lwip\src\include\ipv4" -I"E:\Special Projects\CAN_HS-LS_GW\40_Software\Board_AOAA_M3\Lib_MCU\inc" -O0 -g3 -Wall -c -fmessage-length=0 -fno-builtin -ffunction-sections -mcpu=cortex-m3 -mthumb -D__REDLIB__ -specs=redlib.specs -MMD -MP -MF"src/netif/ppp/lcp.d" -MT"src/netif/ppp/lcp.o" -MT"src/netif/ppp/lcp.d" -o "src/netif/ppp/lcp.o" "../src/netif/ppp/lcp.c"
Finished building: ../src/netif/ppp/lcp.c
 
Building file: ../src/netif/ppp/magic.c
Invoking: MCU C Compiler
arm-none-eabi-gcc -DDEBUG -D__CODE_RED -D__REDLIB__ -I"E:\Special Projects\CAN_HS-LS_GW\40_Software\Board_AOAA_M3\Lib_CMSISv2p00_LPC17xx\inc" -I"E:\Special Projects\CAN_HS-LS_GW\40_Software\Board_AOAA_M3\Lib_Board\inc" -I"E:\Special Projects\CAN_HS-LS_GW\40_Software\Board_AOAA_M3\Lib_lwip\port" -I"E:\Special Projects\CAN_HS-LS_GW\40_Software\Board_AOAA_M3\Lib_lwip\src\include" -I"E:\Special Projects\CAN_HS-LS_GW\40_Software\Board_AOAA_M3\Lib_lwip\src\include\ipv4" -I"E:\Special Projects\CAN_HS-LS_GW\40_Software\Board_AOAA_M3\Lib_MCU\inc" -O0 -g3 -Wall -c -fmessage-length=0 -fno-builtin -ffunction-sections -mcpu=cortex-m3 -mthumb -D__REDLIB__ -specs=redlib.specs -MMD -MP -MF"src/netif/ppp/magic.d" -MT"src/netif/ppp/magic.o" -MT"src/netif/ppp/magic.d" -o "src/netif/ppp/magic.o" "../src/netif/ppp/magic.c"
Finished building: ../src/netif/ppp/magic.c
 
Building file: ../src/netif/ppp/md5.c
Invoking: MCU C Compiler
arm-none-eabi-gcc -DDEBUG -D__CODE_RED -D__REDLIB__ -I"E:\Special Projects\CAN_HS-LS_GW\40_Software\Board_AOAA_M3\Lib_CMSISv2p00_LPC17xx\inc" -I"E:\Special Projects\CAN_HS-LS_GW\40_Software\Board_AOAA_M3\Lib_Board\inc" -I"E:\Special Projects\CAN_HS-LS_GW\40_Software\Board_AOAA_M3\Lib_lwip\port" -I"E:\Special Projects\CAN_HS-LS_GW\40_Software\Board_AOAA_M3\Lib_lwip\src\include" -I"E:\Special Projects\CAN_HS-LS_GW\40_Software\Board_AOAA_M3\Lib_lwip\src\include\ipv4" -I"E:\Special Projects\CAN_HS-LS_GW\40_Software\Board_AOAA_M3\Lib_MCU\inc" -O0 -g3 -Wall -c -fmessage-length=0 -fno-builtin -ffunction-sections -mcpu=cortex-m3 -mthumb -D__REDLIB__ -specs=redlib.specs -MMD -MP -MF"src/netif/ppp/md5.d" -MT"src/netif/ppp/md5.o" -MT"src/netif/ppp/md5.d" -o "src/netif/ppp/md5.o" "../src/netif/ppp/md5.c"
Finished building: ../src/netif/ppp/md5.c
 
Building file: ../src/netif/ppp/pap.c
Invoking: MCU C Compiler
arm-none-eabi-gcc -DDEBUG -D__CODE_RED -D__REDLIB__ -I"E:\Special Projects\CAN_HS-LS_GW\40_Software\Board_AOAA_M3\Lib_CMSISv2p00_LPC17xx\inc" -I"E:\Special Projects\CAN_HS-LS_GW\40_Software\Board_AOAA_M3\Lib_Board\inc" -I"E:\Special Projects\CAN_HS-LS_GW\40_Software\Board_AOAA_M3\Lib_lwip\port" -I"E:\Special Projects\CAN_HS-LS_GW\40_Software\Board_AOAA_M3\Lib_lwip\src\include" -I"E:\Special Projects\CAN_HS-LS_GW\40_Software\Board_AOAA_M3\Lib_lwip\src\include\ipv4" -I"E:\Special Projects\CAN_HS-LS_GW\40_Software\Board_AOAA_M3\Lib_MCU\inc" -O0 -g3 -Wall -c -fmessage-length=0 -fno-builtin -ffunction-sections -mcpu=cortex-m3 -mthumb -D__REDLIB__ -specs=redlib.specs -MMD -MP -MF"src/netif/ppp/pap.d" -MT"src/netif/ppp/pap.o" -MT"src/netif/ppp/pap.d" -o "src/netif/ppp/pap.o" "../src/netif/ppp/pap.c"
Finished building: ../src/netif/ppp/pap.c
 
Building file: ../src/netif/ppp/ppp.c
Invoking: MCU C Compiler
arm-none-eabi-gcc -DDEBUG -D__CODE_RED -D__REDLIB__ -I"E:\Special Projects\CAN_HS-LS_GW\40_Software\Board_AOAA_M3\Lib_CMSISv2p00_LPC17xx\inc" -I"E:\Special Projects\CAN_HS-LS_GW\40_Software\Board_AOAA_M3\Lib_Board\inc" -I"E:\Special Projects\CAN_HS-LS_GW\40_Software\Board_AOAA_M3\Lib_lwip\port" -I"E:\Special Projects\CAN_HS-LS_GW\40_Software\Board_AOAA_M3\Lib_lwip\src\include" -I"E:\Special Projects\CAN_HS-LS_GW\40_Software\Board_AOAA_M3\Lib_lwip\src\include\ipv4" -I"E:\Special Projects\CAN_HS-LS_GW\40_Software\Board_AOAA_M3\Lib_MCU\inc" -O0 -g3 -Wall -c -fmessage-length=0 -fno-builtin -ffunction-sections -mcpu=cortex-m3 -mthumb -D__REDLIB__ -specs=redlib.specs -MMD -MP -MF"src/netif/ppp/ppp.d" -MT"src/netif/ppp/ppp.o" -MT"src/netif/ppp/ppp.d" -o "src/netif/ppp/ppp.o" "../src/netif/ppp/ppp.c"
Finished building: ../src/netif/ppp/ppp.c
 
Building file: ../src/netif/ppp/ppp_oe.c
Invoking: MCU C Compiler
arm-none-eabi-gcc -DDEBUG -D__CODE_RED -D__REDLIB__ -I"E:\Special Projects\CAN_HS-LS_GW\40_Software\Board_AOAA_M3\Lib_CMSISv2p00_LPC17xx\inc" -I"E:\Special Projects\CAN_HS-LS_GW\40_Software\Board_AOAA_M3\Lib_Board\inc" -I"E:\Special Projects\CAN_HS-LS_GW\40_Software\Board_AOAA_M3\Lib_lwip\port" -I"E:\Special Projects\CAN_HS-LS_GW\40_Software\Board_AOAA_M3\Lib_lwip\src\include" -I"E:\Special Projects\CAN_HS-LS_GW\40_Software\Board_AOAA_M3\Lib_lwip\src\include\ipv4" -I"E:\Special Projects\CAN_HS-LS_GW\40_Software\Board_AOAA_M3\Lib_MCU\inc" -O0 -g3 -Wall -c -fmessage-length=0 -fno-builtin -ffunction-sections -mcpu=cortex-m3 -mthumb -D__REDLIB__ -specs=redlib.specs -MMD -MP -MF"src/netif/ppp/ppp_oe.d" -MT"src/netif/ppp/ppp_oe.o" -MT"src/netif/ppp/ppp_oe.d" -o "src/netif/ppp/ppp_oe.o" "../src/netif/ppp/ppp_oe.c"
Finished building: ../src/netif/ppp/ppp_oe.c
 
Building file: ../src/netif/ppp/randm.c
Invoking: MCU C Compiler
arm-none-eabi-gcc -DDEBUG -D__CODE_RED -D__REDLIB__ -I"E:\Special Projects\CAN_HS-LS_GW\40_Software\Board_AOAA_M3\Lib_CMSISv2p00_LPC17xx\inc" -I"E:\Special Projects\CAN_HS-LS_GW\40_Software\Board_AOAA_M3\Lib_Board\inc" -I"E:\Special Projects\CAN_HS-LS_GW\40_Software\Board_AOAA_M3\Lib_lwip\port" -I"E:\Special Projects\CAN_HS-LS_GW\40_Software\Board_AOAA_M3\Lib_lwip\src\include" -I"E:\Special Projects\CAN_HS-LS_GW\40_Software\Board_AOAA_M3\Lib_lwip\src\include\ipv4" -I"E:\Special Projects\CAN_HS-LS_GW\40_Software\Board_AOAA_M3\Lib_MCU\inc" -O0 -g3 -Wall -c -fmessage-length=0 -fno-builtin -ffunction-sections -mcpu=cortex-m3 -mthumb -D__REDLIB__ -specs=redlib.specs -MMD -MP -MF"src/netif/ppp/randm.d" -MT"src/netif/ppp/randm.o" -MT"src/netif/ppp/randm.d" -o "src/netif/ppp/randm.o" "../src/netif/ppp/randm.c"
Finished building: ../src/netif/ppp/randm.c
 
Building file: ../src/netif/ppp/vj.c
Invoking: MCU C Compiler
arm-none-eabi-gcc -DDEBUG -D__CODE_RED -D__REDLIB__ -I"E:\Special Projects\CAN_HS-LS_GW\40_Software\Board_AOAA_M3\Lib_CMSISv2p00_LPC17xx\inc" -I"E:\Special Projects\CAN_HS-LS_GW\40_Software\Board_AOAA_M3\Lib_Board\inc" -I"E:\Special Projects\CAN_HS-LS_GW\40_Software\Board_AOAA_M3\Lib_lwip\port" -I"E:\Special Projects\CAN_HS-LS_GW\40_Software\Board_AOAA_M3\Lib_lwip\src\include" -I"E:\Special Projects\CAN_HS-LS_GW\40_Software\Board_AOAA_M3\Lib_lwip\src\include\ipv4" -I"E:\Special Projects\CAN_HS-LS_GW\40_Software\Board_AOAA_M3\Lib_MCU\inc" -O0 -g3 -Wall -c -fmessage-length=0 -fno-builtin -ffunction-sections -mcpu=cortex-m3 -mthumb -D__REDLIB__ -specs=redlib.specs -MMD -MP -MF"src/netif/ppp/vj.d" -MT"src/netif/ppp/vj.o" -MT"src/netif/ppp/vj.d" -o "src/netif/ppp/vj.o" "../src/netif/ppp/vj.c"
Finished building: ../src/netif/ppp/vj.c
 
Building file: ../src/netif/etharp.c
Invoking: MCU C Compiler
arm-none-eabi-gcc -DDEBUG -D__CODE_RED -D__REDLIB__ -I"E:\Special Projects\CAN_HS-LS_GW\40_Software\Board_AOAA_M3\Lib_CMSISv2p00_LPC17xx\inc" -I"E:\Special Projects\CAN_HS-LS_GW\40_Software\Board_AOAA_M3\Lib_Board\inc" -I"E:\Special Projects\CAN_HS-LS_GW\40_Software\Board_AOAA_M3\Lib_lwip\port" -I"E:\Special Projects\CAN_HS-LS_GW\40_Software\Board_AOAA_M3\Lib_lwip\src\include" -I"E:\Special Projects\CAN_HS-LS_GW\40_Software\Board_AOAA_M3\Lib_lwip\src\include\ipv4" -I"E:\Special Projects\CAN_HS-LS_GW\40_Software\Board_AOAA_M3\Lib_MCU\inc" -O0 -g3 -Wall -c -fmessage-length=0 -fno-builtin -ffunction-sections -mcpu=cortex-m3 -mthumb -D__REDLIB__ -specs=redlib.specs -MMD -MP -MF"src/netif/etharp.d" -MT"src/netif/etharp.o" -MT"src/netif/etharp.d" -o "src/netif/etharp.o" "../src/netif/etharp.c"
Finished building: ../src/netif/etharp.c
 
Building file: ../src/netif/ethernetif.c
Invoking: MCU C Compiler
arm-none-eabi-gcc -DDEBUG -D__CODE_RED -D__REDLIB__ -I"E:\Special Projects\CAN_HS-LS_GW\40_Software\Board_AOAA_M3\Lib_CMSISv2p00_LPC17xx\inc" -I"E:\Special Projects\CAN_HS-LS_GW\40_Software\Board_AOAA_M3\Lib_Board\inc" -I"E:\Special Projects\CAN_HS-LS_GW\40_Software\Board_AOAA_M3\Lib_lwip\port" -I"E:\Special Projects\CAN_HS-LS_GW\40_Software\Board_AOAA_M3\Lib_lwip\src\include" -I"E:\Special Projects\CAN_HS-LS_GW\40_Software\Board_AOAA_M3\Lib_lwip\src\include\ipv4" -I"E:\Special Projects\CAN_HS-LS_GW\40_Software\Board_AOAA_M3\Lib_MCU\inc" -O0 -g3 -Wall -c -fmessage-length=0 -fno-builtin -ffunction-sections -mcpu=cortex-m3 -mthumb -D__REDLIB__ -specs=redlib.specs -MMD -MP -MF"src/netif/ethernetif.d" -MT"src/netif/ethernetif.o" -MT"src/netif/ethernetif.d" -o "src/netif/ethernetif.o" "../src/netif/ethernetif.c"
Finished building: ../src/netif/ethernetif.c
 
Building file: ../src/netif/slipif.c
Invoking: MCU C Compiler
arm-none-eabi-gcc -DDEBUG -D__CODE_RED -D__REDLIB__ -I"E:\Special Projects\CAN_HS-LS_GW\40_Software\Board_AOAA_M3\Lib_CMSISv2p00_LPC17xx\inc" -I"E:\Special Projects\CAN_HS-LS_GW\40_Software\Board_AOAA_M3\Lib_Board\inc" -I"E:\Special Projects\CAN_HS-LS_GW\40_Software\Board_AOAA_M3\Lib_lwip\port" -I"E:\Special Projects\CAN_HS-LS_GW\40_Software\Board_AOAA_M3\Lib_lwip\src\include" -I"E:\Special Projects\CAN_HS-LS_GW\40_Software\Board_AOAA_M3\Lib_lwip\src\include\ipv4" -I"E:\Special Projects\CAN_HS-LS_GW\40_Software\Board_AOAA_M3\Lib_MCU\inc" -O0 -g3 -Wall -c -fmessage-length=0 -fno-builtin -ffunction-sections -mcpu=cortex-m3 -mthumb -D__REDLIB__ -specs=redlib.specs -MMD -MP -MF"src/netif/slipif.d" -MT"src/netif/slipif.o" -MT"src/netif/slipif.d" -o "src/netif/slipif.o" "../src/netif/slipif.c"
Finished building: ../src/netif/slipif.c
 
Building file: ../src/core/snmp/asn1_dec.c
Invoking: MCU C Compiler
arm-none-eabi-gcc -DDEBUG -D__CODE_RED -D__REDLIB__ -I"E:\Special Projects\CAN_HS-LS_GW\40_Software\Board_AOAA_M3\Lib_CMSISv2p00_LPC17xx\inc" -I"E:\Special Projects\CAN_HS-LS_GW\40_Software\Board_AOAA_M3\Lib_Board\inc" -I"E:\Special Projects\CAN_HS-LS_GW\40_Software\Board_AOAA_M3\Lib_lwip\port" -I"E:\Special Projects\CAN_HS-LS_GW\40_Software\Board_AOAA_M3\Lib_lwip\src\include" -I"E:\Special Projects\CAN_HS-LS_GW\40_Software\Board_AOAA_M3\Lib_lwip\src\include\ipv4" -I"E:\Special Projects\CAN_HS-LS_GW\40_Software\Board_AOAA_M3\Lib_MCU\inc" -O0 -g3 -Wall -c -fmessage-length=0 -fno-builtin -ffunction-sections -mcpu=cortex-m3 -mthumb -D__REDLIB__ -specs=redlib.specs -MMD -MP -MF"src/core/snmp/asn1_dec.d" -MT"src/core/snmp/asn1_dec.o" -MT"src/core/snmp/asn1_dec.d" -o "src/core/snmp/asn1_dec.o" "../src/core/snmp/asn1_dec.c"
Finished building: ../src/core/snmp/asn1_dec.c
 
Building file: ../src/core/snmp/asn1_enc.c
Invoking: MCU C Compiler
arm-none-eabi-gcc -DDEBUG -D__CODE_RED -D__REDLIB__ -I"E:\Special Projects\CAN_HS-LS_GW\40_Software\Board_AOAA_M3\Lib_CMSISv2p00_LPC17xx\inc" -I"E:\Special Projects\CAN_HS-LS_GW\40_Software\Board_AOAA_M3\Lib_Board\inc" -I"E:\Special Projects\CAN_HS-LS_GW\40_Software\Board_AOAA_M3\Lib_lwip\port" -I"E:\Special Projects\CAN_HS-LS_GW\40_Software\Board_AOAA_M3\Lib_lwip\src\include" -I"E:\Special Projects\CAN_HS-LS_GW\40_Software\Board_AOAA_M3\Lib_lwip\src\include\ipv4" -I"E:\Special Projects\CAN_HS-LS_GW\40_Software\Board_AOAA_M3\Lib_MCU\inc" -O0 -g3 -Wall -c -fmessage-length=0 -fno-builtin -ffunction-sections -mcpu=cortex-m3 -mthumb -D__REDLIB__ -specs=redlib.specs -MMD -MP -MF"src/core/snmp/asn1_enc.d" -MT"src/core/snmp/asn1_enc.o" -MT"src/core/snmp/asn1_enc.d" -o "src/core/snmp/asn1_enc.o" "../src/core/snmp/asn1_enc.c"
Finished building: ../src/core/snmp/asn1_enc.c
 
Building file: ../src/core/snmp/mib2.c
Invoking: MCU C Compiler
arm-none-eabi-gcc -DDEBUG -D__CODE_RED -D__REDLIB__ -I"E:\Special Projects\CAN_HS-LS_GW\40_Software\Board_AOAA_M3\Lib_CMSISv2p00_LPC17xx\inc" -I"E:\Special Projects\CAN_HS-LS_GW\40_Software\Board_AOAA_M3\Lib_Board\inc" -I"E:\Special Projects\CAN_HS-LS_GW\40_Software\Board_AOAA_M3\Lib_lwip\port" -I"E:\Special Projects\CAN_HS-LS_GW\40_Software\Board_AOAA_M3\Lib_lwip\src\include" -I"E:\Special Projects\CAN_HS-LS_GW\40_Software\Board_AOAA_M3\Lib_lwip\src\include\ipv4" -I"E:\Special Projects\CAN_HS-LS_GW\40_Software\Board_AOAA_M3\Lib_MCU\inc" -O0 -g3 -Wall -c -fmessage-length=0 -fno-builtin -ffunction-sections -mcpu=cortex-m3 -mthumb -D__REDLIB__ -specs=redlib.specs -MMD -MP -MF"src/core/snmp/mib2.d" -MT"src/core/snmp/mib2.o" -MT"src/core/snmp/mib2.d" -o "src/core/snmp/mib2.o" "../src/core/snmp/mib2.c"
Finished building: ../src/core/snmp/mib2.c
 
Building file: ../src/core/snmp/mib_structs.c
Invoking: MCU C Compiler
arm-none-eabi-gcc -DDEBUG -D__CODE_RED -D__REDLIB__ -I"E:\Special Projects\CAN_HS-LS_GW\40_Software\Board_AOAA_M3\Lib_CMSISv2p00_LPC17xx\inc" -I"E:\Special Projects\CAN_HS-LS_GW\40_Software\Board_AOAA_M3\Lib_Board\inc" -I"E:\Special Projects\CAN_HS-LS_GW\40_Software\Board_AOAA_M3\Lib_lwip\port" -I"E:\Special Projects\CAN_HS-LS_GW\40_Software\Board_AOAA_M3\Lib_lwip\src\include" -I"E:\Special Projects\CAN_HS-LS_GW\40_Software\Board_AOAA_M3\Lib_lwip\src\include\ipv4" -I"E:\Special Projects\CAN_HS-LS_GW\40_Software\Board_AOAA_M3\Lib_MCU\inc" -O0 -g3 -Wall -c -fmessage-length=0 -fno-builtin -ffunction-sections -mcpu=cortex-m3 -mthumb -D__REDLIB__ -specs=redlib.specs -MMD -MP -MF"src/core/snmp/mib_structs.d" -MT"src/core/snmp/mib_structs.o" -MT"src/core/snmp/mib_structs.d" -o "src/core/snmp/mib_structs.o" "../src/core/snmp/mib_structs.c"
Finished building: ../src/core/snmp/mib_structs.c
 
Building file: ../src/core/snmp/msg_in.c
Invoking: MCU C Compiler
arm-none-eabi-gcc -DDEBUG -D__CODE_RED -D__REDLIB__ -I"E:\Special Projects\CAN_HS-LS_GW\40_Software\Board_AOAA_M3\Lib_CMSISv2p00_LPC17xx\inc" -I"E:\Special Projects\CAN_HS-LS_GW\40_Software\Board_AOAA_M3\Lib_Board\inc" -I"E:\Special Projects\CAN_HS-LS_GW\40_Software\Board_AOAA_M3\Lib_lwip\port" -I"E:\Special Projects\CAN_HS-LS_GW\40_Software\Board_AOAA_M3\Lib_lwip\src\include" -I"E:\Special Projects\CAN_HS-LS_GW\40_Software\Board_AOAA_M3\Lib_lwip\src\include\ipv4" -I"E:\Special Projects\CAN_HS-LS_GW\40_Software\Board_AOAA_M3\Lib_MCU\inc" -O0 -g3 -Wall -c -fmessage-length=0 -fno-builtin -ffunction-sections -mcpu=cortex-m3 -mthumb -D__REDLIB__ -specs=redlib.specs -MMD -MP -MF"src/core/snmp/msg_in.d" -MT"src/core/snmp/msg_in.o" -MT"src/core/snmp/msg_in.d" -o "src/core/snmp/msg_in.o" "../src/core/snmp/msg_in.c"
Finished building: ../src/core/snmp/msg_in.c
 
Building file: ../src/core/snmp/msg_out.c
Invoking: MCU C Compiler
arm-none-eabi-gcc -DDEBUG -D__CODE_RED -D__REDLIB__ -I"E:\Special Projects\CAN_HS-LS_GW\40_Software\Board_AOAA_M3\Lib_CMSISv2p00_LPC17xx\inc" -I"E:\Special Projects\CAN_HS-LS_GW\40_Software\Board_AOAA_M3\Lib_Board\inc" -I"E:\Special Projects\CAN_HS-LS_GW\40_Software\Board_AOAA_M3\Lib_lwip\port" -I"E:\Special Projects\CAN_HS-LS_GW\40_Software\Board_AOAA_M3\Lib_lwip\src\include" -I"E:\Special Projects\CAN_HS-LS_GW\40_Software\Board_AOAA_M3\Lib_lwip\src\include\ipv4" -I"E:\Special Projects\CAN_HS-LS_GW\40_Software\Board_AOAA_M3\Lib_MCU\inc" -O0 -g3 -Wall -c -fmessage-length=0 -fno-builtin -ffunction-sections -mcpu=cortex-m3 -mthumb -D__REDLIB__ -specs=redlib.specs -MMD -MP -MF"src/core/snmp/msg_out.d" -MT"src/core/snmp/msg_out.o" -MT"src/core/snmp/msg_out.d" -o "src/core/snmp/msg_out.o" "../src/core/snmp/msg_out.c"
Finished building: ../src/core/snmp/msg_out.c
 
Building file: ../src/core/ipv4/autoip.c
Invoking: MCU C Compiler
arm-none-eabi-gcc -DDEBUG -D__CODE_RED -D__REDLIB__ -I"E:\Special Projects\CAN_HS-LS_GW\40_Software\Board_AOAA_M3\Lib_CMSISv2p00_LPC17xx\inc" -I"E:\Special Projects\CAN_HS-LS_GW\40_Software\Board_AOAA_M3\Lib_Board\inc" -I"E:\Special Projects\CAN_HS-LS_GW\40_Software\Board_AOAA_M3\Lib_lwip\port" -I"E:\Special Projects\CAN_HS-LS_GW\40_Software\Board_AOAA_M3\Lib_lwip\src\include" -I"E:\Special Projects\CAN_HS-LS_GW\40_Software\Board_AOAA_M3\Lib_lwip\src\include\ipv4" -I"E:\Special Projects\CAN_HS-LS_GW\40_Software\Board_AOAA_M3\Lib_MCU\inc" -O0 -g3 -Wall -c -fmessage-length=0 -fno-builtin -ffunction-sections -mcpu=cortex-m3 -mthumb -D__REDLIB__ -specs=redlib.specs -MMD -MP -MF"src/core/ipv4/autoip.d" -MT"src/core/ipv4/autoip.o" -MT"src/core/ipv4/autoip.d" -o "src/core/ipv4/autoip.o" "../src/core/ipv4/autoip.c"
Finished building: ../src/core/ipv4/autoip.c
 
Building file: ../src/core/ipv4/icmp.c
Invoking: MCU C Compiler
arm-none-eabi-gcc -DDEBUG -D__CODE_RED -D__REDLIB__ -I"E:\Special Projects\CAN_HS-LS_GW\40_Software\Board_AOAA_M3\Lib_CMSISv2p00_LPC17xx\inc" -I"E:\Special Projects\CAN_HS-LS_GW\40_Software\Board_AOAA_M3\Lib_Board\inc" -I"E:\Special Projects\CAN_HS-LS_GW\40_Software\Board_AOAA_M3\Lib_lwip\port" -I"E:\Special Projects\CAN_HS-LS_GW\40_Software\Board_AOAA_M3\Lib_lwip\src\include" -I"E:\Special Projects\CAN_HS-LS_GW\40_Software\Board_AOAA_M3\Lib_lwip\src\include\ipv4" -I"E:\Special Projects\CAN_HS-LS_GW\40_Software\Board_AOAA_M3\Lib_MCU\inc" -O0 -g3 -Wall -c -fmessage-length=0 -fno-builtin -ffunction-sections -mcpu=cortex-m3 -mthumb -D__REDLIB__ -specs=redlib.specs -MMD -MP -MF"src/core/ipv4/icmp.d" -MT"src/core/ipv4/icmp.o" -MT"src/core/ipv4/icmp.d" -o "src/core/ipv4/icmp.o" "../src/core/ipv4/icmp.c"
Finished building: ../src/core/ipv4/icmp.c
 
Building file: ../src/core/ipv4/igmp.c
Invoking: MCU C Compiler
arm-none-eabi-gcc -DDEBUG -D__CODE_RED -D__REDLIB__ -I"E:\Special Projects\CAN_HS-LS_GW\40_Software\Board_AOAA_M3\Lib_CMSISv2p00_LPC17xx\inc" -I"E:\Special Projects\CAN_HS-LS_GW\40_Software\Board_AOAA_M3\Lib_Board\inc" -I"E:\Special Projects\CAN_HS-LS_GW\40_Software\Board_AOAA_M3\Lib_lwip\port" -I"E:\Special Projects\CAN_HS-LS_GW\40_Software\Board_AOAA_M3\Lib_lwip\src\include" -I"E:\Special Projects\CAN_HS-LS_GW\40_Software\Board_AOAA_M3\Lib_lwip\src\include\ipv4" -I"E:\Special Projects\CAN_HS-LS_GW\40_Software\Board_AOAA_M3\Lib_MCU\inc" -O0 -g3 -Wall -c -fmessage-length=0 -fno-builtin -ffunction-sections -mcpu=cortex-m3 -mthumb -D__REDLIB__ -specs=redlib.specs -MMD -MP -MF"src/core/ipv4/igmp.d" -MT"src/core/ipv4/igmp.o" -MT"src/core/ipv4/igmp.d" -o "src/core/ipv4/igmp.o" "../src/core/ipv4/igmp.c"
Finished building: ../src/core/ipv4/igmp.c
 
Building file: ../src/core/ipv4/inet.c
Invoking: MCU C Compiler
arm-none-eabi-gcc -DDEBUG -D__CODE_RED -D__REDLIB__ -I"E:\Special Projects\CAN_HS-LS_GW\40_Software\Board_AOAA_M3\Lib_CMSISv2p00_LPC17xx\inc" -I"E:\Special Projects\CAN_HS-LS_GW\40_Software\Board_AOAA_M3\Lib_Board\inc" -I"E:\Special Projects\CAN_HS-LS_GW\40_Software\Board_AOAA_M3\Lib_lwip\port" -I"E:\Special Projects\CAN_HS-LS_GW\40_Software\Board_AOAA_M3\Lib_lwip\src\include" -I"E:\Special Projects\CAN_HS-LS_GW\40_Software\Board_AOAA_M3\Lib_lwip\src\include\ipv4" -I"E:\Special Projects\CAN_HS-LS_GW\40_Software\Board_AOAA_M3\Lib_MCU\inc" -O0 -g3 -Wall -c -fmessage-length=0 -fno-builtin -ffunction-sections -mcpu=cortex-m3 -mthumb -D__REDLIB__ -specs=redlib.specs -MMD -MP -MF"src/core/ipv4/inet.d" -MT"src/core/ipv4/inet.o" -MT"src/core/ipv4/inet.d" -o "src/core/ipv4/inet.o" "../src/core/ipv4/inet.c"
Finished building: ../src/core/ipv4/inet.c
 
Building file: ../src/core/ipv4/inet_chksum.c
Invoking: MCU C Compiler
arm-none-eabi-gcc -DDEBUG -D__CODE_RED -D__REDLIB__ -I"E:\Special Projects\CAN_HS-LS_GW\40_Software\Board_AOAA_M3\Lib_CMSISv2p00_LPC17xx\inc" -I"E:\Special Projects\CAN_HS-LS_GW\40_Software\Board_AOAA_M3\Lib_Board\inc" -I"E:\Special Projects\CAN_HS-LS_GW\40_Software\Board_AOAA_M3\Lib_lwip\port" -I"E:\Special Projects\CAN_HS-LS_GW\40_Software\Board_AOAA_M3\Lib_lwip\src\include" -I"E:\Special Projects\CAN_HS-LS_GW\40_Software\Board_AOAA_M3\Lib_lwip\src\include\ipv4" -I"E:\Special Projects\CAN_HS-LS_GW\40_Software\Board_AOAA_M3\Lib_MCU\inc" -O0 -g3 -Wall -c -fmessage-length=0 -fno-builtin -ffunction-sections -mcpu=cortex-m3 -mthumb -D__REDLIB__ -specs=redlib.specs -MMD -MP -MF"src/core/ipv4/inet_chksum.d" -MT"src/core/ipv4/inet_chksum.o" -MT"src/core/ipv4/inet_chksum.d" -o "src/core/ipv4/inet_chksum.o" "../src/core/ipv4/inet_chksum.c"
Finished building: ../src/core/ipv4/inet_chksum.c
 
Building file: ../src/core/ipv4/ip.c
Invoking: MCU C Compiler
arm-none-eabi-gcc -DDEBUG -D__CODE_RED -D__REDLIB__ -I"E:\Special Projects\CAN_HS-LS_GW\40_Software\Board_AOAA_M3\Lib_CMSISv2p00_LPC17xx\inc" -I"E:\Special Projects\CAN_HS-LS_GW\40_Software\Board_AOAA_M3\Lib_Board\inc" -I"E:\Special Projects\CAN_HS-LS_GW\40_Software\Board_AOAA_M3\Lib_lwip\port" -I"E:\Special Projects\CAN_HS-LS_GW\40_Software\Board_AOAA_M3\Lib_lwip\src\include" -I"E:\Special Projects\CAN_HS-LS_GW\40_Software\Board_AOAA_M3\Lib_lwip\src\include\ipv4" -I"E:\Special Projects\CAN_HS-LS_GW\40_Software\Board_AOAA_M3\Lib_MCU\inc" -O0 -g3 -Wall -c -fmessage-length=0 -fno-builtin -ffunction-sections -mcpu=cortex-m3 -mthumb -D__REDLIB__ -specs=redlib.specs -MMD -MP -MF"src/core/ipv4/ip.d" -MT"src/core/ipv4/ip.o" -MT"src/core/ipv4/ip.d" -o "src/core/ipv4/ip.o" "../src/core/ipv4/ip.c"
Finished building: ../src/core/ipv4/ip.c
 
Building file: ../src/core/ipv4/ip_addr.c
Invoking: MCU C Compiler
arm-none-eabi-gcc -DDEBUG -D__CODE_RED -D__REDLIB__ -I"E:\Special Projects\CAN_HS-LS_GW\40_Software\Board_AOAA_M3\Lib_CMSISv2p00_LPC17xx\inc" -I"E:\Special Projects\CAN_HS-LS_GW\40_Software\Board_AOAA_M3\Lib_Board\inc" -I"E:\Special Projects\CAN_HS-LS_GW\40_Software\Board_AOAA_M3\Lib_lwip\port" -I"E:\Special Projects\CAN_HS-LS_GW\40_Software\Board_AOAA_M3\Lib_lwip\src\include" -I"E:\Special Projects\CAN_HS-LS_GW\40_Software\Board_AOAA_M3\Lib_lwip\src\include\ipv4" -I"E:\Special Projects\CAN_HS-LS_GW\40_Software\Board_AOAA_M3\Lib_MCU\inc" -O0 -g3 -Wall -c -fmessage-length=0 -fno-builtin -ffunction-sections -mcpu=cortex-m3 -mthumb -D__REDLIB__ -specs=redlib.specs -MMD -MP -MF"src/core/ipv4/ip_addr.d" -MT"src/core/ipv4/ip_addr.o" -MT"src/core/ipv4/ip_addr.d" -o "src/core/ipv4/ip_addr.o" "../src/core/ipv4/ip_addr.c"
Finished building: ../src/core/ipv4/ip_addr.c
 
Building file: ../src/core/ipv4/ip_frag.c
Invoking: MCU C Compiler
arm-none-eabi-gcc -DDEBUG -D__CODE_RED -D__REDLIB__ -I"E:\Special Projects\CAN_HS-LS_GW\40_Software\Board_AOAA_M3\Lib_CMSISv2p00_LPC17xx\inc" -I"E:\Special Projects\CAN_HS-LS_GW\40_Software\Board_AOAA_M3\Lib_Board\inc" -I"E:\Special Projects\CAN_HS-LS_GW\40_Software\Board_AOAA_M3\Lib_lwip\port" -I"E:\Special Projects\CAN_HS-LS_GW\40_Software\Board_AOAA_M3\Lib_lwip\src\include" -I"E:\Special Projects\CAN_HS-LS_GW\40_Software\Board_AOAA_M3\Lib_lwip\src\include\ipv4" -I"E:\Special Projects\CAN_HS-LS_GW\40_Software\Board_AOAA_M3\Lib_MCU\inc" -O0 -g3 -Wall -c -fmessage-length=0 -fno-builtin -ffunction-sections -mcpu=cortex-m3 -mthumb -D__REDLIB__ -specs=redlib.specs -MMD -MP -MF"src/core/ipv4/ip_frag.d" -MT"src/core/ipv4/ip_frag.o" -MT"src/core/ipv4/ip_frag.d" -o "src/core/ipv4/ip_frag.o" "../src/core/ipv4/ip_frag.c"
Finished building: ../src/core/ipv4/ip_frag.c
 
Building file: ../src/core/def.c
Invoking: MCU C Compiler
arm-none-eabi-gcc -DDEBUG -D__CODE_RED -D__REDLIB__ -I"E:\Special Projects\CAN_HS-LS_GW\40_Software\Board_AOAA_M3\Lib_CMSISv2p00_LPC17xx\inc" -I"E:\Special Projects\CAN_HS-LS_GW\40_Software\Board_AOAA_M3\Lib_Board\inc" -I"E:\Special Projects\CAN_HS-LS_GW\40_Software\Board_AOAA_M3\Lib_lwip\port" -I"E:\Special Projects\CAN_HS-LS_GW\40_Software\Board_AOAA_M3\Lib_lwip\src\include" -I"E:\Special Projects\CAN_HS-LS_GW\40_Software\Board_AOAA_M3\Lib_lwip\src\include\ipv4" -I"E:\Special Projects\CAN_HS-LS_GW\40_Software\Board_AOAA_M3\Lib_MCU\inc" -O0 -g3 -Wall -c -fmessage-length=0 -fno-builtin -ffunction-sections -mcpu=cortex-m3 -mthumb -D__REDLIB__ -specs=redlib.specs -MMD -MP -MF"src/core/def.d" -MT"src/core/def.o" -MT"src/core/def.d" -o "src/core/def.o" "../src/core/def.c"
Finished building: ../src/core/def.c
 
Building file: ../src/core/dhcp.c
Invoking: MCU C Compiler
arm-none-eabi-gcc -DDEBUG -D__CODE_RED -D__REDLIB__ -I"E:\Special Projects\CAN_HS-LS_GW\40_Software\Board_AOAA_M3\Lib_CMSISv2p00_LPC17xx\inc" -I"E:\Special Projects\CAN_HS-LS_GW\40_Software\Board_AOAA_M3\Lib_Board\inc" -I"E:\Special Projects\CAN_HS-LS_GW\40_Software\Board_AOAA_M3\Lib_lwip\port" -I"E:\Special Projects\CAN_HS-LS_GW\40_Software\Board_AOAA_M3\Lib_lwip\src\include" -I"E:\Special Projects\CAN_HS-LS_GW\40_Software\Board_AOAA_M3\Lib_lwip\src\include\ipv4" -I"E:\Special Projects\CAN_HS-LS_GW\40_Software\Board_AOAA_M3\Lib_MCU\inc" -O0 -g3 -Wall -c -fmessage-length=0 -fno-builtin -ffunction-sections -mcpu=cortex-m3 -mthumb -D__REDLIB__ -specs=redlib.specs -MMD -MP -MF"src/core/dhcp.d" -MT"src/core/dhcp.o" -MT"src/core/dhcp.d" -o "src/core/dhcp.o" "../src/core/dhcp.c"
Finished building: ../src/core/dhcp.c
 
Building file: ../src/core/dns.c
Invoking: MCU C Compiler
arm-none-eabi-gcc -DDEBUG -D__CODE_RED -D__REDLIB__ -I"E:\Special Projects\CAN_HS-LS_GW\40_Software\Board_AOAA_M3\Lib_CMSISv2p00_LPC17xx\inc" -I"E:\Special Projects\CAN_HS-LS_GW\40_Software\Board_AOAA_M3\Lib_Board\inc" -I"E:\Special Projects\CAN_HS-LS_GW\40_Software\Board_AOAA_M3\Lib_lwip\port" -I"E:\Special Projects\CAN_HS-LS_GW\40_Software\Board_AOAA_M3\Lib_lwip\src\include" -I"E:\Special Projects\CAN_HS-LS_GW\40_Software\Board_AOAA_M3\Lib_lwip\src\include\ipv4" -I"E:\Special Projects\CAN_HS-LS_GW\40_Software\Board_AOAA_M3\Lib_MCU\inc" -O0 -g3 -Wall -c -fmessage-length=0 -fno-builtin -ffunction-sections -mcpu=cortex-m3 -mthumb -D__REDLIB__ -specs=redlib.specs -MMD -MP -MF"src/core/dns.d" -MT"src/core/dns.o" -MT"src/core/dns.d" -o "src/core/dns.o" "../src/core/dns.c"
Finished building: ../src/core/dns.c
 
Building file: ../src/core/init.c
Invoking: MCU C Compiler
arm-none-eabi-gcc -DDEBUG -D__CODE_RED -D__REDLIB__ -I"E:\Special Projects\CAN_HS-LS_GW\40_Software\Board_AOAA_M3\Lib_CMSISv2p00_LPC17xx\inc" -I"E:\Special Projects\CAN_HS-LS_GW\40_Software\Board_AOAA_M3\Lib_Board\inc" -I"E:\Special Projects\CAN_HS-LS_GW\40_Software\Board_AOAA_M3\Lib_lwip\port" -I"E:\Special Projects\CAN_HS-LS_GW\40_Software\Board_AOAA_M3\Lib_lwip\src\include" -I"E:\Special Projects\CAN_HS-LS_GW\40_Software\Board_AOAA_M3\Lib_lwip\src\include\ipv4" -I"E:\Special Projects\CAN_HS-LS_GW\40_Software\Board_AOAA_M3\Lib_MCU\inc" -O0 -g3 -Wall -c -fmessage-length=0 -fno-builtin -ffunction-sections -mcpu=cortex-m3 -mthumb -D__REDLIB__ -specs=redlib.specs -MMD -MP -MF"src/core/init.d" -MT"src/core/init.o" -MT"src/core/init.d" -o "src/core/init.o" "../src/core/init.c"
Finished building: ../src/core/init.c
 
Building file: ../src/core/mem.c
Invoking: MCU C Compiler
arm-none-eabi-gcc -DDEBUG -D__CODE_RED -D__REDLIB__ -I"E:\Special Projects\CAN_HS-LS_GW\40_Software\Board_AOAA_M3\Lib_CMSISv2p00_LPC17xx\inc" -I"E:\Special Projects\CAN_HS-LS_GW\40_Software\Board_AOAA_M3\Lib_Board\inc" -I"E:\Special Projects\CAN_HS-LS_GW\40_Software\Board_AOAA_M3\Lib_lwip\port" -I"E:\Special Projects\CAN_HS-LS_GW\40_Software\Board_AOAA_M3\Lib_lwip\src\include" -I"E:\Special Projects\CAN_HS-LS_GW\40_Software\Board_AOAA_M3\Lib_lwip\src\include\ipv4" -I"E:\Special Projects\CAN_HS-LS_GW\40_Software\Board_AOAA_M3\Lib_MCU\inc" -O0 -g3 -Wall -c -fmessage-length=0 -fno-builtin -ffunction-sections -mcpu=cortex-m3 -mthumb -D__REDLIB__ -specs=redlib.specs -MMD -MP -MF"src/core/mem.d" -MT"src/core/mem.o" -MT"src/core/mem.d" -o "src/core/mem.o" "../src/core/mem.c"
../src/core/mem.c:193:20: warning: 'mem_mutex' defined but not used [-Wunused-variable]
 static sys_mutex_t mem_mutex;
                    ^
Finished building: ../src/core/mem.c
 
Building file: ../src/core/memp.c
Invoking: MCU C Compiler
arm-none-eabi-gcc -DDEBUG -D__CODE_RED -D__REDLIB__ -I"E:\Special Projects\CAN_HS-LS_GW\40_Software\Board_AOAA_M3\Lib_CMSISv2p00_LPC17xx\inc" -I"E:\Special Projects\CAN_HS-LS_GW\40_Software\Board_AOAA_M3\Lib_Board\inc" -I"E:\Special Projects\CAN_HS-LS_GW\40_Software\Board_AOAA_M3\Lib_lwip\port" -I"E:\Special Projects\CAN_HS-LS_GW\40_Software\Board_AOAA_M3\Lib_lwip\src\include" -I"E:\Special Projects\CAN_HS-LS_GW\40_Software\Board_AOAA_M3\Lib_lwip\src\include\ipv4" -I"E:\Special Projects\CAN_HS-LS_GW\40_Software\Board_AOAA_M3\Lib_MCU\inc" -O0 -g3 -Wall -c -fmessage-length=0 -fno-builtin -ffunction-sections -mcpu=cortex-m3 -mthumb -D__REDLIB__ -specs=redlib.specs -MMD -MP -MF"src/core/memp.d" -MT"src/core/memp.o" -MT"src/core/memp.d" -o "src/core/memp.o" "../src/core/memp.c"
Finished building: ../src/core/memp.c
 
Building file: ../src/core/netif.c
Invoking: MCU C Compiler
arm-none-eabi-gcc -DDEBUG -D__CODE_RED -D__REDLIB__ -I"E:\Special Projects\CAN_HS-LS_GW\40_Software\Board_AOAA_M3\Lib_CMSISv2p00_LPC17xx\inc" -I"E:\Special Projects\CAN_HS-LS_GW\40_Software\Board_AOAA_M3\Lib_Board\inc" -I"E:\Special Projects\CAN_HS-LS_GW\40_Software\Board_AOAA_M3\Lib_lwip\port" -I"E:\Special Projects\CAN_HS-LS_GW\40_Software\Board_AOAA_M3\Lib_lwip\src\include" -I"E:\Special Projects\CAN_HS-LS_GW\40_Software\Board_AOAA_M3\Lib_lwip\src\include\ipv4" -I"E:\Special Projects\CAN_HS-LS_GW\40_Software\Board_AOAA_M3\Lib_MCU\inc" -O0 -g3 -Wall -c -fmessage-length=0 -fno-builtin -ffunction-sections -mcpu=cortex-m3 -mthumb -D__REDLIB__ -specs=redlib.specs -MMD -MP -MF"src/core/netif.d" -MT"src/core/netif.o" -MT"src/core/netif.d" -o "src/core/netif.o" "../src/core/netif.c"
Finished building: ../src/core/netif.c
 
Building file: ../src/core/pbuf.c
Invoking: MCU C Compiler
arm-none-eabi-gcc -DDEBUG -D__CODE_RED -D__REDLIB__ -I"E:\Special Projects\CAN_HS-LS_GW\40_Software\Board_AOAA_M3\Lib_CMSISv2p00_LPC17xx\inc" -I"E:\Special Projects\CAN_HS-LS_GW\40_Software\Board_AOAA_M3\Lib_Board\inc" -I"E:\Special Projects\CAN_HS-LS_GW\40_Software\Board_AOAA_M3\Lib_lwip\port" -I"E:\Special Projects\CAN_HS-LS_GW\40_Software\Board_AOAA_M3\Lib_lwip\src\include" -I"E:\Special Projects\CAN_HS-LS_GW\40_Software\Board_AOAA_M3\Lib_lwip\src\include\ipv4" -I"E:\Special Projects\CAN_HS-LS_GW\40_Software\Board_AOAA_M3\Lib_MCU\inc" -O0 -g3 -Wall -c -fmessage-length=0 -fno-builtin -ffunction-sections -mcpu=cortex-m3 -mthumb -D__REDLIB__ -specs=redlib.specs -MMD -MP -MF"src/core/pbuf.d" -MT"src/core/pbuf.o" -MT"src/core/pbuf.d" -o "src/core/pbuf.o" "../src/core/pbuf.c"
Finished building: ../src/core/pbuf.c
 
Building file: ../src/core/raw.c
Invoking: MCU C Compiler
arm-none-eabi-gcc -DDEBUG -D__CODE_RED -D__REDLIB__ -I"E:\Special Projects\CAN_HS-LS_GW\40_Software\Board_AOAA_M3\Lib_CMSISv2p00_LPC17xx\inc" -I"E:\Special Projects\CAN_HS-LS_GW\40_Software\Board_AOAA_M3\Lib_Board\inc" -I"E:\Special Projects\CAN_HS-LS_GW\40_Software\Board_AOAA_M3\Lib_lwip\port" -I"E:\Special Projects\CAN_HS-LS_GW\40_Software\Board_AOAA_M3\Lib_lwip\src\include" -I"E:\Special Projects\CAN_HS-LS_GW\40_Software\Board_AOAA_M3\Lib_lwip\src\include\ipv4" -I"E:\Special Projects\CAN_HS-LS_GW\40_Software\Board_AOAA_M3\Lib_MCU\inc" -O0 -g3 -Wall -c -fmessage-length=0 -fno-builtin -ffunction-sections -mcpu=cortex-m3 -mthumb -D__REDLIB__ -specs=redlib.specs -MMD -MP -MF"src/core/raw.d" -MT"src/core/raw.o" -MT"src/core/raw.d" -o "src/core/raw.o" "../src/core/raw.c"
Finished building: ../src/core/raw.c
 
Building file: ../src/core/stats.c
Invoking: MCU C Compiler
arm-none-eabi-gcc -DDEBUG -D__CODE_RED -D__REDLIB__ -I"E:\Special Projects\CAN_HS-LS_GW\40_Software\Board_AOAA_M3\Lib_CMSISv2p00_LPC17xx\inc" -I"E:\Special Projects\CAN_HS-LS_GW\40_Software\Board_AOAA_M3\Lib_Board\inc" -I"E:\Special Projects\CAN_HS-LS_GW\40_Software\Board_AOAA_M3\Lib_lwip\port" -I"E:\Special Projects\CAN_HS-LS_GW\40_Software\Board_AOAA_M3\Lib_lwip\src\include" -I"E:\Special Projects\CAN_HS-LS_GW\40_Software\Board_AOAA_M3\Lib_lwip\src\include\ipv4" -I"E:\Special Projects\CAN_HS-LS_GW\40_Software\Board_AOAA_M3\Lib_MCU\inc" -O0 -g3 -Wall -c -fmessage-length=0 -fno-builtin -ffunction-sections -mcpu=cortex-m3 -mthumb -D__REDLIB__ -specs=redlib.specs -MMD -MP -MF"src/core/stats.d" -MT"src/core/stats.o" -MT"src/core/stats.d" -o "src/core/stats.o" "../src/core/stats.c"
Finished building: ../src/core/stats.c
 
Building file: ../src/core/sys.c
Invoking: MCU C Compiler
arm-none-eabi-gcc -DDEBUG -D__CODE_RED -D__REDLIB__ -I"E:\Special Projects\CAN_HS-LS_GW\40_Software\Board_AOAA_M3\Lib_CMSISv2p00_LPC17xx\inc" -I"E:\Special Projects\CAN_HS-LS_GW\40_Software\Board_AOAA_M3\Lib_Board\inc" -I"E:\Special Projects\CAN_HS-LS_GW\40_Software\Board_AOAA_M3\Lib_lwip\port" -I"E:\Special Projects\CAN_HS-LS_GW\40_Software\Board_AOAA_M3\Lib_lwip\src\include" -I"E:\Special Projects\CAN_HS-LS_GW\40_Software\Board_AOAA_M3\Lib_lwip\src\include\ipv4" -I"E:\Special Projects\CAN_HS-LS_GW\40_Software\Board_AOAA_M3\Lib_MCU\inc" -O0 -g3 -Wall -c -fmessage-length=0 -fno-builtin -ffunction-sections -mcpu=cortex-m3 -mthumb -D__REDLIB__ -specs=redlib.specs -MMD -MP -MF"src/core/sys.d" -MT"src/core/sys.o" -MT"src/core/sys.d" -o "src/core/sys.o" "../src/core/sys.c"
Finished building: ../src/core/sys.c
 
Building file: ../src/core/tcp.c
Invoking: MCU C Compiler
arm-none-eabi-gcc -DDEBUG -D__CODE_RED -D__REDLIB__ -I"E:\Special Projects\CAN_HS-LS_GW\40_Software\Board_AOAA_M3\Lib_CMSISv2p00_LPC17xx\inc" -I"E:\Special Projects\CAN_HS-LS_GW\40_Software\Board_AOAA_M3\Lib_Board\inc" -I"E:\Special Projects\CAN_HS-LS_GW\40_Software\Board_AOAA_M3\Lib_lwip\port" -I"E:\Special Projects\CAN_HS-LS_GW\40_Software\Board_AOAA_M3\Lib_lwip\src\include" -I"E:\Special Projects\CAN_HS-LS_GW\40_Software\Board_AOAA_M3\Lib_lwip\src\include\ipv4" -I"E:\Special Projects\CAN_HS-LS_GW\40_Software\Board_AOAA_M3\Lib_MCU\inc" -O0 -g3 -Wall -c -fmessage-length=0 -fno-builtin -ffunction-sections -mcpu=cortex-m3 -mthumb -D__REDLIB__ -specs=redlib.specs -MMD -MP -MF"src/core/tcp.d" -MT"src/core/tcp.o" -MT"src/core/tcp.d" -o "src/core/tcp.o" "../src/core/tcp.c"
Finished building: ../src/core/tcp.c
 
Building file: ../src/core/tcp_in.c
Invoking: MCU C Compiler
arm-none-eabi-gcc -DDEBUG -D__CODE_RED -D__REDLIB__ -I"E:\Special Projects\CAN_HS-LS_GW\40_Software\Board_AOAA_M3\Lib_CMSISv2p00_LPC17xx\inc" -I"E:\Special Projects\CAN_HS-LS_GW\40_Software\Board_AOAA_M3\Lib_Board\inc" -I"E:\Special Projects\CAN_HS-LS_GW\40_Software\Board_AOAA_M3\Lib_lwip\port" -I"E:\Special Projects\CAN_HS-LS_GW\40_Software\Board_AOAA_M3\Lib_lwip\src\include" -I"E:\Special Projects\CAN_HS-LS_GW\40_Software\Board_AOAA_M3\Lib_lwip\src\include\ipv4" -I"E:\Special Projects\CAN_HS-LS_GW\40_Software\Board_AOAA_M3\Lib_MCU\inc" -O0 -g3 -Wall -c -fmessage-length=0 -fno-builtin -ffunction-sections -mcpu=cortex-m3 -mthumb -D__REDLIB__ -specs=redlib.specs -MMD -MP -MF"src/core/tcp_in.d" -MT"src/core/tcp_in.o" -MT"src/core/tcp_in.d" -o "src/core/tcp_in.o" "../src/core/tcp_in.c"
Finished building: ../src/core/tcp_in.c
 
Building file: ../src/core/tcp_out.c
Invoking: MCU C Compiler
arm-none-eabi-gcc -DDEBUG -D__CODE_RED -D__REDLIB__ -I"E:\Special Projects\CAN_HS-LS_GW\40_Software\Board_AOAA_M3\Lib_CMSISv2p00_LPC17xx\inc" -I"E:\Special Projects\CAN_HS-LS_GW\40_Software\Board_AOAA_M3\Lib_Board\inc" -I"E:\Special Projects\CAN_HS-LS_GW\40_Software\Board_AOAA_M3\Lib_lwip\port" -I"E:\Special Projects\CAN_HS-LS_GW\40_Software\Board_AOAA_M3\Lib_lwip\src\include" -I"E:\Special Projects\CAN_HS-LS_GW\40_Software\Board_AOAA_M3\Lib_lwip\src\include\ipv4" -I"E:\Special Projects\CAN_HS-LS_GW\40_Software\Board_AOAA_M3\Lib_MCU\inc" -O0 -g3 -Wall -c -fmessage-length=0 -fno-builtin -ffunction-sections -mcpu=cortex-m3 -mthumb -D__REDLIB__ -specs=redlib.specs -MMD -MP -MF"src/core/tcp_out.d" -MT"src/core/tcp_out.o" -MT"src/core/tcp_out.d" -o "src/core/tcp_out.o" "../src/core/tcp_out.c"
Finished building: ../src/core/tcp_out.c
 
Building file: ../src/core/timers.c
Invoking: MCU C Compiler
arm-none-eabi-gcc -DDEBUG -D__CODE_RED -D__REDLIB__ -I"E:\Special Projects\CAN_HS-LS_GW\40_Software\Board_AOAA_M3\Lib_CMSISv2p00_LPC17xx\inc" -I"E:\Special Projects\CAN_HS-LS_GW\40_Software\Board_AOAA_M3\Lib_Board\inc" -I"E:\Special Projects\CAN_HS-LS_GW\40_Software\Board_AOAA_M3\Lib_lwip\port" -I"E:\Special Projects\CAN_HS-LS_GW\40_Software\Board_AOAA_M3\Lib_lwip\src\include" -I"E:\Special Projects\CAN_HS-LS_GW\40_Software\Board_AOAA_M3\Lib_lwip\src\include\ipv4" -I"E:\Special Projects\CAN_HS-LS_GW\40_Software\Board_AOAA_M3\Lib_MCU\inc" -O0 -g3 -Wall -c -fmessage-length=0 -fno-builtin -ffunction-sections -mcpu=cortex-m3 -mthumb -D__REDLIB__ -specs=redlib.specs -MMD -MP -MF"src/core/timers.d" -MT"src/core/timers.o" -MT"src/core/timers.d" -o "src/core/timers.o" "../src/core/timers.c"
Finished building: ../src/core/timers.c
 
Building file: ../src/core/udp.c
Invoking: MCU C Compiler
arm-none-eabi-gcc -DDEBUG -D__CODE_RED -D__REDLIB__ -I"E:\Special Projects\CAN_HS-LS_GW\40_Software\Board_AOAA_M3\Lib_CMSISv2p00_LPC17xx\inc" -I"E:\Special Projects\CAN_HS-LS_GW\40_Software\Board_AOAA_M3\Lib_Board\inc" -I"E:\Special Projects\CAN_HS-LS_GW\40_Software\Board_AOAA_M3\Lib_lwip\port" -I"E:\Special Projects\CAN_HS-LS_GW\40_Software\Board_AOAA_M3\Lib_lwip\src\include" -I"E:\Special Projects\CAN_HS-LS_GW\40_Software\Board_AOAA_M3\Lib_lwip\src\include\ipv4" -I"E:\Special Projects\CAN_HS-LS_GW\40_Software\Board_AOAA_M3\Lib_MCU\inc" -O0 -g3 -Wall -c -fmessage-length=0 -fno-builtin -ffunction-sections -mcpu=cortex-m3 -mthumb -D__REDLIB__ -specs=redlib.specs -MMD -MP -MF"src/core/udp.d" -MT"src/core/udp.o" -MT"src/core/udp.d" -o "src/core/udp.o" "../src/core/udp.c"
Finished building: ../src/core/udp.c
 
Building file: ../src/api/api_lib.c
Invoking: MCU C Compiler
arm-none-eabi-gcc -DDEBUG -D__CODE_RED -D__REDLIB__ -I"E:\Special Projects\CAN_HS-LS_GW\40_Software\Board_AOAA_M3\Lib_CMSISv2p00_LPC17xx\inc" -I"E:\Special Projects\CAN_HS-LS_GW\40_Software\Board_AOAA_M3\Lib_Board\inc" -I"E:\Special Projects\CAN_HS-LS_GW\40_Software\Board_AOAA_M3\Lib_lwip\port" -I"E:\Special Projects\CAN_HS-LS_GW\40_Software\Board_AOAA_M3\Lib_lwip\src\include" -I"E:\Special Projects\CAN_HS-LS_GW\40_Software\Board_AOAA_M3\Lib_lwip\src\include\ipv4" -I"E:\Special Projects\CAN_HS-LS_GW\40_Software\Board_AOAA_M3\Lib_MCU\inc" -O0 -g3 -Wall -c -fmessage-length=0 -fno-builtin -ffunction-sections -mcpu=cortex-m3 -mthumb -D__REDLIB__ -specs=redlib.specs -MMD -MP -MF"src/api/api_lib.d" -MT"src/api/api_lib.o" -MT"src/api/api_lib.d" -o "src/api/api_lib.o" "../src/api/api_lib.c"
Finished building: ../src/api/api_lib.c
 
Building file: ../src/api/api_msg.c
Invoking: MCU C Compiler
arm-none-eabi-gcc -DDEBUG -D__CODE_RED -D__REDLIB__ -I"E:\Special Projects\CAN_HS-LS_GW\40_Software\Board_AOAA_M3\Lib_CMSISv2p00_LPC17xx\inc" -I"E:\Special Projects\CAN_HS-LS_GW\40_Software\Board_AOAA_M3\Lib_Board\inc" -I"E:\Special Projects\CAN_HS-LS_GW\40_Software\Board_AOAA_M3\Lib_lwip\port" -I"E:\Special Projects\CAN_HS-LS_GW\40_Software\Board_AOAA_M3\Lib_lwip\src\include" -I"E:\Special Projects\CAN_HS-LS_GW\40_Software\Board_AOAA_M3\Lib_lwip\src\include\ipv4" -I"E:\Special Projects\CAN_HS-LS_GW\40_Software\Board_AOAA_M3\Lib_MCU\inc" -O0 -g3 -Wall -c -fmessage-length=0 -fno-builtin -ffunction-sections -mcpu=cortex-m3 -mthumb -D__REDLIB__ -specs=redlib.specs -MMD -MP -MF"src/api/api_msg.d" -MT"src/api/api_msg.o" -MT"src/api/api_msg.d" -o "src/api/api_msg.o" "../src/api/api_msg.c"
Finished building: ../src/api/api_msg.c
 
Building file: ../src/api/err.c
Invoking: MCU C Compiler
arm-none-eabi-gcc -DDEBUG -D__CODE_RED -D__REDLIB__ -I"E:\Special Projects\CAN_HS-LS_GW\40_Software\Board_AOAA_M3\Lib_CMSISv2p00_LPC17xx\inc" -I"E:\Special Projects\CAN_HS-LS_GW\40_Software\Board_AOAA_M3\Lib_Board\inc" -I"E:\Special Projects\CAN_HS-LS_GW\40_Software\Board_AOAA_M3\Lib_lwip\port" -I"E:\Special Projects\CAN_HS-LS_GW\40_Software\Board_AOAA_M3\Lib_lwip\src\include" -I"E:\Special Projects\CAN_HS-LS_GW\40_Software\Board_AOAA_M3\Lib_lwip\src\include\ipv4" -I"E:\Special Projects\CAN_HS-LS_GW\40_Software\Board_AOAA_M3\Lib_MCU\inc" -O0 -g3 -Wall -c -fmessage-length=0 -fno-builtin -ffunction-sections -mcpu=cortex-m3 -mthumb -D__REDLIB__ -specs=redlib.specs -MMD -MP -MF"src/api/err.d" -MT"src/api/err.o" -MT"src/api/err.d" -o "src/api/err.o" "../src/api/err.c"
Finished building: ../src/api/err.c
 
Building file: ../src/api/netbuf.c
Invoking: MCU C Compiler
arm-none-eabi-gcc -DDEBUG -D__CODE_RED -D__REDLIB__ -I"E:\Special Projects\CAN_HS-LS_GW\40_Software\Board_AOAA_M3\Lib_CMSISv2p00_LPC17xx\inc" -I"E:\Special Projects\CAN_HS-LS_GW\40_Software\Board_AOAA_M3\Lib_Board\inc" -I"E:\Special Projects\CAN_HS-LS_GW\40_Software\Board_AOAA_M3\Lib_lwip\port" -I"E:\Special Projects\CAN_HS-LS_GW\40_Software\Board_AOAA_M3\Lib_lwip\src\include" -I"E:\Special Projects\CAN_HS-LS_GW\40_Software\Board_AOAA_M3\Lib_lwip\src\include\ipv4" -I"E:\Special Projects\CAN_HS-LS_GW\40_Software\Board_AOAA_M3\Lib_MCU\inc" -O0 -g3 -Wall -c -fmessage-length=0 -fno-builtin -ffunction-sections -mcpu=cortex-m3 -mthumb -D__REDLIB__ -specs=redlib.specs -MMD -MP -MF"src/api/netbuf.d" -MT"src/api/netbuf.o" -MT"src/api/netbuf.d" -o "src/api/netbuf.o" "../src/api/netbuf.c"
Finished building: ../src/api/netbuf.c
 
Building file: ../src/api/netdb.c
Invoking: MCU C Compiler
arm-none-eabi-gcc -DDEBUG -D__CODE_RED -D__REDLIB__ -I"E:\Special Projects\CAN_HS-LS_GW\40_Software\Board_AOAA_M3\Lib_CMSISv2p00_LPC17xx\inc" -I"E:\Special Projects\CAN_HS-LS_GW\40_Software\Board_AOAA_M3\Lib_Board\inc" -I"E:\Special Projects\CAN_HS-LS_GW\40_Software\Board_AOAA_M3\Lib_lwip\port" -I"E:\Special Projects\CAN_HS-LS_GW\40_Software\Board_AOAA_M3\Lib_lwip\src\include" -I"E:\Special Projects\CAN_HS-LS_GW\40_Software\Board_AOAA_M3\Lib_lwip\src\include\ipv4" -I"E:\Special Projects\CAN_HS-LS_GW\40_Software\Board_AOAA_M3\Lib_MCU\inc" -O0 -g3 -Wall -c -fmessage-length=0 -fno-builtin -ffunction-sections -mcpu=cortex-m3 -mthumb -D__REDLIB__ -specs=redlib.specs -MMD -MP -MF"src/api/netdb.d" -MT"src/api/netdb.o" -MT"src/api/netdb.d" -o "src/api/netdb.o" "../src/api/netdb.c"
Finished building: ../src/api/netdb.c
 
Building file: ../src/api/netifapi.c
Invoking: MCU C Compiler
arm-none-eabi-gcc -DDEBUG -D__CODE_RED -D__REDLIB__ -I"E:\Special Projects\CAN_HS-LS_GW\40_Software\Board_AOAA_M3\Lib_CMSISv2p00_LPC17xx\inc" -I"E:\Special Projects\CAN_HS-LS_GW\40_Software\Board_AOAA_M3\Lib_Board\inc" -I"E:\Special Projects\CAN_HS-LS_GW\40_Software\Board_AOAA_M3\Lib_lwip\port" -I"E:\Special Projects\CAN_HS-LS_GW\40_Software\Board_AOAA_M3\Lib_lwip\src\include" -I"E:\Special Projects\CAN_HS-LS_GW\40_Software\Board_AOAA_M3\Lib_lwip\src\include\ipv4" -I"E:\Special Projects\CAN_HS-LS_GW\40_Software\Board_AOAA_M3\Lib_MCU\inc" -O0 -g3 -Wall -c -fmessage-length=0 -fno-builtin -ffunction-sections -mcpu=cortex-m3 -mthumb -D__REDLIB__ -specs=redlib.specs -MMD -MP -MF"src/api/netifapi.d" -MT"src/api/netifapi.o" -MT"src/api/netifapi.d" -o "src/api/netifapi.o" "../src/api/netifapi.c"
Finished building: ../src/api/netifapi.c
 
Building file: ../src/api/sockets.c
Invoking: MCU C Compiler
arm-none-eabi-gcc -DDEBUG -D__CODE_RED -D__REDLIB__ -I"E:\Special Projects\CAN_HS-LS_GW\40_Software\Board_AOAA_M3\Lib_CMSISv2p00_LPC17xx\inc" -I"E:\Special Projects\CAN_HS-LS_GW\40_Software\Board_AOAA_M3\Lib_Board\inc" -I"E:\Special Projects\CAN_HS-LS_GW\40_Software\Board_AOAA_M3\Lib_lwip\port" -I"E:\Special Projects\CAN_HS-LS_GW\40_Software\Board_AOAA_M3\Lib_lwip\src\include" -I"E:\Special Projects\CAN_HS-LS_GW\40_Software\Board_AOAA_M3\Lib_lwip\src\include\ipv4" -I"E:\Special Projects\CAN_HS-LS_GW\40_Software\Board_AOAA_M3\Lib_MCU\inc" -O0 -g3 -Wall -c -fmessage-length=0 -fno-builtin -ffunction-sections -mcpu=cortex-m3 -mthumb -D__REDLIB__ -specs=redlib.specs -MMD -MP -MF"src/api/sockets.d" -MT"src/api/sockets.o" -MT"src/api/sockets.d" -o "src/api/sockets.o" "../src/api/sockets.c"
Finished building: ../src/api/sockets.c
 
Building file: ../src/api/tcpip.c
Invoking: MCU C Compiler
arm-none-eabi-gcc -DDEBUG -D__CODE_RED -D__REDLIB__ -I"E:\Special Projects\CAN_HS-LS_GW\40_Software\Board_AOAA_M3\Lib_CMSISv2p00_LPC17xx\inc" -I"E:\Special Projects\CAN_HS-LS_GW\40_Software\Board_AOAA_M3\Lib_Board\inc" -I"E:\Special Projects\CAN_HS-LS_GW\40_Software\Board_AOAA_M3\Lib_lwip\port" -I"E:\Special Projects\CAN_HS-LS_GW\40_Software\Board_AOAA_M3\Lib_lwip\src\include" -I"E:\Special Projects\CAN_HS-LS_GW\40_Software\Board_AOAA_M3\Lib_lwip\src\include\ipv4" -I"E:\Special Projects\CAN_HS-LS_GW\40_Software\Board_AOAA_M3\Lib_MCU\inc" -O0 -g3 -Wall -c -fmessage-length=0 -fno-builtin -ffunction-sections -mcpu=cortex-m3 -mthumb -D__REDLIB__ -specs=redlib.specs -MMD -MP -MF"src/api/tcpip.d" -MT"src/api/tcpip.o" -MT"src/api/tcpip.d" -o "src/api/tcpip.o" "../src/api/tcpip.c"
Finished building: ../src/api/tcpip.c
 
Building file: ../port/ethernetif.c
Invoking: MCU C Compiler
arm-none-eabi-gcc -DDEBUG -D__CODE_RED -D__REDLIB__ -I"E:\Special Projects\CAN_HS-LS_GW\40_Software\Board_AOAA_M3\Lib_CMSISv2p00_LPC17xx\inc" -I"E:\Special Projects\CAN_HS-LS_GW\40_Software\Board_AOAA_M3\Lib_Board\inc" -I"E:\Special Projects\CAN_HS-LS_GW\40_Software\Board_AOAA_M3\Lib_lwip\port" -I"E:\Special Projects\CAN_HS-LS_GW\40_Software\Board_AOAA_M3\Lib_lwip\src\include" -I"E:\Special Projects\CAN_HS-LS_GW\40_Software\Board_AOAA_M3\Lib_lwip\src\include\ipv4" -I"E:\Special Projects\CAN_HS-LS_GW\40_Software\Board_AOAA_M3\Lib_MCU\inc" -O0 -g3 -Wall -c -fmessage-length=0 -fno-builtin -ffunction-sections -mcpu=cortex-m3 -mthumb -D__REDLIB__ -specs=redlib.specs -MMD -MP -MF"port/ethernetif.d" -MT"port/ethernetif.o" -MT"port/ethernetif.d" -o "port/ethernetif.o" "../port/ethernetif.c"
Finished building: ../port/ethernetif.c
 
Building file: ../port/sys_arch.c
Invoking: MCU C Compiler
arm-none-eabi-gcc -DDEBUG -D__CODE_RED -D__REDLIB__ -I"E:\Special Projects\CAN_HS-LS_GW\40_Software\Board_AOAA_M3\Lib_CMSISv2p00_LPC17xx\inc" -I"E:\Special Projects\CAN_HS-LS_GW\40_Software\Board_AOAA_M3\Lib_Board\inc" -I"E:\Special Projects\CAN_HS-LS_GW\40_Software\Board_AOAA_M3\Lib_lwip\port" -I"E:\Special Projects\CAN_HS-LS_GW\40_Software\Board_AOAA_M3\Lib_lwip\src\include" -I"E:\Special Projects\CAN_HS-LS_GW\40_Software\Board_AOAA_M3\Lib_lwip\src\include\ipv4" -I"E:\Special Projects\CAN_HS-LS_GW\40_Software\Board_AOAA_M3\Lib_MCU\inc" -O0 -g3 -Wall -c -fmessage-length=0 -fno-builtin -ffunction-sections -mcpu=cortex-m3 -mthumb -D__REDLIB__ -specs=redlib.specs -MMD -MP -MF"port/sys_arch.d" -MT"port/sys_arch.o" -MT"port/sys_arch.d" -o "port/sys_arch.o" "../port/sys_arch.c"
Finished building: ../port/sys_arch.c
 
Building target: libLib_lwip.a
Invoking: MCU Archiver
arm-none-eabi-ar -r  "libLib_lwip.a"  ./src/netif/ppp/auth.o ./src/netif/ppp/chap.o ./src/netif/ppp/chpms.o ./src/netif/ppp/fsm.o ./src/netif/ppp/ipcp.o ./src/netif/ppp/lcp.o ./src/netif/ppp/magic.o ./src/netif/ppp/md5.o ./src/netif/ppp/pap.o ./src/netif/ppp/ppp.o ./src/netif/ppp/ppp_oe.o ./src/netif/ppp/randm.o ./src/netif/ppp/vj.o  ./src/netif/etharp.o ./src/netif/ethernetif.o ./src/netif/slipif.o  ./src/core/snmp/asn1_dec.o ./src/core/snmp/asn1_enc.o ./src/core/snmp/mib2.o ./src/core/snmp/mib_structs.o ./src/core/snmp/msg_in.o ./src/core/snmp/msg_out.o  ./src/core/ipv4/autoip.o ./src/core/ipv4/icmp.o ./src/core/ipv4/igmp.o ./src/core/ipv4/inet.o ./src/core/ipv4/inet_chksum.o ./src/core/ipv4/ip.o ./src/core/ipv4/ip_addr.o ./src/core/ipv4/ip_frag.o  ./src/core/def.o ./src/core/dhcp.o ./src/core/dns.o ./src/core/init.o ./src/core/mem.o ./src/core/memp.o ./src/core/netif.o ./src/core/pbuf.o ./src/core/raw.o ./src/core/stats.o ./src/core/sys.o ./src/core/tcp.o ./src/core/tcp_in.o ./src/core/tcp_out.o ./src/core/timers.o ./src/core/udp.o  ./src/api/api_lib.o ./src/api/api_msg.o ./src/api/err.o ./src/api/netbuf.o ./src/api/netdb.o ./src/api/netifapi.o ./src/api/sockets.o ./src/api/tcpip.o  ./port/ethernetif.o ./port/sys_arch.o   
c:\nxp\LPCXpresso_7.7.2_379\lpcxpresso\tools\bin\arm-none-eabi-ar.exe: creating libLib_lwip.a
Finished building target: libLib_lwip.a
 
make --no-print-directory post-build
Performing post-build steps
arm-none-eabi-size libLib_lwip.a ; # arm-none-eabi-objdump -h -S libLib_lwip.a >libLib_lwip.lss
   text	   data	    bss	    dec	    hex	filename
      0	      0	      0	      0	      0	auth.o (ex libLib_lwip.a)
      0	      0	      0	      0	      0	chap.o (ex libLib_lwip.a)
      0	      0	      0	      0	      0	chpms.o (ex libLib_lwip.a)
      0	      0	      0	      0	      0	fsm.o (ex libLib_lwip.a)
      0	      0	      0	      0	      0	ipcp.o (ex libLib_lwip.a)
      0	      0	      0	      0	      0	lcp.o (ex libLib_lwip.a)
      0	      0	      0	      0	      0	magic.o (ex libLib_lwip.a)
      0	      0	      0	      0	      0	md5.o (ex libLib_lwip.a)
      0	      0	      0	      0	      0	pap.o (ex libLib_lwip.a)
      0	      0	      0	      0	      0	ppp.o (ex libLib_lwip.a)
      0	      0	      0	      0	      0	ppp_oe.o (ex libLib_lwip.a)
      0	      0	      0	      0	      0	randm.o (ex libLib_lwip.a)
      0	      0	      0	      0	      0	vj.o (ex libLib_lwip.a)
   3940	      0	    164	   4104	   1008	etharp.o (ex libLib_lwip.a)
      0	      0	      0	      0	      0	ethernetif.o (ex libLib_lwip.a)
      0	      0	      0	      0	      0	slipif.o (ex libLib_lwip.a)
      0	      0	      0	      0	      0	asn1_dec.o (ex libLib_lwip.a)
      0	      0	      0	      0	      0	asn1_enc.o (ex libLib_lwip.a)
      0	      0	      0	      0	      0	mib2.o (ex libLib_lwip.a)
      0	      0	      0	      0	      0	mib_structs.o (ex libLib_lwip.a)
      0	      0	      0	      0	      0	msg_in.o (ex libLib_lwip.a)
      0	      0	      0	      0	      0	msg_out.o (ex libLib_lwip.a)
      0	      0	      0	      0	      0	autoip.o (ex libLib_lwip.a)
   1300	      0	      0	   1300	    514	icmp.o (ex libLib_lwip.a)
      0	      0	      0	      0	      0	igmp.o (ex libLib_lwip.a)
      0	      0	      0	      0	      0	inet.o (ex libLib_lwip.a)
   1088	      0	      0	   1088	    440	inet_chksum.o (ex libLib_lwip.a)
   1396	      0	      2	   1398	    576	ip.o (ex libLib_lwip.a)
   1244	      0	     16	   1260	    4ec	ip_addr.o (ex libLib_lwip.a)
      0	      0	      0	      0	      0	ip_frag.o (ex libLib_lwip.a)
    148	      0	      0	    148	     94	def.o (ex libLib_lwip.a)
      0	      0	      0	      0	      0	dhcp.o (ex libLib_lwip.a)
      0	      0	      0	      0	      0	dns.o (ex libLib_lwip.a)
     24	      0	      0	     24	     18	init.o (ex libLib_lwip.a)
   2224	      0	     16	   2240	    8c0	mem.o (ex libLib_lwip.a)
    596	      0	  14000	  14596	   3904	memp.o (ex libLib_lwip.a)
   1124	      0	      1	   1125	    465	netif.o (ex libLib_lwip.a)
   5140	      0	      0	   5140	   1414	pbuf.o (ex libLib_lwip.a)
      0	      0	      0	      0	      0	raw.o (ex libLib_lwip.a)
      0	      0	      0	      0	      0	stats.o (ex libLib_lwip.a)
      0	      0	      0	      0	      0	sys.o (ex libLib_lwip.a)
   6416	      8	      1	   6425	   1919	tcp.o (ex libLib_lwip.a)
   7940	      0	     44	   7984	   1f30	tcp_in.o (ex libLib_lwip.a)
   6488	      0	      0	   6488	   1958	tcp_out.o (ex libLib_lwip.a)
    896	      0	     12	    908	    38c	timers.o (ex libLib_lwip.a)
   2008	      0	      0	   2008	    7d8	udp.o (ex libLib_lwip.a)
      0	      0	      0	      0	      0	api_lib.o (ex libLib_lwip.a)
      0	      0	      0	      0	      0	api_msg.o (ex libLib_lwip.a)
      0	      0	      0	      0	      0	err.o (ex libLib_lwip.a)
      0	      0	      0	      0	      0	netbuf.o (ex libLib_lwip.a)
      0	      0	      0	      0	      0	netdb.o (ex libLib_lwip.a)
      0	      0	      0	      0	      0	netifapi.o (ex libLib_lwip.a)
      0	      0	      0	      0	      0	sockets.o (ex libLib_lwip.a)
      0	      0	      0	      0	      0	tcpip.o (ex libLib_lwip.a)
    832	      0	      8	    840	    348	ethernetif.o (ex libLib_lwip.a)
     16	      0	      0	     16	     10	sys_arch.o (ex libLib_lwip.a)
 

01:29:02 Build Finished (took 10s.134ms)

