01:29:02 **** Build of configuration LPC17xx_Device for project nxpUSBlib ****
make -r pre-build main-build 
if test -f "libnxpUSBlib.a" ; then cp -f "libnxpUSBlib.a" ../"libnxpUSBlib.a" ; fi
 
Building file: ../Drivers/USB/Core/LPC/HCD/OHCI/OHCI.c
Invoking: MCU C Compiler
arm-none-eabi-gcc -D__LPC17XX__ -DUSB_DEVICE_ONLY -D__CODE_RED -D__REDLIB__ -I"E:\Special Projects\CAN_HS-LS_GW\40_Software\Board_AOAA_M3\Lib_CMSISv2p00_LPC17xx\inc" -I"E:\Special Projects\CAN_HS-LS_GW\40_Software\Board_AOAA_M3\Lib_MCU\inc" -O0 -g3 -Wall -c -fmessage-length=0 -fno-builtin -ffunction-sections -fdata-sections -std=gnu99 -mcpu=cortex-m3 -mthumb -D__REDLIB__ -specs=redlib.specs -MMD -MP -MF"Drivers/USB/Core/LPC/HCD/OHCI/OHCI.d" -MT"Drivers/USB/Core/LPC/HCD/OHCI/OHCI.o" -MT"Drivers/USB/Core/LPC/HCD/OHCI/OHCI.d" -o"Drivers/USB/Core/LPC/HCD/OHCI/OHCI.o" "../Drivers/USB/Core/LPC/HCD/OHCI/OHCI.c"
Finished building: ../Drivers/USB/Core/LPC/HCD/OHCI/OHCI.c
 
Building file: ../Drivers/USB/Core/LPC/HCD/EHCI/EHCI.c
Invoking: MCU C Compiler
arm-none-eabi-gcc -D__LPC17XX__ -DUSB_DEVICE_ONLY -D__CODE_RED -D__REDLIB__ -I"E:\Special Projects\CAN_HS-LS_GW\40_Software\Board_AOAA_M3\Lib_CMSISv2p00_LPC17xx\inc" -I"E:\Special Projects\CAN_HS-LS_GW\40_Software\Board_AOAA_M3\Lib_MCU\inc" -O0 -g3 -Wall -c -fmessage-length=0 -fno-builtin -ffunction-sections -fdata-sections -std=gnu99 -mcpu=cortex-m3 -mthumb -D__REDLIB__ -specs=redlib.specs -MMD -MP -MF"Drivers/USB/Core/LPC/HCD/EHCI/EHCI.d" -MT"Drivers/USB/Core/LPC/HCD/EHCI/EHCI.o" -MT"Drivers/USB/Core/LPC/HCD/EHCI/EHCI.d" -o"Drivers/USB/Core/LPC/HCD/EHCI/EHCI.o" "../Drivers/USB/Core/LPC/HCD/EHCI/EHCI.c"
Finished building: ../Drivers/USB/Core/LPC/HCD/EHCI/EHCI.c
 
Building file: ../Drivers/USB/Core/LPC/HCD/HCD.c
Invoking: MCU C Compiler
arm-none-eabi-gcc -D__LPC17XX__ -DUSB_DEVICE_ONLY -D__CODE_RED -D__REDLIB__ -I"E:\Special Projects\CAN_HS-LS_GW\40_Software\Board_AOAA_M3\Lib_CMSISv2p00_LPC17xx\inc" -I"E:\Special Projects\CAN_HS-LS_GW\40_Software\Board_AOAA_M3\Lib_MCU\inc" -O0 -g3 -Wall -c -fmessage-length=0 -fno-builtin -ffunction-sections -fdata-sections -std=gnu99 -mcpu=cortex-m3 -mthumb -D__REDLIB__ -specs=redlib.specs -MMD -MP -MF"Drivers/USB/Core/LPC/HCD/HCD.d" -MT"Drivers/USB/Core/LPC/HCD/HCD.o" -MT"Drivers/USB/Core/LPC/HCD/HCD.d" -o"Drivers/USB/Core/LPC/HCD/HCD.o" "../Drivers/USB/Core/LPC/HCD/HCD.c"
Finished building: ../Drivers/USB/Core/LPC/HCD/HCD.c
 
Building file: ../Drivers/USB/Core/LPC/HAL/LPC18XX/HAL_LPC18xx.c
Invoking: MCU C Compiler
arm-none-eabi-gcc -D__LPC17XX__ -DUSB_DEVICE_ONLY -D__CODE_RED -D__REDLIB__ -I"E:\Special Projects\CAN_HS-LS_GW\40_Software\Board_AOAA_M3\Lib_CMSISv2p00_LPC17xx\inc" -I"E:\Special Projects\CAN_HS-LS_GW\40_Software\Board_AOAA_M3\Lib_MCU\inc" -O0 -g3 -Wall -c -fmessage-length=0 -fno-builtin -ffunction-sections -fdata-sections -std=gnu99 -mcpu=cortex-m3 -mthumb -D__REDLIB__ -specs=redlib.specs -MMD -MP -MF"Drivers/USB/Core/LPC/HAL/LPC18XX/HAL_LPC18xx.d" -MT"Drivers/USB/Core/LPC/HAL/LPC18XX/HAL_LPC18xx.o" -MT"Drivers/USB/Core/LPC/HAL/LPC18XX/HAL_LPC18xx.d" -o"Drivers/USB/Core/LPC/HAL/LPC18XX/HAL_LPC18xx.o" "../Drivers/USB/Core/LPC/HAL/LPC18XX/HAL_LPC18xx.c"
Finished building: ../Drivers/USB/Core/LPC/HAL/LPC18XX/HAL_LPC18xx.c
 
Building file: ../Drivers/USB/Core/LPC/HAL/LPC17XX/HAL_LPC17xx.c
Invoking: MCU C Compiler
arm-none-eabi-gcc -D__LPC17XX__ -DUSB_DEVICE_ONLY -D__CODE_RED -D__REDLIB__ -I"E:\Special Projects\CAN_HS-LS_GW\40_Software\Board_AOAA_M3\Lib_CMSISv2p00_LPC17xx\inc" -I"E:\Special Projects\CAN_HS-LS_GW\40_Software\Board_AOAA_M3\Lib_MCU\inc" -O0 -g3 -Wall -c -fmessage-length=0 -fno-builtin -ffunction-sections -fdata-sections -std=gnu99 -mcpu=cortex-m3 -mthumb -D__REDLIB__ -specs=redlib.specs -MMD -MP -MF"Drivers/USB/Core/LPC/HAL/LPC17XX/HAL_LPC17xx.d" -MT"Drivers/USB/Core/LPC/HAL/LPC17XX/HAL_LPC17xx.o" -MT"Drivers/USB/Core/LPC/HAL/LPC17XX/HAL_LPC17xx.d" -o"Drivers/USB/Core/LPC/HAL/LPC17XX/HAL_LPC17xx.o" "../Drivers/USB/Core/LPC/HAL/LPC17XX/HAL_LPC17xx.c"
In file included from ../Drivers/USB/Core/LPC/HAL/LPC17XX/../../../LPC/../Endpoint.h:112:0,
                 from ../Drivers/USB/Core/LPC/HAL/LPC17XX/../../../LPC/../Device.h:60,
                 from ../Drivers/USB/Core/LPC/HAL/LPC17XX/../../../LPC/USBController_LPC.h:65,
                 from ../Drivers/USB/Core/LPC/HAL/LPC17XX/../../../USBController.h:127,
                 from ../Drivers/USB/Core/LPC/HAL/LPC17XX/../../../USBTask.h:50,
                 from ../Drivers/USB/Core/LPC/HAL/LPC17XX/HAL_LPC17xx.c:30:
../Drivers/USB/Core/LPC/HAL/LPC17XX/../../../LPC/../LPC/Endpoint_LPC.h: In function 'Endpoint_Discard_8':
../Drivers/USB/Core/LPC/HAL/LPC17XX/../../../LPC/../LPC/Endpoint_LPC.h:223:19: warning: variable 'dummy' set but not used [-Wunused-but-set-variable]
  volatile uint8_t dummy;
                   ^
Finished building: ../Drivers/USB/Core/LPC/HAL/LPC17XX/HAL_LPC17xx.c
 
Building file: ../Drivers/USB/Core/LPC/HAL/LPC11UXX/HAL_LPC11Uxx.c
Invoking: MCU C Compiler
arm-none-eabi-gcc -D__LPC17XX__ -DUSB_DEVICE_ONLY -D__CODE_RED -D__REDLIB__ -I"E:\Special Projects\CAN_HS-LS_GW\40_Software\Board_AOAA_M3\Lib_CMSISv2p00_LPC17xx\inc" -I"E:\Special Projects\CAN_HS-LS_GW\40_Software\Board_AOAA_M3\Lib_MCU\inc" -O0 -g3 -Wall -c -fmessage-length=0 -fno-builtin -ffunction-sections -fdata-sections -std=gnu99 -mcpu=cortex-m3 -mthumb -D__REDLIB__ -specs=redlib.specs -MMD -MP -MF"Drivers/USB/Core/LPC/HAL/LPC11UXX/HAL_LPC11Uxx.d" -MT"Drivers/USB/Core/LPC/HAL/LPC11UXX/HAL_LPC11Uxx.o" -MT"Drivers/USB/Core/LPC/HAL/LPC11UXX/HAL_LPC11Uxx.d" -o"Drivers/USB/Core/LPC/HAL/LPC11UXX/HAL_LPC11Uxx.o" "../Drivers/USB/Core/LPC/HAL/LPC11UXX/HAL_LPC11Uxx.c"
Finished building: ../Drivers/USB/Core/LPC/HAL/LPC11UXX/HAL_LPC11Uxx.c
 
Building file: ../Drivers/USB/Core/LPC/DCD/USBRom/usbd_cdc.c
Invoking: MCU C Compiler
arm-none-eabi-gcc -D__LPC17XX__ -DUSB_DEVICE_ONLY -D__CODE_RED -D__REDLIB__ -I"E:\Special Projects\CAN_HS-LS_GW\40_Software\Board_AOAA_M3\Lib_CMSISv2p00_LPC17xx\inc" -I"E:\Special Projects\CAN_HS-LS_GW\40_Software\Board_AOAA_M3\Lib_MCU\inc" -O0 -g3 -Wall -c -fmessage-length=0 -fno-builtin -ffunction-sections -fdata-sections -std=gnu99 -mcpu=cortex-m3 -mthumb -D__REDLIB__ -specs=redlib.specs -MMD -MP -MF"Drivers/USB/Core/LPC/DCD/USBRom/usbd_cdc.d" -MT"Drivers/USB/Core/LPC/DCD/USBRom/usbd_cdc.o" -MT"Drivers/USB/Core/LPC/DCD/USBRom/usbd_cdc.d" -o"Drivers/USB/Core/LPC/DCD/USBRom/usbd_cdc.o" "../Drivers/USB/Core/LPC/DCD/USBRom/usbd_cdc.c"
In file included from ../Drivers/USB/Core/LPC/DCD/USBRom/../../../Endpoint.h:112:0,
                 from ../Drivers/USB/Core/LPC/DCD/USBRom/../../../Device.h:60,
                 from ../Drivers/USB/Core/LPC/DCD/USBRom/usbd_cdc.c:31:
../Drivers/USB/Core/LPC/DCD/USBRom/../../../LPC/Endpoint_LPC.h: In function 'Endpoint_Discard_8':
../Drivers/USB/Core/LPC/DCD/USBRom/../../../LPC/Endpoint_LPC.h:223:19: warning: variable 'dummy' set but not used [-Wunused-but-set-variable]
  volatile uint8_t dummy;
                   ^
Finished building: ../Drivers/USB/Core/LPC/DCD/USBRom/usbd_cdc.c
 
Building file: ../Drivers/USB/Core/LPC/DCD/USBRom/usbd_hid.c
Invoking: MCU C Compiler
arm-none-eabi-gcc -D__LPC17XX__ -DUSB_DEVICE_ONLY -D__CODE_RED -D__REDLIB__ -I"E:\Special Projects\CAN_HS-LS_GW\40_Software\Board_AOAA_M3\Lib_CMSISv2p00_LPC17xx\inc" -I"E:\Special Projects\CAN_HS-LS_GW\40_Software\Board_AOAA_M3\Lib_MCU\inc" -O0 -g3 -Wall -c -fmessage-length=0 -fno-builtin -ffunction-sections -fdata-sections -std=gnu99 -mcpu=cortex-m3 -mthumb -D__REDLIB__ -specs=redlib.specs -MMD -MP -MF"Drivers/USB/Core/LPC/DCD/USBRom/usbd_hid.d" -MT"Drivers/USB/Core/LPC/DCD/USBRom/usbd_hid.o" -MT"Drivers/USB/Core/LPC/DCD/USBRom/usbd_hid.d" -o"Drivers/USB/Core/LPC/DCD/USBRom/usbd_hid.o" "../Drivers/USB/Core/LPC/DCD/USBRom/usbd_hid.c"
In file included from ../Drivers/USB/Core/LPC/DCD/USBRom/../../../Endpoint.h:112:0,
                 from ../Drivers/USB/Core/LPC/DCD/USBRom/../../../Device.h:60,
                 from ../Drivers/USB/Core/LPC/DCD/USBRom/usbd_hid.c:31:
../Drivers/USB/Core/LPC/DCD/USBRom/../../../LPC/Endpoint_LPC.h: In function 'Endpoint_Discard_8':
../Drivers/USB/Core/LPC/DCD/USBRom/../../../LPC/Endpoint_LPC.h:223:19: warning: variable 'dummy' set but not used [-Wunused-but-set-variable]
  volatile uint8_t dummy;
                   ^
Finished building: ../Drivers/USB/Core/LPC/DCD/USBRom/usbd_hid.c
 
Building file: ../Drivers/USB/Core/LPC/DCD/USBRom/usbd_msc.c
Invoking: MCU C Compiler
arm-none-eabi-gcc -D__LPC17XX__ -DUSB_DEVICE_ONLY -D__CODE_RED -D__REDLIB__ -I"E:\Special Projects\CAN_HS-LS_GW\40_Software\Board_AOAA_M3\Lib_CMSISv2p00_LPC17xx\inc" -I"E:\Special Projects\CAN_HS-LS_GW\40_Software\Board_AOAA_M3\Lib_MCU\inc" -O0 -g3 -Wall -c -fmessage-length=0 -fno-builtin -ffunction-sections -fdata-sections -std=gnu99 -mcpu=cortex-m3 -mthumb -D__REDLIB__ -specs=redlib.specs -MMD -MP -MF"Drivers/USB/Core/LPC/DCD/USBRom/usbd_msc.d" -MT"Drivers/USB/Core/LPC/DCD/USBRom/usbd_msc.o" -MT"Drivers/USB/Core/LPC/DCD/USBRom/usbd_msc.d" -o"Drivers/USB/Core/LPC/DCD/USBRom/usbd_msc.o" "../Drivers/USB/Core/LPC/DCD/USBRom/usbd_msc.c"
In file included from ../Drivers/USB/Core/LPC/DCD/USBRom/../../../Endpoint.h:112:0,
                 from ../Drivers/USB/Core/LPC/DCD/USBRom/../../../Device.h:60,
                 from ../Drivers/USB/Core/LPC/DCD/USBRom/usbd_msc.c:31:
../Drivers/USB/Core/LPC/DCD/USBRom/../../../LPC/Endpoint_LPC.h: In function 'Endpoint_Discard_8':
../Drivers/USB/Core/LPC/DCD/USBRom/../../../LPC/Endpoint_LPC.h:223:19: warning: variable 'dummy' set but not used [-Wunused-but-set-variable]
  volatile uint8_t dummy;
                   ^
Finished building: ../Drivers/USB/Core/LPC/DCD/USBRom/usbd_msc.c
 
Building file: ../Drivers/USB/Core/LPC/DCD/USBRom/usbd_rom.c
Invoking: MCU C Compiler
arm-none-eabi-gcc -D__LPC17XX__ -DUSB_DEVICE_ONLY -D__CODE_RED -D__REDLIB__ -I"E:\Special Projects\CAN_HS-LS_GW\40_Software\Board_AOAA_M3\Lib_CMSISv2p00_LPC17xx\inc" -I"E:\Special Projects\CAN_HS-LS_GW\40_Software\Board_AOAA_M3\Lib_MCU\inc" -O0 -g3 -Wall -c -fmessage-length=0 -fno-builtin -ffunction-sections -fdata-sections -std=gnu99 -mcpu=cortex-m3 -mthumb -D__REDLIB__ -specs=redlib.specs -MMD -MP -MF"Drivers/USB/Core/LPC/DCD/USBRom/usbd_rom.d" -MT"Drivers/USB/Core/LPC/DCD/USBRom/usbd_rom.o" -MT"Drivers/USB/Core/LPC/DCD/USBRom/usbd_rom.d" -o"Drivers/USB/Core/LPC/DCD/USBRom/usbd_rom.o" "../Drivers/USB/Core/LPC/DCD/USBRom/usbd_rom.c"
In file included from ../Drivers/USB/Core/LPC/DCD/USBRom/../../../Endpoint.h:112:0,
                 from ../Drivers/USB/Core/LPC/DCD/USBRom/../../../Device.h:60,
                 from ../Drivers/USB/Core/LPC/DCD/USBRom/usbd_rom.c:31:
../Drivers/USB/Core/LPC/DCD/USBRom/../../../LPC/Endpoint_LPC.h: In function 'Endpoint_Discard_8':
../Drivers/USB/Core/LPC/DCD/USBRom/../../../LPC/Endpoint_LPC.h:223:19: warning: variable 'dummy' set but not used [-Wunused-but-set-variable]
  volatile uint8_t dummy;
                   ^
Finished building: ../Drivers/USB/Core/LPC/DCD/USBRom/usbd_rom.c
 
Building file: ../Drivers/USB/Core/LPC/DCD/LPC18XX/Endpoint_LPC18xx.c
Invoking: MCU C Compiler
arm-none-eabi-gcc -D__LPC17XX__ -DUSB_DEVICE_ONLY -D__CODE_RED -D__REDLIB__ -I"E:\Special Projects\CAN_HS-LS_GW\40_Software\Board_AOAA_M3\Lib_CMSISv2p00_LPC17xx\inc" -I"E:\Special Projects\CAN_HS-LS_GW\40_Software\Board_AOAA_M3\Lib_MCU\inc" -O0 -g3 -Wall -c -fmessage-length=0 -fno-builtin -ffunction-sections -fdata-sections -std=gnu99 -mcpu=cortex-m3 -mthumb -D__REDLIB__ -specs=redlib.specs -MMD -MP -MF"Drivers/USB/Core/LPC/DCD/LPC18XX/Endpoint_LPC18xx.d" -MT"Drivers/USB/Core/LPC/DCD/LPC18XX/Endpoint_LPC18xx.o" -MT"Drivers/USB/Core/LPC/DCD/LPC18XX/Endpoint_LPC18xx.d" -o"Drivers/USB/Core/LPC/DCD/LPC18XX/Endpoint_LPC18xx.o" "../Drivers/USB/Core/LPC/DCD/LPC18XX/Endpoint_LPC18xx.c"
Finished building: ../Drivers/USB/Core/LPC/DCD/LPC18XX/Endpoint_LPC18xx.c
 
Building file: ../Drivers/USB/Core/LPC/DCD/LPC17XX/Endpoint_LPC17xx.c
Invoking: MCU C Compiler
arm-none-eabi-gcc -D__LPC17XX__ -DUSB_DEVICE_ONLY -D__CODE_RED -D__REDLIB__ -I"E:\Special Projects\CAN_HS-LS_GW\40_Software\Board_AOAA_M3\Lib_CMSISv2p00_LPC17xx\inc" -I"E:\Special Projects\CAN_HS-LS_GW\40_Software\Board_AOAA_M3\Lib_MCU\inc" -O0 -g3 -Wall -c -fmessage-length=0 -fno-builtin -ffunction-sections -fdata-sections -std=gnu99 -mcpu=cortex-m3 -mthumb -D__REDLIB__ -specs=redlib.specs -MMD -MP -MF"Drivers/USB/Core/LPC/DCD/LPC17XX/Endpoint_LPC17xx.d" -MT"Drivers/USB/Core/LPC/DCD/LPC17XX/Endpoint_LPC17xx.o" -MT"Drivers/USB/Core/LPC/DCD/LPC17XX/Endpoint_LPC17xx.d" -o"Drivers/USB/Core/LPC/DCD/LPC17XX/Endpoint_LPC17xx.o" "../Drivers/USB/Core/LPC/DCD/LPC17XX/Endpoint_LPC17xx.c"
In file included from ../Drivers/USB/Core/LPC/DCD/LPC17XX/../../../Endpoint.h:112:0,
                 from ../Drivers/USB/Core/LPC/DCD/LPC17XX/Endpoint_LPC17xx.c:33:
../Drivers/USB/Core/LPC/DCD/LPC17XX/../../../LPC/Endpoint_LPC.h: In function 'Endpoint_Discard_8':
../Drivers/USB/Core/LPC/DCD/LPC17XX/../../../LPC/Endpoint_LPC.h:223:19: warning: variable 'dummy' set but not used [-Wunused-but-set-variable]
  volatile uint8_t dummy;
                   ^
../Drivers/USB/Core/LPC/DCD/LPC17XX/Endpoint_LPC17xx.c: In function 'DcdIrqHandler':
../Drivers/USB/Core/LPC/DCD/LPC17XX/Endpoint_LPC17xx.c:555:21: warning: variable 'SIEErrorStatus' set but not used [-Wunused-but-set-variable]
   volatile uint32_t SIEErrorStatus;
                     ^
Finished building: ../Drivers/USB/Core/LPC/DCD/LPC17XX/Endpoint_LPC17xx.c
 
Building file: ../Drivers/USB/Core/LPC/DCD/LPC11UXX/Endpoint_LPC11Uxx.c
Invoking: MCU C Compiler
arm-none-eabi-gcc -D__LPC17XX__ -DUSB_DEVICE_ONLY -D__CODE_RED -D__REDLIB__ -I"E:\Special Projects\CAN_HS-LS_GW\40_Software\Board_AOAA_M3\Lib_CMSISv2p00_LPC17xx\inc" -I"E:\Special Projects\CAN_HS-LS_GW\40_Software\Board_AOAA_M3\Lib_MCU\inc" -O0 -g3 -Wall -c -fmessage-length=0 -fno-builtin -ffunction-sections -fdata-sections -std=gnu99 -mcpu=cortex-m3 -mthumb -D__REDLIB__ -specs=redlib.specs -MMD -MP -MF"Drivers/USB/Core/LPC/DCD/LPC11UXX/Endpoint_LPC11Uxx.d" -MT"Drivers/USB/Core/LPC/DCD/LPC11UXX/Endpoint_LPC11Uxx.o" -MT"Drivers/USB/Core/LPC/DCD/LPC11UXX/Endpoint_LPC11Uxx.d" -o"Drivers/USB/Core/LPC/DCD/LPC11UXX/Endpoint_LPC11Uxx.o" "../Drivers/USB/Core/LPC/DCD/LPC11UXX/Endpoint_LPC11Uxx.c"
Finished building: ../Drivers/USB/Core/LPC/DCD/LPC11UXX/Endpoint_LPC11Uxx.c
 
Building file: ../Drivers/USB/Core/LPC/Device_LPC.c
Invoking: MCU C Compiler
arm-none-eabi-gcc -D__LPC17XX__ -DUSB_DEVICE_ONLY -D__CODE_RED -D__REDLIB__ -I"E:\Special Projects\CAN_HS-LS_GW\40_Software\Board_AOAA_M3\Lib_CMSISv2p00_LPC17xx\inc" -I"E:\Special Projects\CAN_HS-LS_GW\40_Software\Board_AOAA_M3\Lib_MCU\inc" -O0 -g3 -Wall -c -fmessage-length=0 -fno-builtin -ffunction-sections -fdata-sections -std=gnu99 -mcpu=cortex-m3 -mthumb -D__REDLIB__ -specs=redlib.specs -MMD -MP -MF"Drivers/USB/Core/LPC/Device_LPC.d" -MT"Drivers/USB/Core/LPC/Device_LPC.o" -MT"Drivers/USB/Core/LPC/Device_LPC.d" -o"Drivers/USB/Core/LPC/Device_LPC.o" "../Drivers/USB/Core/LPC/Device_LPC.c"
In file included from ../Drivers/USB/Core/LPC/../Endpoint.h:112:0,
                 from ../Drivers/USB/Core/LPC/../Device.h:60,
                 from ../Drivers/USB/Core/LPC/Device_LPC.c:33:
../Drivers/USB/Core/LPC/../LPC/Endpoint_LPC.h: In function 'Endpoint_Discard_8':
../Drivers/USB/Core/LPC/../LPC/Endpoint_LPC.h:223:19: warning: variable 'dummy' set but not used [-Wunused-but-set-variable]
  volatile uint8_t dummy;
                   ^
Finished building: ../Drivers/USB/Core/LPC/Device_LPC.c
 
Building file: ../Drivers/USB/Core/LPC/EndpointStream_LPC.c
Invoking: MCU C Compiler
arm-none-eabi-gcc -D__LPC17XX__ -DUSB_DEVICE_ONLY -D__CODE_RED -D__REDLIB__ -I"E:\Special Projects\CAN_HS-LS_GW\40_Software\Board_AOAA_M3\Lib_CMSISv2p00_LPC17xx\inc" -I"E:\Special Projects\CAN_HS-LS_GW\40_Software\Board_AOAA_M3\Lib_MCU\inc" -O0 -g3 -Wall -c -fmessage-length=0 -fno-builtin -ffunction-sections -fdata-sections -std=gnu99 -mcpu=cortex-m3 -mthumb -D__REDLIB__ -specs=redlib.specs -MMD -MP -MF"Drivers/USB/Core/LPC/EndpointStream_LPC.d" -MT"Drivers/USB/Core/LPC/EndpointStream_LPC.o" -MT"Drivers/USB/Core/LPC/EndpointStream_LPC.d" -o"Drivers/USB/Core/LPC/EndpointStream_LPC.o" "../Drivers/USB/Core/LPC/EndpointStream_LPC.c"
In file included from ../Drivers/USB/Core/LPC/../LPC/../Endpoint.h:112:0,
                 from ../Drivers/USB/Core/LPC/../LPC/../Device.h:60,
                 from ../Drivers/USB/Core/LPC/../LPC/USBController_LPC.h:65,
                 from ../Drivers/USB/Core/LPC/../USBController.h:127,
                 from ../Drivers/USB/Core/LPC/../USBTask.h:50,
                 from ../Drivers/USB/Core/LPC/EndpointStream_LPC.h:52,
                 from ../Drivers/USB/Core/LPC/EndpointStream_LPC.c:32:
../Drivers/USB/Core/LPC/../LPC/../LPC/Endpoint_LPC.h: In function 'Endpoint_Discard_8':
../Drivers/USB/Core/LPC/../LPC/../LPC/Endpoint_LPC.h:223:19: warning: variable 'dummy' set but not used [-Wunused-but-set-variable]
  volatile uint8_t dummy;
                   ^
Finished building: ../Drivers/USB/Core/LPC/EndpointStream_LPC.c
 
Building file: ../Drivers/USB/Core/LPC/Endpoint_LPC.c
Invoking: MCU C Compiler
arm-none-eabi-gcc -D__LPC17XX__ -DUSB_DEVICE_ONLY -D__CODE_RED -D__REDLIB__ -I"E:\Special Projects\CAN_HS-LS_GW\40_Software\Board_AOAA_M3\Lib_CMSISv2p00_LPC17xx\inc" -I"E:\Special Projects\CAN_HS-LS_GW\40_Software\Board_AOAA_M3\Lib_MCU\inc" -O0 -g3 -Wall -c -fmessage-length=0 -fno-builtin -ffunction-sections -fdata-sections -std=gnu99 -mcpu=cortex-m3 -mthumb -D__REDLIB__ -specs=redlib.specs -MMD -MP -MF"Drivers/USB/Core/LPC/Endpoint_LPC.d" -MT"Drivers/USB/Core/LPC/Endpoint_LPC.o" -MT"Drivers/USB/Core/LPC/Endpoint_LPC.d" -o"Drivers/USB/Core/LPC/Endpoint_LPC.o" "../Drivers/USB/Core/LPC/Endpoint_LPC.c"
In file included from ../Drivers/USB/Core/LPC/../Endpoint.h:112:0,
                 from ../Drivers/USB/Core/LPC/Endpoint_LPC.c:32:
../Drivers/USB/Core/LPC/../LPC/Endpoint_LPC.h: In function 'Endpoint_Discard_8':
../Drivers/USB/Core/LPC/../LPC/Endpoint_LPC.h:223:19: warning: variable 'dummy' set but not used [-Wunused-but-set-variable]
  volatile uint8_t dummy;
                   ^
Finished building: ../Drivers/USB/Core/LPC/Endpoint_LPC.c
 
Building file: ../Drivers/USB/Core/LPC/Host_LPC.c
Invoking: MCU C Compiler
arm-none-eabi-gcc -D__LPC17XX__ -DUSB_DEVICE_ONLY -D__CODE_RED -D__REDLIB__ -I"E:\Special Projects\CAN_HS-LS_GW\40_Software\Board_AOAA_M3\Lib_CMSISv2p00_LPC17xx\inc" -I"E:\Special Projects\CAN_HS-LS_GW\40_Software\Board_AOAA_M3\Lib_MCU\inc" -O0 -g3 -Wall -c -fmessage-length=0 -fno-builtin -ffunction-sections -fdata-sections -std=gnu99 -mcpu=cortex-m3 -mthumb -D__REDLIB__ -specs=redlib.specs -MMD -MP -MF"Drivers/USB/Core/LPC/Host_LPC.d" -MT"Drivers/USB/Core/LPC/Host_LPC.o" -MT"Drivers/USB/Core/LPC/Host_LPC.d" -o"Drivers/USB/Core/LPC/Host_LPC.o" "../Drivers/USB/Core/LPC/Host_LPC.c"
Finished building: ../Drivers/USB/Core/LPC/Host_LPC.c
 
Building file: ../Drivers/USB/Core/LPC/PipeStream_LPC.c
Invoking: MCU C Compiler
arm-none-eabi-gcc -D__LPC17XX__ -DUSB_DEVICE_ONLY -D__CODE_RED -D__REDLIB__ -I"E:\Special Projects\CAN_HS-LS_GW\40_Software\Board_AOAA_M3\Lib_CMSISv2p00_LPC17xx\inc" -I"E:\Special Projects\CAN_HS-LS_GW\40_Software\Board_AOAA_M3\Lib_MCU\inc" -O0 -g3 -Wall -c -fmessage-length=0 -fno-builtin -ffunction-sections -fdata-sections -std=gnu99 -mcpu=cortex-m3 -mthumb -D__REDLIB__ -specs=redlib.specs -MMD -MP -MF"Drivers/USB/Core/LPC/PipeStream_LPC.d" -MT"Drivers/USB/Core/LPC/PipeStream_LPC.o" -MT"Drivers/USB/Core/LPC/PipeStream_LPC.d" -o"Drivers/USB/Core/LPC/PipeStream_LPC.o" "../Drivers/USB/Core/LPC/PipeStream_LPC.c"
Finished building: ../Drivers/USB/Core/LPC/PipeStream_LPC.c
 
Building file: ../Drivers/USB/Core/LPC/Pipe_LPC.c
Invoking: MCU C Compiler
arm-none-eabi-gcc -D__LPC17XX__ -DUSB_DEVICE_ONLY -D__CODE_RED -D__REDLIB__ -I"E:\Special Projects\CAN_HS-LS_GW\40_Software\Board_AOAA_M3\Lib_CMSISv2p00_LPC17xx\inc" -I"E:\Special Projects\CAN_HS-LS_GW\40_Software\Board_AOAA_M3\Lib_MCU\inc" -O0 -g3 -Wall -c -fmessage-length=0 -fno-builtin -ffunction-sections -fdata-sections -std=gnu99 -mcpu=cortex-m3 -mthumb -D__REDLIB__ -specs=redlib.specs -MMD -MP -MF"Drivers/USB/Core/LPC/Pipe_LPC.d" -MT"Drivers/USB/Core/LPC/Pipe_LPC.o" -MT"Drivers/USB/Core/LPC/Pipe_LPC.d" -o"Drivers/USB/Core/LPC/Pipe_LPC.o" "../Drivers/USB/Core/LPC/Pipe_LPC.c"
Finished building: ../Drivers/USB/Core/LPC/Pipe_LPC.c
 
Building file: ../Drivers/USB/Core/LPC/USBController_LPC.c
Invoking: MCU C Compiler
arm-none-eabi-gcc -D__LPC17XX__ -DUSB_DEVICE_ONLY -D__CODE_RED -D__REDLIB__ -I"E:\Special Projects\CAN_HS-LS_GW\40_Software\Board_AOAA_M3\Lib_CMSISv2p00_LPC17xx\inc" -I"E:\Special Projects\CAN_HS-LS_GW\40_Software\Board_AOAA_M3\Lib_MCU\inc" -O0 -g3 -Wall -c -fmessage-length=0 -fno-builtin -ffunction-sections -fdata-sections -std=gnu99 -mcpu=cortex-m3 -mthumb -D__REDLIB__ -specs=redlib.specs -MMD -MP -MF"Drivers/USB/Core/LPC/USBController_LPC.d" -MT"Drivers/USB/Core/LPC/USBController_LPC.o" -MT"Drivers/USB/Core/LPC/USBController_LPC.d" -o"Drivers/USB/Core/LPC/USBController_LPC.o" "../Drivers/USB/Core/LPC/USBController_LPC.c"
In file included from ../Drivers/USB/Core/LPC/../LPC/../Endpoint.h:112:0,
                 from ../Drivers/USB/Core/LPC/../LPC/../Device.h:60,
                 from ../Drivers/USB/Core/LPC/../LPC/USBController_LPC.h:65,
                 from ../Drivers/USB/Core/LPC/../USBController.h:127,
                 from ../Drivers/USB/Core/LPC/USBController_LPC.c:30:
../Drivers/USB/Core/LPC/../LPC/../LPC/Endpoint_LPC.h: In function 'Endpoint_Discard_8':
../Drivers/USB/Core/LPC/../LPC/../LPC/Endpoint_LPC.h:223:19: warning: variable 'dummy' set but not used [-Wunused-but-set-variable]
  volatile uint8_t dummy;
                   ^
Finished building: ../Drivers/USB/Core/LPC/USBController_LPC.c
 
Building file: ../Drivers/USB/Core/ConfigDescriptor.c
Invoking: MCU C Compiler
arm-none-eabi-gcc -D__LPC17XX__ -DUSB_DEVICE_ONLY -D__CODE_RED -D__REDLIB__ -I"E:\Special Projects\CAN_HS-LS_GW\40_Software\Board_AOAA_M3\Lib_CMSISv2p00_LPC17xx\inc" -I"E:\Special Projects\CAN_HS-LS_GW\40_Software\Board_AOAA_M3\Lib_MCU\inc" -O0 -g3 -Wall -c -fmessage-length=0 -fno-builtin -ffunction-sections -fdata-sections -std=gnu99 -mcpu=cortex-m3 -mthumb -D__REDLIB__ -specs=redlib.specs -MMD -MP -MF"Drivers/USB/Core/ConfigDescriptor.d" -MT"Drivers/USB/Core/ConfigDescriptor.o" -MT"Drivers/USB/Core/ConfigDescriptor.d" -o"Drivers/USB/Core/ConfigDescriptor.o" "../Drivers/USB/Core/ConfigDescriptor.c"
In file included from ../Drivers/USB/Core/LPC/../Endpoint.h:112:0,
                 from ../Drivers/USB/Core/LPC/../Device.h:60,
                 from ../Drivers/USB/Core/LPC/USBController_LPC.h:65,
                 from ../Drivers/USB/Core/USBController.h:127,
                 from ../Drivers/USB/Core/HostStandardReq.h:51,
                 from ../Drivers/USB/Core/ConfigDescriptor.h:59,
                 from ../Drivers/USB/Core/ConfigDescriptor.c:34:
../Drivers/USB/Core/LPC/../LPC/Endpoint_LPC.h: In function 'Endpoint_Discard_8':
../Drivers/USB/Core/LPC/../LPC/Endpoint_LPC.h:223:19: warning: variable 'dummy' set but not used [-Wunused-but-set-variable]
  volatile uint8_t dummy;
                   ^
Finished building: ../Drivers/USB/Core/ConfigDescriptor.c
 
Building file: ../Drivers/USB/Core/DeviceStandardReq.c
Invoking: MCU C Compiler
arm-none-eabi-gcc -D__LPC17XX__ -DUSB_DEVICE_ONLY -D__CODE_RED -D__REDLIB__ -I"E:\Special Projects\CAN_HS-LS_GW\40_Software\Board_AOAA_M3\Lib_CMSISv2p00_LPC17xx\inc" -I"E:\Special Projects\CAN_HS-LS_GW\40_Software\Board_AOAA_M3\Lib_MCU\inc" -O0 -g3 -Wall -c -fmessage-length=0 -fno-builtin -ffunction-sections -fdata-sections -std=gnu99 -mcpu=cortex-m3 -mthumb -D__REDLIB__ -specs=redlib.specs -MMD -MP -MF"Drivers/USB/Core/DeviceStandardReq.d" -MT"Drivers/USB/Core/DeviceStandardReq.o" -MT"Drivers/USB/Core/DeviceStandardReq.d" -o"Drivers/USB/Core/DeviceStandardReq.o" "../Drivers/USB/Core/DeviceStandardReq.c"
In file included from ../Drivers/USB/Core/LPC/../Endpoint.h:112:0,
                 from ../Drivers/USB/Core/LPC/../Device.h:60,
                 from ../Drivers/USB/Core/LPC/USBController_LPC.h:65,
                 from ../Drivers/USB/Core/USBController.h:127,
                 from ../Drivers/USB/Core/USBTask.h:50,
                 from ../Drivers/USB/Core/DeviceStandardReq.h:53,
                 from ../Drivers/USB/Core/DeviceStandardReq.c:39:
../Drivers/USB/Core/LPC/../LPC/Endpoint_LPC.h: In function 'Endpoint_Discard_8':
../Drivers/USB/Core/LPC/../LPC/Endpoint_LPC.h:223:19: warning: variable 'dummy' set but not used [-Wunused-but-set-variable]
  volatile uint8_t dummy;
                   ^
Finished building: ../Drivers/USB/Core/DeviceStandardReq.c
 
Building file: ../Drivers/USB/Core/Events.c
Invoking: MCU C Compiler
arm-none-eabi-gcc -D__LPC17XX__ -DUSB_DEVICE_ONLY -D__CODE_RED -D__REDLIB__ -I"E:\Special Projects\CAN_HS-LS_GW\40_Software\Board_AOAA_M3\Lib_CMSISv2p00_LPC17xx\inc" -I"E:\Special Projects\CAN_HS-LS_GW\40_Software\Board_AOAA_M3\Lib_MCU\inc" -O0 -g3 -Wall -c -fmessage-length=0 -fno-builtin -ffunction-sections -fdata-sections -std=gnu99 -mcpu=cortex-m3 -mthumb -D__REDLIB__ -specs=redlib.specs -MMD -MP -MF"Drivers/USB/Core/Events.d" -MT"Drivers/USB/Core/Events.o" -MT"Drivers/USB/Core/Events.d" -o"Drivers/USB/Core/Events.o" "../Drivers/USB/Core/Events.c"
Finished building: ../Drivers/USB/Core/Events.c
 
Building file: ../Drivers/USB/Core/HostStandardReq.c
Invoking: MCU C Compiler
arm-none-eabi-gcc -D__LPC17XX__ -DUSB_DEVICE_ONLY -D__CODE_RED -D__REDLIB__ -I"E:\Special Projects\CAN_HS-LS_GW\40_Software\Board_AOAA_M3\Lib_CMSISv2p00_LPC17xx\inc" -I"E:\Special Projects\CAN_HS-LS_GW\40_Software\Board_AOAA_M3\Lib_MCU\inc" -O0 -g3 -Wall -c -fmessage-length=0 -fno-builtin -ffunction-sections -fdata-sections -std=gnu99 -mcpu=cortex-m3 -mthumb -D__REDLIB__ -specs=redlib.specs -MMD -MP -MF"Drivers/USB/Core/HostStandardReq.d" -MT"Drivers/USB/Core/HostStandardReq.o" -MT"Drivers/USB/Core/HostStandardReq.d" -o"Drivers/USB/Core/HostStandardReq.o" "../Drivers/USB/Core/HostStandardReq.c"
Finished building: ../Drivers/USB/Core/HostStandardReq.c
 
Building file: ../Drivers/USB/Core/USBMemory.c
Invoking: MCU C Compiler
arm-none-eabi-gcc -D__LPC17XX__ -DUSB_DEVICE_ONLY -D__CODE_RED -D__REDLIB__ -I"E:\Special Projects\CAN_HS-LS_GW\40_Software\Board_AOAA_M3\Lib_CMSISv2p00_LPC17xx\inc" -I"E:\Special Projects\CAN_HS-LS_GW\40_Software\Board_AOAA_M3\Lib_MCU\inc" -O0 -g3 -Wall -c -fmessage-length=0 -fno-builtin -ffunction-sections -fdata-sections -std=gnu99 -mcpu=cortex-m3 -mthumb -D__REDLIB__ -specs=redlib.specs -MMD -MP -MF"Drivers/USB/Core/USBMemory.d" -MT"Drivers/USB/Core/USBMemory.o" -MT"Drivers/USB/Core/USBMemory.d" -o"Drivers/USB/Core/USBMemory.o" "../Drivers/USB/Core/USBMemory.c"
Finished building: ../Drivers/USB/Core/USBMemory.c
 
Building file: ../Drivers/USB/Core/USBTask.c
Invoking: MCU C Compiler
arm-none-eabi-gcc -D__LPC17XX__ -DUSB_DEVICE_ONLY -D__CODE_RED -D__REDLIB__ -I"E:\Special Projects\CAN_HS-LS_GW\40_Software\Board_AOAA_M3\Lib_CMSISv2p00_LPC17xx\inc" -I"E:\Special Projects\CAN_HS-LS_GW\40_Software\Board_AOAA_M3\Lib_MCU\inc" -O0 -g3 -Wall -c -fmessage-length=0 -fno-builtin -ffunction-sections -fdata-sections -std=gnu99 -mcpu=cortex-m3 -mthumb -D__REDLIB__ -specs=redlib.specs -MMD -MP -MF"Drivers/USB/Core/USBTask.d" -MT"Drivers/USB/Core/USBTask.o" -MT"Drivers/USB/Core/USBTask.d" -o"Drivers/USB/Core/USBTask.o" "../Drivers/USB/Core/USBTask.c"
In file included from ../Drivers/USB/Core/LPC/../Endpoint.h:112:0,
                 from ../Drivers/USB/Core/LPC/../Device.h:60,
                 from ../Drivers/USB/Core/LPC/USBController_LPC.h:65,
                 from ../Drivers/USB/Core/USBController.h:127,
                 from ../Drivers/USB/Core/USBTask.h:50,
                 from ../Drivers/USB/Core/USBTask.c:35:
../Drivers/USB/Core/LPC/../LPC/Endpoint_LPC.h: In function 'Endpoint_Discard_8':
../Drivers/USB/Core/LPC/../LPC/Endpoint_LPC.h:223:19: warning: variable 'dummy' set but not used [-Wunused-but-set-variable]
  volatile uint8_t dummy;
                   ^
Finished building: ../Drivers/USB/Core/USBTask.c
 
Building file: ../Drivers/USB/Class/Host/AudioClassHost.c
Invoking: MCU C Compiler
arm-none-eabi-gcc -D__LPC17XX__ -DUSB_DEVICE_ONLY -D__CODE_RED -D__REDLIB__ -I"E:\Special Projects\CAN_HS-LS_GW\40_Software\Board_AOAA_M3\Lib_CMSISv2p00_LPC17xx\inc" -I"E:\Special Projects\CAN_HS-LS_GW\40_Software\Board_AOAA_M3\Lib_MCU\inc" -O0 -g3 -Wall -c -fmessage-length=0 -fno-builtin -ffunction-sections -fdata-sections -std=gnu99 -mcpu=cortex-m3 -mthumb -D__REDLIB__ -specs=redlib.specs -MMD -MP -MF"Drivers/USB/Class/Host/AudioClassHost.d" -MT"Drivers/USB/Class/Host/AudioClassHost.o" -MT"Drivers/USB/Class/Host/AudioClassHost.d" -o"Drivers/USB/Class/Host/AudioClassHost.o" "../Drivers/USB/Class/Host/AudioClassHost.c"
Finished building: ../Drivers/USB/Class/Host/AudioClassHost.c
 
Building file: ../Drivers/USB/Class/Host/CDCClassHost.c
Invoking: MCU C Compiler
arm-none-eabi-gcc -D__LPC17XX__ -DUSB_DEVICE_ONLY -D__CODE_RED -D__REDLIB__ -I"E:\Special Projects\CAN_HS-LS_GW\40_Software\Board_AOAA_M3\Lib_CMSISv2p00_LPC17xx\inc" -I"E:\Special Projects\CAN_HS-LS_GW\40_Software\Board_AOAA_M3\Lib_MCU\inc" -O0 -g3 -Wall -c -fmessage-length=0 -fno-builtin -ffunction-sections -fdata-sections -std=gnu99 -mcpu=cortex-m3 -mthumb -D__REDLIB__ -specs=redlib.specs -MMD -MP -MF"Drivers/USB/Class/Host/CDCClassHost.d" -MT"Drivers/USB/Class/Host/CDCClassHost.o" -MT"Drivers/USB/Class/Host/CDCClassHost.d" -o"Drivers/USB/Class/Host/CDCClassHost.o" "../Drivers/USB/Class/Host/CDCClassHost.c"
Finished building: ../Drivers/USB/Class/Host/CDCClassHost.c
 
Building file: ../Drivers/USB/Class/Host/HIDClassHost.c
Invoking: MCU C Compiler
arm-none-eabi-gcc -D__LPC17XX__ -DUSB_DEVICE_ONLY -D__CODE_RED -D__REDLIB__ -I"E:\Special Projects\CAN_HS-LS_GW\40_Software\Board_AOAA_M3\Lib_CMSISv2p00_LPC17xx\inc" -I"E:\Special Projects\CAN_HS-LS_GW\40_Software\Board_AOAA_M3\Lib_MCU\inc" -O0 -g3 -Wall -c -fmessage-length=0 -fno-builtin -ffunction-sections -fdata-sections -std=gnu99 -mcpu=cortex-m3 -mthumb -D__REDLIB__ -specs=redlib.specs -MMD -MP -MF"Drivers/USB/Class/Host/HIDClassHost.d" -MT"Drivers/USB/Class/Host/HIDClassHost.o" -MT"Drivers/USB/Class/Host/HIDClassHost.d" -o"Drivers/USB/Class/Host/HIDClassHost.o" "../Drivers/USB/Class/Host/HIDClassHost.c"
Finished building: ../Drivers/USB/Class/Host/HIDClassHost.c
 
Building file: ../Drivers/USB/Class/Host/MIDIClassHost.c
Invoking: MCU C Compiler
arm-none-eabi-gcc -D__LPC17XX__ -DUSB_DEVICE_ONLY -D__CODE_RED -D__REDLIB__ -I"E:\Special Projects\CAN_HS-LS_GW\40_Software\Board_AOAA_M3\Lib_CMSISv2p00_LPC17xx\inc" -I"E:\Special Projects\CAN_HS-LS_GW\40_Software\Board_AOAA_M3\Lib_MCU\inc" -O0 -g3 -Wall -c -fmessage-length=0 -fno-builtin -ffunction-sections -fdata-sections -std=gnu99 -mcpu=cortex-m3 -mthumb -D__REDLIB__ -specs=redlib.specs -MMD -MP -MF"Drivers/USB/Class/Host/MIDIClassHost.d" -MT"Drivers/USB/Class/Host/MIDIClassHost.o" -MT"Drivers/USB/Class/Host/MIDIClassHost.d" -o"Drivers/USB/Class/Host/MIDIClassHost.o" "../Drivers/USB/Class/Host/MIDIClassHost.c"
Finished building: ../Drivers/USB/Class/Host/MIDIClassHost.c
 
Building file: ../Drivers/USB/Class/Host/MassStorageClassHost.c
Invoking: MCU C Compiler
arm-none-eabi-gcc -D__LPC17XX__ -DUSB_DEVICE_ONLY -D__CODE_RED -D__REDLIB__ -I"E:\Special Projects\CAN_HS-LS_GW\40_Software\Board_AOAA_M3\Lib_CMSISv2p00_LPC17xx\inc" -I"E:\Special Projects\CAN_HS-LS_GW\40_Software\Board_AOAA_M3\Lib_MCU\inc" -O0 -g3 -Wall -c -fmessage-length=0 -fno-builtin -ffunction-sections -fdata-sections -std=gnu99 -mcpu=cortex-m3 -mthumb -D__REDLIB__ -specs=redlib.specs -MMD -MP -MF"Drivers/USB/Class/Host/MassStorageClassHost.d" -MT"Drivers/USB/Class/Host/MassStorageClassHost.o" -MT"Drivers/USB/Class/Host/MassStorageClassHost.d" -o"Drivers/USB/Class/Host/MassStorageClassHost.o" "../Drivers/USB/Class/Host/MassStorageClassHost.c"
Finished building: ../Drivers/USB/Class/Host/MassStorageClassHost.c
 
Building file: ../Drivers/USB/Class/Host/PrinterClassHost.c
Invoking: MCU C Compiler
arm-none-eabi-gcc -D__LPC17XX__ -DUSB_DEVICE_ONLY -D__CODE_RED -D__REDLIB__ -I"E:\Special Projects\CAN_HS-LS_GW\40_Software\Board_AOAA_M3\Lib_CMSISv2p00_LPC17xx\inc" -I"E:\Special Projects\CAN_HS-LS_GW\40_Software\Board_AOAA_M3\Lib_MCU\inc" -O0 -g3 -Wall -c -fmessage-length=0 -fno-builtin -ffunction-sections -fdata-sections -std=gnu99 -mcpu=cortex-m3 -mthumb -D__REDLIB__ -specs=redlib.specs -MMD -MP -MF"Drivers/USB/Class/Host/PrinterClassHost.d" -MT"Drivers/USB/Class/Host/PrinterClassHost.o" -MT"Drivers/USB/Class/Host/PrinterClassHost.d" -o"Drivers/USB/Class/Host/PrinterClassHost.o" "../Drivers/USB/Class/Host/PrinterClassHost.c"
Finished building: ../Drivers/USB/Class/Host/PrinterClassHost.c
 
Building file: ../Drivers/USB/Class/Host/RNDISClassHost.c
Invoking: MCU C Compiler
arm-none-eabi-gcc -D__LPC17XX__ -DUSB_DEVICE_ONLY -D__CODE_RED -D__REDLIB__ -I"E:\Special Projects\CAN_HS-LS_GW\40_Software\Board_AOAA_M3\Lib_CMSISv2p00_LPC17xx\inc" -I"E:\Special Projects\CAN_HS-LS_GW\40_Software\Board_AOAA_M3\Lib_MCU\inc" -O0 -g3 -Wall -c -fmessage-length=0 -fno-builtin -ffunction-sections -fdata-sections -std=gnu99 -mcpu=cortex-m3 -mthumb -D__REDLIB__ -specs=redlib.specs -MMD -MP -MF"Drivers/USB/Class/Host/RNDISClassHost.d" -MT"Drivers/USB/Class/Host/RNDISClassHost.o" -MT"Drivers/USB/Class/Host/RNDISClassHost.d" -o"Drivers/USB/Class/Host/RNDISClassHost.o" "../Drivers/USB/Class/Host/RNDISClassHost.c"
Finished building: ../Drivers/USB/Class/Host/RNDISClassHost.c
 
Building file: ../Drivers/USB/Class/Host/StillImageClassHost.c
Invoking: MCU C Compiler
arm-none-eabi-gcc -D__LPC17XX__ -DUSB_DEVICE_ONLY -D__CODE_RED -D__REDLIB__ -I"E:\Special Projects\CAN_HS-LS_GW\40_Software\Board_AOAA_M3\Lib_CMSISv2p00_LPC17xx\inc" -I"E:\Special Projects\CAN_HS-LS_GW\40_Software\Board_AOAA_M3\Lib_MCU\inc" -O0 -g3 -Wall -c -fmessage-length=0 -fno-builtin -ffunction-sections -fdata-sections -std=gnu99 -mcpu=cortex-m3 -mthumb -D__REDLIB__ -specs=redlib.specs -MMD -MP -MF"Drivers/USB/Class/Host/StillImageClassHost.d" -MT"Drivers/USB/Class/Host/StillImageClassHost.o" -MT"Drivers/USB/Class/Host/StillImageClassHost.d" -o"Drivers/USB/Class/Host/StillImageClassHost.o" "../Drivers/USB/Class/Host/StillImageClassHost.c"
Finished building: ../Drivers/USB/Class/Host/StillImageClassHost.c
 
Building file: ../Drivers/USB/Class/Device/AudioClassDevice.c
Invoking: MCU C Compiler
arm-none-eabi-gcc -D__LPC17XX__ -DUSB_DEVICE_ONLY -D__CODE_RED -D__REDLIB__ -I"E:\Special Projects\CAN_HS-LS_GW\40_Software\Board_AOAA_M3\Lib_CMSISv2p00_LPC17xx\inc" -I"E:\Special Projects\CAN_HS-LS_GW\40_Software\Board_AOAA_M3\Lib_MCU\inc" -O0 -g3 -Wall -c -fmessage-length=0 -fno-builtin -ffunction-sections -fdata-sections -std=gnu99 -mcpu=cortex-m3 -mthumb -D__REDLIB__ -specs=redlib.specs -MMD -MP -MF"Drivers/USB/Class/Device/AudioClassDevice.d" -MT"Drivers/USB/Class/Device/AudioClassDevice.o" -MT"Drivers/USB/Class/Device/AudioClassDevice.d" -o"Drivers/USB/Class/Device/AudioClassDevice.o" "../Drivers/USB/Class/Device/AudioClassDevice.c"
In file included from ../Drivers/USB/Class/Device/../../Core/LPC/../Endpoint.h:112:0,
                 from ../Drivers/USB/Class/Device/../../Core/LPC/../Device.h:60,
                 from ../Drivers/USB/Class/Device/../../Core/LPC/USBController_LPC.h:65,
                 from ../Drivers/USB/Class/Device/../../Core/USBController.h:127,
                 from ../Drivers/USB/Class/Device/../../Core/USBTask.h:50,
                 from ../Drivers/USB/Class/Device/../../USB.h:369,
                 from ../Drivers/USB/Class/Device/AudioClassDevice.h:60,
                 from ../Drivers/USB/Class/Device/AudioClassDevice.c:40:
../Drivers/USB/Class/Device/../../Core/LPC/../LPC/Endpoint_LPC.h: In function 'Endpoint_Discard_8':
../Drivers/USB/Class/Device/../../Core/LPC/../LPC/Endpoint_LPC.h:223:19: warning: variable 'dummy' set but not used [-Wunused-but-set-variable]
  volatile uint8_t dummy;
                   ^
Finished building: ../Drivers/USB/Class/Device/AudioClassDevice.c
 
Building file: ../Drivers/USB/Class/Device/CDCClassDevice.c
Invoking: MCU C Compiler
arm-none-eabi-gcc -D__LPC17XX__ -DUSB_DEVICE_ONLY -D__CODE_RED -D__REDLIB__ -I"E:\Special Projects\CAN_HS-LS_GW\40_Software\Board_AOAA_M3\Lib_CMSISv2p00_LPC17xx\inc" -I"E:\Special Projects\CAN_HS-LS_GW\40_Software\Board_AOAA_M3\Lib_MCU\inc" -O0 -g3 -Wall -c -fmessage-length=0 -fno-builtin -ffunction-sections -fdata-sections -std=gnu99 -mcpu=cortex-m3 -mthumb -D__REDLIB__ -specs=redlib.specs -MMD -MP -MF"Drivers/USB/Class/Device/CDCClassDevice.d" -MT"Drivers/USB/Class/Device/CDCClassDevice.o" -MT"Drivers/USB/Class/Device/CDCClassDevice.d" -o"Drivers/USB/Class/Device/CDCClassDevice.o" "../Drivers/USB/Class/Device/CDCClassDevice.c"
In file included from ../Drivers/USB/Class/Device/../../Core/LPC/../Endpoint.h:112:0,
                 from ../Drivers/USB/Class/Device/../../Core/LPC/../Device.h:60,
                 from ../Drivers/USB/Class/Device/../../Core/LPC/USBController_LPC.h:65,
                 from ../Drivers/USB/Class/Device/../../Core/USBController.h:127,
                 from ../Drivers/USB/Class/Device/../../Core/USBTask.h:50,
                 from ../Drivers/USB/Class/Device/../../USB.h:369,
                 from ../Drivers/USB/Class/Device/CDCClassDevice.h:77,
                 from ../Drivers/USB/Class/Device/CDCClassDevice.c:40:
../Drivers/USB/Class/Device/../../Core/LPC/../LPC/Endpoint_LPC.h: In function 'Endpoint_Discard_8':
../Drivers/USB/Class/Device/../../Core/LPC/../LPC/Endpoint_LPC.h:223:19: warning: variable 'dummy' set but not used [-Wunused-but-set-variable]
  volatile uint8_t dummy;
                   ^
Finished building: ../Drivers/USB/Class/Device/CDCClassDevice.c
 
Building file: ../Drivers/USB/Class/Device/HIDClassDevice.c
Invoking: MCU C Compiler
arm-none-eabi-gcc -D__LPC17XX__ -DUSB_DEVICE_ONLY -D__CODE_RED -D__REDLIB__ -I"E:\Special Projects\CAN_HS-LS_GW\40_Software\Board_AOAA_M3\Lib_CMSISv2p00_LPC17xx\inc" -I"E:\Special Projects\CAN_HS-LS_GW\40_Software\Board_AOAA_M3\Lib_MCU\inc" -O0 -g3 -Wall -c -fmessage-length=0 -fno-builtin -ffunction-sections -fdata-sections -std=gnu99 -mcpu=cortex-m3 -mthumb -D__REDLIB__ -specs=redlib.specs -MMD -MP -MF"Drivers/USB/Class/Device/HIDClassDevice.d" -MT"Drivers/USB/Class/Device/HIDClassDevice.o" -MT"Drivers/USB/Class/Device/HIDClassDevice.d" -o"Drivers/USB/Class/Device/HIDClassDevice.o" "../Drivers/USB/Class/Device/HIDClassDevice.c"
In file included from ../Drivers/USB/Class/Device/../../Core/LPC/../Endpoint.h:112:0,
                 from ../Drivers/USB/Class/Device/../../Core/LPC/../Device.h:60,
                 from ../Drivers/USB/Class/Device/../../Core/LPC/USBController_LPC.h:65,
                 from ../Drivers/USB/Class/Device/../../Core/USBController.h:127,
                 from ../Drivers/USB/Class/Device/../../Core/USBTask.h:50,
                 from ../Drivers/USB/Class/Device/../../USB.h:369,
                 from ../Drivers/USB/Class/Device/HIDClassDevice.h:60,
                 from ../Drivers/USB/Class/Device/HIDClassDevice.c:40:
../Drivers/USB/Class/Device/../../Core/LPC/../LPC/Endpoint_LPC.h: In function 'Endpoint_Discard_8':
../Drivers/USB/Class/Device/../../Core/LPC/../LPC/Endpoint_LPC.h:223:19: warning: variable 'dummy' set but not used [-Wunused-but-set-variable]
  volatile uint8_t dummy;
                   ^
Finished building: ../Drivers/USB/Class/Device/HIDClassDevice.c
 
Building file: ../Drivers/USB/Class/Device/MIDIClassDevice.c
Invoking: MCU C Compiler
arm-none-eabi-gcc -D__LPC17XX__ -DUSB_DEVICE_ONLY -D__CODE_RED -D__REDLIB__ -I"E:\Special Projects\CAN_HS-LS_GW\40_Software\Board_AOAA_M3\Lib_CMSISv2p00_LPC17xx\inc" -I"E:\Special Projects\CAN_HS-LS_GW\40_Software\Board_AOAA_M3\Lib_MCU\inc" -O0 -g3 -Wall -c -fmessage-length=0 -fno-builtin -ffunction-sections -fdata-sections -std=gnu99 -mcpu=cortex-m3 -mthumb -D__REDLIB__ -specs=redlib.specs -MMD -MP -MF"Drivers/USB/Class/Device/MIDIClassDevice.d" -MT"Drivers/USB/Class/Device/MIDIClassDevice.o" -MT"Drivers/USB/Class/Device/MIDIClassDevice.d" -o"Drivers/USB/Class/Device/MIDIClassDevice.o" "../Drivers/USB/Class/Device/MIDIClassDevice.c"
In file included from ../Drivers/USB/Class/Device/../../Core/LPC/../Endpoint.h:112:0,
                 from ../Drivers/USB/Class/Device/../../Core/LPC/../Device.h:60,
                 from ../Drivers/USB/Class/Device/../../Core/LPC/USBController_LPC.h:65,
                 from ../Drivers/USB/Class/Device/../../Core/USBController.h:127,
                 from ../Drivers/USB/Class/Device/../../Core/USBTask.h:50,
                 from ../Drivers/USB/Class/Device/../../USB.h:369,
                 from ../Drivers/USB/Class/Device/MIDIClassDevice.h:60,
                 from ../Drivers/USB/Class/Device/MIDIClassDevice.c:40:
../Drivers/USB/Class/Device/../../Core/LPC/../LPC/Endpoint_LPC.h: In function 'Endpoint_Discard_8':
../Drivers/USB/Class/Device/../../Core/LPC/../LPC/Endpoint_LPC.h:223:19: warning: variable 'dummy' set but not used [-Wunused-but-set-variable]
  volatile uint8_t dummy;
                   ^
Finished building: ../Drivers/USB/Class/Device/MIDIClassDevice.c
 
Building file: ../Drivers/USB/Class/Device/MassStorageClassDevice.c
Invoking: MCU C Compiler
arm-none-eabi-gcc -D__LPC17XX__ -DUSB_DEVICE_ONLY -D__CODE_RED -D__REDLIB__ -I"E:\Special Projects\CAN_HS-LS_GW\40_Software\Board_AOAA_M3\Lib_CMSISv2p00_LPC17xx\inc" -I"E:\Special Projects\CAN_HS-LS_GW\40_Software\Board_AOAA_M3\Lib_MCU\inc" -O0 -g3 -Wall -c -fmessage-length=0 -fno-builtin -ffunction-sections -fdata-sections -std=gnu99 -mcpu=cortex-m3 -mthumb -D__REDLIB__ -specs=redlib.specs -MMD -MP -MF"Drivers/USB/Class/Device/MassStorageClassDevice.d" -MT"Drivers/USB/Class/Device/MassStorageClassDevice.o" -MT"Drivers/USB/Class/Device/MassStorageClassDevice.d" -o"Drivers/USB/Class/Device/MassStorageClassDevice.o" "../Drivers/USB/Class/Device/MassStorageClassDevice.c"
In file included from ../Drivers/USB/Class/Device/../../Core/LPC/../Endpoint.h:112:0,
                 from ../Drivers/USB/Class/Device/../../Core/LPC/../Device.h:60,
                 from ../Drivers/USB/Class/Device/../../Core/LPC/USBController_LPC.h:65,
                 from ../Drivers/USB/Class/Device/../../Core/USBController.h:127,
                 from ../Drivers/USB/Class/Device/../../Core/USBTask.h:50,
                 from ../Drivers/USB/Class/Device/../../USB.h:369,
                 from ../Drivers/USB/Class/Device/MassStorageClassDevice.h:60,
                 from ../Drivers/USB/Class/Device/MassStorageClassDevice.c:40:
../Drivers/USB/Class/Device/../../Core/LPC/../LPC/Endpoint_LPC.h: In function 'Endpoint_Discard_8':
../Drivers/USB/Class/Device/../../Core/LPC/../LPC/Endpoint_LPC.h:223:19: warning: variable 'dummy' set but not used [-Wunused-but-set-variable]
  volatile uint8_t dummy;
                   ^
Finished building: ../Drivers/USB/Class/Device/MassStorageClassDevice.c
 
Building file: ../Drivers/USB/Class/Device/RNDISClassDevice.c
Invoking: MCU C Compiler
arm-none-eabi-gcc -D__LPC17XX__ -DUSB_DEVICE_ONLY -D__CODE_RED -D__REDLIB__ -I"E:\Special Projects\CAN_HS-LS_GW\40_Software\Board_AOAA_M3\Lib_CMSISv2p00_LPC17xx\inc" -I"E:\Special Projects\CAN_HS-LS_GW\40_Software\Board_AOAA_M3\Lib_MCU\inc" -O0 -g3 -Wall -c -fmessage-length=0 -fno-builtin -ffunction-sections -fdata-sections -std=gnu99 -mcpu=cortex-m3 -mthumb -D__REDLIB__ -specs=redlib.specs -MMD -MP -MF"Drivers/USB/Class/Device/RNDISClassDevice.d" -MT"Drivers/USB/Class/Device/RNDISClassDevice.o" -MT"Drivers/USB/Class/Device/RNDISClassDevice.d" -o"Drivers/USB/Class/Device/RNDISClassDevice.o" "../Drivers/USB/Class/Device/RNDISClassDevice.c"
In file included from ../Drivers/USB/Class/Device/../../Core/LPC/../Endpoint.h:112:0,
                 from ../Drivers/USB/Class/Device/../../Core/LPC/../Device.h:60,
                 from ../Drivers/USB/Class/Device/../../Core/LPC/USBController_LPC.h:65,
                 from ../Drivers/USB/Class/Device/../../Core/USBController.h:127,
                 from ../Drivers/USB/Class/Device/../../Core/USBTask.h:50,
                 from ../Drivers/USB/Class/Device/../../USB.h:369,
                 from ../Drivers/USB/Class/Device/RNDISClassDevice.h:60,
                 from ../Drivers/USB/Class/Device/RNDISClassDevice.c:40:
../Drivers/USB/Class/Device/../../Core/LPC/../LPC/Endpoint_LPC.h: In function 'Endpoint_Discard_8':
../Drivers/USB/Class/Device/../../Core/LPC/../LPC/Endpoint_LPC.h:223:19: warning: variable 'dummy' set but not used [-Wunused-but-set-variable]
  volatile uint8_t dummy;
                   ^
Finished building: ../Drivers/USB/Class/Device/RNDISClassDevice.c
 
Building file: ../Drivers/USB/Class/Common/HIDParser.c
Invoking: MCU C Compiler
arm-none-eabi-gcc -D__LPC17XX__ -DUSB_DEVICE_ONLY -D__CODE_RED -D__REDLIB__ -I"E:\Special Projects\CAN_HS-LS_GW\40_Software\Board_AOAA_M3\Lib_CMSISv2p00_LPC17xx\inc" -I"E:\Special Projects\CAN_HS-LS_GW\40_Software\Board_AOAA_M3\Lib_MCU\inc" -O0 -g3 -Wall -c -fmessage-length=0 -fno-builtin -ffunction-sections -fdata-sections -std=gnu99 -mcpu=cortex-m3 -mthumb -D__REDLIB__ -specs=redlib.specs -MMD -MP -MF"Drivers/USB/Class/Common/HIDParser.d" -MT"Drivers/USB/Class/Common/HIDParser.o" -MT"Drivers/USB/Class/Common/HIDParser.d" -o"Drivers/USB/Class/Common/HIDParser.o" "../Drivers/USB/Class/Common/HIDParser.c"
Finished building: ../Drivers/USB/Class/Common/HIDParser.c
 
Building target: libnxpUSBlib.a
Invoking: MCU Archiver
arm-none-eabi-ar -r  "libnxpUSBlib.a"  ./Drivers/USB/Core/LPC/HCD/OHCI/OHCI.o  ./Drivers/USB/Core/LPC/HCD/EHCI/EHCI.o  ./Drivers/USB/Core/LPC/HCD/HCD.o  ./Drivers/USB/Core/LPC/HAL/LPC18XX/HAL_LPC18xx.o  ./Drivers/USB/Core/LPC/HAL/LPC17XX/HAL_LPC17xx.o  ./Drivers/USB/Core/LPC/HAL/LPC11UXX/HAL_LPC11Uxx.o  ./Drivers/USB/Core/LPC/DCD/USBRom/usbd_cdc.o ./Drivers/USB/Core/LPC/DCD/USBRom/usbd_hid.o ./Drivers/USB/Core/LPC/DCD/USBRom/usbd_msc.o ./Drivers/USB/Core/LPC/DCD/USBRom/usbd_rom.o  ./Drivers/USB/Core/LPC/DCD/LPC18XX/Endpoint_LPC18xx.o  ./Drivers/USB/Core/LPC/DCD/LPC17XX/Endpoint_LPC17xx.o  ./Drivers/USB/Core/LPC/DCD/LPC11UXX/Endpoint_LPC11Uxx.o  ./Drivers/USB/Core/LPC/Device_LPC.o ./Drivers/USB/Core/LPC/EndpointStream_LPC.o ./Drivers/USB/Core/LPC/Endpoint_LPC.o ./Drivers/USB/Core/LPC/Host_LPC.o ./Drivers/USB/Core/LPC/PipeStream_LPC.o ./Drivers/USB/Core/LPC/Pipe_LPC.o ./Drivers/USB/Core/LPC/USBController_LPC.o  ./Drivers/USB/Core/ConfigDescriptor.o ./Drivers/USB/Core/DeviceStandardReq.o ./Drivers/USB/Core/Events.o ./Drivers/USB/Core/HostStandardReq.o ./Drivers/USB/Core/USBMemory.o ./Drivers/USB/Core/USBTask.o  ./Drivers/USB/Class/Host/AudioClassHost.o ./Drivers/USB/Class/Host/CDCClassHost.o ./Drivers/USB/Class/Host/HIDClassHost.o ./Drivers/USB/Class/Host/MIDIClassHost.o ./Drivers/USB/Class/Host/MassStorageClassHost.o ./Drivers/USB/Class/Host/PrinterClassHost.o ./Drivers/USB/Class/Host/RNDISClassHost.o ./Drivers/USB/Class/Host/StillImageClassHost.o  ./Drivers/USB/Class/Device/AudioClassDevice.o ./Drivers/USB/Class/Device/CDCClassDevice.o ./Drivers/USB/Class/Device/HIDClassDevice.o ./Drivers/USB/Class/Device/MIDIClassDevice.o ./Drivers/USB/Class/Device/MassStorageClassDevice.o ./Drivers/USB/Class/Device/RNDISClassDevice.o  ./Drivers/USB/Class/Common/HIDParser.o   
c:\nxp\LPCXpresso_7.7.2_379\lpcxpresso\tools\bin\arm-none-eabi-ar.exe: creating libnxpUSBlib.a
Finished building target: libnxpUSBlib.a
 
make --no-print-directory post-build
Performing post-build steps
arm-none-eabi-size "libnxpUSBlib.a" ; cp -f "libnxpUSBlib.a" ../"libnxpUSBlib.a" ; # arm-none-eabi-objdump -h -S "libnxpUSBlib.a" >"libnxpUSBlib.lss"
   text	   data	    bss	    dec	    hex	filename
      0	      0	      0	      0	      0	OHCI.o (ex libnxpUSBlib.a)
      0	      0	      0	      0	      0	EHCI.o (ex libnxpUSBlib.a)
      0	      0	      0	      0	      0	HCD.o (ex libnxpUSBlib.a)
      0	      0	      0	      0	      0	HAL_LPC18xx.o (ex libnxpUSBlib.a)
    344	      0	      0	    344	    158	HAL_LPC17xx.o (ex libnxpUSBlib.a)
      0	      0	      0	      0	      0	HAL_LPC11Uxx.o (ex libnxpUSBlib.a)
      0	      0	      0	      0	      0	usbd_cdc.o (ex libnxpUSBlib.a)
      0	      0	      0	      0	      0	usbd_hid.o (ex libnxpUSBlib.a)
      0	      0	      0	      0	      0	usbd_msc.o (ex libnxpUSBlib.a)
      0	      0	      0	      0	      0	usbd_rom.o (ex libnxpUSBlib.a)
      0	      0	      0	      0	      0	Endpoint_LPC18xx.o (ex libnxpUSBlib.a)
   4264	   1024	      0	   5288	   14a8	Endpoint_LPC17xx.o (ex libnxpUSBlib.a)
      0	      0	      0	      0	      0	Endpoint_LPC11Uxx.o (ex libnxpUSBlib.a)
     12	      0	      0	     12	      c	Device_LPC.o (ex libnxpUSBlib.a)
   1676	      0	      0	   1676	    68c	EndpointStream_LPC.o (ex libnxpUSBlib.a)
    432	   1536	     20	   1988	    7c4	Endpoint_LPC.o (ex libnxpUSBlib.a)
      0	      0	      0	      0	      0	Host_LPC.o (ex libnxpUSBlib.a)
      0	      0	      0	      0	      0	PipeStream_LPC.o (ex libnxpUSBlib.a)
      0	      0	      0	      0	      0	Pipe_LPC.o (ex libnxpUSBlib.a)
    216	      0	      0	    216	     d8	USBController_LPC.o (ex libnxpUSBlib.a)
    364	      0	      0	    364	    16c	ConfigDescriptor.o (ex libnxpUSBlib.a)
   1960	      0	      0	   1960	    7a8	DeviceStandardReq.o (ex libnxpUSBlib.a)
     12	      0	      0	     12	      c	Events.o (ex libnxpUSBlib.a)
      0	      0	      0	      0	      0	HostStandardReq.o (ex libnxpUSBlib.a)
      0	      0	      0	      0	      0	USBMemory.o (ex libnxpUSBlib.a)
     84	      8	      0	     92	     5c	USBTask.o (ex libnxpUSBlib.a)
      0	      0	      0	      0	      0	AudioClassHost.o (ex libnxpUSBlib.a)
      0	      0	      0	      0	      0	CDCClassHost.o (ex libnxpUSBlib.a)
      0	      0	      0	      0	      0	HIDClassHost.o (ex libnxpUSBlib.a)
      0	      0	      0	      0	      0	MIDIClassHost.o (ex libnxpUSBlib.a)
      0	      0	      0	      0	      0	MassStorageClassHost.o (ex libnxpUSBlib.a)
      0	      0	      0	      0	      0	PrinterClassHost.o (ex libnxpUSBlib.a)
      0	      0	      0	      0	      0	RNDISClassHost.o (ex libnxpUSBlib.a)
      0	      0	      0	      0	      0	StillImageClassHost.o (ex libnxpUSBlib.a)
   1252	      0	      0	   1252	    4e4	AudioClassDevice.o (ex libnxpUSBlib.a)
   5032	      0	      0	   5032	   13a8	CDCClassDevice.o (ex libnxpUSBlib.a)
   2364	      0	      0	   2364	    93c	HIDClassDevice.o (ex libnxpUSBlib.a)
   1808	      0	      0	   1808	    710	MIDIClassDevice.o (ex libnxpUSBlib.a)
   2076	      0	      0	   2076	    81c	MassStorageClassDevice.o (ex libnxpUSBlib.a)
   3728	      0	      0	   3728	    e90	RNDISClassDevice.o (ex libnxpUSBlib.a)
   2612	      0	      0	   2612	    a34	HIDParser.o (ex libnxpUSBlib.a)
 

01:29:09 Build Finished (took 7s.146ms)

